168.87.202.165 - - [09/May/2009:16:03:49 -0700] "GET /media/Demo1.wmv HTTP/1.1" 200 196608 "http://www.templeos.org/index.html" "Mozilla/5.0 (Windows; U; Windows NT 5.1; en-US; rv:1.9.0.4) Gecko/2008102920 Firefox/3.0.4 (.NET CLR 3.5.30729)" "www.templeos.org"
70.172.192.163 - - [09/May/2009:16:13:46 -0700] "GET / HTTP/1.1" 200 81188 "-" "Mozilla/5.0 (compatible; DotBot/1.1; http://www.dotnetdotcom.org/, crawler@dotnetdotcom.org)" "www.templeos.org"
93.112.23.38 - - [09/May/2009:16:14:56 -0700] "GET /demo.html HTTP/1.0" 200 6327 "-" "Mozilla/5.0 (compatible; Yahoo! Slurp/3.0; http://help.yahoo.com/help/us/ysearch/slurp)" "www.templeos.org"
93.112.23.38 - - [09/May/2009:16:15:00 -0700] "GET /media/Flightsim.wmv HTTP/1.0" 200 9961472 "http://www.templeos.org/demo.html" "Mozilla/5.0 (compatible; Yahoo! Slurp/3.0; http://help.yahoo.com/help/us/ysearch/slurp)" "www.templeos.org"
93.112.23.38 - - [09/May/2009:16:15:00 -0700] "GET /media/MakeOSInstallPrtBootLoader.wmv HTTP/1.0" 200 8323072 "http://www.templeos.org/demo.html" "Mozilla/5.0 (compatible; Yahoo! Slurp/3.0; http://help.yahoo.com/help/us/ysearch/slurp)" "www.templeos.org"
62.102.171.88 - - [09/May/2009:16:17:29 -0700] "GET /v502.html HTTP/1.1" 404 275 "http://www.semantic.hn/" "AppEngine-Google; (+http://code.google.com/appengine)" "www.templeos.org"
168.87.202.165 - - [09/May/2009:16:23:08 -0700] "GET /detailedlinfo.html HTTP/1.1" 200 4005 "http://www.templeos.org/index.html" "Mozilla/5.0 (Windows; U; Windows NT 5.1; en-US; rv:1.9.0.4) Gecko/2008102920 Firefox/3.0.4 (.NET CLR 3.5.30729)" "www.templeos.org"
168.87.202.165 - - [09/May/2009:16:23:08 -0700] "GET /sitebuilder/images/SCRN0002a-640x480.png HTTP/1.1" 200 11969 "http://www.templeos.org/detailedlinfo.html" "Mozilla/5.0 (Windows; U; Windows NT 5.1; en-US; rv:1.9.0.4) Gecko/2008102920 Firefox/3.0.4 (.NET CLR 3.5.30729)" "www.templeos.org"
168.87.202.165 - - [09/May/2009:16:23:08 -0700] "GET /sitebuilder/images/SCRN0000a-640x480.png HTTP/1.1" 200 15512 "http://www.templeos.org/detailedlinfo.html" "Mozilla/5.0 (Windows; U; Windows NT 5.1; en-US; rv:1.9.0.4) Gecko/2008102920 Firefox/3.0.4 (.NET CLR 3.5.30729)" "www.templeos.org"
168.87.202.165 - - [09/May/2009:16:23:08 -0700] "GET /sitebuilder/images/SCRN0001a-640x480.png HTTP/1.1" 200 20313 "http://www.templeos.org/detailedlinfo.html" "Mozilla/5.0 (Windows; U; Windows NT 5.1; en-US; rv:1.9.0.4) Gecko/2008102920 Firefox/3.0.4 (.NET CLR 3.5.30729)" "www.templeos.org"
168.87.202.165 - - [09/May/2009:16:23:08 -0700] "GET /images/Promises.jpg HTTP/1.1" 200 76295 "http://www.templeos.org/detailedlinfo.html" "Mozilla/5.0 (Windows; U; Windows NT 5.1; en-US; rv:1.9.0.4) Gecko/2008102920 Firefox/3.0.4 (.NET CLR 3.5.30729)" "www.templeos.org"
168.87.202.165 - - [09/May/2009:16:23:14 -0700] "GET /screenshots.html HTTP/1.1" 200 11591 "http://www.templeos.org/detailedlinfo.html" "Mozilla/5.0 (Windows; U; Windows NT 5.1; en-US; rv:1.9.0.4) Gecko/2008102920 Firefox/3.0.4 (.NET CLR 3.5.30729)" "www.templeos.org"
168.87.202.165 - - [09/May/2009:16:23:37 -0700] "GET /flightsim.html HTTP/1.1" 200 50990 "http://www.templeos.org/screenshots.html" "Mozilla/5.0 (Windows; U; Windows NT 5.1; en-US; rv:1.9.0.4) Gecko/2008102920 Firefox/3.0.4 (.NET CLR 3.5.30729)" "www.templeos.org"
168.87.202.165 - - [09/May/2009:16:23:40 -0700] "GET /media/Flightsim.wmv HTTP/1.1" 200 262144 "http://www.templeos.org/flightsim.html" "Mozilla/5.0 (Windows; U; Windows NT 5.1; en-US; rv:1.9.0.4) Gecko/2008102920 Firefox/3.0.4 (.NET CLR 3.5.30729)" "www.templeos.org"
168.87.202.165 - - [09/May/2009:16:23:45 -0700] "GET /flightsim.html HTTP/1.1" 304 - "http://www.templeos.org/screenshots.html" "Mozilla/5.0 (Windows; U; Windows NT 5.1; en-US; rv:1.9.0.4) Gecko/2008102920 Firefox/3.0.4 (.NET CLR 3.5.30729)" "www.templeos.org"
168.87.202.165 - - [09/May/2009:16:23:45 -0700] "GET /images/Header.JPG HTTP/1.1" 200 2982 "http://www.templeos.org/flightsim.html" "Mozilla/5.0 (Windows; U; Windows NT 5.1; en-US; rv:1.9.0.4) Gecko/2008102920 Firefox/3.0.4 (.NET CLR 3.5.30729)" "www.templeos.org"
168.87.202.165 - - [09/May/2009:16:23:46 -0700] "GET /media/Flightsim.wmv HTTP/1.1" 206 196608 "http://www.templeos.org/flightsim.html" "Mozilla/5.0 (Windows; U; Windows NT 5.1; en-US; rv:1.9.0.4) Gecko/2008102920 Firefox/3.0.4 (.NET CLR 3.5.30729)" "www.templeos.org"
168.87.202.165 - - [09/May/2009:16:24:05 -0700] "GET /span.html HTTP/1.1" 200 3929 "http://www.templeos.org/screenshots.html" "Mozilla/5.0 (Windows; U; Windows NT 5.1; en-US; rv:1.9.0.4) Gecko/2008102920 Firefox/3.0.4 (.NET CLR 3.5.30729)" "www.templeos.org"
168.87.202.165 - - [09/May/2009:16:24:06 -0700] "GET /media/Span2.wmv HTTP/1.1" 200 196608 "http://www.templeos.org/span.html" "Mozilla/5.0 (Windows; U; Windows NT 5.1; en-US; rv:1.9.0.4) Gecko/2008102920 Firefox/3.0.4 (.NET CLR 3.5.30729)" "www.templeos.org"
168.87.202.165 - - [09/May/2009:16:24:42 -0700] "GET /flightsim.html HTTP/1.1" 200 50990 "-" "Mozilla/4.0 (compatible; MSIE 6.0; Windows NT 5.1; SV1; Mozilla/4.0 (compatible; MSIE 6.0; Windows NT 5.1; SV1) ; .NET CLR 2.0.50727; .NET CLR 3.0.4506.2152; .NET CLR 3.5.30729)" "www.templeos.org"
168.87.202.165 - - [09/May/2009:16:24:42 -0700] "GET /images/Header.JPG HTTP/1.1" 200 2982 "http://www.templeos.org/flightsim.html" "Mozilla/4.0 (compatible; MSIE 6.0; Windows NT 5.1; SV1; Mozilla/4.0 (compatible; MSIE 6.0; Windows NT 5.1; SV1) ; .NET CLR 2.0.50727; .NET CLR 3.0.4506.2152; .NET CLR 3.5.30729)" "www.templeos.org"
168.87.202.165 - - [09/May/2009:16:24:48 -0700] "GET /media/Flightsim.wmv HTTP/1.1" 200 196608 "-" "NSPlayer/10.0.0.3802" "www.templeos.org"
168.87.202.165 - - [09/May/2009:16:24:48 -0700] "GET /media/Flightsim.wmv HTTP/1.1" 200 196608 "-" "NSPlayer/10.0.0.3802 WMFSDK/10.0" "www.templeos.org"
168.87.202.165 - - [09/May/2009:16:24:50 -0700] "GET /media/Flightsim.wmv HTTP/1.1" 200 262144 "-" "NSPlayer/10.0.0.3802 WMFSDK/10.0" "www.templeos.org"
168.87.202.165 - - [09/May/2009:16:27:38 -0700] "GET /media/Flightsim.wmv HTTP/1.1" 200 15532032 "-" "NSPlayer/10.0.0.3802 WMFSDK/10.0" "www.templeos.org"
168.87.202.165 - - [09/May/2009:16:28:16 -0700] "GET /demo.html HTTP/1.1" 200 6327 "http://www.templeos.org/screenshots.html" "Mozilla/5.0 (Windows; U; Windows NT 5.1; en-US; rv:1.9.0.4) Gecko/2008102920 Firefox/3.0.4 (.NET CLR 3.5.30729)" "www.templeos.org"
168.87.202.165 - - [09/May/2009:16:28:17 -0700] "GET /media/MakeOSInstallPrtBootLoader.wmv HTTP/1.1" 200 196608 "http://www.templeos.org/demo.html" "Mozilla/5.0 (Windows; U; Windows NT 5.1; en-US; rv:1.9.0.4) Gecko/2008102920 Firefox/3.0.4 (.NET CLR 3.5.30729)" "www.templeos.org"
168.87.202.165 - - [09/May/2009:16:28:17 -0700] "GET /media/Flightsim.wmv HTTP/1.1" 206 196608 "http://www.templeos.org/demo.html" "Mozilla/5.0 (Windows; U; Windows NT 5.1; en-US; rv:1.9.0.4) Gecko/2008102920 Firefox/3.0.4 (.NET CLR 3.5.30729)" "www.templeos.org"
168.87.202.165 - - [09/May/2009:16:28:20 -0700] "GET /requirements.html HTTP/1.1" 200 3333 "http://www.templeos.org/demo.html" "Mozilla/5.0 (Windows; U; Windows NT 5.1; en-US; rv:1.9.0.4) Gecko/2008102920 Firefox/3.0.4 (.NET CLR 3.5.30729)" "www.templeos.org"
168.87.202.165 - - [09/May/2009:16:28:20 -0700] "GET /images/Requirements.jpg HTTP/1.1" 200 29287 "http://www.templeos.org/requirements.html" "Mozilla/5.0 (Windows; U; Windows NT 5.1; en-US; rv:1.9.0.4) Gecko/2008102920 Firefox/3.0.4 (.NET CLR 3.5.30729)" "www.templeos.org"
168.87.202.165 - - [09/May/2009:16:29:20 -0700] "GET /trouble.html HTTP/1.1" 200 25395 "http://www.templeos.org/requirements.html" "Mozilla/5.0 (Windows; U; Windows NT 5.1; en-US; rv:1.9.0.4) Gecko/2008102920 Firefox/3.0.4 (.NET CLR 3.5.30729)" "www.templeos.org"
168.87.202.165 - - [09/May/2009:16:29:21 -0700] "GET /images/BootFlow.jpg HTTP/1.1" 200 20514 "http://www.templeos.org/trouble.html" "Mozilla/5.0 (Windows; U; Windows NT 5.1; en-US; rv:1.9.0.4) Gecko/2008102920 Firefox/3.0.4 (.NET CLR 3.5.30729)" "www.templeos.org"
168.87.202.165 - - [09/May/2009:16:29:21 -0700] "GET /media/MakeOSInstallPrtBootLoader.wmv HTTP/1.1" 206 196608 "http://www.templeos.org/trouble.html" "Mozilla/5.0 (Windows; U; Windows NT 5.1; en-US; rv:1.9.0.4) Gecko/2008102920 Firefox/3.0.4 (.NET CLR 3.5.30729)" "www.templeos.org"
168.87.202.165 - - [09/May/2009:16:30:44 -0700] "GET /media/Demo1.wmv HTTP/1.1" 206 196608 "http://www.templeos.org/index.html" "Mozilla/5.0 (Windows; U; Windows NT 5.1; en-US; rv:1.9.0.4) Gecko/2008102920 Firefox/3.0.4 (.NET CLR 3.5.30729)" "www.templeos.org"
11.152.126.65 - - [09/May/2009:16:31:34 -0700] "GET /TempleOSCD.ISO HTTP/1.0" 200 4708352 "-" "Mozilla/5.0 (compatible; Yahoo! Slurp/3.0; http://help.yahoo.com/help/us/ysearch/slurp)" "www.templeos.org"
62.102.171.110 - - [09/May/2009:16:34:24 -0700] "GET /v502.html HTTP/1.1" 404 275 "http://www.semantic.hn/" "AppEngine-Google; (+http://code.google.com/appengine)" "www.templeos.org"
146.224.96.127 - - [09/May/2009:16:37:50 -0700] "GET /files/TempleOSCD.ISO HTTP/1.1" 401 395 "http://www.programas-gratis.net/css/descargar_pop.php?programa=the-templeos-operating-system" "Mozilla/5.0 (Windows; U; Windows NT 5.1; es-ES; rv:1.9.0.10) Gecko/2009042316 Firefox/3.0.10" "www.templeos.org"
146.224.96.127 - "" [09/May/2009:16:38:07 -0700] "GET /files/TempleOSCD.ISO HTTP/1.1" 401 395 "http://www.programas-gratis.net/css/descargar_pop.php?programa=the-templeos-operating-system" "Mozilla/5.0 (Windows; U; Windows NT 5.1; es-ES; rv:1.9.0.10) Gecko/2009042316 Firefox/3.0.10" "www.templeos.org"
146.224.96.127 - "" [09/May/2009:16:38:09 -0700] "GET /files/TempleOSCD.ISO HTTP/1.1" 401 395 "http://www.programas-gratis.net/css/descargar_pop.php?programa=the-templeos-operating-system" "Mozilla/5.0 (Windows; U; Windows NT 5.1; es-ES; rv:1.9.0.10) Gecko/2009042316 Firefox/3.0.10" "www.templeos.org"
146.224.96.127 - - [09/May/2009:16:38:10 -0700] "GET /favicon.ico HTTP/1.1" 404 275 "-" "Mozilla/5.0 (Windows; U; Windows NT 5.1; es-ES; rv:1.9.0.10) Gecko/2009042316 Firefox/3.0.10" "www.templeos.org"
146.224.96.127 - - [09/May/2009:16:39:44 -0700] "GET /favicon.ico HTTP/1.1" 404 275 "-" "Mozilla/5.0 (Windows; U; Windows NT 5.1; es-ES; rv:1.9.0.10) Gecko/2009042316 Firefox/3.0.10" "www.templeos.org"
62.102.171.89 - - [09/May/2009:16:51:23 -0700] "GET /v502.html HTTP/1.1" 404 275 "http://www.semantic.hn/" "AppEngine-Google; (+http://code.google.com/appengine)" "www.templeos.org"
62.102.171.110 - - [09/May/2009:17:00:32 -0700] "GET /v502.html HTTP/1.1" 404 275 "http://www.semantic.hn/" "AppEngine-Google; (+http://code.google.com/appengine)" "www.templeos.org"
62.102.171.88 - - [09/May/2009:17:17:22 -0700] "GET /v502.html HTTP/1.1" 404 275 "http://www.semantic.hn/" "AppEngine-Google; (+http://code.google.com/appengine)" "www.templeos.org"
196.59.94.1 - - [09/May/2009:17:31:08 -0700] "GET /TempleOSCD.ISO HTTP/1.1" 200 327680 "http://www.brothersoft.com/the-templeos-operating-system-download-67591.html" "Mozilla/4.0 (compatible; MSIE 7.0; Windows NT 6.0; WOW64; GTB6; Mozilla/4.0 (compatible; MSIE 6.0; Windows NT 5.1; SV1) ; SLCC1; .NET CLR 2.0.50727; Media Center PC 5.0; .NET CLR 3.5.30729; .NET CLR 3.0.30618)" "www.templeos.org"
62.102.171.181 - - [09/May/2009:17:34:26 -0700] "GET /v502.html HTTP/1.1" 404 275 "http://www.semantic.hn/" "AppEngine-Google; (+http://code.google.com/appengine)" "www.templeos.org"
18.146.50.156 - - [09/May/2009:17:35:34 -0700] "HEAD /TempleOSCD.ISO HTTP/1.1" 206 0 "-" "Mozilla/5.0 (Windows; U; Windows NT 5.1; pt-BR; rv:1.8.0.1) Gecko/20060111 Firefox/1.5.0.185.5621337890625" "www.templeos.org"
93.112.23.115 - - [09/May/2009:17:37:58 -0700] "GET /TempleOSCD.ISO HTTP/1.0" 200 4708352 "-" "Mozilla/5.0 (compatible; Yahoo! Slurp/3.0; http://help.yahoo.com/help/us/ysearch/slurp)" "www.templeos.org"
60.101.246.36 - - [09/May/2009:17:40:09 -0700] "GET /robots.txt HTTP/1.1" 404 275 "-" "msnbot/2.0b (+http://search.msn.com/msnbot.htm)" "www.templeos.org"
60.101.246.36 - - [09/May/2009:17:41:13 -0700] "GET /tanks.html HTTP/1.0" 200 3917 "-" "msnbot/2.0b (+http://search.msn.com/msnbot.htm)" "www.templeos.org"
93.112.23.38 - - [09/May/2009:17:42:42 -0700] "GET /TempleOSCD.ISO HTTP/1.0" 304 - "-" "Mozilla/5.0 (compatible; Yahoo! Slurp/3.0; http://help.yahoo.com/help/us/ysearch/slurp)" "www.templeos.org"
11.152.126.231 - - [09/May/2009:17:47:03 -0700] "GET /sites.html HTTP/1.0" 404 275 "-" "Mozilla/5.0 (compatible; Yahoo! Slurp/3.0; http://help.yahoo.com/help/us/ysearch/slurp)" "templeos.org"
11.222.105.118 - - [09/May/2009:17:50:23 -0700] "GET / HTTP/1.1" 200 81188 "http://www.google.com/search?q=64+bit+operating+system&ie=utf-8&oe=utf-8&aq=t&rls=org.mozilla:en-US:official&client=firefox-a" "Mozilla/5.0 (Windows; U; Windows NT 6.0; en-US; rv:1.9.0.10) Gecko/2009042316 Firefox/3.0.10 (.NET CLR 3.5.30729)" "www.templeos.org"
11.222.105.118 - - [09/May/2009:17:50:23 -0700] "GET /images/Header.JPG HTTP/1.1" 200 2982 "http://www.templeos.org/" "Mozilla/5.0 (Windows; U; Windows NT 6.0; en-US; rv:1.9.0.10) Gecko/2009042316 Firefox/3.0.10 (.NET CLR 3.5.30729)" "www.templeos.org"
11.222.105.118 - - [09/May/2009:17:51:18 -0700] "GET /media/Demo1.wmv HTTP/1.1" 200 66292058 "http://www.templeos.org/" "Mozilla/5.0 (Windows; U; Windows NT 6.0; en-US; rv:1.9.0.10) Gecko/2009042316 Firefox/3.0.10 (.NET CLR 3.5.30729)" "www.templeos.org"
11.222.105.118 - - [09/May/2009:17:51:18 -0700] "GET /favicon.ico HTTP/1.1" 404 275 "-" "Mozilla/5.0 (Windows; U; Windows NT 6.0; en-US; rv:1.9.0.10) Gecko/2009042316 Firefox/3.0.10 (.NET CLR 3.5.30729)" "www.templeos.org"
62.102.171.88 - - [09/May/2009:17:51:25 -0700] "GET /v502.html HTTP/1.1" 404 275 "http://www.semantic.hn/" "AppEngine-Google; (+http://code.google.com/appengine)" "www.templeos.org"
11.196.135.63 - - [09/May/2009:17:56:01 -0700] "GET / HTTP/1.0" 200 81188 "-" "PRCrawler/Nutch-0.9 (data mining development project; crawler@projectrialto.com)" "www.templeos.org"
11.196.135.63 - - [09/May/2009:17:56:33 -0700] "GET /tiny.html HTTP/1.0" 404 275 "-" "PRCrawler/Nutch-0.9 (data mining development project; crawler@projectrialto.com)" "www.templeos.org"
62.102.171.181 - - [09/May/2009:18:00:32 -0700] "GET /v502.html HTTP/1.1" 404 275 "http://www.semantic.hn/" "AppEngine-Google; (+http://code.google.com/appengine)" "www.templeos.org"
18.146.50.156 - - [09/May/2009:18:09:54 -0700] "HEAD /TempleOSCD.ISO HTTP/1.1" 206 0 "-" "Mozilla/5.0 (Windows; U; Windows NT 5.1; pt-BR; rv:1.8.0.1) Gecko/20060111 Firefox/1.5.0.117.9412841796875" "www.templeos.org"
11.52.122.147 - - [09/May/2009:18:17:35 -0700] "GET /v502.html HTTP/1.1" 404 275 "http://www.semantic.hn/" "AppEngine-Google; (+http://code.google.com/appengine)" "www.templeos.org"
93.112.4.22 - - [09/May/2009:18:24:11 -0700] "GET /TempleOSCD.ISO HTTP/1.0" 200 4708352 "-" "Mozilla/5.0 (compatible; Yahoo! Slurp/3.0; http://help.yahoo.com/help/us/ysearch/slurp)" "www.templeos.org"
62.102.171.89 - - [09/May/2009:18:34:23 -0700] "GET /v502.html HTTP/1.1" 404 275 "http://www.semantic.hn/" "AppEngine-Google; (+http://code.google.com/appengine)" "www.templeos.org"
146.85.181.232 - - [09/May/2009:18:41:41 -0700] "GET / HTTP/1.1" 200 81188 "http://forum.osdev.org/viewtopic.php?f=1&t=18653&hilit=Multicore" "Mozilla/5.0 (Windows; U; Windows NT 5.2; es-ES; rv:1.9.0.1) Gecko/2008070208 Firefox/3.0.1" "www.templeos.org"
146.85.181.232 - - [09/May/2009:18:41:42 -0700] "GET /images/Header.JPG HTTP/1.1" 200 2982 "http://www.templeos.org/" "Mozilla/5.0 (Windows; U; Windows NT 5.2; es-ES; rv:1.9.0.1) Gecko/2008070208 Firefox/3.0.1" "www.templeos.org"
146.85.181.232 - - [09/May/2009:18:41:48 -0700] "GET /media/Demo1.smi HTTP/1.1" 404 275 "-" "Windows-Media-Player/10.00.00.3700" "www.templeos.org"
146.85.181.232 - - [09/May/2009:18:41:49 -0700] "GET /media/Demo1.wmv HTTP/1.1" 200 196608 "-" "NSPlayer/10.0.0.3700" "www.templeos.org"
146.85.181.232 - - [09/May/2009:18:43:10 -0700] "GET /favicon.ico HTTP/1.1" 404 275 "-" "Mozilla/5.0 (Windows; U; Windows NT 5.2; es-ES; rv:1.9.0.1) Gecko/2008070208 Firefox/3.0.1" "www.templeos.org"
146.85.181.232 - - [09/May/2009:18:43:12 -0700] "GET /TempleOSCD.ISO HTTP/1.1" 200 393216 "http://www.templeos.org/" "Mozilla/5.0 (Windows; U; Windows NT 5.2; es-ES; rv:1.9.0.1) Gecko/2008070208 Firefox/3.0.1" "www.templeos.org"
146.85.181.232 - - [09/May/2009:18:43:15 -0700] "GET /index.html HTTP/1.1" 200 81188 "http://www.templeos.org/" "Mozilla/5.0 (Windows; U; Windows NT 5.2; es-ES; rv:1.9.0.1) Gecko/2008070208 Firefox/3.0.1" "www.templeos.org"
146.85.181.232 - - [09/May/2009:18:43:17 -0700] "GET /media/Demo1.wmv HTTP/1.1" 200 8585216 "http://www.templeos.org/" "Mozilla/5.0 (Windows; U; Windows NT 5.2; es-ES; rv:1.9.0.1) Gecko/2008070208 Firefox/3.0.1" "www.templeos.org"
146.85.181.232 - - [09/May/2009:18:43:18 -0700] "GET /media/Demo1.smi HTTP/1.1" 404 275 "-" "Windows-Media-Player/10.00.00.3700" "www.templeos.org"
146.85.181.232 - - [09/May/2009:18:43:18 -0700] "GET /media/Demo1.wmv HTTP/1.1" 200 196608 "-" "NSPlayer/10.0.0.3700" "www.templeos.org"
146.85.181.232 - - [09/May/2009:18:43:24 -0700] "GET /media/Demo1.wmv HTTP/1.1" 200 19202048 "-" "NSPlayer/10.0.0.3700 WMFSDK/10.0" "www.templeos.org"
146.85.181.232 - - [09/May/2009:18:43:56 -0700] "GET /media/Demo1.wmv HTTP/1.1" 200 196608 "-" "NSPlayer/10.0.0.3700" "www.templeos.org"
146.85.181.232 - - [09/May/2009:18:43:56 -0700] "GET /media/Demo1.wmv HTTP/1.1" 200 4128768 "http://www.templeos.org/index.html" "Mozilla/5.0 (Windows; U; Windows NT 5.2; es-ES; rv:1.9.0.1) Gecko/2008070208 Firefox/3.0.1" "www.templeos.org"
146.85.181.232 - - [09/May/2009:18:43:56 -0700] "GET /media/Demo1.wmv HTTP/1.1" 200 3997696 "-" "NSPlayer/10.0.0.3700 WMFSDK/10.0" "www.templeos.org"
146.85.181.232 - - [09/May/2009:18:43:57 -0700] "GET /media/Demo1.wmv HTTP/1.0" 200 196608 "-" "NSPlayer/8.0.0.4477" "www.templeos.org"
146.85.181.232 - - [09/May/2009:18:43:58 -0700] "GET /media/Demo1.wmv HTTP/1.1" 200 262144 "http://www.templeos.org/index.html" "Mozilla/5.0 (Windows; U; Windows NT 5.2; es-ES; rv:1.9.0.1) Gecko/2008070208 Firefox/3.0.1" "www.templeos.org"
146.85.181.232 - - [09/May/2009:18:43:58 -0700] "GET /media/Demo1.wmv HTTP/1.1" 200 196608 "-" "NSPlayer/10.0.0.3700" "www.templeos.org"
146.85.181.232 - - [09/May/2009:18:43:58 -0700] "GET /media/Demo1.smi HTTP/1.1" 404 275 "-" "Windows-Media-Player/10.00.00.3700" "www.templeos.org"
146.85.181.232 - - [09/May/2009:18:44:05 -0700] "GET /media/Demo1.wmv HTTP/1.1" 200 196608 "-" "NSPlayer/10.0.0.3700 WMFSDK/10.0" "www.templeos.org"
146.85.181.232 - - [09/May/2009:18:44:35 -0700] "GET /detailedlinfo.html HTTP/1.1" 200 4005 "http://www.templeos.org/index.html" "Mozilla/5.0 (Windows; U; Windows NT 5.2; es-ES; rv:1.9.0.1) Gecko/2008070208 Firefox/3.0.1" "www.templeos.org"
146.85.181.232 - - [09/May/2009:18:44:35 -0700] "GET /sitebuilder/images/SCRN0001a-640x480.png HTTP/1.1" 200 20313 "http://www.templeos.org/detailedlinfo.html" "Mozilla/5.0 (Windows; U; Windows NT 5.2; es-ES; rv:1.9.0.1) Gecko/2008070208 Firefox/3.0.1" "www.templeos.org"
146.85.181.232 - - [09/May/2009:18:44:35 -0700] "GET /sitebuilder/images/SCRN0000a-640x480.png HTTP/1.1" 200 15512 "http://www.templeos.org/detailedlinfo.html" "Mozilla/5.0 (Windows; U; Windows NT 5.2; es-ES; rv:1.9.0.1) Gecko/2008070208 Firefox/3.0.1" "www.templeos.org"
146.85.181.232 - - [09/May/2009:18:44:35 -0700] "GET /sitebuilder/images/SCRN0002a-640x480.png HTTP/1.1" 200 11969 "http://www.templeos.org/detailedlinfo.html" "Mozilla/5.0 (Windows; U; Windows NT 5.2; es-ES; rv:1.9.0.1) Gecko/2008070208 Firefox/3.0.1" "www.templeos.org"
146.85.181.232 - - [09/May/2009:18:44:35 -0700] "GET /images/Promises.jpg HTTP/1.1" 200 76295 "http://www.templeos.org/detailedlinfo.html" "Mozilla/5.0 (Windows; U; Windows NT 5.2; es-ES; rv:1.9.0.1) Gecko/2008070208 Firefox/3.0.1" "www.templeos.org"
146.85.181.232 - - [09/May/2009:18:44:36 -0700] "GET /media/Demo1.wmv HTTP/1.1" 200 3932160 "-" "NSPlayer/10.0.0.3700 WMFSDK/10.0" "www.templeos.org"
146.85.181.232 - - [09/May/2009:18:44:36 -0700] "GET /media/Demo1.wmv HTTP/1.1" 200 3801088 "http://www.templeos.org/index.html" "Mozilla/5.0 (Windows; U; Windows NT 5.2; es-ES; rv:1.9.0.1) Gecko/2008070208 Firefox/3.0.1" "www.templeos.org"
146.85.181.232 - - [09/May/2009:18:44:42 -0700] "GET /demo.html HTTP/1.1" 200 6327 "http://www.templeos.org/detailedlinfo.html" "Mozilla/5.0 (Windows; U; Windows NT 5.2; es-ES; rv:1.9.0.1) Gecko/2008070208 Firefox/3.0.1" "www.templeos.org"
146.85.181.232 - - [09/May/2009:18:44:43 -0700] "GET /media/Flightsim.wmv HTTP/1.1" 200 196608 "http://www.templeos.org/demo.html" "Mozilla/5.0 (Windows; U; Windows NT 5.2; es-ES; rv:1.9.0.1) Gecko/2008070208 Firefox/3.0.1" "www.templeos.org"
146.85.181.232 - - [09/May/2009:18:44:45 -0700] "GET /media/MakeOSInstallPrtBootLoader.wmv HTTP/1.1" 200 196608 "-" "NSPlayer/10.0.0.3700" "www.templeos.org"
146.85.181.232 - - [09/May/2009:18:44:45 -0700] "GET /media/Flightsim.wmv HTTP/1.1" 200 196608 "-" "NSPlayer/10.0.0.3700" "www.templeos.org"
146.85.181.232 - - [09/May/2009:18:44:45 -0700] "GET /media/Flightsim.wmv HTTP/1.1" 200 327680 "-" "NSPlayer/10.0.0.3700 WMFSDK/10.0" "www.templeos.org"
146.85.181.232 - - [09/May/2009:18:44:46 -0700] "GET /media/Flightsim.smi HTTP/1.1" 404 275 "-" "Windows-Media-Player/10.00.00.3700" "www.templeos.org"
146.85.181.232 - - [09/May/2009:18:44:47 -0700] "GET /media/Flightsim.wmv HTTP/1.1" 200 327680 "http://www.templeos.org/demo.html" "Mozilla/5.0 (Windows; U; Windows NT 5.2; es-ES; rv:1.9.0.1) Gecko/2008070208 Firefox/3.0.1" "www.templeos.org"
146.85.181.232 - - [09/May/2009:18:44:47 -0700] "GET /media/MakeOSInstallPrtBootLoader.wmv HTTP/1.1" 200 393216 "http://www.templeos.org/demo.html" "Mozilla/5.0 (Windows; U; Windows NT 5.2; es-ES; rv:1.9.0.1) Gecko/2008070208 Firefox/3.0.1" "www.templeos.org"
146.85.181.232 - - [09/May/2009:18:44:47 -0700] "GET /media/MakeOSInstallPrtBootLoader.wmv HTTP/1.1" 200 262144 "-" "NSPlayer/10.0.0.3700 WMFSDK/10.0" "www.templeos.org"
146.85.181.232 - - [09/May/2009:18:44:47 -0700] "GET /media/Demo1.wmv HTTP/1.1" 200 196608 "-" "NSPlayer/10.0.0.3700" "www.templeos.org"
146.85.181.232 - - [09/May/2009:18:44:48 -0700] "GET /media/Demo1.smi HTTP/1.1" 404 275 "-" "Windows-Media-Player/10.00.00.3700" "www.templeos.org"
146.85.181.232 - - [09/May/2009:18:44:52 -0700] "GET /media/Demo1.wmv HTTP/1.1" 200 589824 "http://www.templeos.org/index.html" "Mozilla/5.0 (Windows; U; Windows NT 5.2; es-ES; rv:1.9.0.1) Gecko/2008070208 Firefox/3.0.1" "www.templeos.org"
18.146.50.156 - - [09/May/2009:18:45:08 -0700] "HEAD /TempleOSCD.ISO HTTP/1.1" 206 0 "-" "Mozilla/5.0 (Windows; U; Windows NT 5.1; pt-BR; rv:1.8.0.1) Gecko/20060111 Firefox/1.5.0.179.38232421875" "www.templeos.org"
146.85.181.232 - - [09/May/2009:18:45:36 -0700] "GET /TempleOSCD.ISO HTTP/1.1" 200 4708352 "http://www.templeos.org/index.html" "Mozilla/5.0 (Windows; U; Windows NT 5.2; es-ES; rv:1.9.0.1) Gecko/2008070208 Firefox/3.0.1" "www.templeos.org"
146.85.181.232 - - [09/May/2009:18:47:36 -0700] "GET /LTsrc.zip HTTP/1.1" 200 942074 "http://www.templeos.org/index.html" "Mozilla/5.0 (Windows; U; Windows NT 5.2; es-ES; rv:1.9.0.1) Gecko/2008070208 Firefox/3.0.1" "www.templeos.org"
146.85.181.232 - - [09/May/2009:18:47:47 -0700] "GET /media/Demo1.wmv HTTP/1.1" 200 54788096 "-" "NSPlayer/10.0.0.3700 WMFSDK/10.0" "www.templeos.org"
62.102.171.181 - - [09/May/2009:18:51:24 -0700] "GET /v502.html HTTP/1.1" 404 275 "http://www.semantic.hn/" "AppEngine-Google; (+http://code.google.com/appengine)" "www.templeos.org"
49.122.166.86 - - [09/May/2009:18:54:43 -0700] "GET /TempleOSCD.ISO HTTP/1.1" 200 262144 "-" "Mozilla/4.0 (compatible; MSIE 6.0; Windows NT 5.1; SV1)" "www.templeos.org"
62.102.171.181 - - [09/May/2009:19:00:34 -0700] "GET /v502.html HTTP/1.1" 404 275 "http://www.semantic.hn/" "AppEngine-Google; (+http://code.google.com/appengine)" "www.templeos.org"
116.79.98.34 - - [09/May/2009:19:15:00 -0700] "GET / HTTP/1.1" 200 81188 "http://www.google.com.sg/search?hl=zh-CN&q=64+bit+os+&meta=&aq=f&oq=" "Mozilla/4.0 (compatible; MSIE 6.0; Windows NT 5.1; SV1; GreenBrowser)" "www.templeos.org"
116.79.98.21 - - [09/May/2009:19:15:00 -0700] "GET /images/Header.JPG HTTP/1.1" 200 2982 "http://www.templeos.org/" "Mozilla/4.0 (compatible; MSIE 6.0; Windows NT 5.1; SV1; GreenBrowser)" "www.templeos.org"
116.79.98.34 - - [09/May/2009:19:15:02 -0700] "GET /media/Demo1.wmv HTTP/1.1" 200 196608 "-" "NSPlayer/10.0.0.3802" "www.templeos.org"
116.79.98.21 - - [09/May/2009:19:15:05 -0700] "GET /media/Demo1.smi HTTP/1.1" 404 275 "http://www.templeos.org/" "Windows-Media-Player/10.00.00.4058" "www.templeos.org"
116.79.98.34 - - [09/May/2009:19:15:05 -0700] "GET /media/Demo1.wmv HTTP/1.1" 200 262144 "-" "NSPlayer/10.0.0.4054 WMFSDK/10.0" "www.templeos.org"
197.29.21.112 - - [09/May/2009:19:16:33 -0700] "GET / HTTP/1.1" 200 81188 "http://www.google.com.my/search?q=Example+of+Open+Source+OS&hl=en&client=firefox-a&rls=org.mozilla:en-US:official&start=20&sa=N" "Mozilla/5.0 (Windows; U; Windows NT 5.1; en-US; rv:1.8.1) Gecko/20061010 Firefox/2.0" "www.templeos.org"
197.29.21.112 - - [09/May/2009:19:16:40 -0700] "GET /images/Header.JPG HTTP/1.1" 200 2982 "http://www.templeos.org/" "Mozilla/5.0 (Windows; U; Windows NT 5.1; en-US; rv:1.8.1) Gecko/20061010 Firefox/2.0" "www.templeos.org"
11.152.143.170 - - [09/May/2009:19:16:46 -0700] "GET /TempleOSCD.ISO HTTP/1.0" 200 2279680 "-" "Mozilla/5.0 (compatible; Yahoo! Slurp/3.0; http://help.yahoo.com/help/us/ysearch/slurp)" "www.templeos.org"
197.29.21.112 - - [09/May/2009:19:16:49 -0700] "GET /media/Demo1.wmv HTTP/1.1" 200 327680 "-" "NSPlayer/11.0.5358.4826" "www.templeos.org"
116.79.98.34 - - [09/May/2009:19:17:10 -0700] "GET /favicon.ico HTTP/1.1" 404 275 "-" "GreenBrowser" "www.templeos.org"
62.102.171.181 - - [09/May/2009:19:17:22 -0700] "GET /v502.html HTTP/1.1" 404 275 "http://www.semantic.hn/" "AppEngine-Google; (+http://code.google.com/appengine)" "www.templeos.org"
197.29.21.112 - - [09/May/2009:19:18:04 -0700] "GET /favicon.ico HTTP/1.1" 404 275 "-" "Mozilla/5.0 (Windows; U; Windows NT 5.1; en-US; rv:1.8.1) Gecko/20061010 Firefox/2.0" "www.templeos.org"
197.29.21.112 - - [09/May/2009:19:18:38 -0700] "GET /media/Demo1.wmv HTTP/1.1" 200 497664 "http://www.templeos.org/" "Mozilla/5.0 (Windows; U; Windows NT 5.1; en-US; rv:1.8.1) Gecko/20061010 Firefox/2.0" "www.templeos.org"
197.29.21.112 - - [09/May/2009:19:18:39 -0700] "GET /media/Demo1.wmv HTTP/1.1" 200 393216 "-" "NSPlayer/11.0.5358.4826 WMFSDK/11.0" "www.templeos.org"
70.141.45.128 - - [09/May/2009:19:20:37 -0700] "GET / HTTP/1.0" 200 81188 "-" "Mozilla/4.0 (compatible; MSIE 7.0; Windows NT 5.1; BT Openworld BB; .NET CLR 1.1.4322; .NET CLR 2.0.50727)" "www.templeos.org"
60.101.246.49 - - [09/May/2009:19:21:04 -0700] "GET /robots.txt HTTP/1.1" 404 275 "-" "msnbot/2.0b (+http://search.msn.com/msnbot.htm)" "templeos.org"
60.101.246.49 - - [09/May/2009:19:22:16 -0700] "GET / HTTP/1.0" 200 81188 "-" "msnbot/2.0b (+http://search.msn.com/msnbot.htm)" "templeos.org"
11.152.143.170 - - [09/May/2009:19:23:21 -0700] "GET /TempleOSCD.ISO HTTP/1.0" 200 4708352 "-" "Mozilla/5.0 (compatible; Yahoo! Slurp/3.0; http://help.yahoo.com/help/us/ysearch/slurp)" "www.templeos.org"
11.52.122.147 - - [09/May/2009:19:34:26 -0700] "GET /v502.html HTTP/1.1" 404 275 "http://www.semantic.hn/" "AppEngine-Google; (+http://code.google.com/appengine)" "www.templeos.org"
11.152.126.114 - - [09/May/2009:19:37:31 -0700] "GET /TempleOSCD.ISO HTTP/1.0" 200 4708352 "-" "Mozilla/5.0 (compatible; Yahoo! Slurp/3.0; http://help.yahoo.com/help/us/ysearch/slurp)" "www.templeos.org"
93.214.205.208 - - [09/May/2009:19:37:54 -0700] "GET / HTTP/1.1" 200 81188 "http://www.google.com/search?q=64+bit+operating+system&rls=com.microsoft:en-us:IE-SearchBox&ie=UTF-8&oe=UTF-8&sourceid=ie7&rlz=1I7GGLJ_en" "Mozilla/4.0 (compatible; MSIE 8.0; Windows NT 6.0; Trident/4.0; Comcast Install 1.0; SLCC1; .NET CLR 2.0.50727; Media Center PC 5.0; InfoPath.2; .NET CLR 3.5.30729; .NET CLR 3.0.30618)" "www.templeos.org"
93.214.205.208 - - [09/May/2009:19:37:54 -0700] "GET /images/Header.JPG HTTP/1.1" 200 2982 "http://www.templeos.org/" "Mozilla/4.0 (compatible; MSIE 8.0; Windows NT 6.0; Trident/4.0; Comcast Install 1.0; SLCC1; .NET CLR 2.0.50727; Media Center PC 5.0; InfoPath.2; .NET CLR 3.5.30729; .NET CLR 3.0.30618)" "www.templeos.org"
93.214.205.208 - - [09/May/2009:19:37:54 -0700] "GET /media/Demo1.wmv HTTP/1.1" 200 196608 "-" "contype" "www.templeos.org"
93.214.205.208 - - [09/May/2009:19:37:56 -0700] "GET /favicon.ico HTTP/1.1" 404 275 "-" "Mozilla/4.0 (compatible; MSIE 8.0; Windows NT 6.0; Trident/4.0; Comcast Install 1.0; SLCC1; .NET CLR 2.0.50727; Media Center PC 5.0; InfoPath.2; .NET CLR 3.5.30729; .NET CLR 3.0.30618)" "www.templeos.org"
164.157.255.43 - - [09/May/2009:19:38:22 -0700] "GET /robots.txt HTTP/1.1" 404 275 "-" "Mediapartners-Google" "www.templeos.org"
49.128.134.95 - - [09/May/2009:19:38:32 -0700] "GET /TempleOSCD.ISO HTTP/1.1" 200 393216 "http://www.templeos.org/" "Mozilla/5.0 (Windows; U; Windows NT 5.1; en-US; rv:1.9.0.10) Gecko/2009042316 Firefox/3.0.10" "www.templeos.org"
49.128.134.95 - - [09/May/2009:19:38:32 -0700] "GET /TempleOSCD.ISO HTTP/1.1" 206 327680 "http://www.templeos.org/" "Mozilla/5.0 (Windows; U; Windows NT 5.1; en-US; rv:1.9.0.10) Gecko/2009042316 Firefox/3.0.10" "www.templeos.org"
49.128.134.95 - - [09/May/2009:19:38:32 -0700] "GET /TempleOSCD.ISO HTTP/1.1" 206 327680 "http://www.templeos.org/" "Mozilla/5.0 (Windows; U; Windows NT 5.1; en-US; rv:1.9.0.10) Gecko/2009042316 Firefox/3.0.10" "www.templeos.org"
49.128.134.95 - - [09/May/2009:19:38:32 -0700] "GET /TempleOSCD.ISO HTTP/1.1" 206 262144 "http://www.templeos.org/" "Mozilla/5.0 (Windows; U; Windows NT 5.1; en-US; rv:1.9.0.10) Gecko/2009042316 Firefox/3.0.10" "www.templeos.org"
49.128.134.95 - - [09/May/2009:19:39:07 -0700] "GET /TempleOSCD.ISO HTTP/1.1" 206 327680 "http://www.templeos.org/" "Mozilla/5.0 (Windows; U; Windows NT 5.1; en-US; rv:1.9.0.10) Gecko/2009042316 Firefox/3.0.10" "www.templeos.org"
49.128.134.95 - - [09/May/2009:19:39:07 -0700] "GET /TempleOSCD.ISO HTTP/1.1" 206 393216 "http://www.templeos.org/" "Mozilla/5.0 (Windows; U; Windows NT 5.1; en-US; rv:1.9.0.10) Gecko/2009042316 Firefox/3.0.10" "www.templeos.org"
49.128.134.95 - - [09/May/2009:19:39:07 -0700] "GET /TempleOSCD.ISO HTTP/1.1" 200 393216 "http://www.templeos.org/" "Mozilla/5.0 (Windows; U; Windows NT 5.1; en-US; rv:1.9.0.10) Gecko/2009042316 Firefox/3.0.10" "www.templeos.org"
49.128.134.95 - - [09/May/2009:19:39:07 -0700] "GET /TempleOSCD.ISO HTTP/1.1" 206 393216 "http://www.templeos.org/" "Mozilla/5.0 (Windows; U; Windows NT 5.1; en-US; rv:1.9.0.10) Gecko/2009042316 Firefox/3.0.10" "www.templeos.org"
49.128.134.95 - - [09/May/2009:19:39:08 -0700] "GET /TempleOSCD.ISO HTTP/1.1" 206 327680 "http://www.templeos.org/" "Mozilla/5.0 (Windows; U; Windows NT 5.1; en-US; rv:1.9.0.10) Gecko/2009042316 Firefox/3.0.10" "www.templeos.org"
49.128.134.95 - - [09/May/2009:19:39:08 -0700] "GET /TempleOSCD.ISO HTTP/1.1" 206 327680 "http://www.templeos.org/" "Mozilla/5.0 (Windows; U; Windows NT 5.1; en-US; rv:1.9.0.10) Gecko/2009042316 Firefox/3.0.10" "www.templeos.org"
49.128.134.95 - - [09/May/2009:19:39:08 -0700] "GET /TempleOSCD.ISO HTTP/1.1" 206 327680 "http://www.templeos.org/" "Mozilla/5.0 (Windows; U; Windows NT 5.1; en-US; rv:1.9.0.10) Gecko/2009042316 Firefox/3.0.10" "www.templeos.org"
49.128.134.95 - - [09/May/2009:19:39:09 -0700] "GET /TempleOSCD.ISO HTTP/1.1" 206 262127 "http://www.templeos.org/" "Mozilla/5.0 (Windows; U; Windows NT 5.1; en-US; rv:1.9.0.10) Gecko/2009042316 Firefox/3.0.10" "www.templeos.org"
49.128.134.95 - - [09/May/2009:19:39:09 -0700] "GET /TempleOSCD.ISO HTTP/1.1" 206 262127 "http://www.templeos.org/" "Mozilla/5.0 (Windows; U; Windows NT 5.1; en-US; rv:1.9.0.10) Gecko/2009042316 Firefox/3.0.10" "www.templeos.org"
49.128.134.95 - - [09/May/2009:19:39:09 -0700] "GET /TempleOSCD.ISO HTTP/1.1" 206 393216 "http://www.templeos.org/" "Mozilla/5.0 (Windows; U; Windows NT 5.1; en-US; rv:1.9.0.10) Gecko/2009042316 Firefox/3.0.10" "www.templeos.org"
49.128.134.95 - - [09/May/2009:19:39:09 -0700] "GET /TempleOSCD.ISO HTTP/1.1" 206 276708 "http://www.templeos.org/" "Mozilla/5.0 (Windows; U; Windows NT 5.1; en-US; rv:1.9.0.10) Gecko/2009042316 Firefox/3.0.10" "www.templeos.org"
49.128.134.95 - - [09/May/2009:19:39:09 -0700] "GET /TempleOSCD.ISO HTTP/1.1" 206 263168 "http://www.templeos.org/" "Mozilla/5.0 (Windows; U; Windows NT 5.1; en-US; rv:1.9.0.10) Gecko/2009042316 Firefox/3.0.10" "www.templeos.org"
49.128.134.95 - - [09/May/2009:19:39:09 -0700] "GET /TempleOSCD.ISO HTTP/1.1" 206 262144 "http://www.templeos.org/" "Mozilla/5.0 (Windows; U; Windows NT 5.1; en-US; rv:1.9.0.10) Gecko/2009042316 Firefox/3.0.10" "www.templeos.org"
49.128.134.95 - - [09/May/2009:19:39:09 -0700] "GET /TempleOSCD.ISO HTTP/1.1" 206 262144 "http://www.templeos.org/" "Mozilla/5.0 (Windows; U; Windows NT 5.1; en-US; rv:1.9.0.10) Gecko/2009042316 Firefox/3.0.10" "www.templeos.org"
49.128.134.95 - - [09/May/2009:19:39:09 -0700] "GET /TempleOSCD.ISO HTTP/1.1" 206 262144 "http://www.templeos.org/" "Mozilla/5.0 (Windows; U; Windows NT 5.1; en-US; rv:1.9.0.10) Gecko/2009042316 Firefox/3.0.10" "www.templeos.org"
49.128.134.95 - - [09/May/2009:19:39:09 -0700] "GET /TempleOSCD.ISO HTTP/1.1" 206 262144 "http://www.templeos.org/" "Mozilla/5.0 (Windows; U; Windows NT 5.1; en-US; rv:1.9.0.10) Gecko/2009042316 Firefox/3.0.10" "www.templeos.org"
11.152.126.114 - - [09/May/2009:19:46:53 -0700] "GET /TempleOSCD.ISO HTTP/1.0" 200 4708352 "-" "Mozilla/5.0 (compatible; Yahoo! Slurp/3.0; http://help.yahoo.com/help/us/ysearch/slurp)" "www.templeos.org"
62.102.171.181 - - [09/May/2009:19:51:36 -0700] "GET /v502.html HTTP/1.1" 404 275 "http://www.semantic.hn/" "AppEngine-Google; (+http://code.google.com/appengine)" "www.templeos.org"
11.52.122.63 - - [09/May/2009:20:00:25 -0700] "GET /v502.html HTTP/1.1" 404 275 "http://www.semantic.hn/" "AppEngine-Google; (+http://code.google.com/appengine)" "www.templeos.org"
146.26.187.69 - - [09/May/2009:20:01:43 -0700] "GET /TempleOSCD.ISO HTTP/1.1" 200 786432 "-" "Mozilla/5.0 (Windows; U; Windows NT 5.1; es-ES; rv:1.9.0.10) Gecko/2009042316 Firefox/3.0.10" "www.templeos.org"
11.152.126.114 - - [09/May/2009:20:11:10 -0700] "GET /organ.html HTTP/1.0" 200 3938 "-" "Mozilla/5.0 (compatible; Yahoo! Slurp/3.0; http://help.yahoo.com/help/us/ysearch/slurp)" "www.templeos.org"
18.146.50.156 - - [09/May/2009:20:14:49 -0700] "HEAD /TempleOSCD.ISO HTTP/1.1" 206 0 "-" "Mozilla/5.0 (Windows; U; Windows NT 5.1; pt-BR; rv:1.8.0.1) Gecko/20060111 Firefox/1.5.0.122.113037109375" "www.templeos.org"
62.102.171.31 - - [09/May/2009:20:17:26 -0700] "GET /v502.html HTTP/1.1" 404 275 "http://www.semantic.hn/" "AppEngine-Google; (+http://code.google.com/appengine)" "www.templeos.org"
18.146.50.156 - - [09/May/2009:20:19:52 -0700] "HEAD /TempleOSCD.ISO HTTP/1.1" 206 0 "-" "Mozilla/5.0 (Windows; U; Windows NT 5.1; pt-BR; rv:1.8.0.1) Gecko/20060111 Firefox/1.5.0.126.446533203125" "www.templeos.org"
11.52.122.63 - - [09/May/2009:20:34:32 -0700] "GET /v502.html HTTP/1.1" 404 275 "http://www.semantic.hn/" "AppEngine-Google; (+http://code.google.com/appengine)" "www.templeos.org"
11.52.122.89 - - [09/May/2009:20:51:24 -0700] "GET /v502.html HTTP/1.1" 404 275 "http://www.semantic.hn/" "AppEngine-Google; (+http://code.google.com/appengine)" "www.templeos.org"
164.157.255.43 - - [09/May/2009:21:00:15 -0700] "GET /TempleOSCD.ISO HTTP/1.1" 200 327680 "-" "Mediapartners-Google" "www.templeos.org"
219.23.76.140 - - [09/May/2009:21:00:26 -0700] "GET /TempleOSCD.ISO HTTP/1.1" 200 4708352 "-" "Mozilla/5.0 (Windows; U; Windows NT 5.0; en-US; rv:1.9.0.3) Gecko/2008092417 Firefox/3.0.3" "www.templeos.org"
11.52.122.147 - - [09/May/2009:21:00:29 -0700] "GET /v502.html HTTP/1.1" 404 275 "http://www.semantic.hn/" "AppEngine-Google; (+http://code.google.com/appengine)" "www.templeos.org"
173.186.151.41 - - [09/May/2009:21:00:59 -0700] "HEAD /media/Demo8.wmv HTTP/1.1" 404 0 "-" "Mozilla/4.0 (compatible; MSIE 5.01; Windows NT 5.0)" "templeos.org"
173.186.151.41 - - [09/May/2009:21:00:59 -0700] "GET /media/Demo8.wmv HTTP/1.1" 404 275 "-" "Mozilla/4.0 (compatible; MSIE 5.01; Windows NT 5.0)" "templeos.org"
219.23.76.140 - - [09/May/2009:21:01:15 -0700] "GET /TempleOSCD.ISO HTTP/1.1" 206 1786724 "-" "Mozilla/5.0 (Windows; U; Windows NT 5.0; en-US; rv:1.9.0.3) Gecko/2008092417 Firefox/3.0.3" "www.templeos.org"
62.200.76.248 - - [09/May/2009:21:06:02 -0700] "GET / HTTP/1.1" 200 81188 "http://www.google.com/url?sa=t&source=web&ct=res&cd=30&url=http%3A%2F%2Fwww.templeos.org%2F&ei=elEGSu3UF5WOMtmwkM8N&rct=j&q=open+source+operating+system&usg=AFQjCNHtcMmLrLaSdilrJ1OUqGvEZC49XA" "Mozilla/5.0 (Windows; U; Windows NT 6.0; en-US; rv:1.9.0.8) Gecko/2009032609 Firefox/3.0.8 (.NET CLR 3.5.30729)" "www.templeos.org"
62.200.76.248 - - [09/May/2009:21:06:02 -0700] "GET /images/Header.JPG HTTP/1.1" 200 2982 "-" "Mozilla/5.0 (Windows; U; Windows NT 6.0; en-US; rv:1.9.0.8) Gecko/2009032609 Firefox/3.0.8 (.NET CLR 3.5.30729)" "www.templeos.org"
62.200.76.248 - - [09/May/2009:21:06:08 -0700] "GET /favicon.ico HTTP/1.1" 404 275 "-" "Mozilla/5.0 (Windows; U; Windows NT 6.0; en-US; rv:1.9.0.8) Gecko/2009032609 Firefox/3.0.8 (.NET CLR 3.5.30729)" "www.templeos.org"
62.200.76.248 - - [09/May/2009:21:06:11 -0700] "GET /favicon.ico HTTP/1.1" 404 275 "-" "Mozilla/5.0 (Windows; U; Windows NT 6.0; en-US; rv:1.9.0.8) Gecko/2009032609 Firefox/3.0.8 (.NET CLR 3.5.30729)" "www.templeos.org"
60.101.29.224 - - [09/May/2009:21:11:46 -0700] "GET /robots.txt HTTP/1.1" 404 275 "-" "msnbot/1.1 (+http://search.msn.com/msnbot.htm)" "www.templeos.org"
60.101.29.224 - - [09/May/2009:21:11:52 -0700] "GET /fps.html HTTP/1.1" 200 33359 "-" "msnbot/1.1 (+http://search.msn.com/msnbot.htm)" "www.templeos.org"
29.174.77.249 - - [09/May/2009:21:13:39 -0700] "GET /media/CtrlR1.wmv HTTP/1.0" 404 275 "http://www.templeos.org/ctrlr1.html" "Mozilla/4.0 (compatible; MSIE 6.0; Windows NT 5.1)" "www.templeos.org"
29.174.77.249 - - [09/May/2009:21:13:40 -0700] "GET /media/CtrlR1.wmv HTTP/1.0" 404 275 "http://www.templeos.org/ctrlr1.html" "Mozilla/4.0 (compatible; MSIE 6.0; Windows NT 5.1)" "www.templeos.org"
11.52.122.106 - - [09/May/2009:21:17:26 -0700] "GET /v502.html HTTP/1.1" 404 275 "http://www.semantic.hn/" "AppEngine-Google; (+http://code.google.com/appengine)" "www.templeos.org"
93.112.232.208 - - [09/May/2009:21:18:21 -0700] "GET /TempleOSCD.ISO HTTP/1.0" 200 4708352 "-" "Mozilla/5.0 (compatible; Yahoo! Slurp/3.0; http://help.yahoo.com/help/us/ysearch/slurp)" "www.templeos.org"
63.236.187.143 - - [09/May/2009:21:22:22 -0700] "GET / HTTP/1.1" 200 81188 "-" "Opera/9.64 (Macintosh; PPC Mac OS X; U; en) Presto/2.1.1" "www.templeos.org"
63.236.187.143 - - [09/May/2009:21:22:22 -0700] "GET /images/Header.JPG HTTP/1.1" 200 2982 "-" "Opera/9.64 (Macintosh; PPC Mac OS X; U; en) Presto/2.1.1" "www.templeos.org"
18.146.50.156 - - [09/May/2009:21:22:23 -0700] "HEAD /TempleOSCD.ISO HTTP/1.1" 206 0 "-" "Mozilla/5.0 (Windows; U; Windows NT 5.1; pt-BR; rv:1.8.0.1) Gecko/20060111 Firefox/1.5.0.166.4398193359375" "www.templeos.org"
249.240.181.180 - - [09/May/2009:21:23:02 -0700] "GET / HTTP/1.1" 200 81188 "-" "Mozilla/5.0 (X11; U; Linux i686; en-US; rv:1.9.0.10) Gecko/2009042523 Ubuntu/8.10 (intrepid) Firefox/3.0.10" "www.templeos.org"
249.240.181.180 - - [09/May/2009:21:23:09 -0700] "GET /media/Demo1.wmv HTTP/1.1" 200 196608 "http://www.templeos.org/" "Mozilla/5.0 (X11; U; Linux i686; en-US; rv:1.9.0.10) Gecko/2009042523 Ubuntu/8.10 (intrepid) Firefox/3.0.10" "www.templeos.org"
249.240.181.180 - - [09/May/2009:21:23:09 -0700] "GET /images/Header.JPG HTTP/1.1" 200 2982 "http://www.templeos.org/" "Mozilla/5.0 (X11; U; Linux i686; en-US; rv:1.9.0.10) Gecko/2009042523 Ubuntu/8.10 (intrepid) Firefox/3.0.10" "www.templeos.org"
63.236.187.143 - - [09/May/2009:21:24:51 -0700] "GET /media/Demo1.wmv HTTP/1.1" 200 66292058 "-" "Opera/9.64 (Macintosh; PPC Mac OS X; U; en) Presto/2.1.1" "www.templeos.org"
63.236.187.143 - - [09/May/2009:21:24:52 -0700] "GET /favicon.ico HTTP/1.1" 404 275 "-" "Opera/9.64 (Macintosh; PPC Mac OS X; U; en) Presto/2.1.1" "www.templeos.org"
249.240.181.180 - - [09/May/2009:21:25:15 -0700] "GET /favicon.ico HTTP/1.1" 404 275 "-" "Mozilla/5.0 (X11; U; Linux i686; en-US; rv:1.9.0.10) Gecko/2009042523 Ubuntu/8.10 (intrepid) Firefox/3.0.10" "www.templeos.org"
249.240.181.180 - - [09/May/2009:21:25:15 -0700] "GET /favicon.ico HTTP/1.1" 404 275 "-" "Mozilla/5.0 (X11; U; Linux i686; en-US; rv:1.9.0.10) Gecko/2009042523 Ubuntu/8.10 (intrepid) Firefox/3.0.10" "www.templeos.org"
63.236.187.143 - - [09/May/2009:21:28:20 -0700] "GET / HTTP/1.1" 304 - "-" "Opera/9.64 (Macintosh; PPC Mac OS X; U; en) Presto/2.1.1" "www.templeos.org"
11.52.122.89 - - [09/May/2009:21:34:22 -0700] "GET /v502.html HTTP/1.1" 404 275 "http://www.semantic.hn/" "AppEngine-Google; (+http://code.google.com/appengine)" "www.templeos.org"
29.174.77.88 - - [09/May/2009:21:48:43 -0700] "GET /media/TimeOut.wmv HTTP/1.0" 404 275 "http://www.templeos.org/timeout.html" "Mozilla/4.0 (compatible; MSIE 6.0; Windows NT 5.1)" "www.templeos.org"
29.174.77.88 - - [09/May/2009:21:48:43 -0700] "GET /media/TimeOut.wmv HTTP/1.0" 404 275 "http://www.templeos.org/timeout.html" "Mozilla/4.0 (compatible; MSIE 6.0; Windows NT 5.1)" "www.templeos.org"
140.179.243.106 - - [09/May/2009:21:51:21 -0700] "GET /TempleOSCD.ISO HTTP/1.1" 200 196608 "-" "Python-urllib/2.5" "www.templeos.org"
140.179.243.106 - - [09/May/2009:21:51:24 -0700] "GET /TempleOSCD.ISO HTTP/1.1" 206 1048576 "-" "Mozilla/4.0" "www.templeos.org"
11.52.122.147 - - [09/May/2009:21:51:31 -0700] "GET /v502.html HTTP/1.1" 404 275 "http://www.semantic.hn/" "AppEngine-Google; (+http://code.google.com/appengine)" "www.templeos.org"
140.179.243.106 - - [09/May/2009:21:51:33 -0700] "GET /TempleOSCD.ISO HTTP/1.1" 206 3659776 "-" "Mozilla/4.0" "www.templeos.org"
168.121.110.206 - - [09/May/2009:21:55:04 -0700] "GET /images/TempleOS421.JPG HTTP/1.1" 404 275 "http://forum.osdev.org/viewtopic.php?f=1&t=12087&start=255" "Mozilla/5.0 (Windows; U; Windows NT 5.1; de; rv:1.9.0.10) Gecko/2009042316 Firefox/3.0.10 (.NET CLR 3.5.30729)" "www.templeos.org"
168.121.110.206 - - [09/May/2009:21:55:54 -0700] "GET /screenshots.html HTTP/1.1" 200 11591 "http://forum.osdev.org/viewtopic.php?f=1&t=12087&start=255" "Mozilla/5.0 (Windows; U; Windows NT 5.1; de; rv:1.9.0.10) Gecko/2009042316 Firefox/3.0.10 (.NET CLR 3.5.30729)" "www.templeos.org"
168.121.110.206 - - [09/May/2009:21:55:54 -0700] "GET /images/Header.JPG HTTP/1.1" 200 2982 "http://www.templeos.org/screenshots.html" "Mozilla/5.0 (Windows; U; Windows NT 5.1; de; rv:1.9.0.10) Gecko/2009042316 Firefox/3.0.10 (.NET CLR 3.5.30729)" "www.templeos.org"
168.121.110.206 - - [09/May/2009:21:55:54 -0700] "GET /images/Collision.JPG HTTP/1.1" 200 77496 "http://www.templeos.org/screenshots.html" "Mozilla/5.0 (Windows; U; Windows NT 5.1; de; rv:1.9.0.10) Gecko/2009042316 Firefox/3.0.10 (.NET CLR 3.5.30729)" "www.templeos.org"
168.121.110.206 - - [09/May/2009:21:55:54 -0700] "GET /images/CTrace.JPG HTTP/1.1" 200 72254 "http://www.templeos.org/screenshots.html" "Mozilla/5.0 (Windows; U; Windows NT 5.1; de; rv:1.9.0.10) Gecko/2009042316 Firefox/3.0.10 (.NET CLR 3.5.30729)" "www.templeos.org"
168.121.110.206 - - [09/May/2009:21:55:55 -0700] "GET /images/Dollar.JPG HTTP/1.1" 200 92536 "http://www.templeos.org/screenshots.html" "Mozilla/5.0 (Windows; U; Windows NT 5.1; de; rv:1.9.0.10) Gecko/2009042316 Firefox/3.0.10 (.NET CLR 3.5.30729)" "www.templeos.org"
168.121.110.206 - - [09/May/2009:21:55:55 -0700] "GET /images/DotNet.JPG HTTP/1.1" 200 77806 "http://www.templeos.org/screenshots.html" "Mozilla/5.0 (Windows; U; Windows NT 5.1; de; rv:1.9.0.10) Gecko/2009042316 Firefox/3.0.10 (.NET CLR 3.5.30729)" "www.templeos.org"
168.121.110.206 - - [09/May/2009:21:55:55 -0700] "GET /images/Rocks.JPG HTTP/1.1" 200 38304 "http://www.templeos.org/screenshots.html" "Mozilla/5.0 (Windows; U; Windows NT 5.1; de; rv:1.9.0.10) Gecko/2009042316 Firefox/3.0.10 (.NET CLR 3.5.30729)" "www.templeos.org"
168.121.110.206 - - [09/May/2009:21:55:55 -0700] "GET /images/Tanks.JPG HTTP/1.1" 200 110155 "http://www.templeos.org/screenshots.html" "Mozilla/5.0 (Windows; U; Windows NT 5.1; de; rv:1.9.0.10) Gecko/2009042316 Firefox/3.0.10 (.NET CLR 3.5.30729)" "www.templeos.org"
168.121.110.206 - - [09/May/2009:21:55:56 -0700] "GET /images/FlightSim2.JPG HTTP/1.1" 200 58066 "http://www.templeos.org/screenshots.html" "Mozilla/5.0 (Windows; U; Windows NT 5.1; de; rv:1.9.0.10) Gecko/2009042316 Firefox/3.0.10 (.NET CLR 3.5.30729)" "www.templeos.org"
168.121.110.206 - - [09/May/2009:21:56:01 -0700] "GET /images/FPS.JPG HTTP/1.1" 200 18883 "http://www.templeos.org/screenshots.html" "Mozilla/5.0 (Windows; U; Windows NT 5.1; de; rv:1.9.0.10) Gecko/2009042316 Firefox/3.0.10 (.NET CLR 3.5.30729)" "www.templeos.org"
168.121.110.206 - - [09/May/2009:21:56:01 -0700] "GET /images/Span.JPG HTTP/1.1" 200 30960 "http://www.templeos.org/screenshots.html" "Mozilla/5.0 (Windows; U; Windows NT 5.1; de; rv:1.9.0.10) Gecko/2009042316 Firefox/3.0.10 (.NET CLR 3.5.30729)" "www.templeos.org"
168.121.110.206 - - [09/May/2009:21:56:01 -0700] "GET /images/Squirt.JPG HTTP/1.1" 200 17481 "http://www.templeos.org/screenshots.html" "Mozilla/5.0 (Windows; U; Windows NT 5.1; de; rv:1.9.0.10) Gecko/2009042316 Firefox/3.0.10 (.NET CLR 3.5.30729)" "www.templeos.org"
168.121.110.206 - - [09/May/2009:21:56:01 -0700] "GET /images/XCaliber.jpg HTTP/1.1" 200 20758 "http://www.templeos.org/screenshots.html" "Mozilla/5.0 (Windows; U; Windows NT 5.1; de; rv:1.9.0.10) Gecko/2009042316 Firefox/3.0.10 (.NET CLR 3.5.30729)" "www.templeos.org"
168.121.110.206 - - [09/May/2009:21:56:01 -0700] "GET /images/Organ.jpg HTTP/1.1" 200 38835 "http://www.templeos.org/screenshots.html" "Mozilla/5.0 (Windows; U; Windows NT 5.1; de; rv:1.9.0.10) Gecko/2009042316 Firefox/3.0.10 (.NET CLR 3.5.30729)" "www.templeos.org"
168.121.110.206 - - [09/May/2009:21:56:02 -0700] "GET /images/TempleOSV505.jpg HTTP/1.1" 200 80248 "http://www.templeos.org/screenshots.html" "Mozilla/5.0 (Windows; U; Windows NT 5.1; de; rv:1.9.0.10) Gecko/2009042316 Firefox/3.0.10 (.NET CLR 3.5.30729)" "www.templeos.org"
168.121.110.206 - - [09/May/2009:21:56:04 -0700] "GET /favicon.ico HTTP/1.1" 404 275 "-" "Mozilla/5.0 (Windows; U; Windows NT 5.1; de; rv:1.9.0.10) Gecko/2009042316 Firefox/3.0.10 (.NET CLR 3.5.30729)" "www.templeos.org"
168.121.110.206 - - [09/May/2009:21:56:07 -0700] "GET /favicon.ico HTTP/1.1" 404 275 "-" "Mozilla/5.0 (Windows; U; Windows NT 5.1; de; rv:1.9.0.10) Gecko/2009042316 Firefox/3.0.10 (.NET CLR 3.5.30729)" "www.templeos.org"
62.225.86.194 - - [09/May/2009:21:56:53 -0700] "GET /robots.txt HTTP/1.1" 404 275 "-" "Mozilla/4.0 (compatible; MSIE 5.01; Windows NT 5.0)" "www.templeos.org"
11.52.122.147 - - [09/May/2009:22:00:24 -0700] "GET /v502.html HTTP/1.1" 404 275 "http://www.semantic.hn/" "AppEngine-Google; (+http://code.google.com/appengine)" "www.templeos.org"
78.172.103.129 - - [09/May/2009:22:00:45 -0700] "GET / HTTP/1.1" 200 81188 "http://www.templeos.org/" "Mozilla/4.0 (compatible; MSIE 6.0; Windows NT 5.1)" "www.templeos.org"
93.112.232.80 - - [09/May/2009:22:06:24 -0700] "GET /TempleOSCD.ISO HTTP/1.0" 200 4708352 "-" "Mozilla/5.0 (compatible; Yahoo! Slurp/3.0; http://help.yahoo.com/help/us/ysearch/slurp)" "www.templeos.org"
106.236.2.26 - - [09/May/2009:22:06:40 -0700] "GET / HTTP/1.1" 200 81188 "http://www.templeos.org/" "Mozilla/4.0 (compatible; MSIE 6.0; Windows NT 5.1)" "www.templeos.org"
106.236.2.26 - - [09/May/2009:22:11:58 -0700] "GET / HTTP/1.1" 200 81188 "http://www.templeos.org/" "Mozilla/4.0 (compatible; MSIE 6.0; Windows NT 5.1)" "www.templeos.org"
72.221.177.204 - - [09/May/2009:22:13:10 -0700] "GET /files/TempleOSCD.ISO HTTP/1.1" 200 262144 "-" "Mozilla/4.0 (compatible; MSIE 7.0; Windows NT 6.0; WOW64; SU 3.21; SLCC1; .NET CLR 2.0.50727; .NET CLR 3.0.04506; Media Center PC 5.0)" "www.templeos.org"
72.221.177.204 - - [09/May/2009:22:13:25 -0700] "GET / HTTP/1.1" 200 81188 "-" "Mozilla/4.0 (compatible; MSIE 7.0; Windows NT 6.0; WOW64; SU 3.21; SLCC1; .NET CLR 2.0.50727; .NET CLR 3.0.04506; Media Center PC 5.0)" "www.templeos.org"
72.221.177.204 - - [09/May/2009:22:13:25 -0700] "GET /images/Header.JPG HTTP/1.1" 200 2982 "http://www.templeos.org/" "Mozilla/4.0 (compatible; MSIE 7.0; Windows NT 6.0; WOW64; SU 3.21; SLCC1; .NET CLR 2.0.50727; .NET CLR 3.0.04506; Media Center PC 5.0)" "www.templeos.org"
72.221.177.204 - - [09/May/2009:22:13:30 -0700] "GET /TempleOSCD.ISO HTTP/1.1" 200 262144 "http://www.templeos.org/" "Mozilla/4.0 (compatible; MSIE 7.0; Windows NT 6.0; WOW64; SU 3.21; SLCC1; .NET CLR 2.0.50727; .NET CLR 3.0.04506; Media Center PC 5.0)" "www.templeos.org"
72.221.177.204 - - [09/May/2009:22:13:31 -0700] "GET /media/Demo1.wmv HTTP/1.1" 200 2031616 "-" "NSPlayer/11.00.6001.7001 WMFSDK/11.00.6001.7001" "www.templeos.org"
93.246.78.205 - - [09/May/2009:22:15:33 -0700] "GET / HTTP/1.1" 200 81223 "http://www.google.com/search?hl=en&q=64-bit+open+source" "Mozilla/4.0 (compatible; MSIE 8.0; Windows NT 6.1; WOW64; Trident/4.0; SLCC2; .NET CLR 2.0.50727; .NET CLR 3.5.30729; .NET CLR 3.0.30729; Media Center PC 6.0)" "www.templeos.org"
93.246.78.205 - - [09/May/2009:22:15:36 -0700] "GET /images/Header.JPG HTTP/1.1" 200 2982 "http://www.templeos.org/" "Mozilla/4.0 (compatible; MSIE 8.0; Windows NT 6.1; WOW64; Trident/4.0; SLCC2; .NET CLR 2.0.50727; .NET CLR 3.5.30729; .NET CLR 3.0.30729; Media Center PC 6.0)" "www.templeos.org"
93.246.78.205 - - [09/May/2009:22:15:39 -0700] "GET /media/Demo1.wmv HTTP/1.1" 200 131072 "-" "contype" "www.templeos.org"
93.246.78.205 - - [09/May/2009:22:15:47 -0700] "GET /favicon.ico HTTP/1.1" 404 275 "-" "Mozilla/4.0 (compatible; MSIE 8.0; Windows NT 6.1; WOW64; Trident/4.0; SLCC2; .NET CLR 2.0.50727; .NET CLR 3.5.30729; .NET CLR 3.0.30729; Media Center PC 6.0)" "www.templeos.org"
