19.191.175.74 - - [05/Jun/2017:02:26:46 -0700] "GET /Wb/Doc/DbgFunSeg.html HTTP/1.1" 404 89 "-" "Mozilla/5.0 (compatible; AhrefsBot/5.2; +http://ahrefs.com/robot/)" "www.templeos.org"
63.26.185.178 - - [05/Jun/2017:02:27:07 -0700] "GET / HTTP/1.1" 200 2171 "-" "Mozilla/5.0 (Macintosh; Intel Mac OS X 10_12_5) AppleWebKit/603.2.4 (KHTML, like Gecko) Version/10.1.1 Safari/603.2.4" "www.templeos.org"
250.37.222.251 - - [05/Jun/2017:02:27:22 -0700] "GET /robots.txt HTTP/1.1" 404 89 "-" "Wget/1.17.1 (linux-gnu)" "www.templeos.org"
250.37.222.251 - - [05/Jun/2017:02:27:22 -0700] "GET /files/ HTTP/1.1" 200 819 "-" "Wget/1.17.1 (linux-gnu)" "www.templeos.org"
250.37.222.251 - - [05/Jun/2017:02:27:22 -0700] "GET /files/?M=A HTTP/1.1" 200 819 "http://www.templeos.org/files/" "Wget/1.17.1 (linux-gnu)" "www.templeos.org"
250.37.222.251 - - [05/Jun/2017:02:27:22 -0700] "GET /files/?D=A HTTP/1.1" 200 819 "http://www.templeos.org/files/" "Wget/1.17.1 (linux-gnu)" "www.templeos.org"
250.37.222.251 - - [05/Jun/2017:02:27:22 -0700] "GET /files/TOS_Distro.ISO HTTP/1.1" 200 65536 "http://www.templeos.org/files/" "Wget/1.17.1 (linux-gnu)" "www.templeos.org"
250.37.222.251 - - [05/Jun/2017:02:27:22 -0700] "GET /files/TOS_Supplemental1.ISO.C HTTP/1.1" 200 65536 "http://www.templeos.org/files/" "Wget/1.17.1 (linux-gnu)" "www.templeos.org"
250.37.222.251 - - [05/Jun/2017:02:27:22 -0700] "GET /files/?N=A HTTP/1.1" 200 819 "http://www.templeos.org/files/?N=D" "Wget/1.17.1 (linux-gnu)" "www.templeos.org"
250.37.222.251 - - [05/Jun/2017:02:27:22 -0700] "GET /files/?M=D HTTP/1.1" 200 819 "http://www.templeos.org/files/?M=A" "Wget/1.17.1 (linux-gnu)" "www.templeos.org"
250.37.222.251 - - [05/Jun/2017:02:27:22 -0700] "GET /files/?S=D HTTP/1.1" 200 819 "http://www.templeos.org/files/?S=A" "Wget/1.17.1 (linux-gnu)" "www.templeos.org"
250.37.222.251 - - [05/Jun/2017:02:27:22 -0700] "GET /files/?D=D HTTP/1.1" 200 819 "http://www.templeos.org/files/?D=A" "Wget/1.17.1 (linux-gnu)" "www.templeos.org"
250.37.222.251 - - [05/Jun/2017:02:27:22 -0700] "GET /videos/ HTTP/1.1" 200 2600 "-" "Wget/1.17.1 (linux-gnu)" "www.templeos.org"
250.37.222.251 - - [05/Jun/2017:02:27:22 -0700] "GET /robots.txt HTTP/1.1" 404 89 "-" "Wget/1.17.1 (linux-gnu)" "www.templeos.org"
250.37.222.251 - - [05/Jun/2017:02:27:22 -0700] "GET /videos/?N=D HTTP/1.1" 200 2600 "http://www.templeos.org/videos/" "Wget/1.17.1 (linux-gnu)" "www.templeos.org"
250.37.222.251 - - [05/Jun/2017:02:27:22 -0700] "GET /videos/?M=A HTTP/1.1" 200 2600 "http://www.templeos.org/videos/" "Wget/1.17.1 (linux-gnu)" "www.templeos.org"
250.37.222.251 - - [05/Jun/2017:02:27:22 -0700] "GET /videos/?S=A HTTP/1.1" 200 2600 "http://www.templeos.org/videos/" "Wget/1.17.1 (linux-gnu)" "www.templeos.org"
250.37.222.251 - - [05/Jun/2017:02:27:22 -0700] "GET /videos/?D=A HTTP/1.1" 200 2600 "http://www.templeos.org/videos/" "Wget/1.17.1 (linux-gnu)" "www.templeos.org"
250.37.222.251 - - [05/Jun/2017:02:27:23 -0700] "GET /videos/001HereIAmLord.MP4 HTTP/1.1" 200 196608 "http://www.templeos.org/videos/" "Wget/1.17.1 (linux-gnu)" "www.templeos.org"
250.37.222.251 - - [05/Jun/2017:02:27:23 -0700] "GET /videos/002SinkCleaning.MP4 HTTP/1.1" 200 196608 "http://www.templeos.org/videos/" "Wget/1.17.1 (linux-gnu)" "www.templeos.org"
250.37.222.251 - - [05/Jun/2017:02:27:23 -0700] "GET /videos/004EvictSpaghetti.MP4 HTTP/1.1" 200 196608 "http://www.templeos.org/videos/" "Wget/1.17.1 (linux-gnu)" "www.templeos.org"
250.37.222.251 - - [05/Jun/2017:02:27:23 -0700] "GET /videos/005BugleBoy.MP4 HTTP/1.1" 200 196608 "http://www.templeos.org/videos/" "Wget/1.17.1 (linux-gnu)" "www.templeos.org"[0]
250.37.222.251 - - [05/Jun/2017:02:27:23 -0700] "GET /videos/006SpaghettiJew.MP4 HTTP/1.1" 200 196608 "http://www.templeos.org/videos/" "Wget/1.17.1 (linux-gnu)" "www.templeos.org"
250.37.222.251 - - [05/Jun/2017:02:27:23 -0700] "GET /videos/007SolidFoundation.MP4 HTTP/1.1" 200 196608 "http://www.templeos.org/videos/" "Wget/1.17.1 (linux-gnu)" "www.templeos.org"
250.37.222.251 - - [05/Jun/2017:02:27:23 -0700] "GET /videos/008GraciousSpoilage.MP4 HTTP/1.1" 200 196608 "http://www.templeos.org/videos/" "Wget/1.17.1 (linux-gnu)" "www.templeos.org"
250.37.222.251 - - [05/Jun/2017:02:27:23 -0700] "GET /videos/009SurprisedButterfly.MP4 HTTP/1.1" 200 131072 "http://www.templeos.org/videos/" "Wget/1.17.1 (linux-gnu)" "www.templeos.org"
250.37.222.251 - - [05/Jun/2017:02:27:23 -0700] "GET /videos/010TouchingBasis.MP4 HTTP/1.1" 200 196608 "http://www.templeos.org/videos/" "Wget/1.17.1 (linux-gnu)" "www.templeos.org"
250.37.222.251 - - [05/Jun/2017:02:27:23 -0700] "GET /videos/011GravelTriangle.MP4 HTTP/1.1" 200 196608 "http://www.templeos.org/videos/" "Wget/1.17.1 (linux-gnu)" "www.templeos.org"
250.37.222.251 - - [05/Jun/2017:02:27:23 -0700] "GET /videos/012Cinderella.MP4 HTTP/1.1" 200 196608 "http://www.templeos.org/videos/" "Wget/1.17.1 (linux-gnu)" "www.templeos.org"
250.37.222.251 - - [05/Jun/2017:02:27:23 -0700] "GET /videos/013RomanMeal.MP4 HTTP/1.1" 200 196608 "http://www.templeos.org/videos/" "Wget/1.17.1 (linux-gnu)" "www.templeos.org"
250.37.222.251 - - [05/Jun/2017:02:27:23 -0700] "GET /videos/014HalfMan.MP4 HTTP/1.1" 200 196608 "http://www.templeos.org/videos/" "Wget/1.17.1 (linux-gnu)" "www.templeos.org"
250.37.222.251 - - [05/Jun/2017:02:27:23 -0700] "GET /videos/?N=A HTTP/1.1" 200 2600 "http://www.templeos.org/videos/?N=D" "Wget/1.17.1 (linux-gnu)" "www.templeos.org"
250.37.222.251 - - [05/Jun/2017:02:27:23 -0700] "GET /videos/?M=D HTTP/1.1" 200 2600 "http://www.templeos.org/videos/?M=A" "Wget/1.17.1 (linux-gnu)" "www.templeos.org"
250.37.222.251 - - [05/Jun/2017:02:27:23 -0700] "GET /videos/?S=D HTTP/1.1" 200 2600 "http://www.templeos.org/videos/?S=A" "Wget/1.17.1 (linux-gnu)" "www.templeos.org"
250.37.222.251 - - [05/Jun/2017:02:27:23 -0700] "GET / HTTP/1.1" 200 2171 "-" "Wget/1.17.1 (linux-gnu)" "www.templeos.org"
250.37.222.251 - - [05/Jun/2017:02:27:23 -0700] "GET /robots.txt HTTP/1.1" 404 89 "-" "Wget/1.17.1 (linux-gnu)" "www.templeos.org"
250.37.222.251 - - [05/Jun/2017:02:27:23 -0700] "GET /main.JPG.html HTTP/1.1" 404 89 "http://www.templeos.org/" "Wget/1.17.1 (linux-gnu)" "www.templeos.org"[0]
250.37.222.251 - - [05/Jun/2017:02:27:23 -0700] "GET /files.1.html HTTP/1.1" 404 89 "http://www.templeos.org/" "Wget/1.17.1 (linux-gnu)" "www.templeos.org"
250.37.222.251 - - [05/Jun/2017:02:27:23 -0700] "GET /videos.1.html HTTP/1.1" 404 89 "http://www.templeos.org/" "Wget/1.17.1 (linux-gnu)" "www.templeos.org"
118.22.78.7 - - [05/Jun/2017:02:27:54 -0700] "GET /videos/014HalfMan.MP4 HTTP/1.1" 206 176485330 "http://www.templeos.org/videos/014HalfMan.MP4" "Mozilla/5.0 (Android 6.0.1; Mobile; rv:53.0) Gecko/53.0 Firefox/53.0" "www.templeos.org"
4.88.126.252 - - [05/Jun/2017:02:27:57 -0700] "GET / HTTP/1.1" 200 2171 "https://www.youtube.com/" "Mozilla/5.0 (Windows NT 6.3; Win64; x64) AppleWebKit/537.36 (KHTML, like Gecko) Chrome/58.0.3029.110 Safari/537.36" "www.templeos.org"
118.22.78.7 - - [05/Jun/2017:02:27:57 -0700] "GET /videos/014HalfMan.MP4 HTTP/1.1" 416 0 "http://www.templeos.org/videos/014HalfMan.MP4" "Mozilla/5.0 (Android 6.0.1; Mobile; rv:53.0) Gecko/53.0 Firefox/53.0" "www.templeos.org"
4.88.126.252 - - [05/Jun/2017:02:28:03 -0700] "GET /videos HTTP/1.1" 301 94 "http://www.templeos.org/" "Mozilla/5.0 (Windows NT 6.3; Win64; x64) AppleWebKit/537.36 (KHTML, like Gecko) Chrome/58.0.3029.110 Safari/537.36" "www.templeos.org"
4.88.126.252 - - [05/Jun/2017:02:28:03 -0700] "GET /videos/ HTTP/1.1" 200 2600 "http://www.templeos.org/" "Mozilla/5.0 (Windows NT 6.3; Win64; x64) AppleWebKit/537.36 (KHTML, like Gecko) Chrome/58.0.3029.110 Safari/537.36" "www.templeos.org"
19.45.100.120 - - [05/Jun/2017:02:28:26 -0700] "GET / HTTP/1.1" 200 2171 "https://en.wikipedia.org/" "Mozilla/5.0 (Windows NT 10.0; Win64; x64; rv:54.0) Gecko/20100101 Firefox/54.0" "www.templeos.org"
28.199.163.240 - - [05/Jun/2017:02:29:03 -0700] "GET / HTTP/1.1" 200 2171 "https://en.wikipedia.org/" "Mozilla/5.0 (Windows NT 6.1; Win64; x64) AppleWebKit/537.36 (KHTML, like Gecko) Chrome/58.0.3029.110 Safari/537.36" "www.templeos.org"
56.111.42.213 - - [05/Jun/2017:02:29:31 -0700] "GET / HTTP/1.1" 200 2171 "-" "Mozilla/5.0 (Android 6.0.1; Mobile; rv:53.0) Gecko/53.0 Firefox/53.0" "www.templeos.org"
96.220.70.60 - - [05/Jun/2017:02:29:32 -0700] "GET /Family4_99/part4/Alc38-18.jpg HTTP/1.1" 404 89 "-" "Mozilla/5.0 (compatible; AhrefsBot/5.2; +http://ahrefs.com/robot/)" "www.templeos.org"
56.111.42.213 - - [05/Jun/2017:02:29:43 -0700] "GET /files HTTP/1.1" 301 93 "http://www.templeos.org/" "Mozilla/5.0 (Android 6.0.1; Mobile; rv:53.0) Gecko/53.0 Firefox/53.0" "www.templeos.org"
56.111.42.213 - - [05/Jun/2017:02:29:43 -0700] "GET /files/ HTTP/1.1" 200 819 "http://www.templeos.org/" "Mozilla/5.0 (Android 6.0.1; Mobile; rv:53.0) Gecko/53.0 Firefox/53.0" "www.templeos.org"
56.111.42.213 - - [05/Jun/2017:02:29:53 -0700] "GET /Wb/Doc/Install.html HTTP/1.1" 404 89 "-" "Mozilla/5.0 (Android 6.0.1; Mobile; rv:53.0) Gecko/53.0 Firefox/53.0" "www.templeos.org"
124.241.66.48 - - [05/Jun/2017:02:29:58 -0700] "GET /Wb/Misc/PCIDevices.html HTTP/1.1" 404 89 "http://www.bing.com/" "Mozilla/5.0 (Macintosh; Intel Mac OS X 10_8) AppleWebKit/536.25 (KHTML, like Gecko) Version/6.0 Safari/536.25" "www.templeos.org"
96.220.209.165 - - [05/Jun/2017:02:30:23 -0700] "GET /Family4_99/part4/Alc33-24.jpg HTTP/1.1" 404 89 "-" "Mozilla/5.0 (compatible; AhrefsBot/5.2; +http://ahrefs.com/robot/)" "www.templeos.org"[0]
82.107.179.239 - - [05/Jun/2017:02:30:26 -0700] "GET /Wb/Apps/Span/?S=D HTTP/1.1" 404 89 "-" "Mozilla/5.0 (compatible; Yahoo! Slurp; http://help.yahoo.com/help/us/ysearch/slurp)" "www.templeos.org"
139.43.83.11 - - [05/Jun/2017:02:30:42 -0700] "GET / HTTP/1.1" 200 2171 "-" "Mozilla/5.0 (Macintosh; Intel Mac OS X 10_12_4) AppleWebKit/603.1.30 (KHTML, like Gecko) Version/10.1 Safari/603.1.30" "www.templeos.org"
96.220.209.0 - - [05/Jun/2017:02:30:53 -0700] "GET /Family4_99/part4/Alc41-08.jpg HTTP/1.1" 404 89 "-" "Mozilla/5.0 (compatible; AhrefsBot/5.2; +http://ahrefs.com/robot/)" "www.templeos.org"
96.220.209.218 - - [05/Jun/2017:02:30:58 -0700] "GET /Wb/Doc/RedSea.html HTTP/1.1" 404 89 "-" "Mozilla/5.0 (compatible; AhrefsBot/5.2; +http://ahrefs.com/robot/)" "www.templeos.org"
92.235.184.246 - - [05/Jun/2017:02:31:01 -0700] "GET /videos/001HereIAmLord.MP4 HTTP/1.1" 200 75333258 "http://www.templeos.org/videos/" "Mozilla/5.0 (X11; Linux x86_64) AppleWebKit/537.36 (KHTML, like Gecko) Chrome/58.0.3029.110 Safari/537.36" "www.templeos.org"
234.179.223.240 - - [05/Jun/2017:02:31:25 -0700] "GET /Family4_99/part4/Alc34-18.jpg HTTP/1.1" 404 89 "-" "Mozilla/5.0 (compatible; AhrefsBot/5.2; +http://ahrefs.com/robot/)" "www.templeos.org"
4.88.126.252 - - [05/Jun/2017:02:31:28 -0700] "GET /videos/014HalfMan.MP4 HTTP/1.1" 200 176550866 "http://www.templeos.org/videos/" "Mozilla/5.0 (Windows NT 6.3; Win64; x64) AppleWebKit/537.36 (KHTML, like Gecko) Chrome/58.0.3029.110 Safari/537.36" "www.templeos.org"
37.105.101.129 - - [05/Jun/2017:02:31:33 -0700] "GET / HTTP/1.1" 200 2171 "-" "Mozilla/5.0 (Windows NT 10.0; Win64; x64) AppleWebKit/537.36 (KHTML, like Gecko) Chrome/58.0.3029.110 Safari/537.36" "www.templeos.org"
19.45.100.120 - - [05/Jun/2017:02:31:45 -0700] "GET /Wb/Doc/BlkChain.html HTTP/1.1" 404 89 "https://www.reddit.com/domain/templeos.org/" "Mozilla/5.0 (Windows NT 10.0; Win64; x64; rv:54.0) Gecko/20100101 Firefox/54.0" "www.templeos.org"
250.108.98.88 - - [05/Jun/2017:02:31:45 -0700] "GET /Wb/Demo/PhoneNumWords.html HTTP/1.1" 404 89 "-" "Mozilla/5.0 (compatible; bingbot/2.0; +http://www.bing.com/bingbot.htm)" "www.templeos.org"
242.113.104.183 - - [05/Jun/2017:02:31:45 -0700] "GET /wp-login.php HTTP/1.1" 200 73 "-" "Mozilla/5.0 (Windows NT 6.1; WOW64; rv:40.0) Gecko/20100101 Firefox/40.1" "www.templeos.org"
242.113.104.183 - - [05/Jun/2017:02:31:45 -0700] "GET / HTTP/1.1" 200 2171 "-" "Mozilla/5.0 (Windows NT 6.1; WOW64; rv:40.0) Gecko/20100101 Firefox/40.1" "www.templeos.org"
250.108.98.88 - - [05/Jun/2017:02:31:46 -0700] "GET /Wb/Home/Books1/August.html HTTP/1.1" 404 89 "-" "Mozilla/5.0 (compatible; bingbot/2.0; +http://www.bing.com/bingbot.htm)" "www.templeos.org"
235.112.115.237 - - [05/Jun/2017:02:31:48 -0700] "GET / HTTP/1.1" 200 2171 "https://duckduckgo.com/" "Mozilla/5.0 (Windows NT 6.1; WOW64; rv:53.0) Gecko/20100101 Firefox/53.0" "templeos.org"
19.45.100.120 - - [05/Jun/2017:02:31:52 -0700] "GET /TempleOS.html HTTP/1.1" 404 89 "https://www.reddit.com/domain/templeos.org/" "Mozilla/5.0 (Windows NT 10.0; Win64; x64; rv:54.0) Gecko/20100101 Firefox/54.0" "www.templeos.org"
111.12.93.4 - - [05/Jun/2017:02:31:53 -0700] "GET /robots.txt HTTP/1.1" 404 89 "-" "Mozilla/5.0 (compatible; DotBot/1.1; http://www.opensiteexplorer.org/dotbot, help@moz.com)" "www.templeos.org"
82.17.15.41 - - [05/Jun/2017:02:31:54 -0700] "GET /videos/004EvictSpaghetti.MP4 HTTP/1.1" 200 446548639 "http://www.templeos.org/videos/" "Wget/1.16 (linux-gnueabihf)" "www.templeos.org"
37.105.101.129 - - [05/Jun/2017:02:31:54 -0700] "GET /files HTTP/1.1" 301 93 "http://www.templeos.org/" "Mozilla/5.0 (Windows NT 10.0; Win64; x64) AppleWebKit/537.36 (KHTML, like Gecko) Chrome/58.0.3029.110 Safari/537.36" "www.templeos.org"
37.105.101.129 - - [05/Jun/2017:02:31:55 -0700] "GET /files/ HTTP/1.1" 200 819 "http://www.templeos.org/" "Mozilla/5.0 (Windows NT 10.0; Win64; x64) AppleWebKit/537.36 (KHTML, like Gecko) Chrome/58.0.3029.110 Safari/537.36" "www.templeos.org"
234.179.223.213 - - [05/Jun/2017:02:31:57 -0700] "GET /Wb/Demo/Graphics/LightTable.HC.Z HTTP/1.1" 404 89 "-" "Mozilla/5.0 (compatible; AhrefsBot/5.2; +http://ahrefs.com/robot/)" "www.templeos.org"[0]
37.105.101.129 - - [05/Jun/2017:02:32:01 -0700] "GET /files/TOS_Supplemental1.ISO.C HTTP/1.1" 200 2668875 "http://www.templeos.org/files/" "Mozilla/5.0 (Windows NT 10.0; Win64; x64) AppleWebKit/537.36 (KHTML, like Gecko) Chrome/58.0.3029.110 Safari/537.36" "www.templeos.org"
235.112.115.237 - - [05/Jun/2017:02:32:04 -0700] "GET /files HTTP/1.1" 301 93 "http://templeos.org/" "Mozilla/5.0 (Windows NT 6.1; WOW64; rv:53.0) Gecko/20100101 Firefox/53.0" "www.templeos.org"
235.112.115.237 - - [05/Jun/2017:02:32:04 -0700] "GET /files/ HTTP/1.1" 200 819 "http://templeos.org/" "Mozilla/5.0 (Windows NT 6.1; WOW64; rv:53.0) Gecko/20100101 Firefox/53.0" "www.templeos.org"
107.131.51.124 - - [05/Jun/2017:02:32:32 -0700] "GET /files/ HTTP/1.1" 200 819 "-" "facebookexternalhit/1.1 (+http://www.facebook.com/externalhit_uatext.php)" "www.templeos.org"
19.191.175.170 - - [05/Jun/2017:02:32:38 -0700] "GET /Family4_99/part4/Alc46-12.jpg HTTP/1.1" 404 89 "-" "Mozilla/5.0 (compatible; AhrefsBot/5.2; +http://ahrefs.com/robot/)" "www.templeos.org"[0]
114.137.144.113 - - [05/Jun/2017:02:33:00 -0700] "GET / HTTP/1.1" 200 2171 "-" "Mozilla/5.0 (Windows NT 10.0; Win64; x64) AppleWebKit/537.36 (KHTML, like Gecko) Chrome/58.0.3029.110 Safari/537.36" "www.templeos.org"
235.112.115.237 - - [05/Jun/2017:02:33:02 -0700] "GET /videos HTTP/1.1" 301 94 "http://templeos.org/" "Mozilla/5.0 (Windows NT 6.1; WOW64; rv:53.0) Gecko/20100101 Firefox/53.0" "www.templeos.org"
82.17.15.41 - - [05/Jun/2017:02:33:07 -0700] "GET /videos/005BugleBoy.MP4 HTTP/1.1" 200 90650254 "http://www.templeos.org/videos/" "Wget/1.16 (linux-gnueabihf)" "www.templeos.org"[72]
72.185.232.195 - - [05/Jun/2017:02:33:12 -0700] "GET /Wb/Home/Sup1/Sup1Comics/Moses086.DD.Z HTTP/1.1" 404 89 "-" "Mozilla/5.0 (compatible; AhrefsBot/5.2; +http://ahrefs.com/robot/)" "www.templeos.org"
41.254.79.83 - - [05/Jun/2017:02:33:16 -0700] "GET / HTTP/1.1" 200 2171 "https://duckduckgo.com/" "Mozilla/5.0 (Windows NT 10.0; Win64; x64) AppleWebKit/537.36 (KHTML, like Gecko) Chrome/58.0.3029.110 Safari/537.36" "templeos.org"
235.112.115.237 - - [05/Jun/2017:02:33:18 -0700] "GET /files/ HTTP/1.1" 200 819 "http://templeos.org/" "Mozilla/5.0 (Windows NT 6.1; WOW64; rv:53.0) Gecko/20100101 Firefox/53.0" "www.templeos.org"
114.137.144.113 - - [05/Jun/2017:02:33:20 -0700] "GET /files HTTP/1.1" 301 93 "http://www.templeos.org/" "Mozilla/5.0 (Windows NT 10.0; Win64; x64) AppleWebKit/537.36 (KHTML, like Gecko) Chrome/58.0.3029.110 Safari/537.36" "www.templeos.org"
114.137.144.113 - - [05/Jun/2017:02:33:20 -0700] "GET /files/ HTTP/1.1" 200 819 "http://www.templeos.org/" "Mozilla/5.0 (Windows NT 10.0; Win64; x64) AppleWebKit/537.36 (KHTML, like Gecko) Chrome/58.0.3029.110 Safari/537.36" "www.templeos.org"
114.137.144.113 - - [05/Jun/2017:02:33:23 -0700] "GET /videos HTTP/1.1" 301 94 "http://www.templeos.org/" "Mozilla/5.0 (Windows NT 10.0; Win64; x64) AppleWebKit/537.36 (KHTML, like Gecko) Chrome/58.0.3029.110 Safari/537.36" "www.templeos.org"
114.137.144.113 - - [05/Jun/2017:02:33:23 -0700] "GET /videos/ HTTP/1.1" 200 2600 "http://www.templeos.org/" "Mozilla/5.0 (Windows NT 10.0; Win64; x64) AppleWebKit/537.36 (KHTML, like Gecko) Chrome/58.0.3029.110 Safari/537.36" "www.templeos.org"
96.220.209.154 - - [05/Jun/2017:02:33:27 -0700] "GET /Family2_78-86/part3/402-06.jpg HTTP/1.1" 404 89 "-" "Mozilla/5.0 (compatible; AhrefsBot/5.2; +http://ahrefs.com/robot/)" "templeos.org"
243.226.190.91 - - [05/Jun/2017:02:34:36 -0700] "GET /videos/004EvictSpaghetti.MP4 HTTP/1.1" 200 720896 "http://www.templeos.org/videos/" "Mozilla/5.0 (iPad; CPU OS 10_3_2 like Mac OS X) AppleWebKit/603.2.4 (KHTML, like Gecko) Version/10.0 Mobile/14F89 Safari/602.1" "www.templeos.org"
243.226.190.91 - - [05/Jun/2017:02:34:37 -0700] "GET /videos/004EvictSpaghetti.MP4 HTTP/1.1" 206 65536 "http://www.templeos.org/videos/004EvictSpaghetti.MP4" "Mozilla/5.0 (iPad; CPU OS 10_3_2 like Mac OS X) AppleWebKit/603.2.4 (KHTML, like Gecko) Version/10.0 Mobile/14F89 Safari/602.1" "www.templeos.org"
243.226.190.91 - - [05/Jun/2017:02:34:44 -0700] "GET / HTTP/1.1" 200 2171 "-" "Mozilla/5.0 (iPad; CPU OS 10_3_2 like Mac OS X) AppleWebKit/603.2.4 (KHTML, like Gecko) Version/10.0 Mobile/14F89 Safari/602.1" "www.templeos.org"
96.220.209.0 - - [05/Jun/2017:02:34:50 -0700] "GET /Family4_99/part4/Alc30-13.jpg HTTP/1.1" 404 89 "-" "Mozilla/5.0 (compatible; AhrefsBot/5.2; +http://ahrefs.com/robot/)" "www.templeos.org"
19.191.175.246 - - [05/Jun/2017:02:34:57 -0700] "GET /Family3_86-99/part2/536-20.jpg HTTP/1.1" 404 89 "-" "Mozilla/5.0 (compatible; AhrefsBot/5.2; +http://ahrefs.com/robot/)" "www.templeos.org"
234.179.223.213 - - [05/Jun/2017:02:35:33 -0700] "GET /Family2_78-86/part2/340-20.JPG HTTP/1.1" 404 89 "-" "Mozilla/5.0 (compatible; AhrefsBot/5.2; +http://ahrefs.com/robot/)" "templeos.org"
243.226.190.91 - - [05/Jun/2017:02:35:37 -0700] "GET /videos HTTP/1.1" 301 94 "http://www.templeos.org/" "Mozilla/5.0 (iPad; CPU OS 10_3_2 like Mac OS X) AppleWebKit/603.2.4 (KHTML, like Gecko) Version/10.0 Mobile/14F89 Safari/602.1" "www.templeos.org"
243.226.190.91 - - [05/Jun/2017:02:35:37 -0700] "GET /videos/ HTTP/1.1" 200 2600 "http://www.templeos.org/" "Mozilla/5.0 (iPad; CPU OS 10_3_2 like Mac OS X) AppleWebKit/603.2.4 (KHTML, like Gecko) Version/10.0 Mobile/14F89 Safari/602.1" "www.templeos.org"
243.226.190.91 - - [05/Jun/2017:02:35:41 -0700] "GET /videos/014HalfMan.MP4 HTTP/1.1" 200 655360 "http://www.templeos.org/videos/" "Mozilla/5.0 (iPad; CPU OS 10_3_2 like Mac OS X) AppleWebKit/603.2.4 (KHTML, like Gecko) Version/10.0 Mobile/14F89 Safari/602.1" "www.templeos.org"
243.226.190.91 - - [05/Jun/2017:02:35:42 -0700] "GET /videos/014HalfMan.MP4 HTTP/1.1" 206 2 "http://www.templeos.org/videos/" "Mozilla/5.0 (iPad; CPU OS 10_3_2 like Mac OS X) AppleWebKit/603.2.4 (KHTML, like Gecko) Version/10.0 Mobile/14F89 Safari/602.1" "www.templeos.org"
147.223.83.14 - - [05/Jun/2017:02:35:42 -0700] "GET /videos/ HTTP/1.1" 200 2600 "http://www.templeos.org/" "Mozilla/5.0 (X11; Linux x86_64; rv:52.0) Gecko/20100101 Firefox/52.0" "www.templeos.org"
243.226.190.91 - - [05/Jun/2017:02:35:42 -0700] "GET /videos/014HalfMan.MP4 HTTP/1.1" 206 524288 "http://www.templeos.org/videos/" "Mozilla/5.0 (iPad; CPU OS 10_3_2 like Mac OS X) AppleWebKit/603.2.4 (KHTML, like Gecko) Version/10.0 Mobile/14F89 Safari/602.1" "www.templeos.org"
243.226.190.91 - - [05/Jun/2017:02:35:43 -0700] "GET /videos/014HalfMan.MP4 HTTP/1.1" 206 62418 "http://www.templeos.org/videos/" "Mozilla/5.0 (iPad; CPU OS 10_3_2 like Mac OS X) AppleWebKit/603.2.4 (KHTML, like Gecko) Version/10.0 Mobile/14F89 Safari/602.1" "www.templeos.org"
243.226.190.91 - - [05/Jun/2017:02:35:43 -0700] "GET /videos/014HalfMan.MP4 HTTP/1.1" 206 35320 "http://www.templeos.org/videos/" "Mozilla/5.0 (iPad; CPU OS 10_3_2 like Mac OS X) AppleWebKit/603.2.4 (KHTML, like Gecko) Version/10.0 Mobile/14F89 Safari/602.1" "www.templeos.org"
19.191.175.192 - - [05/Jun/2017:02:36:14 -0700] "GET /Family1_58-78/part4/174-09.jpg HTTP/1.1" 404 89 "-" "Mozilla/5.0 (compatible; AhrefsBot/5.2; +http://ahrefs.com/robot/)" "www.templeos.org"
250.37.222.251 - - [05/Jun/2017:02:37:24 -0700] "GET /files/ HTTP/1.1" 200 819 "-" "Wget/1.17.1 (linux-gnu)" "www.templeos.org"
250.37.222.251 - - [05/Jun/2017:02:37:24 -0700] "GET /robots.txt HTTP/1.1" 404 89 "-" "Wget/1.17.1 (linux-gnu)" "www.templeos.org"
250.37.222.251 - - [05/Jun/2017:02:37:24 -0700] "GET /files/?N=D HTTP/1.1" 200 819 "http://www.templeos.org/files/" "Wget/1.17.1 (linux-gnu)" "www.templeos.org"
250.37.222.251 - - [05/Jun/2017:02:37:24 -0700] "GET /files/?M=A HTTP/1.1" 200 819 "http://www.templeos.org/files/" "Wget/1.17.1 (linux-gnu)" "www.templeos.org"
250.37.222.251 - - [05/Jun/2017:02:37:24 -0700] "GET /files/?S=A HTTP/1.1" 200 819 "http://www.templeos.org/files/" "Wget/1.17.1 (linux-gnu)" "www.templeos.org"
250.37.222.251 - - [05/Jun/2017:02:37:24 -0700] "GET /files/?D=A HTTP/1.1" 200 819 "http://www.templeos.org/files/" "Wget/1.17.1 (linux-gnu)" "www.templeos.org"
250.37.222.251 - - [05/Jun/2017:02:37:24 -0700] "GET /files/TOS_Distro.ISO HTTP/1.1" 200 196608 "http://www.templeos.org/files/" "Wget/1.17.1 (linux-gnu)" "www.templeos.org"
250.37.222.251 - - [05/Jun/2017:02:37:24 -0700] "GET /files/?N=A HTTP/1.1" 200 819 "http://www.templeos.org/files/?N=D" "Wget/1.17.1 (linux-gnu)" "www.templeos.org"
250.37.222.251 - - [05/Jun/2017:02:37:24 -0700] "GET /files/?M=D HTTP/1.1" 200 819 "http://www.templeos.org/files/?M=A" "Wget/1.17.1 (linux-gnu)" "www.templeos.org"
250.37.222.251 - - [05/Jun/2017:02:37:24 -0700] "GET /robots.txt HTTP/1.1" 404 89 "-" "Wget/1.17.1 (linux-gnu)" "www.templeos.org"
250.37.222.251 - - [05/Jun/2017:02:37:24 -0700] "GET /videos/?N=D HTTP/1.1" 200 2600 "http://www.templeos.org/videos/" "Wget/1.17.1 (linux-gnu)" "www.templeos.org"
250.37.222.251 - - [05/Jun/2017:02:37:25 -0700] "GET /videos/?M=A HTTP/1.1" 200 2600 "http://www.templeos.org/videos/" "Wget/1.17.1 (linux-gnu)" "www.templeos.org"
250.37.222.251 - - [05/Jun/2017:02:37:25 -0700] "GET /videos/?S=A HTTP/1.1" 200 2600 "http://www.templeos.org/videos/" "Wget/1.17.1 (linux-gnu)" "www.templeos.org"
250.37.222.251 - - [05/Jun/2017:02:37:25 -0700] "GET /videos/?D=A HTTP/1.1" 200 2600 "http://www.templeos.org/videos/" "Wget/1.17.1 (linux-gnu)" "www.templeos.org"
250.37.222.251 - - [05/Jun/2017:02:37:25 -0700] "GET /videos/002SinkCleaning.MP4 HTTP/1.1" 200 196608 "http://www.templeos.org/videos/" "Wget/1.17.1 (linux-gnu)" "www.templeos.org"
250.37.222.251 - - [05/Jun/2017:02:37:25 -0700] "GET /videos/005BugleBoy.MP4 HTTP/1.1" 200 196608 "http://www.templeos.org/videos/" "Wget/1.17.1 (linux-gnu)" "www.templeos.org"
250.37.222.251 - - [05/Jun/2017:02:37:25 -0700] "GET /videos/006SpaghettiJew.MP4 HTTP/1.1" 200 196608 "http://www.templeos.org/videos/" "Wget/1.17.1 (linux-gnu)" "www.templeos.org"
250.37.222.251 - - [05/Jun/2017:02:37:25 -0700] "GET /videos/007SolidFoundation.MP4 HTTP/1.1" 200 196608 "http://www.templeos.org/videos/" "Wget/1.17.1 (linux-gnu)" "www.templeos.org"
250.37.222.251 - - [05/Jun/2017:02:37:25 -0700] "GET /videos/008GraciousSpoilage.MP4 HTTP/1.1" 200 196608 "http://www.templeos.org/videos/" "Wget/1.17.1 (linux-gnu)" "www.templeos.org"
250.37.222.251 - - [05/Jun/2017:02:37:25 -0700] "GET /videos/009SurprisedButterfly.MP4 HTTP/1.1" 200 196608 "http://www.templeos.org/videos/" "Wget/1.17.1 (linux-gnu)" "www.templeos.org"
250.37.222.251 - - [05/Jun/2017:02:37:25 -0700] "GET /videos/010TouchingBasis.MP4 HTTP/1.1" 200 196608 "http://www.templeos.org/videos/" "Wget/1.17.1 (linux-gnu)" "www.templeos.org"
250.37.222.251 - - [05/Jun/2017:02:37:25 -0700] "GET /videos/011GravelTriangle.MP4 HTTP/1.1" 200 196608 "http://www.templeos.org/videos/" "Wget/1.17.1 (linux-gnu)" "www.templeos.org"
250.37.222.251 - - [05/Jun/2017:02:37:25 -0700] "GET /videos/012Cinderella.MP4 HTTP/1.1" 200 196608 "http://www.templeos.org/videos/" "Wget/1.17.1 (linux-gnu)" "www.templeos.org"
250.37.222.251 - - [05/Jun/2017:02:37:25 -0700] "GET /videos/013RomanMeal.MP4 HTTP/1.1" 200 196608 "http://www.templeos.org/videos/" "Wget/1.17.1 (linux-gnu)" "www.templeos.org"
250.37.222.251 - - [05/Jun/2017:02:37:25 -0700] "GET /videos/014HalfMan.MP4 HTTP/1.1" 200 196608 "http://www.templeos.org/videos/" "Wget/1.17.1 (linux-gnu)" "www.templeos.org"
250.37.222.251 - - [05/Jun/2017:02:37:25 -0700] "GET /videos/?N=A HTTP/1.1" 200 2600 "http://www.templeos.org/videos/?N=D" "Wget/1.17.1 (linux-gnu)" "www.templeos.org"
250.37.222.251 - - [05/Jun/2017:02:37:25 -0700] "GET /videos/?M=D HTTP/1.1" 200 2600 "http://www.templeos.org/videos/?M=A" "Wget/1.17.1 (linux-gnu)" "www.templeos.org"
250.37.222.251 - - [05/Jun/2017:02:37:25 -0700] "GET /videos/?S=D HTTP/1.1" 200 2600 "http://www.templeos.org/videos/?S=A" "Wget/1.17.1 (linux-gnu)" "www.templeos.org"
250.37.222.251 - - [05/Jun/2017:02:37:25 -0700] "GET /videos/?D=D HTTP/1.1" 200 2600 "http://www.templeos.org/videos/?D=A" "Wget/1.17.1 (linux-gnu)" "www.templeos.org"
250.37.222.251 - - [05/Jun/2017:02:37:26 -0700] "GET / HTTP/1.1" 200 2171 "-" "Wget/1.17.1 (linux-gnu)" "www.templeos.org"
250.37.222.251 - - [05/Jun/2017:02:37:26 -0700] "GET /robots.txt HTTP/1.1" 404 89 "-" "Wget/1.17.1 (linux-gnu)" "www.templeos.org"
250.37.222.251 - - [05/Jun/2017:02:37:26 -0700] "GET /main.JPG.html HTTP/1.1" 404 89 "http://www.templeos.org/" "Wget/1.17.1 (linux-gnu)" "www.templeos.org"
250.37.222.251 - - [05/Jun/2017:02:37:26 -0700] "GET /files.1.html HTTP/1.1" 404 89 "http://www.templeos.org/" "Wget/1.17.1 (linux-gnu)" "www.templeos.org"[0]
234.179.223.131 - - [05/Jun/2017:02:37:48 -0700] "GET /Family3_86-99/PART2/521-18.jpg HTTP/1.1" 404 89 "-" "Mozilla/5.0 (compatible; AhrefsBot/5.2; +http://ahrefs.com/robot/)" "templeos.org"
234.179.223.75 - - [05/Jun/2017:02:37:52 -0700] "GET /Wb/Home/Downloads/Comics/Moses15.html HTTP/1.1" 404 89 "-" "Mozilla/5.0 (compatible; AhrefsBot/5.2; +http://ahrefs.com/robot/)" "www.templeos.org"
251.65.127.248 - - [05/Jun/2017:02:38:18 -0700] "GET /files/ HTTP/1.1" 200 819 "http://m.facebook.com/" "Mozilla/5.0 (Linux; Android 6.0; LG-H812 Build/MRA58K; wv) AppleWebKit/537.36 (KHTML, like Gecko) Version/4.0 Chrome/58.0.3029.83 Mobile Safari/537.36 [FB_IAB/MESSENGER;FBAV/120.0.0.14.84;]" "www.templeos.org"
44.56.200.237 - - [05/Jun/2017:02:38:33 -0700] "GET /videos/SoldierTrim.MP4 HTTP/1.1" 404 89 "-" "Mozilla/5.0 (Windows NT 10.0; Win64; x64) AppleWebKit/537.36 (KHTML, like Gecko) Chrome/58.0.3029.110 Safari/537.36" "www.templeos.org"
44.56.200.237 - - [05/Jun/2017:02:38:46 -0700] "GET /videos/EvictSpaghetti.MP4 HTTP/1.1" 404 89 "http://boards.4chan.org/" "Mozilla/5.0 (Windows NT 10.0; Win64; x64) AppleWebKit/537.36 (KHTML, like Gecko) Chrome/58.0.3029.110 Safari/537.36" "www.templeos.org"
72.185.57.226 - - [05/Jun/2017:02:38:50 -0700] "GET /Family3_86-99/PART5/Alb25-14a.jpg HTTP/1.1" 404 89 "-" "Mozilla/5.0 (compatible; AhrefsBot/5.2; +http://ahrefs.com/robot/)" "templeos.org"
0.183.255.244 - - [05/Jun/2017:02:38:51 -0700] "GET /videos/2017June/170602/BirdFlock.MP4 HTTP/1.1" 404 89 "-" "Mozilla/5.0 (Windows NT 6.1; WOW64) SkypeUriPreview Preview/0.5" "www.templeos.org"
243.226.190.91 - - [05/Jun/2017:02:38:55 -0700] "GET /videos/014HalfMan.MP4 HTTP/1.1" 206 6684672 "http://www.templeos.org/videos/" "Mozilla/5.0 (iPad; CPU OS 10_3_2 like Mac OS X) AppleWebKit/603.2.4 (KHTML, like Gecko) Version/10.0 Mobile/14F89 Safari/602.1" "www.templeos.org"
243.226.190.91 - - [05/Jun/2017:02:39:08 -0700] "GET /videos/014HalfMan.MP4 HTTP/1.1" 206 5963776 "http://www.templeos.org/videos/" "Mozilla/5.0 (iPad; CPU OS 10_3_2 like Mac OS X) AppleWebKit/603.2.4 (KHTML, like Gecko) Version/10.0 Mobile/14F89 Safari/602.1" "www.templeos.org"
243.226.190.91 - - [05/Jun/2017:02:39:21 -0700] "GET /videos/014HalfMan.MP4 HTTP/1.1" 206 5505024 "http://www.templeos.org/videos/" "Mozilla/5.0 (iPad; CPU OS 10_3_2 like Mac OS X) AppleWebKit/603.2.4 (KHTML, like Gecko) Version/10.0 Mobile/14F89 Safari/602.1" "www.templeos.org"
243.226.190.91 - - [05/Jun/2017:02:39:25 -0700] "GET /videos/014HalfMan.MP4 HTTP/1.1" 206 5439488 "http://www.templeos.org/videos/" "Mozilla/5.0 (iPad; CPU OS 10_3_2 like Mac OS X) AppleWebKit/603.2.4 (KHTML, like Gecko) Version/10.0 Mobile/14F89 Safari/602.1" "www.templeos.org"
111.12.93.4 - - [05/Jun/2017:02:39:30 -0700] "GET /Family3_86-99/part1/501-13.jpg HTTP/1.1" 404 89 "-" "Mozilla/5.0 (compatible; DotBot/1.1; http://www.opensiteexplorer.org/dotbot, help@moz.com)" "www.templeos.org"
243.226.190.91 - - [05/Jun/2017:02:39:31 -0700] "GET /videos/014HalfMan.MP4 HTTP/1.1" 206 89044275 "http://www.templeos.org/videos/" "Mozilla/5.0 (iPad; CPU OS 10_3_2 like Mac OS X) AppleWebKit/603.2.4 (KHTML, like Gecko) Version/10.0 Mobile/14F89 Safari/602.1" "www.templeos.org"
243.226.190.91 - - [05/Jun/2017:02:39:31 -0700] "GET /videos/014HalfMan.MP4 HTTP/1.1" 206 5046272 "http://www.templeos.org/videos/" "Mozilla/5.0 (iPad; CPU OS 10_3_2 like Mac OS X) AppleWebKit/603.2.4 (KHTML, like Gecko) Version/10.0 Mobile/14F89 Safari/602.1" "www.templeos.org"
19.191.175.211 - - [05/Jun/2017:02:39:34 -0700] "GET /Family2_78-86/part4/416-17.jpg HTTP/1.1" 404 89 "-" "Mozilla/5.0 (compatible; AhrefsBot/5.2; +http://ahrefs.com/robot/)" "templeos.org"
243.226.190.91 - - [05/Jun/2017:02:39:41 -0700] "GET /videos/014HalfMan.MP4 HTTP/1.1" 206 5493223 "http://www.templeos.org/videos/" "Mozilla/5.0 (iPad; CPU OS 10_3_2 like Mac OS X) AppleWebKit/603.2.4 (KHTML, like Gecko) Version/10.0 Mobile/14F89 Safari/602.1" "www.templeos.org"
243.226.190.91 - - [05/Jun/2017:02:39:42 -0700] "GET /videos/014HalfMan.MP4 HTTP/1.1" 206 5373952 "http://www.templeos.org/videos/" "Mozilla/5.0 (iPad; CPU OS 10_3_2 like Mac OS X) AppleWebKit/603.2.4 (KHTML, like Gecko) Version/10.0 Mobile/14F89 Safari/602.1" "www.templeos.org"
93.230.126.79 - - [05/Jun/2017:02:39:53 -0700] "GET /wp-login.php HTTP/1.1" 200 73 "-" "Mozilla/5.0 (Windows NT 6.1; WOW64; rv:40.0) Gecko/20100101 Firefox/40.1" "www.templeos.org"
93.230.126.79 - - [05/Jun/2017:02:39:53 -0700] "GET / HTTP/1.1" 200 2171 "-" "Mozilla/5.0 (Windows NT 6.1; WOW64; rv:40.0) Gecko/20100101 Firefox/40.1" "www.templeos.org"
62.120.59.115 - - [05/Jun/2017:02:39:56 -0700] "GET /videos/2017June/170602/BirdFlock.MP4 HTTP/1.1" 404 89 "-" "Mozilla/5.0 (Windows NT 6.1; WOW64) SkypeUriPreview Preview/0.5" "www.templeos.org"
82.17.15.41 - - [05/Jun/2017:02:40:02 -0700] "GET /videos/008GraciousSpoilage.MP4 HTTP/1.1" 200 338069478 "http://www.templeos.org/videos/" "Wget/1.16 (linux-gnueabihf)" "www.templeos.org"
121.210.192.7 - - [05/Jun/2017:02:40:07 -0700] "GET /Wb/Home/Web/TAD/DailyBlog.html HTTP/1.1" 404 89 "-" "Mozilla/5.0 (X11; Ubuntu; Linux i686; rv:53.0) Gecko/20100101 Firefox/53.0" "www.templeos.org"
243.226.190.91 - - [05/Jun/2017:02:40:17 -0700] "GET /videos/014HalfMan.MP4 HTTP/1.1" 206 4325376 "http://www.templeos.org/videos/" "Mozilla/5.0 (iPad; CPU OS 10_3_2 like Mac OS X) AppleWebKit/603.2.4 (KHTML, like Gecko) Version/10.0 Mobile/14F89 Safari/602.1" "www.templeos.org"
243.226.190.91 - - [05/Jun/2017:02:40:29 -0700] "GET /videos/014HalfMan.MP4 HTTP/1.1" 206 5898240 "http://www.templeos.org/videos/" "Mozilla/5.0 (iPad; CPU OS 10_3_2 like Mac OS X) AppleWebKit/603.2.4 (KHTML, like Gecko) Version/10.0 Mobile/14F89 Safari/602.1" "www.templeos.org"
243.226.190.91 - - [05/Jun/2017:02:40:35 -0700] "GET /videos/014HalfMan.MP4 HTTP/1.1" 206 5439488 "http://www.templeos.org/videos/" "Mozilla/5.0 (iPad; CPU OS 10_3_2 like Mac OS X) AppleWebKit/603.2.4 (KHTML, like Gecko) Version/10.0 Mobile/14F89 Safari/602.1" "www.templeos.org"
243.226.190.91 - - [05/Jun/2017:02:40:41 -0700] "GET /videos/014HalfMan.MP4 HTTP/1.1" 206 5701632 "http://www.templeos.org/videos/" "Mozilla/5.0 (iPad; CPU OS 10_3_2 like Mac OS X) AppleWebKit/603.2.4 (KHTML, like Gecko) Version/10.0 Mobile/14F89 Safari/602.1" "www.templeos.org"
243.226.190.91 - - [05/Jun/2017:02:40:52 -0700] "GET /videos/014HalfMan.MP4 HTTP/1.1" 206 5439488 "http://www.templeos.org/videos/" "Mozilla/5.0 (iPad; CPU OS 10_3_2 like Mac OS X) AppleWebKit/603.2.4 (KHTML, like Gecko) Version/10.0 Mobile/14F89 Safari/602.1" "www.templeos.org"
243.226.190.91 - - [05/Jun/2017:02:41:03 -0700] "GET /videos/014HalfMan.MP4 HTTP/1.1" 206 5373952 "http://www.templeos.org/videos/" "Mozilla/5.0 (iPad; CPU OS 10_3_2 like Mac OS X) AppleWebKit/603.2.4 (KHTML, like Gecko) Version/10.0 Mobile/14F89 Safari/602.1" "www.templeos.org"
218.36.50.53 - - [05/Jun/2017:02:41:14 -0700] "GET / HTTP/1.1" 200 2171 "https://www.google.es/" "Mozilla/5.0 (X11; Ubuntu; Linux x86_64; rv:53.0) Gecko/20100101 Firefox/53.0" "www.templeos.org"
82.17.15.41 - - [05/Jun/2017:02:41:15 -0700] "GET /videos/009SurprisedButterfly.MP4 HTTP/1.1" 200 87212191 "http://www.templeos.org/videos/" "Wget/1.16 (linux-gnueabihf)" "www.templeos.org"
243.226.190.91 - - [05/Jun/2017:02:41:17 -0700] "GET /videos/014HalfMan.MP4 HTTP/1.1" 206 5942102 "http://www.templeos.org/videos/" "Mozilla/5.0 (iPad; CPU OS 10_3_2 like Mac OS X) AppleWebKit/603.2.4 (KHTML, like Gecko) Version/10.0 Mobile/14F89 Safari/602.1" "www.templeos.org"
218.36.50.53 - - [05/Jun/2017:02:41:32 -0700] "GET /files HTTP/1.1" 301 93 "http://www.templeos.org/" "Mozilla/5.0 (X11; Ubuntu; Linux x86_64; rv:53.0) Gecko/20100101 Firefox/53.0" "www.templeos.org"
218.36.50.53 - - [05/Jun/2017:02:41:32 -0700] "GET /files/ HTTP/1.1" 200 819 "http://www.templeos.org/" "Mozilla/5.0 (X11; Ubuntu; Linux x86_64; rv:53.0) Gecko/20100101 Firefox/53.0" "www.templeos.org"
218.36.50.53 - - [05/Jun/2017:02:41:34 -0700] "GET /videos HTTP/1.1" 301 94 "http://www.templeos.org/" "Mozilla/5.0 (X11; Ubuntu; Linux x86_64; rv:53.0) Gecko/20100101 Firefox/53.0" "www.templeos.org"
218.36.50.53 - - [05/Jun/2017:02:41:34 -0700] "GET /videos/ HTTP/1.1" 200 2600 "http://www.templeos.org/" "Mozilla/5.0 (X11; Ubuntu; Linux x86_64; rv:53.0) Gecko/20100101 Firefox/53.0" "www.templeos.org"
243.226.190.91 - - [05/Jun/2017:02:41:38 -0700] "GET /videos/014HalfMan.MP4 HTTP/1.1" 206 3735552 "http://www.templeos.org/videos/" "Mozilla/5.0 (iPad; CPU OS 10_3_2 like Mac OS X) AppleWebKit/603.2.4 (KHTML, like Gecko) Version/10.0 Mobile/14F89 Safari/602.1" "www.templeos.org"
243.226.190.91 - - [05/Jun/2017:02:41:45 -0700] "GET /videos/014HalfMan.MP4 HTTP/1.1" 206 5439488 "http://www.templeos.org/videos/" "Mozilla/5.0 (iPad; CPU OS 10_3_2 like Mac OS X) AppleWebKit/603.2.4 (KHTML, like Gecko) Version/10.0 Mobile/14F89 Safari/602.1" "www.templeos.org"[38]
114.189.191.124 - - [05/Jun/2017:02:42:20 -0700] "GET / HTTP/1.1" 200 2171 "-" "Mozilla/5.0 (Linux; Android 7.1.2; Pixel Build/NHG47L) AppleWebKit/537.36 (KHTML, like Gecko) Chrome/58.0.3029.83 Mobile Safari/537.36" "templeos.org"
19.191.175.96 - - [05/Jun/2017:02:42:30 -0700] "GET /Family3_86-99/PART4/605-25.jpg HTTP/1.1" 404 89 "-" "Mozilla/5.0 (compatible; AhrefsBot/5.2; +http://ahrefs.com/robot/)" "templeos.org"
240.128.113.244 - - [05/Jun/2017:02:42:30 -0700] "GET / HTTP/1.1" 200 2171 "https://www.google.co.il/" "Mozilla/5.0 (Windows NT 10.0; Win64; x64) AppleWebKit/537.36 (KHTML, like Gecko) Chrome/58.0.3029.110 Safari/537.36" "www.templeos.org"
243.226.190.91 - - [05/Jun/2017:02:42:33 -0700] "GET /videos/014HalfMan.MP4 HTTP/1.1" 206 8305238 "http://www.templeos.org/videos/" "Mozilla/5.0 (iPad; CPU OS 10_3_2 like Mac OS X) AppleWebKit/603.2.4 (KHTML, like Gecko) Version/10.0 Mobile/14F89 Safari/602.1" "www.templeos.org"
114.189.191.124 - - [05/Jun/2017:02:42:37 -0700] "GET /files/ HTTP/1.1" 200 819 "http://templeos.org/" "Mozilla/5.0 (Linux; Android 7.1.2; Pixel Build/NHG47L) AppleWebKit/537.36 (KHTML, like Gecko) Chrome/58.0.3029.83 Mobile Safari/537.36" "www.templeos.org"
114.189.191.124 - - [05/Jun/2017:02:42:41 -0700] "GET /videos/ HTTP/1.1" 200 2600 "http://templeos.org/" "Mozilla/5.0 (Linux; Android 7.1.2; Pixel Build/NHG47L) AppleWebKit/537.36 (KHTML, like Gecko) Chrome/58.0.3029.83 Mobile Safari/537.36" "www.templeos.org"
240.128.113.244 - - [05/Jun/2017:02:42:44 -0700] "GET /videos HTTP/1.1" 301 94 "http://www.templeos.org/" "Mozilla/5.0 (Windows NT 10.0; Win64; x64) AppleWebKit/537.36 (KHTML, like Gecko) Chrome/58.0.3029.110 Safari/537.36" "www.templeos.org"
240.128.113.244 - - [05/Jun/2017:02:42:44 -0700] "GET /videos/ HTTP/1.1" 200 2600 "http://www.templeos.org/" "Mozilla/5.0 (Windows NT 10.0; Win64; x64) AppleWebKit/537.36 (KHTML, like Gecko) Chrome/58.0.3029.110 Safari/537.36" "www.templeos.org"
243.226.190.91 - - [05/Jun/2017:02:43:08 -0700] "GET /videos/014HalfMan.MP4 HTTP/1.1" 206 5416479 "http://www.templeos.org/videos/" "Mozilla/5.0 (iPad; CPU OS 10_3_2 like Mac OS X) AppleWebKit/603.2.4 (KHTML, like Gecko) Version/10.0 Mobile/14F89 Safari/602.1" "www.templeos.org"
19.191.175.110 - - [05/Jun/2017:02:43:11 -0700] "GET /Wb/Adam/AMem.HC.Z HTTP/1.1" 404 89 "-" "Mozilla/5.0 (compatible; AhrefsBot/5.2; +http://ahrefs.com/robot/)" "www.templeos.org"
234.179.223.46 - - [05/Jun/2017:02:43:35 -0700] "GET /Family1_58-78/part3/116-09.jpg HTTP/1.1" 404 89 "-" "Mozilla/5.0 (compatible; AhrefsBot/5.2; +http://ahrefs.com/robot/)" "templeos.org"
222.162.72.243 - - [05/Jun/2017:02:44:04 -0700] "GET / HTTP/1.1" 200 2171 "http://templeos.org/" "Pcore-HTTP/v0.25.0" "templeos.org"
19.45.100.120 - - [05/Jun/2017:02:44:10 -0700] "GET /Wb/Doc/HolyC.html HTTP/1.1" 404 89 "https://duckduckgo.com/" "Mozilla/5.0 (Windows NT 10.0; Win64; x64; rv:54.0) Gecko/20100101 Firefox/54.0" "www.templeos.org"
114.137.144.113 - - [05/Jun/2017:02:44:48 -0700] "GET /videos/ HTTP/1.1" 200 2600 "http://www.templeos.org/" "Mozilla/5.0 (Windows NT 10.0; Win64; x64) AppleWebKit/537.36 (KHTML, like Gecko) Chrome/58.0.3029.110 Safari/537.36" "www.templeos.org"
114.137.144.113 - - [05/Jun/2017:02:45:03 -0700] "GET / HTTP/1.1" 200 2171 "http://www.templeos.org/files/" "Mozilla/5.0 (Windows NT 10.0; Win64; x64; rv:52.0) Gecko/20100101 Firefox/52.0" "www.templeos.org"
93.246.254.13 - - [05/Jun/2017:02:45:13 -0700] "GET /Family3_86-99/?N=D HTTP/1.1" 404 89 "-" "Mozilla/5.0 (compatible; Baiduspider/2.0; +http://www.baidu.com/search/spider.html)" "templeos.org"
234.179.223.83 - - [05/Jun/2017:02:45:24 -0700] "GET /Family1_58-78/part1/030-16.jpg HTTP/1.1" 404 89 "-" "Mozilla/5.0 (compatible; AhrefsBot/5.2; +http://ahrefs.com/robot/)" "www.templeos.org"
82.17.15.41 - - [05/Jun/2017:02:45:42 -0700] "GET /videos/010TouchingBasis.MP4 HTTP/1.1" 200 314744399 "http://www.templeos.org/videos/" "Wget/1.16 (linux-gnueabihf)" "www.templeos.org"
250.37.222.251 - - [05/Jun/2017:02:47:27 -0700] "GET /files/?N=D HTTP/1.1" 200 819 "http://www.templeos.org/files/" "Wget/1.17.1 (linux-gnu)" "www.templeos.org"
250.37.222.251 - - [05/Jun/2017:02:47:27 -0700] "GET /files/?M=A HTTP/1.1" 200 819 "http://www.templeos.org/files/" "Wget/1.17.1 (linux-gnu)" "www.templeos.org"
250.37.222.251 - - [05/Jun/2017:02:47:27 -0700] "GET /files/?S=A HTTP/1.1" 200 819 "http://www.templeos.org/files/" "Wget/1.17.1 (linux-gnu)" "www.templeos.org"
250.37.222.251 - - [05/Jun/2017:02:47:27 -0700] "GET /files/?D=A HTTP/1.1" 200 819 "http://www.templeos.org/files/" "Wget/1.17.1 (linux-gnu)" "www.templeos.org"
250.37.222.251 - - [05/Jun/2017:02:47:27 -0700] "GET /files/?M=D HTTP/1.1" 200 819 "http://www.templeos.org/files/?M=A" "Wget/1.17.1 (linux-gnu)" "www.templeos.org"
250.37.222.251 - - [05/Jun/2017:02:47:27 -0700] "GET /videos/ HTTP/1.1" 200 2600 "-" "Wget/1.17.1 (linux-gnu)" "www.templeos.org"
250.37.222.251 - - [05/Jun/2017:02:47:27 -0700] "GET /robots.txt HTTP/1.1" 404 89 "-" "Wget/1.17.1 (linux-gnu)" "www.templeos.org"
250.37.222.251 - - [05/Jun/2017:02:47:28 -0700] "GET /videos/?M=A HTTP/1.1" 200 2600 "http://www.templeos.org/videos/" "Wget/1.17.1 (linux-gnu)" "www.templeos.org"
250.37.222.251 - - [05/Jun/2017:02:47:28 -0700] "GET /videos/?D=A HTTP/1.1" 200 2600 "http://www.templeos.org/videos/" "Wget/1.17.1 (linux-gnu)" "www.templeos.org"
250.37.222.251 - - [05/Jun/2017:02:47:28 -0700] "GET /videos/001HereIAmLord.MP4 HTTP/1.1" 200 196608 "http://www.templeos.org/videos/" "Wget/1.17.1 (linux-gnu)" "www.templeos.org"
250.37.222.251 - - [05/Jun/2017:02:47:28 -0700] "GET /videos/002SinkCleaning.MP4 HTTP/1.1" 200 196608 "http://www.templeos.org/videos/" "Wget/1.17.1 (linux-gnu)" "www.templeos.org"
250.37.222.251 - - [05/Jun/2017:02:47:28 -0700] "GET /videos/004EvictSpaghetti.MP4 HTTP/1.1" 200 196608 "http://www.templeos.org/videos/" "Wget/1.17.1 (linux-gnu)" "www.templeos.org"
250.37.222.251 - - [05/Jun/2017:02:47:28 -0700] "GET /videos/006SpaghettiJew.MP4 HTTP/1.1" 200 196608 "http://www.templeos.org/videos/" "Wget/1.17.1 (linux-gnu)" "www.templeos.org"
250.37.222.251 - - [05/Jun/2017:02:47:28 -0700] "GET /videos/008GraciousSpoilage.MP4 HTTP/1.1" 200 196608 "http://www.templeos.org/videos/" "Wget/1.17.1 (linux-gnu)" "www.templeos.org"
250.37.222.251 - - [05/Jun/2017:02:47:28 -0700] "GET /videos/011GravelTriangle.MP4 HTTP/1.1" 200 196608 "http://www.templeos.org/videos/" "Wget/1.17.1 (linux-gnu)" "www.templeos.org"
250.37.222.251 - - [05/Jun/2017:02:47:28 -0700] "GET /videos/013RomanMeal.MP4 HTTP/1.1" 200 196608 "http://www.templeos.org/videos/" "Wget/1.17.1 (linux-gnu)" "www.templeos.org"
250.37.222.251 - - [05/Jun/2017:02:47:28 -0700] "GET /videos/?M=D HTTP/1.1" 200 2600 "http://www.templeos.org/videos/?M=A" "Wget/1.17.1 (linux-gnu)" "www.templeos.org"
250.37.222.251 - - [05/Jun/2017:02:47:28 -0700] "GET /videos/?D=D HTTP/1.1" 200 2600 "http://www.templeos.org/videos/?D=A" "Wget/1.17.1 (linux-gnu)" "www.templeos.org"
250.37.222.251 - - [05/Jun/2017:02:47:29 -0700] "GET / HTTP/1.1" 200 2171 "-" "Wget/1.17.1 (linux-gnu)" "www.templeos.org"
250.37.222.251 - - [05/Jun/2017:02:47:29 -0700] "GET /robots.txt HTTP/1.1" 404 89 "-" "Wget/1.17.1 (linux-gnu)" "www.templeos.org"
250.37.222.251 - - [05/Jun/2017:02:47:29 -0700] "GET /main.JPG.html HTTP/1.1" 404 89 "http://www.templeos.org/" "Wget/1.17.1 (linux-gnu)" "www.templeos.org"
234.179.223.143 - - [05/Jun/2017:02:47:33 -0700] "GET /Family4_99/part4/Alc33-11.jpg HTTP/1.1" 404 89 "-" "Mozilla/5.0 (compatible; AhrefsBot/5.2; +http://ahrefs.com/robot/)" "www.templeos.org"
37.157.174.233 - - [05/Jun/2017:02:48:18 -0700] "GET /Wb/Home/Web/DownloadOS.html HTTP/1.1" 404 89 "https://www.reddit.com/r/linuxmasterrace/comments/6et5pf/ubuntu_vs_archlinux/" "Mozilla/5.0 (Windows NT 6.1; Win64; x64; rv:53.0) Gecko/20100101 Firefox/53.0" "www.templeos.org"
31.228.196.27 - - [05/Jun/2017:02:48:33 -0700] "GET /videos HTTP/1.1" 301 94 "http://templeos.org/" "Mozilla/5.0 (iPhone; CPU iPhone OS 10_2 like Mac OS X) AppleWebKit/602.3.12 (KHTML, like Gecko) Version/10.0 Mobile/14C92 Safari/602.1" "www.templeos.org"
31.228.196.27 - - [05/Jun/2017:02:48:34 -0700] "GET /videos/ HTTP/1.1" 200 2600 "http://templeos.org/" "Mozilla/5.0 (iPhone; CPU iPhone OS 10_2 like Mac OS X) AppleWebKit/602.3.12 (KHTML, like Gecko) Version/10.0 Mobile/14C92 Safari/602.1" "www.templeos.org"
63.115.230.131 - - [05/Jun/2017:02:48:42 -0700] "GET / HTTP/1.1" 200 2171 "https://www.google.pt/" "Mozilla/5.0 (Macintosh; Intel Mac OS X 10.12; rv:53.0) Gecko/20100101 Firefox/53.0" "www.templeos.org"
96.220.70.8 - - [05/Jun/2017:02:48:52 -0700] "GET /files/History/041017/HOPPY/KERNEL/ASM/BOOTFD.ASM HTTP/1.1" 404 89 "-" "Mozilla/5.0 (compatible; AhrefsBot/5.2; +http://ahrefs.com/robot/)" "www.templeos.org"
44.64.69.75 - - [05/Jun/2017:02:49:02 -0700] "GET /Wb/Misc/PCIDevices.html HTTP/1.1" 404 89 "-" "-" "www.templeos.org"[0]
37.157.174.233 - - [05/Jun/2017:02:49:26 -0700] "GET / HTTP/1.1" 200 2171 "-" "Mozilla/5.0 (Windows NT 6.1; Win64; x64; rv:53.0) Gecko/20100101 Firefox/53.0" "www.templeos.org"
37.157.174.233 - - [05/Jun/2017:02:49:40 -0700] "GET /files/ HTTP/1.1" 200 819 "http://www.templeos.org/" "Mozilla/5.0 (Windows NT 6.1; Win64; x64; rv:53.0) Gecko/20100101 Firefox/53.0" "www.templeos.org"
31.188.39.104 - - [05/Jun/2017:02:49:44 -0700] "GET /videos/?M=A HTTP/1.1" 200 2600 "-" "Mozilla/5.0 (Windows NT 10.0; Win64; x64) AppleWebKit/537.36 (KHTML, like Gecko) Chrome/58.0.3029.110 Safari/537.36" "templeos.org"
76.194.233.225 - - [05/Jun/2017:02:49:49 -0700] "GET /main.JPG HTTP/1.1" 200 160491 "http://templeos.org/" "Mozilla/5.0 (X11; Ubuntu; Linux x86_64; rv:53.0) Gecko/20100101 Firefox/53.0" "templeos.org"
92.218.89.222 - - [05/Jun/2017:02:50:40 -0700] "GET /videos HTTP/1.1" 301 94 "http://templeos.org/" "Mozilla/5.0 (X11; Ubuntu; Linux x86_64; rv:53.0) Gecko/20100101 Firefox/53.0" "www.templeos.org"
92.218.89.222 - - [05/Jun/2017:02:50:47 -0700] "GET /videos/014HalfMan.MP4 HTTP/1.1" 206 160722 "http://www.templeos.org/videos/014HalfMan.MP4" "Mozilla/5.0 (X11; Ubuntu; Linux x86_64; rv:53.0) Gecko/20100101 Firefox/53.0" "www.templeos.org"
92.218.89.222 - - [05/Jun/2017:02:50:48 -0700] "GET /videos/014HalfMan.MP4 HTTP/1.1" 206 160722 "http://www.templeos.org/videos/014HalfMan.MP4" "Mozilla/5.0 (X11; Ubuntu; Linux x86_64; rv:53.0) Gecko/20100101 Firefox/53.0" "www.templeos.org"
92.218.89.222 - - [05/Jun/2017:02:50:48 -0700] "GET /videos/014HalfMan.MP4 HTTP/1.1" 206 524288 "http://www.templeos.org/videos/014HalfMan.MP4" "Mozilla/5.0 (X11; Ubuntu; Linux x86_64; rv:53.0) Gecko/20100101 Firefox/53.0" "www.templeos.org"[1]
92.218.89.222 - - [05/Jun/2017:02:50:49 -0700] "GET /videos/014HalfMan.MP4 HTTP/1.1" 206 160722 "http://www.templeos.org/videos/014HalfMan.MP4" "Mozilla/5.0 (X11; Ubuntu; Linux x86_64; rv:53.0) Gecko/20100101 Firefox/53.0" "www.templeos.org"
92.218.89.222 - - [05/Jun/2017:02:50:49 -0700] "GET /videos/014HalfMan.MP4 HTTP/1.1" 206 589824 "http://www.templeos.org/videos/014HalfMan.MP4" "Mozilla/5.0 (X11; Ubuntu; Linux x86_64; rv:53.0) Gecko/20100101 Firefox/53.0" "www.templeos.org"
96.220.70.198 - - [05/Jun/2017:02:50:50 -0700] "GET /Family1_58-78/part5/188-04.jpg HTTP/1.1" 404 89 "-" "Mozilla/5.0 (compatible; AhrefsBot/5.2; +http://ahrefs.com/robot/)" "templeos.org"
92.218.89.222 - - [05/Jun/2017:02:50:54 -0700] "GET /videos/014HalfMan.MP4 HTTP/1.1" 206 524288 "http://www.templeos.org/videos/014HalfMan.MP4" "Mozilla/5.0 (X11; Ubuntu; Linux x86_64; rv:53.0) Gecko/20100101 Firefox/53.0" "www.templeos.org"[1]
92.218.89.222 - - [05/Jun/2017:02:51:20 -0700] "GET /videos/014HalfMan.MP4 HTTP/1.1" 206 2686976 "http://www.templeos.org/videos/014HalfMan.MP4" "Mozilla/5.0 (X11; Ubuntu; Linux x86_64; rv:53.0) Gecko/20100101 Firefox/53.0" "www.templeos.org"
82.17.15.41 - - [05/Jun/2017:02:51:32 -0700] "GET /videos/011GravelTriangle.MP4 HTTP/1.1" 200 312760328 "http://www.templeos.org/videos/" "Wget/1.16 (linux-gnueabihf)" "www.templeos.org"
14.34.0.149 - - [05/Jun/2017:02:52:03 -0700] "GET /wp-login.php HTTP/1.1" 200 73 "-" "Mozilla/5.0 (Windows NT 6.1; WOW64; rv:40.0) Gecko/20100101 Firefox/40.1" "templeos.org"
14.34.0.149 - - [05/Jun/2017:02:52:03 -0700] "GET / HTTP/1.1" 200 2171 "-" "Mozilla/5.0 (Windows NT 6.1; WOW64; rv:40.0) Gecko/20100101 Firefox/40.1" "templeos.org"
0.183.255.244 - - [05/Jun/2017:02:52:34 -0700] "GET /videos/2017June/170601/PureBoy.MP4 HTTP/1.1" 404 89 "-" "Mozilla/5.0 (Windows NT 6.1; WOW64) SkypeUriPreview Preview/0.5" "templeos.org"
0.183.255.244 - - [05/Jun/2017:02:52:34 -0700] "GET /videos/2017June/170602/BirdFlock.MP4 HTTP/1.1" 404 89 "-" "Mozilla/5.0 (Windows NT 6.1; WOW64) SkypeUriPreview Preview/0.5" "www.templeos.org"
19.191.175.94 - - [05/Jun/2017:02:52:46 -0700] "GET /files/History/060720/lt/accounts/?M=A HTTP/1.1" 404 89 "-" "Mozilla/5.0 (compatible; AhrefsBot/5.2; +http://ahrefs.com/robot/)" "www.templeos.org"
234.179.223.3 - - [05/Jun/2017:02:52:56 -0700] "GET /Family4_99/part4/Alc38-09.jpg HTTP/1.1" 404 89 "-" "Mozilla/5.0 (compatible; AhrefsBot/5.2; +http://ahrefs.com/robot/)" "www.templeos.org"
19.45.100.120 - - [05/Jun/2017:02:53:06 -0700] "GET / HTTP/1.1" 200 2171 "https://duckduckgo.com/" "Mozilla/5.0 (Windows NT 10.0; Win64; x64; rv:54.0) Gecko/20100101 Firefox/54.0" "templeos.org"
19.45.100.120 - - [05/Jun/2017:02:53:09 -0700] "GET /videos/ HTTP/1.1" 200 2600 "http://templeos.org/" "Mozilla/5.0 (Windows NT 10.0; Win64; x64; rv:54.0) Gecko/20100101 Firefox/54.0" "www.templeos.org"
96.220.209.149 - - [05/Jun/2017:02:53:21 -0700] "GET /Family4_99/part4/Alc55-06.jpg HTTP/1.1" 404 89 "-" "Mozilla/5.0 (compatible; AhrefsBot/5.2; +http://ahrefs.com/robot/)" "www.templeos.org"
96.220.209.109 - - [05/Jun/2017:02:53:26 -0700] "GET /Wb/Home/Web/TAD/BlogDir/2017January/TAD170127.DD.Z HTTP/1.1" 404 89 "-" "Mozilla/5.0 (compatible; AhrefsBot/5.2; +http://ahrefs.com/robot/)" "www.templeos.org"
19.45.100.120 - - [05/Jun/2017:02:53:34 -0700] "GET /files/ HTTP/1.1" 200 819 "http://templeos.org/" "Mozilla/5.0 (Windows NT 10.0; Win64; x64; rv:54.0) Gecko/20100101 Firefox/54.0" "www.templeos.org"
19.45.100.120 - - [05/Jun/2017:02:53:55 -0700] "GET /files/TOS_Distro.ISO HTTP/1.1" 200 16936960 "http://www.templeos.org/files/" "Mozilla/5.0 (Windows NT 10.0; Win64; x64; rv:54.0) Gecko/20100101 Firefox/54.0" "www.templeos.org"[12]
234.179.223.94 - - [05/Jun/2017:02:54:19 -0700] "GET /Family3_86-99/PART1/496-13.jpg HTTP/1.1" 404 89 "-" "Mozilla/5.0 (compatible; AhrefsBot/5.2; +http://ahrefs.com/robot/)" "www.templeos.org"
2.113.100.125 - - [05/Jun/2017:02:54:22 -0700] "GET /wp-login.php HTTP/1.1" 200 73 "-" "Mozilla/5.0 (Windows NT 6.1; WOW64; rv:40.0) Gecko/20100101 Firefox/40.1" "www.templeos.org"
