47.105.230.89 - - [05/Jun/2017:01:00:00 -0700] "GET /Wb/Home/Web/TAD/DailyBlog.html HTTP/1.1" 404 89 "-" "Wget/1.19 (freebsd11.0)" "www.templeos.org"
47.87.74.3 - - [05/Jun/2017:01:00:01 -0700] "GET /Wb/Home/Wb2/TADRant.html HTTP/1.1" 404 89 "-" "curl/7.19.7 (x86_64-redhat-linux-gnu) libcurl/7.51.0-DEV NSS/3.21 Basic ECC zlib/1.2.3 libidn/1.18 libssh2/1.4.2 librtmp/2.3" "www.templeos.org"
116.218.129.13 - - [05/Jun/2017:01:00:07 -0700] "GET /videos/008GraciousSpoilage.MP4 HTTP/1.1" 206 589824 "http://www.templeos.org/videos/008GraciousSpoilage.MP4" "Mozilla/5.0 (X11; Linux x86_64; rv:43.0) Gecko/20100101 Firefox/43.0 SeaMonkey/2.40" "www.templeos.org"
228.139.132.231 - - [05/Jun/2017:01:00:13 -0700] "GET /videos/?N=A HTTP/1.1" 200 2600 "http://templeos.org/videos/?M=A" "Mozilla/5.0 (X11; Ubuntu; Linux x86_64; rv:53.0) Gecko/20100101 Firefox/53.0" "templeos.org"
96.220.209.149 - - [05/Jun/2017:01:00:45 -0700] "GET /Family4_99/part4/Alc44-13.jpg HTTP/1.1" 404 89 "-" "Mozilla/5.0 (compatible; AhrefsBot/5.2; +http://ahrefs.com/robot/)" "www.templeos.org"
116.218.129.13 - - [05/Jun/2017:01:00:58 -0700] "GET /videos/008GraciousSpoilage.MP4 HTTP/1.1" 206 337971174 "http://www.templeos.org/videos/008GraciousSpoilage.MP4" "Mozilla/5.0 (X11; Linux x86_64; rv:43.0) Gecko/20100101 Firefox/43.0 SeaMonkey/2.40" "www.templeos.org"
56.202.165.204 - - [05/Jun/2017:01:01:12 -0700] "GET /Wb/Home/Web/TAD/BlogDir/2017May/TAD170522.html HTTP/1.1" 404 89 "-" "Mozilla/5.0 (compatible; YandexBot/3.0; +http://yandex.com/bots)" "www.templeos.org"
215.159.195.139 - - [05/Jun/2017:01:01:24 -0700] "GET /Wb/Accts/TS/Wb2/TempleOS.html HTTP/1.1" 404 89 "-" "Iframely/1.0.3 (+http://iframely.com/;)" "www.templeos.org"
72.185.57.254 - - [05/Jun/2017:01:01:29 -0700] "GET /Family3_86-99/PART4/ALB15-28.JPG HTTP/1.1" 404 89 "-" "Mozilla/5.0 (compatible; AhrefsBot/5.2; +http://ahrefs.com/robot/)" "templeos.org"
56.202.165.108 - - [05/Jun/2017:01:01:34 -0700] "GET /Wb/Home/Web/TAD/BlogDir/2017February/TAD170212.html HTTP/1.1" 404 89 "-" "Mozilla/5.0 (compatible; YandexBot/3.0; +http://yandex.com/bots)" "www.templeos.org"[0]
222.47.101.103 - - [05/Jun/2017:01:01:42 -0700] "GET /images/Machine.jpg HTTP/1.1" 404 89 "-" "Mozilla/5.0 (Windows NT 6.1; Win64; x64) AppleWebKit/537.36 (KHTML, like Gecko) Chrome/58.0.3029.110 Safari/537.36" "templeos.org"
57.220.136.59 - - [05/Jun/2017:01:01:51 -0700] "GET /Wb/Home/Sup1/Sup1Games/AfterEgypt/Comics/ HTTP/1.1" 404 89 "-" "Mozilla/5.0 (compatible; YandexBot/3.0; +http://yandex.com/bots)" "www.templeos.org"
96.220.209.48 - - [05/Jun/2017:01:02:01 -0700] "GET /Wb/Home/Wb2/Files/Psalmody/josh.html HTTP/1.1" 404 89 "-" "Mozilla/5.0 (compatible; AhrefsBot/5.2; +http://ahrefs.com/robot/)" "www.templeos.org"
56.202.165.12 - - [05/Jun/2017:01:02:05 -0700] "GET /Wb/Home/TOS/TOSNIST.html HTTP/1.1" 404 89 "-" "Mozilla/5.0 (compatible; YandexBot/3.0; +http://yandex.com/bots)" "www.templeos.org"
82.164.255.40 - - [05/Jun/2017:01:02:16 -0700] "GET / HTTP/1.1" 200 2171 "-" "Mozilla/5.0 (X11; Ubuntu; Linux x86_64; rv:53.0) Gecko/20100101 Firefox/53.0" "www.templeos.org"
56.202.165.108 - - [05/Jun/2017:01:02:18 -0700] "GET /Wb/Home/Sup1/Sup1Distro/DbgMount.html HTTP/1.1" 404 89 "-" "Mozilla/5.0 (compatible; YandexBot/3.0; +http://yandex.com/bots)" "www.templeos.org"
4.53.163.163 - - [05/Jun/2017:01:02:21 -0700] "GET / HTTP/1.1" 200 2171 "https://www.google.de/" "Mozilla/5.0 (Windows NT 6.1; Win64; x64) AppleWebKit/537.36 (KHTML, like Gecko) Chrome/58.0.3029.110 Safari/537.36" "www.templeos.org"
234.179.223.231 - - [05/Jun/2017:01:02:26 -0700] "GET /Family3_86-99/PART3/565-07.jpg HTTP/1.1" 404 89 "-" "Mozilla/5.0 (compatible; AhrefsBot/5.2; +http://ahrefs.com/robot/)" "templeos.org"
56.202.165.12 - - [05/Jun/2017:01:02:35 -0700] "GET /Wb/Home/Sup1/Sup1Words/Ingredients.html HTTP/1.1" 404 89 "-" "Mozilla/5.0 (compatible; YandexBot/3.0; +http://yandex.com/bots)" "www.templeos.org"
173.135.141.148 - - [05/Jun/2017:01:02:36 -0700] "GET /Wb/Misc/PCIDevices.html HTTP/1.1" 404 89 "-" "-" "www.templeos.org"
4.53.163.163 - - [05/Jun/2017:01:02:46 -0700] "GET /files HTTP/1.1" 301 93 "http://www.templeos.org/" "Mozilla/5.0 (Windows NT 6.1; Win64; x64) AppleWebKit/537.36 (KHTML, like Gecko) Chrome/58.0.3029.110 Safari/537.36" "www.templeos.org"
4.53.163.163 - - [05/Jun/2017:01:02:50 -0700] "GET /videos HTTP/1.1" 301 94 "http://www.templeos.org/" "Mozilla/5.0 (Windows NT 6.1; Win64; x64) AppleWebKit/537.36 (KHTML, like Gecko) Chrome/58.0.3029.110 Safari/537.36" "www.templeos.org"
4.53.163.163 - - [05/Jun/2017:01:03:25 -0700] "GET /videos/001HereIAmLord.MP4 HTTP/1.1" 200 37683200 "http://www.templeos.org/videos/" "Mozilla/5.0 (Windows NT 6.1; Win64; x64) AppleWebKit/537.36 (KHTML, like Gecko) Chrome/58.0.3029.110 Safari/537.36" "www.templeos.org"
234.179.223.49 - - [05/Jun/2017:01:03:40 -0700] "GET /Family4_99/part4/Alc39-20.jpg HTTP/1.1" 404 89 "-" "Mozilla/5.0 (compatible; AhrefsBot/5.2; +http://ahrefs.com/robot/)" "www.templeos.org"
96.220.70.63 - - [05/Jun/2017:01:03:45 -0700] "GET /Wb/Kernel/BlkDev/DskCopy.HC.Z HTTP/1.1" 404 89 "-" "Mozilla/5.0 (compatible; AhrefsBot/5.2; +http://ahrefs.com/robot/)" "www.templeos.org"
176.1.132.207 - - [05/Jun/2017:01:04:26 -0700] "GET /robots.txt HTTP/1.1" 404 89 "-" "Twitterbot/1.0" "www.templeos.org"
176.1.132.207 - - [05/Jun/2017:01:04:26 -0700] "GET /Wb/Home/Web/TempleOS.html HTTP/1.1" 404 89 "-" "Twitterbot/1.0" "www.templeos.org"
138.133.149.247 - - [05/Jun/2017:01:04:34 -0700] "GET /wp-login.php HTTP/1.1" 200 73 "-" "Mozilla/5.0 (Windows NT 6.1; WOW64; rv:40.0) Gecko/20100101 Firefox/40.1" "www.templeos.org"
138.133.149.247 - - [05/Jun/2017:01:04:34 -0700] "GET / HTTP/1.1" 200 2171 "-" "Mozilla/5.0 (Windows NT 6.1; WOW64; rv:40.0) Gecko/20100101 Firefox/40.1" "www.templeos.org"
172.134.143.250 - - [05/Jun/2017:01:04:42 -0700] "GET / HTTP/1.1" 200 2171 "-" "Mediatoolkitbot (complaints@mediatoolkit.com)" "www.templeos.org"
114.137.144.113 - - [05/Jun/2017:01:04:43 -0700] "GET /videos/ HTTP/1.1" 200 2600 "http://www.templeos.org/" "Mozilla/5.0 (Windows NT 10.0; Win64; x64; rv:52.0) Gecko/20100101 Firefox/52.0" "www.templeos.org"
127.152.183.126 - - [05/Jun/2017:01:04:50 -0700] "GET / HTTP/1.1" 200 2171 "http://www.google.com/" "Mozilla/5.0 (Linux; Android 6.0.1; XT1254 Build/MCG24.251-5-5) AppleWebKit/537.36 (KHTML, like Gecko) Chrome/61.0.3118.0 Mobile Safari/537.36" "www.templeos.org"
255.111.57.2 - - [05/Jun/2017:01:04:57 -0700] "GET /wp-login.php HTTP/1.1" 200 73 "-" "Mozilla/5.0 (Windows NT 6.1; WOW64; rv:40.0) Gecko/20100101 Firefox/40.1" "www.templeos.org"
255.111.57.2 - - [05/Jun/2017:01:04:57 -0700] "GET / HTTP/1.1" 200 2171 "-" "Mozilla/5.0 (Windows NT 6.1; WOW64; rv:40.0) Gecko/20100101 Firefox/40.1" "www.templeos.org"
127.152.183.57 - - [05/Jun/2017:01:05:17 -0700] "GET /videos HTTP/1.1" 301 94 "http://www.templeos.org/" "Mozilla/5.0 (Linux; Android 6.0.1; XT1254 Build/MCG24.251-5-5) AppleWebKit/537.36 (KHTML, like Gecko) Chrome/61.0.3118.0 Mobile Safari/537.36" "www.templeos.org"
127.152.183.57 - - [05/Jun/2017:01:05:17 -0700] "GET /videos/ HTTP/1.1" 200 2600 "http://www.templeos.org/" "Mozilla/5.0 (Linux; Android 6.0.1; XT1254 Build/MCG24.251-5-5) AppleWebKit/537.36 (KHTML, like Gecko) Chrome/61.0.3118.0 Mobile Safari/537.36" "www.templeos.org"
116.75.124.68 - - [05/Jun/2017:01:06:28 -0700] "GET / HTTP/1.1" 200 2171 "-" "Mozilla/5.0 (Windows NT 6.1; Win64; x64) AppleWebKit/537.36 (KHTML, like Gecko) Chrome/60.0.3110.0 Safari/537.36" "templeos.org"
116.75.124.68 - - [05/Jun/2017:01:06:39 -0700] "GET /videos/ HTTP/1.1" 200 2600 "http://templeos.org/" "Mozilla/5.0 (Windows NT 6.1; Win64; x64) AppleWebKit/537.36 (KHTML, like Gecko) Chrome/60.0.3110.0 Safari/537.36" "www.templeos.org"
173.135.141.148 - - [05/Jun/2017:01:06:49 -0700] "GET /Wb/Misc/PCIDevices.html HTTP/1.1" 404 89 "-" "-" "www.templeos.org"
173.135.141.148 - - [05/Jun/2017:01:06:50 -0700] "GET /Wb/Misc/PCIDevices.html HTTP/1.1" 404 89 "-" "-" "www.templeos.org"
116.75.124.68 - - [05/Jun/2017:01:06:54 -0700] "GET /files HTTP/1.1" 301 93 "http://templeos.org/" "Mozilla/5.0 (Windows NT 6.1; Win64; x64) AppleWebKit/537.36 (KHTML, like Gecko) Chrome/60.0.3110.0 Safari/537.36" "www.templeos.org"
116.75.124.68 - - [05/Jun/2017:01:06:54 -0700] "GET /files/ HTTP/1.1" 200 819 "http://templeos.org/" "Mozilla/5.0 (Windows NT 6.1; Win64; x64) AppleWebKit/537.36 (KHTML, like Gecko) Chrome/60.0.3110.0 Safari/537.36" "www.templeos.org"
250.37.222.251 - - [05/Jun/2017:01:06:55 -0700] "GET /files/ HTTP/1.1" 200 819 "-" "Wget/1.17.1 (linux-gnu)" "www.templeos.org"
250.37.222.251 - - [05/Jun/2017:01:06:55 -0700] "GET /robots.txt HTTP/1.1" 404 89 "-" "Wget/1.17.1 (linux-gnu)" "www.templeos.org"
250.37.222.251 - - [05/Jun/2017:01:06:55 -0700] "GET /files/?N=D HTTP/1.1" 200 819 "http://www.templeos.org/files/" "Wget/1.17.1 (linux-gnu)" "www.templeos.org"
250.37.222.251 - - [05/Jun/2017:01:06:55 -0700] "GET /files/?M=A HTTP/1.1" 200 819 "http://www.templeos.org/files/" "Wget/1.17.1 (linux-gnu)" "www.templeos.org"
250.37.222.251 - - [05/Jun/2017:01:06:55 -0700] "GET /files/?S=A HTTP/1.1" 200 819 "http://www.templeos.org/files/" "Wget/1.17.1 (linux-gnu)" "www.templeos.org"
250.37.222.251 - - [05/Jun/2017:01:06:55 -0700] "GET /files/?D=A HTTP/1.1" 200 819 "http://www.templeos.org/files/" "Wget/1.17.1 (linux-gnu)" "www.templeos.org"
250.37.222.251 - - [05/Jun/2017:01:06:55 -0700] "GET /files/TOS_Distro.ISO HTTP/1.1" 200 65536 "http://www.templeos.org/files/" "Wget/1.17.1 (linux-gnu)" "www.templeos.org"[0]
250.37.222.251 - - [05/Jun/2017:01:06:55 -0700] "GET /files/TOS_Supplemental1.ISO.C HTTP/1.1" 200 65536 "http://www.templeos.org/files/" "Wget/1.17.1 (linux-gnu)" "www.templeos.org"
250.37.222.251 - - [05/Jun/2017:01:06:55 -0700] "GET /files/?N=A HTTP/1.1" 200 819 "http://www.templeos.org/files/?N=D" "Wget/1.17.1 (linux-gnu)" "www.templeos.org"
250.37.222.251 - - [05/Jun/2017:01:06:55 -0700] "GET /files/?M=D HTTP/1.1" 200 819 "http://www.templeos.org/files/?M=A" "Wget/1.17.1 (linux-gnu)" "www.templeos.org"
250.37.222.251 - - [05/Jun/2017:01:06:55 -0700] "GET /files/?S=D HTTP/1.1" 200 819 "http://www.templeos.org/files/?S=A" "Wget/1.17.1 (linux-gnu)" "www.templeos.org"
250.37.222.251 - - [05/Jun/2017:01:06:55 -0700] "GET /files/?D=D HTTP/1.1" 200 819 "http://www.templeos.org/files/?D=A" "Wget/1.17.1 (linux-gnu)" "www.templeos.org"
82.164.255.40 - - [05/Jun/2017:01:07:00 -0700] "GET / HTTP/1.1" 200 2171 "-" "Mozilla/5.0 (X11; Ubuntu; Linux x86_64; rv:53.0) Gecko/20100101 Firefox/53.0" "www.templeos.org"
250.37.222.251 - - [05/Jun/2017:01:07:01 -0700] "GET /videos/ HTTP/1.1" 200 2600 "-" "Wget/1.17.1 (linux-gnu)" "www.templeos.org"
250.37.222.251 - - [05/Jun/2017:01:07:01 -0700] "GET /robots.txt HTTP/1.1" 404 89 "-" "Wget/1.17.1 (linux-gnu)" "www.templeos.org"
250.37.222.251 - - [05/Jun/2017:01:07:01 -0700] "GET /videos/?N=D HTTP/1.1" 200 2600 "http://www.templeos.org/videos/" "Wget/1.17.1 (linux-gnu)" "www.templeos.org"
250.37.222.251 - - [05/Jun/2017:01:07:01 -0700] "GET /videos/?M=A HTTP/1.1" 200 2600 "http://www.templeos.org/videos/" "Wget/1.17.1 (linux-gnu)" "www.templeos.org"
250.37.222.251 - - [05/Jun/2017:01:07:01 -0700] "GET /videos/?S=A HTTP/1.1" 200 2600 "http://www.templeos.org/videos/" "Wget/1.17.1 (linux-gnu)" "www.templeos.org"
250.37.222.251 - - [05/Jun/2017:01:07:01 -0700] "GET /videos/?D=A HTTP/1.1" 200 2600 "http://www.templeos.org/videos/" "Wget/1.17.1 (linux-gnu)" "www.templeos.org"
250.37.222.251 - - [05/Jun/2017:01:07:01 -0700] "GET /videos/001HereIAmLord.MP4 HTTP/1.1" 200 196608 "http://www.templeos.org/videos/" "Wget/1.17.1 (linux-gnu)" "www.templeos.org"
250.37.222.251 - - [05/Jun/2017:01:07:01 -0700] "GET /videos/002SinkCleaning.MP4 HTTP/1.1" 200 196608 "http://www.templeos.org/videos/" "Wget/1.17.1 (linux-gnu)" "www.templeos.org"
250.37.222.251 - - [05/Jun/2017:01:07:01 -0700] "GET /videos/004EvictSpaghetti.MP4 HTTP/1.1" 200 196608 "http://www.templeos.org/videos/" "Wget/1.17.1 (linux-gnu)" "www.templeos.org"
250.37.222.251 - - [05/Jun/2017:01:07:01 -0700] "GET /videos/005BugleBoy.MP4 HTTP/1.1" 200 196608 "http://www.templeos.org/videos/" "Wget/1.17.1 (linux-gnu)" "www.templeos.org"
250.37.222.251 - - [05/Jun/2017:01:07:01 -0700] "GET /videos/006SpaghettiJew.MP4 HTTP/1.1" 200 196608 "http://www.templeos.org/videos/" "Wget/1.17.1 (linux-gnu)" "www.templeos.org"
250.37.222.251 - - [05/Jun/2017:01:07:01 -0700] "GET /videos/007SolidFoundation.MP4 HTTP/1.1" 200 131072 "http://www.templeos.org/videos/" "Wget/1.17.1 (linux-gnu)" "www.templeos.org"
250.37.222.251 - - [05/Jun/2017:01:07:01 -0700] "GET /videos/008GraciousSpoilage.MP4 HTTP/1.1" 200 196608 "http://www.templeos.org/videos/" "Wget/1.17.1 (linux-gnu)" "www.templeos.org"
250.37.222.251 - - [05/Jun/2017:01:07:01 -0700] "GET /videos/009SurprisedButterfly.MP4 HTTP/1.1" 200 196608 "http://www.templeos.org/videos/" "Wget/1.17.1 (linux-gnu)" "www.templeos.org"
250.37.222.251 - - [05/Jun/2017:01:07:01 -0700] "GET /videos/010TouchingBasis.MP4 HTTP/1.1" 200 196608 "http://www.templeos.org/videos/" "Wget/1.17.1 (linux-gnu)" "www.templeos.org"[0]
250.37.222.251 - - [05/Jun/2017:01:07:01 -0700] "GET /videos/011GravelTriangle.MP4 HTTP/1.1" 200 196608 "http://www.templeos.org/videos/" "Wget/1.17.1 (linux-gnu)" "www.templeos.org"
250.37.222.251 - - [05/Jun/2017:01:07:01 -0700] "GET /videos/012Cinderella.MP4 HTTP/1.1" 200 196608 "http://www.templeos.org/videos/" "Wget/1.17.1 (linux-gnu)" "www.templeos.org"
250.37.222.251 - - [05/Jun/2017:01:07:01 -0700] "GET /videos/013RomanMeal.MP4 HTTP/1.1" 200 196608 "http://www.templeos.org/videos/" "Wget/1.17.1 (linux-gnu)" "www.templeos.org"
250.37.222.251 - - [05/Jun/2017:01:07:01 -0700] "GET /videos/014HalfMan.MP4 HTTP/1.1" 200 196608 "http://www.templeos.org/videos/" "Wget/1.17.1 (linux-gnu)" "www.templeos.org"
250.37.222.251 - - [05/Jun/2017:01:07:01 -0700] "GET /videos/?N=A HTTP/1.1" 200 2600 "http://www.templeos.org/videos/?N=D" "Wget/1.17.1 (linux-gnu)" "www.templeos.org"
250.37.222.251 - - [05/Jun/2017:01:07:02 -0700] "GET /videos/?M=D HTTP/1.1" 200 2600 "http://www.templeos.org/videos/?M=A" "Wget/1.17.1 (linux-gnu)" "www.templeos.org"
250.37.222.251 - - [05/Jun/2017:01:07:02 -0700] "GET /videos/?S=D HTTP/1.1" 200 2600 "http://www.templeos.org/videos/?S=A" "Wget/1.17.1 (linux-gnu)" "www.templeos.org"
250.37.222.251 - - [05/Jun/2017:01:07:02 -0700] "GET /videos/?D=D HTTP/1.1" 200 2600 "http://www.templeos.org/videos/?D=A" "Wget/1.17.1 (linux-gnu)" "www.templeos.org"
250.37.222.251 - - [05/Jun/2017:01:07:04 -0700] "GET / HTTP/1.1" 200 2171 "-" "Wget/1.17.1 (linux-gnu)" "www.templeos.org"
250.37.222.251 - - [05/Jun/2017:01:07:04 -0700] "GET /robots.txt HTTP/1.1" 404 89 "-" "Wget/1.17.1 (linux-gnu)" "www.templeos.org"
250.37.222.251 - - [05/Jun/2017:01:07:04 -0700] "GET /main.JPG.html HTTP/1.1" 404 89 "http://www.templeos.org/" "Wget/1.17.1 (linux-gnu)" "www.templeos.org"[0]
250.37.222.251 - - [05/Jun/2017:01:07:04 -0700] "GET /files.1.html HTTP/1.1" 404 89 "http://www.templeos.org/" "Wget/1.17.1 (linux-gnu)" "www.templeos.org"
250.37.222.251 - - [05/Jun/2017:01:07:04 -0700] "GET /videos.1.html HTTP/1.1" 404 89 "http://www.templeos.org/" "Wget/1.17.1 (linux-gnu)" "www.templeos.org"
70.151.203.34 - - [05/Jun/2017:01:07:07 -0700] "GET /wp-login.php HTTP/1.1" 200 73 "-" "Mozilla/5.0 (Windows NT 6.1; WOW64; rv:40.0) Gecko/20100101 Firefox/40.1" "templeos.org"
70.151.203.34 - - [05/Jun/2017:01:07:07 -0700] "GET / HTTP/1.1" 200 2171 "-" "Mozilla/5.0 (Windows NT 6.1; WOW64; rv:40.0) Gecko/20100101 Firefox/40.1" "templeos.org"
234.179.223.20 - - [05/Jun/2017:01:07:10 -0700] "GET /Wb/Home/Sup1/Sup1Videos/?D=D HTTP/1.1" 404 89 "-" "Mozilla/5.0 (compatible; AhrefsBot/5.2; +http://ahrefs.com/robot/)" "www.templeos.org"
96.220.209.102 - - [05/Jun/2017:01:07:12 -0700] "GET /Family3_86-99/PART6/ALB55-10.JPG HTTP/1.1" 404 89 "-" "Mozilla/5.0 (compatible; AhrefsBot/5.2; +http://ahrefs.com/robot/)" "www.templeos.org"
116.75.124.68 - - [05/Jun/2017:01:07:38 -0700] "GET /videos/014HalfMan.MP4 HTTP/1.1" 200 176550866 "http://www.templeos.org/videos/" "Mozilla/5.0 (Windows NT 6.1; Win64; x64) AppleWebKit/537.36 (KHTML, like Gecko) Chrome/60.0.3110.0 Safari/537.36" "www.templeos.org"
234.179.223.241 - - [05/Jun/2017:01:07:44 -0700] "GET /Family3_86-99/PART5/ALB39-10.JPG HTTP/1.1" 404 89 "-" "Mozilla/5.0 (compatible; AhrefsBot/5.2; +http://ahrefs.com/robot/)" "templeos.org"
159.119.129.69 - - [05/Jun/2017:01:07:47 -0700] "GET /Wb/Doc/HolyC.html HTTP/1.1" 404 89 "https://www.google.ru/" "Mozilla/5.0 (X11; Linux x86_64; rv:53.0) Gecko/20100101 Firefox/53.0" "www.templeos.org"
19.191.175.171 - - [05/Jun/2017:01:07:56 -0700] "GET /Wb/Home/Sup1/Sup1Bin/QEMU/ HTTP/1.1" 404 89 "-" "Mozilla/5.0 (compatible; AhrefsBot/5.2; +http://ahrefs.com/robot/)" "www.templeos.org"
234.179.223.134 - - [05/Jun/2017:01:07:59 -0700] "GET /Family2_78-86/part3/410-06.jpg HTTP/1.1" 404 89 "-" "Mozilla/5.0 (compatible; AhrefsBot/5.2; +http://ahrefs.com/robot/)" "templeos.org"
115.229.233.239 - - [05/Jun/2017:01:08:02 -0700] "GET /wp-login.php HTTP/1.1" 200 73 "-" "Mozilla/5.0 (Windows NT 6.1; WOW64; rv:40.0) Gecko/20100101 Firefox/40.1" "www.templeos.org"
115.229.233.239 - - [05/Jun/2017:01:08:02 -0700] "GET / HTTP/1.1" 200 2171 "-" "Mozilla/5.0 (Windows NT 6.1; WOW64; rv:40.0) Gecko/20100101 Firefox/40.1" "www.templeos.org"
234.179.223.134 - - [05/Jun/2017:01:08:18 -0700] "GET /Wb/Home/Web/TAD/BlogDir/2017May/?S=D HTTP/1.1" 404 89 "-" "Mozilla/5.0 (compatible; AhrefsBot/5.2; +http://ahrefs.com/robot/)" "www.templeos.org"
19.191.175.17 - - [05/Jun/2017:01:08:27 -0700] "GET /Family1_58-78/part1/038-19.jpg HTTP/1.1" 404 89 "-" "Mozilla/5.0 (compatible; AhrefsBot/5.2; +http://ahrefs.com/robot/)" "www.templeos.org"
234.179.223.238 - - [05/Jun/2017:01:08:29 -0700] "GET /Family1_58-78/part1/011-19.jpg HTTP/1.1" 404 89 "-" "Mozilla/5.0 (compatible; AhrefsBot/5.2; +http://ahrefs.com/robot/)" "www.templeos.org"
82.164.255.40 - - [05/Jun/2017:01:08:35 -0700] "GET / HTTP/1.1" 200 2171 "-" "Mozilla/5.0 (X11; Ubuntu; Linux x86_64; rv:53.0) Gecko/20100101 Firefox/53.0" "www.templeos.org"
96.220.70.8 - - [05/Jun/2017:01:09:12 -0700] "GET /Family4_99/part4/Alc44-07.jpg HTTP/1.1" 404 89 "-" "Mozilla/5.0 (compatible; AhrefsBot/5.2; +http://ahrefs.com/robot/)" "www.templeos.org"
159.93.111.109 - - [05/Jun/2017:01:09:28 -0700] "GET / HTTP/1.1" 200 2171 "https://www.google.co.uk/" "Mozilla/5.0 (Windows NT 6.1; Win64; x64) AppleWebKit/537.36 (KHTML, like Gecko) Chrome/58.0.3029.110 Safari/537.36" "www.templeos.org"
159.93.111.109 - - [05/Jun/2017:01:09:38 -0700] "GET /files HTTP/1.1" 301 93 "http://www.templeos.org/" "Mozilla/5.0 (Windows NT 6.1; Win64; x64) AppleWebKit/537.36 (KHTML, like Gecko) Chrome/58.0.3029.110 Safari/537.36" "www.templeos.org"
159.93.111.109 - - [05/Jun/2017:01:09:38 -0700] "GET /files/ HTTP/1.1" 200 819 "http://www.templeos.org/" "Mozilla/5.0 (Windows NT 6.1; Win64; x64) AppleWebKit/537.36 (KHTML, like Gecko) Chrome/58.0.3029.110 Safari/537.36" "www.templeos.org"
121.12.115.5 - - [05/Jun/2017:01:09:45 -0700] "GET /wp-login.php HTTP/1.1" 200 73 "-" "Mozilla/5.0 (Windows NT 6.1; WOW64; rv:40.0) Gecko/20100101 Firefox/40.1" "www.templeos.org"
121.12.115.5 - - [05/Jun/2017:01:09:45 -0700] "GET / HTTP/1.1" 200 2171 "-" "Mozilla/5.0 (Windows NT 6.1; WOW64; rv:40.0) Gecko/20100101 Firefox/40.1" "www.templeos.org"
159.93.111.109 - - [05/Jun/2017:01:09:47 -0700] "GET /videos HTTP/1.1" 301 94 "http://www.templeos.org/" "Mozilla/5.0 (Windows NT 6.1; Win64; x64) AppleWebKit/537.36 (KHTML, like Gecko) Chrome/58.0.3029.110 Safari/537.36" "www.templeos.org"
159.93.111.109 - - [05/Jun/2017:01:09:47 -0700] "GET /videos/ HTTP/1.1" 200 2600 "http://www.templeos.org/" "Mozilla/5.0 (Windows NT 6.1; Win64; x64) AppleWebKit/537.36 (KHTML, like Gecko) Chrome/58.0.3029.110 Safari/537.36" "www.templeos.org"
136.15.8.119 - - [05/Jun/2017:01:09:51 -0700] "GET /videos/SoldierTrim.MP4 HTTP/1.1" 404 89 "-" "Mozilla/5.0 (Windows NT 6.1; WOW64) AppleWebKit/537.36 (KHTML, like Gecko) Chrome/58.0.3029.114 Safari/537.36 Vivaldi/1.9.818.50" "www.templeos.org"
19.191.175.232 - - [05/Jun/2017:01:10:14 -0700] "GET /Family1_58-78/part4/172-12.jpg HTTP/1.1" 404 89 "-" "Mozilla/5.0 (compatible; AhrefsBot/5.2; +http://ahrefs.com/robot/)" "www.templeos.org"
127.194.224.10 - - [05/Jun/2017:01:10:14 -0700] "GET /Wb/Home/Web/TAD/BlogDir/2017January/Img016.BMP HTTP/1.1" 404 89 "-" "Googlebot-Image/1.0" "www.templeos.org"
114.137.144.113 - - [05/Jun/2017:01:10:17 -0700] "GET /videos/ HTTP/1.1" 200 2600 "http://templeos.org/" "Mozilla/5.0 (Windows NT 10.0; Win64; x64; rv:52.0) Gecko/20100101 Firefox/52.0" "www.templeos.org"
173.135.141.148 - - [05/Jun/2017:01:10:28 -0700] "GET /Wb/Misc/PCIDevices.html HTTP/1.1" 404 89 "-" "-" "www.templeos.org"
19.191.175.36 - - [05/Jun/2017:01:10:32 -0700] "GET /Family4_99/part4/Alc34-24.jpg HTTP/1.1" 404 89 "-" "Mozilla/5.0 (compatible; AhrefsBot/5.2; +http://ahrefs.com/robot/)" "www.templeos.org"[0]
228.139.132.231 - - [05/Jun/2017:01:10:41 -0700] "GET /videos/?N=A HTTP/1.1" 200 2600 "http://templeos.org/videos/?M=A" "Mozilla/5.0 (X11; Ubuntu; Linux x86_64; rv:53.0) Gecko/20100101 Firefox/53.0" "templeos.org"
114.137.144.113 - - [05/Jun/2017:01:10:55 -0700] "GET / HTTP/1.1" 200 2171 "-" "Mozilla/5.0 (Windows NT 10.0; Win64; x64) AppleWebKit/537.36 (KHTML, like Gecko) Chrome/58.0.3029.110 Safari/537.36" "www.templeos.org"
114.137.144.113 - - [05/Jun/2017:01:10:56 -0700] "GET / HTTP/1.1" 200 2171 "-" "Mozilla/5.0 (Windows NT 10.0; Win64; x64) AppleWebKit/537.36 (KHTML, like Gecko) Chrome/58.0.3029.110 Safari/537.36" "www.templeos.org"
114.137.144.113 - - [05/Jun/2017:01:10:57 -0700] "GET /videos HTTP/1.1" 301 94 "http://www.templeos.org/" "Mozilla/5.0 (Windows NT 10.0; Win64; x64) AppleWebKit/537.36 (KHTML, like Gecko) Chrome/58.0.3029.110 Safari/537.36" "www.templeos.org"
114.137.144.113 - - [05/Jun/2017:01:10:57 -0700] "GET /videos/ HTTP/1.1" 200 2600 "http://www.templeos.org/" "Mozilla/5.0 (Windows NT 10.0; Win64; x64) AppleWebKit/537.36 (KHTML, like Gecko) Chrome/58.0.3029.110 Safari/537.36" "www.templeos.org"
250.48.195.80 - - [05/Jun/2017:01:11:03 -0700] "GET /videos/ HTTP/1.1" 200 2600 "https://web.archive.org/" "Mozilla/5.0 (Windows NT 10.0; Win64; x64) AppleWebKit/537.36 (KHTML, like Gecko) Chrome/58.0.3029.110 Safari/537.36" "www.templeos.org"
96.220.209.56 - - [05/Jun/2017:01:11:07 -0700] "GET /Family4_99/part4/Alc53-19.jpg HTTP/1.1" 404 89 "-" "Mozilla/5.0 (compatible; AhrefsBot/5.2; +http://ahrefs.com/robot/)" "www.templeos.org"
114.137.144.113 - - [05/Jun/2017:01:11:22 -0700] "GET /Tmp HTTP/1.1" 404 89 "-" "Mozilla/5.0 (Windows NT 10.0; Win64; x64) AppleWebKit/537.36 (KHTML, like Gecko) Chrome/58.0.3029.110 Safari/537.36" "templeos.org"
114.137.144.113 - - [05/Jun/2017:01:11:25 -0700] "GET /Tmp/ HTTP/1.1" 404 89 "-" "Mozilla/5.0 (Windows NT 10.0; Win64; x64) AppleWebKit/537.36 (KHTML, like Gecko) Chrome/58.0.3029.110 Safari/537.36" "templeos.org"
114.137.144.113 - - [05/Jun/2017:01:11:28 -0700] "GET /tmp/ HTTP/1.1" 404 89 "-" "Mozilla/5.0 (Windows NT 10.0; Win64; x64) AppleWebKit/537.36 (KHTML, like Gecko) Chrome/58.0.3029.110 Safari/537.36" "templeos.org"
114.137.144.113 - - [05/Jun/2017:01:11:38 -0700] "GET /files/ HTTP/1.1" 200 819 "-" "Mozilla/5.0 (Windows NT 10.0; Win64; x64) AppleWebKit/537.36 (KHTML, like Gecko) Chrome/58.0.3029.110 Safari/537.36" "www.templeos.org"
96.220.209.192 - - [05/Jun/2017:01:11:49 -0700] "GET /Family1_58-78/part5/184-01.jpg HTTP/1.1" 404 89 "-" "Mozilla/5.0 (compatible; AhrefsBot/5.2; +http://ahrefs.com/robot/)" "www.templeos.org"
159.93.111.109 - - [05/Jun/2017:01:12:13 -0700] "GET /videos/014HalfMan.MP4 HTTP/1.1" 200 176550866 "http://www.templeos.org/videos/" "Mozilla/5.0 (Windows NT 6.1; Win64; x64) AppleWebKit/537.36 (KHTML, like Gecko) Chrome/58.0.3029.110 Safari/537.36" "www.templeos.org"
96.220.209.137 - - [05/Jun/2017:01:12:23 -0700] "GET /Family1_58-78/part5/230-05.jpg HTTP/1.1" 404 89 "-" "Mozilla/5.0 (compatible; AhrefsBot/5.2; +http://ahrefs.com/robot/)" "www.templeos.org"
100.77.74.181 - - [05/Jun/2017:01:12:39 -0700] "GET / HTTP/1.1" 200 2171 "-" "Mozilla/5.0 (X11; Linux x86_64) AppleWebKit/537.36 (KHTML, like Gecko) Chrome/58.0.3029.110 Safari/537.36" "templeos.org"
100.77.74.181 - - [05/Jun/2017:01:12:43 -0700] "GET /videos HTTP/1.1" 301 94 "http://templeos.org/" "Mozilla/5.0 (X11; Linux x86_64) AppleWebKit/537.36 (KHTML, like Gecko) Chrome/58.0.3029.110 Safari/537.36" "www.templeos.org"
100.77.74.181 - - [05/Jun/2017:01:12:43 -0700] "GET /videos/ HTTP/1.1" 200 2600 "http://templeos.org/" "Mozilla/5.0 (X11; Linux x86_64) AppleWebKit/537.36 (KHTML, like Gecko) Chrome/58.0.3029.110 Safari/537.36" "www.templeos.org"
114.137.144.113 - - [05/Jun/2017:01:12:55 -0700] "GET /Home/ HTTP/1.1" 404 89 "-" "Mozilla/5.0 (Windows NT 10.0; Win64; x64) AppleWebKit/537.36 (KHTML, like Gecko) Chrome/58.0.3029.110 Safari/537.36" "www.templeos.org"
114.137.144.113 - - [05/Jun/2017:01:12:58 -0700] "GET /TAD/ HTTP/1.1" 404 89 "-" "Mozilla/5.0 (Windows NT 10.0; Win64; x64) AppleWebKit/537.36 (KHTML, like Gecko) Chrome/58.0.3029.110 Safari/537.36" "www.templeos.org"
114.137.144.113 - - [05/Jun/2017:01:13:05 -0700] "GET /TOS/ HTTP/1.1" 404 89 "-" "Mozilla/5.0 (Windows NT 10.0; Win64; x64) AppleWebKit/537.36 (KHTML, like Gecko) Chrome/58.0.3029.110 Safari/537.36" "www.templeos.org"
114.137.144.113 - - [05/Jun/2017:01:13:15 -0700] "GET /Sup1/ HTTP/1.1" 404 89 "-" "Mozilla/5.0 (Windows NT 10.0; Win64; x64) AppleWebKit/537.36 (KHTML, like Gecko) Chrome/58.0.3029.110 Safari/537.36" "www.templeos.org"
173.135.141.148 - - [05/Jun/2017:01:13:22 -0700] "GET /Wb/Misc/PCIDevices.html HTTP/1.1" 404 89 "-" "-" "www.templeos.org"
120.157.241.33 - - [05/Jun/2017:01:13:23 -0700] "GET /videos/ HTTP/1.1" 200 2600 "-" "Mozilla/5.0 (Windows NT 10.0; WOW64; rv:51.0) Gecko/20100101 Firefox/51.0" "www.templeos.org"
120.157.241.33 - - [05/Jun/2017:01:13:28 -0700] "GET /videos/014HalfMan.MP4 HTTP/1.1" 200 589824 "http://www.templeos.org/videos/" "Mozilla/5.0 (Windows NT 10.0; WOW64; rv:51.0) Gecko/20100101 Firefox/51.0" "www.templeos.org"
173.135.141.148 - - [05/Jun/2017:01:13:29 -0700] "GET /Wb/Misc/PCIDevices.html HTTP/1.1" 404 89 "-" "-" "www.templeos.org"
120.157.241.33 - - [05/Jun/2017:01:13:29 -0700] "GET /videos/014HalfMan.MP4 HTTP/1.1" 200 524288 "http://www.templeos.org/videos/" "Mozilla/5.0 (Windows NT 10.0; WOW64; rv:51.0) Gecko/20100101 Firefox/51.0" "www.templeos.org"
120.157.241.33 - - [05/Jun/2017:01:13:29 -0700] "GET /videos/014HalfMan.MP4 HTTP/1.1" 206 160722 "http://www.templeos.org/videos/014HalfMan.MP4" "Mozilla/5.0 (Windows NT 10.0; WOW64; rv:51.0) Gecko/20100101 Firefox/51.0" "www.templeos.org"
173.135.141.148 - - [05/Jun/2017:01:13:30 -0700] "GET /Wb/Misc/PCIDevices.html HTTP/1.1" 404 89 "-" "-" "www.templeos.org"
120.157.241.33 - - [05/Jun/2017:01:13:30 -0700] "GET /videos/014HalfMan.MP4 HTTP/1.1" 206 160722 "http://www.templeos.org/videos/014HalfMan.MP4" "Mozilla/5.0 (Windows NT 10.0; WOW64; rv:51.0) Gecko/20100101 Firefox/51.0" "www.templeos.org"
120.157.241.33 - - [05/Jun/2017:01:13:30 -0700] "GET /videos/014HalfMan.MP4 HTTP/1.1" 206 524288 "http://www.templeos.org/videos/014HalfMan.MP4" "Mozilla/5.0 (Windows NT 10.0; WOW64; rv:51.0) Gecko/20100101 Firefox/51.0" "www.templeos.org"
120.157.241.33 - - [05/Jun/2017:01:13:30 -0700] "GET /videos/014HalfMan.MP4 HTTP/1.1" 206 160722 "http://www.templeos.org/videos/014HalfMan.MP4" "Mozilla/5.0 (Windows NT 10.0; WOW64; rv:51.0) Gecko/20100101 Firefox/51.0" "www.templeos.org"
120.157.241.33 - - [05/Jun/2017:01:13:30 -0700] "GET /videos/014HalfMan.MP4 HTTP/1.1" 206 524288 "http://www.templeos.org/videos/014HalfMan.MP4" "Mozilla/5.0 (Windows NT 10.0; WOW64; rv:51.0) Gecko/20100101 Firefox/51.0" "www.templeos.org"
120.157.241.33 - - [05/Jun/2017:01:13:31 -0700] "GET /videos/014HalfMan.MP4 HTTP/1.1" 206 720896 "http://www.templeos.org/videos/014HalfMan.MP4" "Mozilla/5.0 (Windows NT 10.0; WOW64; rv:51.0) Gecko/20100101 Firefox/51.0" "www.templeos.org"
114.137.144.113 - - [05/Jun/2017:01:13:32 -0700] "GET /Tmp/access.log HTTP/1.1" 404 89 "-" "Mozilla/5.0 (Windows NT 10.0; Win64; x64) AppleWebKit/537.36 (KHTML, like Gecko) Chrome/58.0.3029.110 Safari/537.36" "www.templeos.org"
234.179.223.237 - - [05/Jun/2017:01:13:38 -0700] "GET /Family4_99/part4/Alc45-09.jpg HTTP/1.1" 404 89 "-" "Mozilla/5.0 (compatible; AhrefsBot/5.2; +http://ahrefs.com/robot/)" "www.templeos.org"
85.213.178.87 - - [05/Jun/2017:01:13:58 -0700] "GET /Wb/Home/Web/Fans.html HTTP/1.1" 404 89 "-" "Java/1.8.0_45" "www.templeos.org"
242.33.159.140 - - [05/Jun/2017:01:14:01 -0700] "HEAD / HTTP/1.1" 200 0 "-" "YoutBob PHP module" "www.templeos.org"
4.189.181.73 - - [05/Jun/2017:01:14:03 -0700] "GET / HTTP/1.1" 200 2171 "-" "Mozilla/5.0 (Windows NT 6.2; WOW64) AppleWebKit/538.1 (KHTML, like Gecko) quassel/v0.12.4 (0.12.4+1 git-1d306ca) Safari/538.1" "www.templeos.org"
254.92.128.63 - - [05/Jun/2017:01:14:07 -0700] "GET / HTTP/1.1" 200 2171 "-" "Mozilla/5.0 (Windows NT 6.1; Win64; x64) AppleWebKit/537.36 (KHTML, like Gecko) Chrome/58.0.3029.110 Safari/537.36" "www.templeos.org"
254.92.128.63 - - [05/Jun/2017:01:14:23 -0700] "GET /files HTTP/1.1" 301 93 "http://www.templeos.org/" "Mozilla/5.0 (Windows NT 6.1; Win64; x64) AppleWebKit/537.36 (KHTML, like Gecko) Chrome/58.0.3029.110 Safari/537.36" "www.templeos.org"
254.92.128.63 - - [05/Jun/2017:01:14:23 -0700] "GET /files/ HTTP/1.1" 200 819 "http://www.templeos.org/" "Mozilla/5.0 (Windows NT 6.1; Win64; x64) AppleWebKit/537.36 (KHTML, like Gecko) Chrome/58.0.3029.110 Safari/537.36" "www.templeos.org"
234.179.223.196 - - [05/Jun/2017:01:14:36 -0700] "GET /Family1_58-78/part3/118-01.jpg HTTP/1.1" 404 89 "-" "Mozilla/5.0 (compatible; AhrefsBot/5.2; +http://ahrefs.com/robot/)" "www.templeos.org"
19.191.175.28 - - [05/Jun/2017:01:14:59 -0700] "GET /Family2_78-86/part2/316-01.JPG HTTP/1.1" 404 89 "-" "Mozilla/5.0 (compatible; AhrefsBot/5.2; +http://ahrefs.com/robot/)" "templeos.org"
120.157.241.33 - - [05/Jun/2017:01:15:26 -0700] "GET /videos/014HalfMan.MP4 HTTP/1.1" 206 143654912 "http://www.templeos.org/videos/014HalfMan.MP4" "Mozilla/5.0 (Windows NT 10.0; WOW64; rv:51.0) Gecko/20100101 Firefox/51.0" "www.templeos.org"
19.191.175.154 - - [05/Jun/2017:01:15:54 -0700] "GET /Wb/Home/Misc/MaxwellsEqs.html HTTP/1.1" 404 89 "-" "Mozilla/5.0 (compatible; AhrefsBot/5.2; +http://ahrefs.com/robot/)" "www.templeos.org"
120.157.241.33 - - [05/Jun/2017:01:16:37 -0700] "GET /videos/014HalfMan.MP4 HTTP/1.1" 206 160722 "http://www.templeos.org/videos/014HalfMan.MP4" "Mozilla/5.0 (Windows NT 10.0; WOW64; rv:51.0) Gecko/20100101 Firefox/51.0" "www.templeos.org"
120.157.241.33 - - [05/Jun/2017:01:16:37 -0700] "GET /videos/014HalfMan.MP4 HTTP/1.1" 200 524288 "http://www.templeos.org/videos/" "Mozilla/5.0 (Windows NT 10.0; WOW64; rv:51.0) Gecko/20100101 Firefox/51.0" "www.templeos.org"
120.157.241.33 - - [05/Jun/2017:01:16:37 -0700] "GET /videos/014HalfMan.MP4 HTTP/1.1" 206 160722 "http://www.templeos.org/videos/014HalfMan.MP4" "Mozilla/5.0 (Windows NT 10.0; WOW64; rv:51.0) Gecko/20100101 Firefox/51.0" "www.templeos.org"
120.157.241.33 - - [05/Jun/2017:01:16:37 -0700] "GET /videos/014HalfMan.MP4 HTTP/1.1" 206 655360 "http://www.templeos.org/videos/014HalfMan.MP4" "Mozilla/5.0 (Windows NT 10.0; WOW64; rv:51.0) Gecko/20100101 Firefox/51.0" "www.templeos.org"
120.157.241.33 - - [05/Jun/2017:01:16:38 -0700] "GET /videos/014HalfMan.MP4 HTTP/1.1" 206 160722 "http://www.templeos.org/videos/014HalfMan.MP4" "Mozilla/5.0 (Windows NT 10.0; WOW64; rv:51.0) Gecko/20100101 Firefox/51.0" "www.templeos.org"
120.157.241.33 - - [05/Jun/2017:01:16:39 -0700] "GET /videos/014HalfMan.MP4 HTTP/1.1" 206 524288 "http://www.templeos.org/videos/014HalfMan.MP4" "Mozilla/5.0 (Windows NT 10.0; WOW64; rv:51.0) Gecko/20100101 Firefox/51.0" "www.templeos.org"
111.12.93.181 - - [05/Jun/2017:01:16:41 -0700] "GET /Wb/Apps/X-Caliber/XCCtrls.html HTTP/1.1" 404 89 "-" "Mozilla/5.0 (compatible; DotBot/1.1; http://www.opensiteexplorer.org/dotbot, help@moz.com)" "www.templeos.org"
120.157.241.33 - - [05/Jun/2017:01:16:45 -0700] "GET /videos/014HalfMan.MP4 HTTP/1.1" 206 8192000 "http://www.templeos.org/videos/014HalfMan.MP4" "Mozilla/5.0 (Windows NT 10.0; WOW64; rv:51.0) Gecko/20100101 Firefox/51.0" "www.templeos.org"
120.157.241.33 - - [05/Jun/2017:01:16:45 -0700] "GET /videos/014HalfMan.MP4 HTTP/1.1" 206 160722 "http://www.templeos.org/videos/014HalfMan.MP4" "Mozilla/5.0 (Windows NT 10.0; WOW64; rv:51.0) Gecko/20100101 Firefox/51.0" "www.templeos.org"
120.157.241.33 - - [05/Jun/2017:01:16:45 -0700] "GET /videos/014HalfMan.MP4 HTTP/1.1" 200 524288 "http://www.templeos.org/videos/" "Mozilla/5.0 (Windows NT 10.0; WOW64; rv:51.0) Gecko/20100101 Firefox/51.0" "www.templeos.org"
120.157.241.33 - - [05/Jun/2017:01:16:46 -0700] "GET /videos/014HalfMan.MP4 HTTP/1.1" 206 160722 "http://www.templeos.org/videos/014HalfMan.MP4" "Mozilla/5.0 (Windows NT 10.0; WOW64; rv:51.0) Gecko/20100101 Firefox/51.0" "www.templeos.org"
120.157.241.33 - - [05/Jun/2017:01:16:46 -0700] "GET /videos/014HalfMan.MP4 HTTP/1.1" 206 524288 "http://www.templeos.org/videos/014HalfMan.MP4" "Mozilla/5.0 (Windows NT 10.0; WOW64; rv:51.0) Gecko/20100101 Firefox/51.0" "www.templeos.org"
120.157.241.33 - - [05/Jun/2017:01:16:46 -0700] "GET /videos/014HalfMan.MP4 HTTP/1.1" 206 160722 "http://www.templeos.org/videos/014HalfMan.MP4" "Mozilla/5.0 (Windows NT 10.0; WOW64; rv:51.0) Gecko/20100101 Firefox/51.0" "www.templeos.org"
120.157.241.33 - - [05/Jun/2017:01:16:46 -0700] "GET /videos/014HalfMan.MP4 HTTP/1.1" 206 589824 "http://www.templeos.org/videos/014HalfMan.MP4" "Mozilla/5.0 (Windows NT 10.0; WOW64; rv:51.0) Gecko/20100101 Firefox/51.0" "www.templeos.org"
120.157.241.33 - - [05/Jun/2017:01:16:47 -0700] "GET /videos/014HalfMan.MP4 HTTP/1.1" 206 524288 "http://www.templeos.org/videos/014HalfMan.MP4" "Mozilla/5.0 (Windows NT 10.0; WOW64; rv:51.0) Gecko/20100101 Firefox/51.0" "www.templeos.org"
120.157.241.33 - - [05/Jun/2017:01:16:49 -0700] "GET /videos/014HalfMan.MP4 HTTP/1.1" 206 1900544 "http://www.templeos.org/videos/014HalfMan.MP4" "Mozilla/5.0 (Windows NT 10.0; WOW64; rv:51.0) Gecko/20100101 Firefox/51.0" "www.templeos.org"
120.157.241.33 - - [05/Jun/2017:01:16:50 -0700] "GET /videos/014HalfMan.MP4 HTTP/1.1" 206 160722 "http://www.templeos.org/videos/014HalfMan.MP4" "Mozilla/5.0 (Windows NT 10.0; WOW64; rv:51.0) Gecko/20100101 Firefox/51.0" "www.templeos.org"[0]
120.157.241.33 - - [05/Jun/2017:01:16:50 -0700] "GET /videos/014HalfMan.MP4 HTTP/1.1" 200 589824 "http://www.templeos.org/videos/" "Mozilla/5.0 (Windows NT 10.0; WOW64; rv:51.0) Gecko/20100101 Firefox/51.0" "www.templeos.org"
120.157.241.33 - - [05/Jun/2017:01:16:51 -0700] "GET /videos/014HalfMan.MP4 HTTP/1.1" 206 160722 "http://www.templeos.org/videos/014HalfMan.MP4" "Mozilla/5.0 (Windows NT 10.0; WOW64; rv:51.0) Gecko/20100101 Firefox/51.0" "www.templeos.org"
120.157.241.33 - - [05/Jun/2017:01:16:51 -0700] "GET /videos/014HalfMan.MP4 HTTP/1.1" 206 524288 "http://www.templeos.org/videos/014HalfMan.MP4" "Mozilla/5.0 (Windows NT 10.0; WOW64; rv:51.0) Gecko/20100101 Firefox/51.0" "www.templeos.org"
120.157.241.33 - - [05/Jun/2017:01:16:51 -0700] "GET /videos/014HalfMan.MP4 HTTP/1.1" 206 160722 "http://www.templeos.org/videos/014HalfMan.MP4" "Mozilla/5.0 (Windows NT 10.0; WOW64; rv:51.0) Gecko/20100101 Firefox/51.0" "www.templeos.org"
120.157.241.33 - - [05/Jun/2017:01:16:51 -0700] "GET /videos/014HalfMan.MP4 HTTP/1.1" 206 589824 "http://www.templeos.org/videos/014HalfMan.MP4" "Mozilla/5.0 (Windows NT 10.0; WOW64; rv:51.0) Gecko/20100101 Firefox/51.0" "www.templeos.org"
120.157.241.33 - - [05/Jun/2017:01:16:52 -0700] "GET /videos/014HalfMan.MP4 HTTP/1.1" 206 524288 "http://www.templeos.org/videos/014HalfMan.MP4" "Mozilla/5.0 (Windows NT 10.0; WOW64; rv:51.0) Gecko/20100101 Firefox/51.0" "www.templeos.org"
116.218.129.13 - - [05/Jun/2017:01:16:56 -0700] "GET /videos/005BugleBoy.MP4 HTTP/1.1" 206 1488526 "http://www.templeos.org/videos/005BugleBoy.MP4" "Mozilla/5.0 (X11; Linux x86_64; rv:43.0) Gecko/20100101 Firefox/43.0 SeaMonkey/2.40" "www.templeos.org"
13.97.53.166 - - [05/Jun/2017:01:16:58 -0700] "GET /wp-login.php HTTP/1.1" 200 73 "-" "Mozilla/5.0 (Windows NT 6.1; WOW64; rv:40.0) Gecko/20100101 Firefox/40.1" "www.templeos.org"
13.97.53.166 - - [05/Jun/2017:01:16:58 -0700] "GET / HTTP/1.1" 200 2171 "-" "Mozilla/5.0 (Windows NT 6.1; WOW64; rv:40.0) Gecko/20100101 Firefox/40.1" "www.templeos.org"
250.37.222.251 - - [05/Jun/2017:01:17:05 -0700] "GET /files/ HTTP/1.1" 200 819 "-" "Wget/1.17.1 (linux-gnu)" "www.templeos.org"
250.37.222.251 - - [05/Jun/2017:01:17:05 -0700] "GET /robots.txt HTTP/1.1" 404 89 "-" "Wget/1.17.1 (linux-gnu)" "www.templeos.org"
250.37.222.251 - - [05/Jun/2017:01:17:05 -0700] "GET /files/?N=D HTTP/1.1" 200 819 "http://www.templeos.org/files/" "Wget/1.17.1 (linux-gnu)" "www.templeos.org"
250.37.222.251 - - [05/Jun/2017:01:17:05 -0700] "GET /files/?M=A HTTP/1.1" 200 819 "http://www.templeos.org/files/" "Wget/1.17.1 (linux-gnu)" "www.templeos.org"
250.37.222.251 - - [05/Jun/2017:01:17:05 -0700] "GET /files/?S=A HTTP/1.1" 200 819 "http://www.templeos.org/files/" "Wget/1.17.1 (linux-gnu)" "www.templeos.org"
250.37.222.251 - - [05/Jun/2017:01:17:05 -0700] "GET /files/?D=A HTTP/1.1" 200 819 "http://www.templeos.org/files/" "Wget/1.17.1 (linux-gnu)" "www.templeos.org"
250.37.222.251 - - [05/Jun/2017:01:17:05 -0700] "GET /files/TOS_Distro.ISO HTTP/1.1" 200 65536 "http://www.templeos.org/files/" "Wget/1.17.1 (linux-gnu)" "www.templeos.org"
250.37.222.251 - - [05/Jun/2017:01:17:05 -0700] "GET /files/TOS_Supplemental1.ISO.C HTTP/1.1" 200 65536 "http://www.templeos.org/files/" "Wget/1.17.1 (linux-gnu)" "www.templeos.org"
250.37.222.251 - - [05/Jun/2017:01:17:05 -0700] "GET /files/?N=A HTTP/1.1" 200 819 "http://www.templeos.org/files/?N=D" "Wget/1.17.1 (linux-gnu)" "www.templeos.org"
250.37.222.251 - - [05/Jun/2017:01:17:05 -0700] "GET /files/?M=D HTTP/1.1" 200 819 "http://www.templeos.org/files/?M=A" "Wget/1.17.1 (linux-gnu)" "www.templeos.org"
250.37.222.251 - - [05/Jun/2017:01:17:05 -0700] "GET /files/?S=D HTTP/1.1" 200 819 "http://www.templeos.org/files/?S=A" "Wget/1.17.1 (linux-gnu)" "www.templeos.org"
250.37.222.251 - - [05/Jun/2017:01:17:05 -0700] "GET /files/?D=D HTTP/1.1" 200 819 "http://www.templeos.org/files/?D=A" "Wget/1.17.1 (linux-gnu)" "www.templeos.org"
250.37.222.251 - - [05/Jun/2017:01:17:05 -0700] "GET /videos/ HTTP/1.1" 200 2600 "-" "Wget/1.17.1 (linux-gnu)" "www.templeos.org"
250.37.222.251 - - [05/Jun/2017:01:17:05 -0700] "GET /robots.txt HTTP/1.1" 404 89 "-" "Wget/1.17.1 (linux-gnu)" "www.templeos.org"
250.37.222.251 - - [05/Jun/2017:01:17:05 -0700] "GET /videos/?N=D HTTP/1.1" 200 2600 "http://www.templeos.org/videos/" "Wget/1.17.1 (linux-gnu)" "www.templeos.org"
250.37.222.251 - - [05/Jun/2017:01:17:05 -0700] "GET /videos/?M=A HTTP/1.1" 200 2600 "http://www.templeos.org/videos/" "Wget/1.17.1 (linux-gnu)" "www.templeos.org"
250.37.222.251 - - [05/Jun/2017:01:17:05 -0700] "GET /videos/?S=A HTTP/1.1" 200 2600 "http://www.templeos.org/videos/" "Wget/1.17.1 (linux-gnu)" "www.templeos.org"
250.37.222.251 - - [05/Jun/2017:01:17:05 -0700] "GET /videos/?D=A HTTP/1.1" 200 2600 "http://www.templeos.org/videos/" "Wget/1.17.1 (linux-gnu)" "www.templeos.org"
250.37.222.251 - - [05/Jun/2017:01:17:05 -0700] "GET /videos/001HereIAmLord.MP4 HTTP/1.1" 200 131072 "http://www.templeos.org/videos/" "Wget/1.17.1 (linux-gnu)" "www.templeos.org"
250.37.222.251 - - [05/Jun/2017:01:17:05 -0700] "GET /videos/002SinkCleaning.MP4 HTTP/1.1" 200 196608 "http://www.templeos.org/videos/" "Wget/1.17.1 (linux-gnu)" "www.templeos.org"
250.37.222.251 - - [05/Jun/2017:01:17:05 -0700] "GET /videos/004EvictSpaghetti.MP4 HTTP/1.1" 200 196608 "http://www.templeos.org/videos/" "Wget/1.17.1 (linux-gnu)" "www.templeos.org"
250.37.222.251 - - [05/Jun/2017:01:17:06 -0700] "GET /videos/005BugleBoy.MP4 HTTP/1.1" 200 196608 "http://www.templeos.org/videos/" "Wget/1.17.1 (linux-gnu)" "www.templeos.org"
250.37.222.251 - - [05/Jun/2017:01:17:06 -0700] "GET /videos/006SpaghettiJew.MP4 HTTP/1.1" 200 196608 "http://www.templeos.org/videos/" "Wget/1.17.1 (linux-gnu)" "www.templeos.org"
250.37.222.251 - - [05/Jun/2017:01:17:06 -0700] "GET /videos/007SolidFoundation.MP4 HTTP/1.1" 200 196608 "http://www.templeos.org/videos/" "Wget/1.17.1 (linux-gnu)" "www.templeos.org"
250.37.222.251 - - [05/Jun/2017:01:17:06 -0700] "GET /videos/008GraciousSpoilage.MP4 HTTP/1.1" 200 196608 "http://www.templeos.org/videos/" "Wget/1.17.1 (linux-gnu)" "www.templeos.org"
250.37.222.251 - - [05/Jun/2017:01:17:06 -0700] "GET /videos/009SurprisedButterfly.MP4 HTTP/1.1" 200 196608 "http://www.templeos.org/videos/" "Wget/1.17.1 (linux-gnu)" "www.templeos.org"
250.37.222.251 - - [05/Jun/2017:01:17:06 -0700] "GET /videos/010TouchingBasis.MP4 HTTP/1.1" 200 196608 "http://www.templeos.org/videos/" "Wget/1.17.1 (linux-gnu)" "www.templeos.org"[0]
250.37.222.251 - - [05/Jun/2017:01:17:06 -0700] "GET /videos/011GravelTriangle.MP4 HTTP/1.1" 200 196608 "http://www.templeos.org/videos/" "Wget/1.17.1 (linux-gnu)" "www.templeos.org"
250.37.222.251 - - [05/Jun/2017:01:17:06 -0700] "GET /videos/012Cinderella.MP4 HTTP/1.1" 200 196608 "http://www.templeos.org/videos/" "Wget/1.17.1 (linux-gnu)" "www.templeos.org"
250.37.222.251 - - [05/Jun/2017:01:17:06 -0700] "GET /videos/013RomanMeal.MP4 HTTP/1.1" 200 131072 "http://www.templeos.org/videos/" "Wget/1.17.1 (linux-gnu)" "www.templeos.org"
250.37.222.251 - - [05/Jun/2017:01:17:06 -0700] "GET /videos/014HalfMan.MP4 HTTP/1.1" 200 196608 "http://www.templeos.org/videos/" "Wget/1.17.1 (linux-gnu)" "www.templeos.org"
250.37.222.251 - - [05/Jun/2017:01:17:06 -0700] "GET /videos/?N=A HTTP/1.1" 200 2600 "http://www.templeos.org/videos/?N=D" "Wget/1.17.1 (linux-gnu)" "www.templeos.org"
250.37.222.251 - - [05/Jun/2017:01:17:06 -0700] "GET /videos/?M=D HTTP/1.1" 200 2600 "http://www.templeos.org/videos/?M=A" "Wget/1.17.1 (linux-gnu)" "www.templeos.org"
250.37.222.251 - - [05/Jun/2017:01:17:06 -0700] "GET /videos/?S=D HTTP/1.1" 200 2600 "http://www.templeos.org/videos/?S=A" "Wget/1.17.1 (linux-gnu)" "www.templeos.org"
250.37.222.251 - - [05/Jun/2017:01:17:06 -0700] "GET /videos/?D=D HTTP/1.1" 200 2600 "http://www.templeos.org/videos/?D=A" "Wget/1.17.1 (linux-gnu)" "www.templeos.org"
250.37.222.251 - - [05/Jun/2017:01:17:07 -0700] "GET / HTTP/1.1" 200 2171 "-" "Wget/1.17.1 (linux-gnu)" "www.templeos.org"
250.37.222.251 - - [05/Jun/2017:01:17:07 -0700] "GET /main.JPG.html HTTP/1.1" 404 89 "http://www.templeos.org/" "Wget/1.17.1 (linux-gnu)" "www.templeos.org"
250.37.222.251 - - [05/Jun/2017:01:17:07 -0700] "GET /robots.txt HTTP/1.1" 404 89 "-" "Wget/1.17.1 (linux-gnu)" "www.templeos.org"
250.37.222.251 - - [05/Jun/2017:01:17:07 -0700] "GET /files.1.html HTTP/1.1" 404 89 "http://www.templeos.org/" "Wget/1.17.1 (linux-gnu)" "www.templeos.org"
250.37.222.251 - - [05/Jun/2017:01:17:07 -0700] "GET /videos.1.html HTTP/1.1" 404 89 "http://www.templeos.org/" "Wget/1.17.1 (linux-gnu)" "www.templeos.org"
37.33.29.219 - - [05/Jun/2017:01:17:07 -0700] "GET /videos/ HTTP/1.1" 200 2600 "-" "Mozilla/5.0 (Windows NT 6.1; Win64; x64) AppleWebKit/537.36 (KHTML, like Gecko) Chrome/58.0.3029.110 Safari/537.36" "templeos.org"
197.132.37.81 - - [05/Jun/2017:01:17:12 -0700] "GET / HTTP/1.1" 200 2171 "http://wiki.osdev.org/Projects" "Mozilla/5.0 (Windows NT 10.0; Win64; x64) AppleWebKit/537.36 (KHTML, like Gecko) Chrome/58.0.3029.110 Safari/537.36" "templeos.org"
116.218.129.13 - - [05/Jun/2017:01:17:17 -0700] "GET /videos/009SurprisedButterfly.MP4 HTTP/1.1" 206 82079 "http://www.templeos.org/videos/009SurprisedButterfly.MP4" "Mozilla/5.0 (X11; Linux x86_64; rv:43.0) Gecko/20100101 Firefox/43.0 SeaMonkey/2.40" "www.templeos.org"
116.218.129.13 - - [05/Jun/2017:01:17:27 -0700] "GET /videos/005BugleBoy.MP4 HTTP/1.1" 200 851968 "http://www.templeos.org/videos/" "Mozilla/5.0 (X11; Linux x86_64; rv:43.0) Gecko/20100101 Firefox/43.0 SeaMonkey/2.40" "www.templeos.org"
116.218.129.13 - - [05/Jun/2017:01:17:47 -0700] "GET /videos/009SurprisedButterfly.MP4 HTTP/1.1" 206 589824 "http://www.templeos.org/videos/009SurprisedButterfly.MP4" "Mozilla/5.0 (X11; Linux x86_64; rv:43.0) Gecko/20100101 Firefox/43.0 SeaMonkey/2.40" "www.templeos.org"
116.218.129.13 - - [05/Jun/2017:01:17:48 -0700] "GET /videos/009SurprisedButterfly.MP4 HTTP/1.1" 200 720896 "http://www.templeos.org/videos/" "Mozilla/5.0 (X11; Linux x86_64; rv:43.0) Gecko/20100101 Firefox/43.0 SeaMonkey/2.40" "www.templeos.org"
121.254.127.38 - - [05/Jun/2017:01:18:03 -0700] "GET / HTTP/1.1" 200 2171 "-" "Mozilla/5.0 (Windows NT 6.1; WOW64; rv:40.0) Gecko/20100101 Firefox/40.1" "www.templeos.org"
251.108.227.119 - - [05/Jun/2017:01:18:08 -0700] "GET /files HTTP/1.1" 301 93 "http://templeos.org/" "Mozilla/5.0 (Windows NT 6.1; WOW64; rv:53.0) Gecko/20100101 Firefox/53.0" "www.templeos.org"
251.108.227.119 - - [05/Jun/2017:01:18:08 -0700] "GET /files/ HTTP/1.1" 200 819 "http://templeos.org/" "Mozilla/5.0 (Windows NT 6.1; WOW64; rv:53.0) Gecko/20100101 Firefox/53.0" "www.templeos.org"
93.194.32.168 - - [05/Jun/2017:01:18:17 -0700] "GET /wp-login.php HTTP/1.1" 200 73 "-" "Mozilla/5.0 (Windows NT 6.1; WOW64; rv:40.0) Gecko/20100101 Firefox/40.1" "www.templeos.org"
93.194.32.168 - - [05/Jun/2017:01:18:17 -0700] "GET / HTTP/1.1" 200 2171 "-" "Mozilla/5.0 (Windows NT 6.1; WOW64; rv:40.0) Gecko/20100101 Firefox/40.1" "www.templeos.org"
176.1.132.32 - - [05/Jun/2017:01:18:48 -0700] "GET /Wb/Home/Web/TempleOS.html HTTP/1.1" 404 89 "-" "Twitterbot/1.0" "www.templeos.org"
116.218.129.13 - - [05/Jun/2017:01:19:00 -0700] "GET /videos/009SurprisedButterfly.MP4 HTTP/1.1" 206 8767976 "http://www.templeos.org/videos/009SurprisedButterfly.MP4" "Mozilla/5.0 (X11; Linux x86_64; rv:43.0) Gecko/20100101 Firefox/43.0 SeaMonkey/2.40" "www.templeos.org"
215.159.195.139 - - [05/Jun/2017:01:19:09 -0700] "GET /Wb/Accts/TS/Wb2/TempleOS.html HTTP/1.1" 404 89 "-" "Iframely/1.0.3 (+http://iframely.com/;)" "www.templeos.org"
120.157.241.33 - - [05/Jun/2017:01:19:11 -0700] "GET /videos/014HalfMan.MP4 HTTP/1.1" 206 176550866 "http://www.templeos.org/videos/014HalfMan.MP4" "Mozilla/5.0 (Windows NT 10.0; WOW64; rv:51.0) Gecko/20100101 Firefox/51.0" "www.templeos.org"
77.23.66.141 - - [05/Jun/2017:01:19:17 -0700] "GET /wp-login.php HTTP/1.1" 200 73 "-" "Mozilla/5.0 (Windows NT 6.1; WOW64; rv:40.0) Gecko/20100101 Firefox/40.1" "www.templeos.org"
124.219.159.68 - - [05/Jun/2017:01:19:33 -0700] "GET /Wb/Doc/HolyC.html HTTP/1.1" 404 89 "https://www.google.ru/" "Mozilla/5.0 (X11; Linux x86_64) AppleWebKit/537.36 (KHTML, like Gecko) Chrome/58.0.3029.110 Safari/537.36" "www.templeos.org"
159.93.111.109 - - [05/Jun/2017:01:20:04 -0700] "GET /videos/013RomanMeal.MP4 HTTP/1.1" 200 2293760 "http://www.templeos.org/videos/" "Mozilla/5.0 (Windows NT 6.1; Win64; x64) AppleWebKit/537.36 (KHTML, like Gecko) Chrome/58.0.3029.110 Safari/537.36" "www.templeos.org"
197.132.37.81 - - [05/Jun/2017:01:20:06 -0700] "GET /files/ HTTP/1.1" 200 819 "http://templeos.org/" "Mozilla/5.0 (Windows NT 10.0; Win64; x64) AppleWebKit/537.36 (KHTML, like Gecko) Chrome/58.0.3029.110 Safari/537.36" "www.templeos.org"
114.137.144.113 - - [05/Jun/2017:01:20:12 -0700] "GET /videos/ HTTP/1.1" 200 2600 "http://templeos.org/" "Mozilla/5.0 (Windows NT 10.0; Win64; x64; rv:52.0) Gecko/20100101 Firefox/52.0" "www.templeos.org"
234.179.223.88 - - [05/Jun/2017:01:20:21 -0700] "GET /Family4_99/part4/Alc45-22.jpg HTTP/1.1" 404 89 "-" "Mozilla/5.0 (compatible; AhrefsBot/5.2; +http://ahrefs.com/robot/)" "www.templeos.org"
197.132.37.81 - - [05/Jun/2017:01:20:24 -0700] "GET / HTTP/1.1" 200 2171 "http://www.templeos.org/files/" "Mozilla/5.0 (Windows NT 10.0; Win64; x64) AppleWebKit/537.36 (KHTML, like Gecko) Chrome/58.0.3029.110 Safari/537.36" "www.templeos.org"
197.132.37.81 - - [05/Jun/2017:01:20:25 -0700] "GET /files/TOS_Supplemental1.ISO.C HTTP/1.1" 200 2668875 "http://www.templeos.org/files/" "Mozilla/5.0 (Windows NT 10.0; Win64; x64) AppleWebKit/537.36 (KHTML, like Gecko) Chrome/58.0.3029.110 Safari/537.36" "www.templeos.org"[12]
114.137.144.113 - - [05/Jun/2017:01:20:26 -0700] "GET / HTTP/1.1" 200 2171 "-" "Mozilla/5.0 (Windows NT 10.0; Win64; x64; rv:52.0) Gecko/20100101 Firefox/52.0" "templeos.org"
197.132.37.81 - - [05/Jun/2017:01:20:31 -0700] "GET /files/ HTTP/1.1" 200 819 "http://www.templeos.org/" "Mozilla/5.0 (Windows NT 10.0; Win64; x64) AppleWebKit/537.36 (KHTML, like Gecko) Chrome/58.0.3029.110 Safari/537.36" "www.templeos.org"
88.119.60.126 - - [05/Jun/2017:01:20:32 -0700] "GET /Wb/Doc/Charter.html HTTP/1.1" 404 89 "https://www.google.com/" "Mozilla/5.0 (Windows NT 10.0; Win64; x64) AppleWebKit/537.36 (KHTML, like Gecko) Chrome/58.0.3029.110 Safari/537.36" "www.templeos.org"
96.220.70.182 - - [05/Jun/2017:01:21:21 -0700] "GET /Family1_58-78/part3/132-19.jpg HTTP/1.1" 404 89 "-" "Mozilla/5.0 (compatible; AhrefsBot/5.2; +http://ahrefs.com/robot/)" "www.templeos.org"[0]
121.118.59.166 - - [05/Jun/2017:01:21:38 -0700] "GET /Wb/Doc/HolyC.html HTTP/1.1" 404 89 "https://www.google.ru/" "Mozilla/5.0 (Macintosh; Intel Mac OS X 10_12_5) AppleWebKit/537.36 (KHTML, like Gecko) Chrome/56.0.2924.87 Safari/537.36" "www.templeos.org"[0]
96.220.70.230 - - [05/Jun/2017:01:21:43 -0700] "GET /Family4_99/part4/Alc34-01.jpg HTTP/1.1" 404 89 "-" "Mozilla/5.0 (compatible; AhrefsBot/5.2; +http://ahrefs.com/robot/)" "www.templeos.org"
73.118.252.38 - - [05/Jun/2017:01:22:54 -0700] "GET /Wb/Home/Web/DownloadOS.html HTTP/1.1" 404 89 "https://www.reddit.com/r/linuxmasterrace/comments/6et5pf/ubuntu_vs_archlinux/" "Mozilla/5.0 (Windows NT 10.0; Win64; x64; rv:54.0) Gecko/20100101 Firefox/54.0" "www.templeos.org"
