250.37.222.251 - - [05/Jun/2017:02:07:18 -0700] "GET /videos/?S=A HTTP/1.1" 200 2600 "http://www.templeos.org/videos/" "Wget/1.17.1 (linux-gnu)" "www.templeos.org"
250.37.222.251 - - [05/Jun/2017:02:07:18 -0700] "GET /videos/?D=A HTTP/1.1" 200 2600 "http://www.templeos.org/videos/" "Wget/1.17.1 (linux-gnu)" "www.templeos.org"
250.37.222.251 - - [05/Jun/2017:02:07:18 -0700] "GET /videos/001HereIAmLord.MP4 HTTP/1.1" 200 196608 "http://www.templeos.org/videos/" "Wget/1.17.1 (linux-gnu)" "www.templeos.org"
250.37.222.251 - - [05/Jun/2017:02:07:18 -0700] "GET /videos/002SinkCleaning.MP4 HTTP/1.1" 200 196608 "http://www.templeos.org/videos/" "Wget/1.17.1 (linux-gnu)" "www.templeos.org"
250.37.222.251 - - [05/Jun/2017:02:07:18 -0700] "GET /videos/004EvictSpaghetti.MP4 HTTP/1.1" 200 196608 "http://www.templeos.org/videos/" "Wget/1.17.1 (linux-gnu)" "www.templeos.org"
250.37.222.251 - - [05/Jun/2017:02:07:18 -0700] "GET /videos/005BugleBoy.MP4 HTTP/1.1" 200 196608 "http://www.templeos.org/videos/" "Wget/1.17.1 (linux-gnu)" "www.templeos.org"[0]
250.37.222.251 - - [05/Jun/2017:02:07:18 -0700] "GET /videos/006SpaghettiJew.MP4 HTTP/1.1" 200 196608 "http://www.templeos.org/videos/" "Wget/1.17.1 (linux-gnu)" "www.templeos.org"
250.37.222.251 - - [05/Jun/2017:02:07:18 -0700] "GET /videos/007SolidFoundation.MP4 HTTP/1.1" 200 196608 "http://www.templeos.org/videos/" "Wget/1.17.1 (linux-gnu)" "www.templeos.org"
250.37.222.251 - - [05/Jun/2017:02:07:18 -0700] "GET /videos/008GraciousSpoilage.MP4 HTTP/1.1" 200 196608 "http://www.templeos.org/videos/" "Wget/1.17.1 (linux-gnu)" "www.templeos.org"
250.37.222.251 - - [05/Jun/2017:02:07:18 -0700] "GET /videos/009SurprisedButterfly.MP4 HTTP/1.1" 200 131072 "http://www.templeos.org/videos/" "Wget/1.17.1 (linux-gnu)" "www.templeos.org"
250.37.222.251 - - [05/Jun/2017:02:07:18 -0700] "GET /videos/010TouchingBasis.MP4 HTTP/1.1" 200 65536 "http://www.templeos.org/videos/" "Wget/1.17.1 (linux-gnu)" "www.templeos.org"
250.37.222.251 - - [05/Jun/2017:02:07:18 -0700] "GET /videos/011GravelTriangle.MP4 HTTP/1.1" 200 196608 "http://www.templeos.org/videos/" "Wget/1.17.1 (linux-gnu)" "www.templeos.org"
250.37.222.251 - - [05/Jun/2017:02:07:18 -0700] "GET /videos/012Cinderella.MP4 HTTP/1.1" 200 196608 "http://www.templeos.org/videos/" "Wget/1.17.1 (linux-gnu)" "www.templeos.org"
250.37.222.251 - - [05/Jun/2017:02:07:18 -0700] "GET /videos/013RomanMeal.MP4 HTTP/1.1" 200 196608 "http://www.templeos.org/videos/" "Wget/1.17.1 (linux-gnu)" "www.templeos.org"
250.37.222.251 - - [05/Jun/2017:02:07:18 -0700] "GET /videos/014HalfMan.MP4 HTTP/1.1" 200 196608 "http://www.templeos.org/videos/" "Wget/1.17.1 (linux-gnu)" "www.templeos.org"
250.37.222.251 - - [05/Jun/2017:02:07:18 -0700] "GET /videos/?N=A HTTP/1.1" 200 2600 "http://www.templeos.org/videos/?N=D" "Wget/1.17.1 (linux-gnu)" "www.templeos.org"
250.37.222.251 - - [05/Jun/2017:02:07:18 -0700] "GET /videos/?M=D HTTP/1.1" 200 2600 "http://www.templeos.org/videos/?M=A" "Wget/1.17.1 (linux-gnu)" "www.templeos.org"
250.37.222.251 - - [05/Jun/2017:02:07:18 -0700] "GET /videos/?S=D HTTP/1.1" 200 2600 "http://www.templeos.org/videos/?S=A" "Wget/1.17.1 (linux-gnu)" "www.templeos.org"
250.37.222.251 - - [05/Jun/2017:02:07:18 -0700] "GET /videos/?D=D HTTP/1.1" 200 2600 "http://www.templeos.org/videos/?D=A" "Wget/1.17.1 (linux-gnu)" "www.templeos.org"
250.37.222.251 - - [05/Jun/2017:02:07:19 -0700] "GET / HTTP/1.1" 200 2171 "-" "Wget/1.17.1 (linux-gnu)" "www.templeos.org"
250.37.222.251 - - [05/Jun/2017:02:07:19 -0700] "GET /robots.txt HTTP/1.1" 404 89 "-" "Wget/1.17.1 (linux-gnu)" "www.templeos.org"
250.37.222.251 - - [05/Jun/2017:02:07:19 -0700] "GET /main.JPG.html HTTP/1.1" 404 89 "http://www.templeos.org/" "Wget/1.17.1 (linux-gnu)" "www.templeos.org"
250.37.222.251 - - [05/Jun/2017:02:07:19 -0700] "GET /files.1.html HTTP/1.1" 404 89 "http://www.templeos.org/" "Wget/1.17.1 (linux-gnu)" "www.templeos.org"
250.37.222.251 - - [05/Jun/2017:02:07:19 -0700] "GET /videos.1.html HTTP/1.1" 404 89 "http://www.templeos.org/" "Wget/1.17.1 (linux-gnu)" "www.templeos.org"
118.22.78.7 - - [05/Jun/2017:02:07:23 -0700] "GET / HTTP/1.1" 200 2171 "-" "Mozilla/5.0 (Android 6.0.1; Mobile; rv:53.0) Gecko/53.0 Firefox/53.0" "www.templeos.org"
190.12.242.117 - - [05/Jun/2017:02:07:24 -0700] "GET /files/ HTTP/1.1" 200 819 "http://templeos.org/" "Mozilla/5.0 (X11; Linux x86_64) AppleWebKit/537.36 (KHTML, like Gecko) Chrome/58.0.3029.83 Safari/537.36" "www.templeos.org"
235.186.204.179 - - [05/Jun/2017:02:07:27 -0700] "GET /videos/SoldierTrim.MP4 HTTP/1.1" 404 89 "-" "Mozilla/5.0 (X11; Linux x86_64) AppleWebKit/537.36 (KHTML, like Gecko) Chrome/58.0.3029.114 Safari/537.36 Vivaldi/1.9.818.50" "www.templeos.org"
190.12.242.117 - - [05/Jun/2017:02:07:29 -0700] "GET /videos HTTP/1.1" 301 94 "http://templeos.org/" "Mozilla/5.0 (X11; Linux x86_64) AppleWebKit/537.36 (KHTML, like Gecko) Chrome/58.0.3029.83 Safari/537.36" "www.templeos.org"
190.12.242.117 - - [05/Jun/2017:02:07:29 -0700] "GET /videos/ HTTP/1.1" 200 2600 "http://templeos.org/" "Mozilla/5.0 (X11; Linux x86_64) AppleWebKit/537.36 (KHTML, like Gecko) Chrome/58.0.3029.83 Safari/537.36" "www.templeos.org"
63.26.185.178 - - [05/Jun/2017:02:07:46 -0700] "GET /videos/014HalfMan.MP4 HTTP/1.1" 200 176550866 "http://www.templeos.org/videos/" "Mozilla/5.0 (Macintosh; Intel Mac OS X 10_12_5) AppleWebKit/603.2.4 (KHTML, like Gecko) Version/10.1.1 Safari/603.2.4" "www.templeos.org"[162]
49.106.229.233 - - [05/Jun/2017:02:07:50 -0700] "GET / HTTP/1.1" 200 2171 "-" "Mozilla/5.0 (Windows NT 10.0; Win64; x64) AppleWebKit/537.36 (KHTML, like Gecko) Chrome/58.0.3029.110 Safari/537.36" "www.templeos.org"
45.125.182.48 - - [05/Jun/2017:02:07:57 -0700] "GET / HTTP/1.1" 200 2171 "https://www.google.pl/" "Mozilla/5.0 (Windows NT 6.1; Win64; x64) AppleWebKit/537.36 (KHTML, like Gecko) Chrome/58.0.3029.110 Safari/537.36" "www.templeos.org"
253.241.28.98 - - [05/Jun/2017:02:08:05 -0700] "GET /videos/013RomanMeal.MP4 HTTP/1.1" 206 202511623 "http://www.templeos.org/videos/013RomanMeal.MP4" "Mozilla/5.0 (Windows NT 6.3; WOW64; rv:51.0) Gecko/20100101 Firefox/51.0" "www.templeos.org"
45.125.182.48 - - [05/Jun/2017:02:08:13 -0700] "GET /files HTTP/1.1" 301 93 "http://www.templeos.org/" "Mozilla/5.0 (Windows NT 6.1; Win64; x64) AppleWebKit/537.36 (KHTML, like Gecko) Chrome/58.0.3029.110 Safari/537.36" "www.templeos.org"
45.125.182.48 - - [05/Jun/2017:02:08:13 -0700] "GET /files/ HTTP/1.1" 200 819 "http://www.templeos.org/" "Mozilla/5.0 (Windows NT 6.1; Win64; x64) AppleWebKit/537.36 (KHTML, like Gecko) Chrome/58.0.3029.110 Safari/537.36" "www.templeos.org"
49.106.229.233 - - [05/Jun/2017:02:08:16 -0700] "GET /videos HTTP/1.1" 301 94 "http://www.templeos.org/" "Mozilla/5.0 (Windows NT 10.0; Win64; x64) AppleWebKit/537.36 (KHTML, like Gecko) Chrome/58.0.3029.110 Safari/537.36" "www.templeos.org"
49.106.229.233 - - [05/Jun/2017:02:08:17 -0700] "GET /videos/ HTTP/1.1" 200 2600 "http://www.templeos.org/" "Mozilla/5.0 (Windows NT 10.0; Win64; x64) AppleWebKit/537.36 (KHTML, like Gecko) Chrome/58.0.3029.110 Safari/537.36" "www.templeos.org"
49.106.229.233 - - [05/Jun/2017:02:08:17 -0700] "GET /videos/ HTTP/1.1" 200 2600 "http://www.templeos.org/" "Mozilla/5.0 (Windows NT 10.0; Win64; x64) AppleWebKit/537.36 (KHTML, like Gecko) Chrome/58.0.3029.110 Safari/537.36" "www.templeos.org"
118.22.78.7 - - [05/Jun/2017:02:08:19 -0700] "GET /files HTTP/1.1" 301 93 "http://www.templeos.org/" "Mozilla/5.0 (Android 6.0.1; Mobile; rv:53.0) Gecko/53.0 Firefox/53.0" "www.templeos.org"
118.22.78.7 - - [05/Jun/2017:02:08:19 -0700] "GET /files/ HTTP/1.1" 200 819 "http://www.templeos.org/" "Mozilla/5.0 (Android 6.0.1; Mobile; rv:53.0) Gecko/53.0 Firefox/53.0" "www.templeos.org"
28.125.191.162 - - [05/Jun/2017:02:08:29 -0700] "GET / HTTP/1.1" 200 2171 "http://www.templeos.org/" "Mozilla/4.0 (compatible; MSIE 8.0; Windows NT 5.1; Trident/4.0; .NET CLR 2.0.50727; .NET CLR 3.0.04506.648; .NET CLR 3.5.21022; .NET CLR 3.0.4506.2152; .NET CLR 3.5.30729; InfoPath.2)" "www.templeos.org"
118.22.78.7 - - [05/Jun/2017:02:08:31 -0700] "GET /videos HTTP/1.1" 301 94 "http://www.templeos.org/" "Mozilla/5.0 (Android 6.0.1; Mobile; rv:53.0) Gecko/53.0 Firefox/53.0" "www.templeos.org"
118.22.78.7 - - [05/Jun/2017:02:08:31 -0700] "GET /videos/ HTTP/1.1" 200 2600 "http://www.templeos.org/" "Mozilla/5.0 (Android 6.0.1; Mobile; rv:53.0) Gecko/53.0 Firefox/53.0" "www.templeos.org"
159.195.9.219 - - [05/Jun/2017:02:08:37 -0700] "GET / HTTP/1.1" 200 2171 "-" "Mozilla/5.0 (X11; Linux x86_64; rv:45.0) Gecko/20100101 Firefox/45.0" "templeos.org"
118.22.78.7 - - [05/Jun/2017:02:08:41 -0700] "GET /videos/012Cinderella.MP4 HTTP/1.1" 206 118340 "http://www.templeos.org/videos/012Cinderella.MP4" "Mozilla/5.0 (Android 6.0.1; Mobile; rv:53.0) Gecko/53.0 Firefox/53.0" "www.templeos.org"[0]
118.22.78.7 - - [05/Jun/2017:02:08:42 -0700] "GET /videos/012Cinderella.MP4 HTTP/1.1" 206 524288 "http://www.templeos.org/videos/012Cinderella.MP4" "Mozilla/5.0 (Android 6.0.1; Mobile; rv:53.0) Gecko/53.0 Firefox/53.0" "www.templeos.org"
234.179.223.174 - - [05/Jun/2017:02:08:43 -0700] "GET /Family3_86-99/PART5/ALB43-25.JPG HTTP/1.1" 404 89 "-" "Mozilla/5.0 (compatible; AhrefsBot/5.2; +http://ahrefs.com/robot/)" "templeos.org"
28.125.191.162 - - [05/Jun/2017:02:08:44 -0700] "GET /files HTTP/1.1" 301 93 "http://www.templeos.org/files" "Mozilla/4.0 (compatible; MSIE 8.0; Windows NT 5.1; Trident/4.0; .NET CLR 2.0.50727; .NET CLR 3.0.04506.648; .NET CLR 3.5.21022; .NET CLR 3.0.4506.2152; .NET CLR 3.5.30729; InfoPath.2)" "www.templeos.org"
28.125.191.162 - - [05/Jun/2017:02:08:44 -0700] "GET /files/ HTTP/1.1" 200 819 "http://www.templeos.org/files/" "Mozilla/4.0 (compatible; MSIE 8.0; Windows NT 5.1; Trident/4.0; .NET CLR 2.0.50727; .NET CLR 3.0.04506.648; .NET CLR 3.5.21022; .NET CLR 3.0.4506.2152; .NET CLR 3.5.30729; InfoPath.2)" "www.templeos.org"
28.125.191.162 - - [05/Jun/2017:02:08:45 -0700] "GET /files/ HTTP/1.1" 200 819 "http://www.templeos.org/files/" "Mozilla/4.0 (compatible; MSIE 8.0; Windows NT 5.1; Trident/4.0; .NET CLR 2.0.50727; .NET CLR 3.0.04506.648; .NET CLR 3.5.21022; .NET CLR 3.0.4506.2152; .NET CLR 3.5.30729; InfoPath.2)" "www.templeos.org"
49.106.229.233 - - [05/Jun/2017:02:08:50 -0700] "GET /files HTTP/1.1" 301 93 "http://www.templeos.org/" "Mozilla/5.0 (Windows NT 10.0; Win64; x64) AppleWebKit/537.36 (KHTML, like Gecko) Chrome/58.0.3029.110 Safari/537.36" "www.templeos.org"
49.106.229.233 - - [05/Jun/2017:02:08:50 -0700] "GET /files/ HTTP/1.1" 200 819 "http://www.templeos.org/" "Mozilla/5.0 (Windows NT 10.0; Win64; x64) AppleWebKit/537.36 (KHTML, like Gecko) Chrome/58.0.3029.110 Safari/537.36" "www.templeos.org"
118.22.78.7 - - [05/Jun/2017:02:09:11 -0700] "GET /videos/012Cinderella.MP4 HTTP/1.1" 200 720896 "http://www.templeos.org/videos/" "Mozilla/5.0 (Android 6.0.1; Mobile; rv:53.0) Gecko/53.0 Firefox/53.0" "www.templeos.org"
96.220.209.94 - - [05/Jun/2017:02:09:39 -0700] "GET /Family2_78-86/part4/414-13.jpg HTTP/1.1" 404 89 "-" "Mozilla/5.0 (compatible; AhrefsBot/5.2; +http://ahrefs.com/robot/)" "templeos.org"
44.165.236.90 - - [05/Jun/2017:02:09:39 -0700] "GET /videos/014HalfMan.MP4 HTTP/1.1" 200 176550866 "-" "Wget/1.17.1 (linux-gnu)" "templeos.org"[325]
96.220.209.165 - - [05/Jun/2017:02:10:03 -0700] "GET /Family3_86-99/PART5/ALB47-12.JPG HTTP/1.1" 404 89 "-" "Mozilla/5.0 (compatible; AhrefsBot/5.2; +http://ahrefs.com/robot/)" "templeos.org"
234.179.223.228 - - [05/Jun/2017:02:10:20 -0700] "GET /Wb/Home/Wb2/Files/Psalmody/flung.html HTTP/1.1" 404 89 "-" "Mozilla/5.0 (compatible; AhrefsBot/5.2; +http://ahrefs.com/robot/)" "www.templeos.org"
19.191.175.131 - - [05/Jun/2017:02:10:45 -0700] "GET /Family4_99/part4/Alc37-08.jpg HTTP/1.1" 404 89 "-" "Mozilla/5.0 (compatible; AhrefsBot/5.2; +http://ahrefs.com/robot/)" "www.templeos.org"
96.220.209.223 - - [05/Jun/2017:02:11:16 -0700] "GET /Wb/Kernel/KernelC.html HTTP/1.1" 404 89 "-" "Mozilla/5.0 (compatible; AhrefsBot/5.2; +http://ahrefs.com/robot/)" "www.templeos.org"
49.106.229.233 - - [05/Jun/2017:02:12:26 -0700] "GET /videos/001HereIAmLord.MP4 HTTP/1.1" 200 75333258 "http://www.templeos.org/videos/" "Mozilla/5.0 (Windows NT 10.0; Win64; x64) AppleWebKit/537.36 (KHTML, like Gecko) Chrome/58.0.3029.110 Safari/537.36" "www.templeos.org"
197.182.117.120 - - [05/Jun/2017:02:12:35 -0700] "GET /wp-login.php HTTP/1.1" 200 73 "-" "Mozilla/5.0 (Windows NT 6.1; WOW64; rv:40.0) Gecko/20100101 Firefox/40.1" "www.templeos.org"
197.182.117.120 - - [05/Jun/2017:02:12:35 -0700] "GET / HTTP/1.1" 200 2171 "-" "Mozilla/5.0 (Windows NT 6.1; WOW64; rv:40.0) Gecko/20100101 Firefox/40.1" "www.templeos.org"
159.93.111.109 - - [05/Jun/2017:02:12:41 -0700] "GET /videos/ HTTP/1.1" 200 2600 "http://www.templeos.org/" "Mozilla/5.0 (Windows NT 6.1; Win64; x64) AppleWebKit/537.36 (KHTML, like Gecko) Chrome/58.0.3029.110 Safari/537.36" "www.templeos.org"
159.93.111.109 - - [05/Jun/2017:02:12:42 -0700] "GET /favicon.ico HTTP/1.1" 304 - "http://www.templeos.org/videos/" "Mozilla/5.0 (Windows NT 6.1; Win64; x64) AppleWebKit/537.36 (KHTML, like Gecko) Chrome/58.0.3029.110 Safari/537.36" "www.templeos.org"
120.11.131.33 - - [05/Jun/2017:02:13:09 -0700] "GET /Wb/Misc/PCIDevices.html HTTP/1.1" 404 89 "-" "Mozilla/5.0 (Windows NT 5.1) AppleWebKit/537.36 (KHTML, like Gecko) Chrome/41.0.2224.3 Safari/537.36" "www.templeos.org"
111.12.93.181 - - [05/Jun/2017:02:13:10 -0700] "GET /robots.txt HTTP/1.1" 404 89 "-" "Mozilla/5.0 (compatible; DotBot/1.1; http://www.opensiteexplorer.org/dotbot, help@moz.com)" "www.templeos.org"
118.22.78.7 - - [05/Jun/2017:02:13:30 -0700] "GET /videos/012Cinderella.MP4 HTTP/1.1" 206 119275520 "http://www.templeos.org/videos/012Cinderella.MP4" "Mozilla/5.0 (Android 6.0.1; Mobile; rv:53.0) Gecko/53.0 Firefox/53.0" "www.templeos.org"
118.22.78.7 - - [05/Jun/2017:02:13:41 -0700] "GET /videos/013RomanMeal.MP4 HTTP/1.1" 206 201991 "http://www.templeos.org/videos/013RomanMeal.MP4" "Mozilla/5.0 (Android 6.0.1; Mobile; rv:53.0) Gecko/53.0 Firefox/53.0" "www.templeos.org"
19.191.175.72 - - [05/Jun/2017:02:13:44 -0700] "GET /Wb/Home/Web/TAD/BlogDir/2017May/TAD170511.DD.Z HTTP/1.1" 404 89 "-" "Mozilla/5.0 (compatible; AhrefsBot/5.2; +http://ahrefs.com/robot/)" "www.templeos.org"
96.220.209.166 - - [05/Jun/2017:02:14:08 -0700] "GET /Family3_86-99/PART4/603-98.jpg HTTP/1.1" 404 89 "-" "Mozilla/5.0 (compatible; AhrefsBot/5.2; +http://ahrefs.com/robot/)" "www.templeos.org"
118.22.78.7 - - [05/Jun/2017:02:14:11 -0700] "GET /videos/013RomanMeal.MP4 HTTP/1.1" 200 589824 "http://www.templeos.org/videos/" "Mozilla/5.0 (Android 6.0.1; Mobile; rv:53.0) Gecko/53.0 Firefox/53.0" "www.templeos.org"
118.22.78.7 - - [05/Jun/2017:02:14:12 -0700] "GET /videos/013RomanMeal.MP4 HTTP/1.1" 206 589824 "http://www.templeos.org/videos/013RomanMeal.MP4" "Mozilla/5.0 (Android 6.0.1; Mobile; rv:53.0) Gecko/53.0 Firefox/53.0" "www.templeos.org"
190.79.192.67 - - [05/Jun/2017:02:15:04 -0700] "GET /wp-login.php HTTP/1.1" 200 73 "-" "Mozilla/5.0 (Windows NT 6.1; WOW64; rv:40.0) Gecko/20100101 Firefox/40.1" "www.templeos.org"
190.79.192.67 - - [05/Jun/2017:02:15:04 -0700] "GET / HTTP/1.1" 200 2171 "-" "Mozilla/5.0 (Windows NT 6.1; WOW64; rv:40.0) Gecko/20100101 Firefox/40.1" "www.templeos.org"
144.93.217.3 - - [05/Jun/2017:02:15:09 -0700] "GET /Wb/Home/Web/ScrnShots.html HTTP/1.1" 404 89 "-" "Mozilla/5.0 (compatible; YandexBot/3.0; +http://yandex.com/bots)" "www.templeos.org"
28.139.167.43 - - [05/Jun/2017:02:15:42 -0700] "GET / HTTP/1.1" 200 2171 "https://www.google.se/" "Mozilla/5.0 (Windows NT 10.0; WOW64; rv:53.0) Gecko/20100101 Firefox/53.0" "www.templeos.org"
28.139.167.43 - - [05/Jun/2017:02:16:04 -0700] "GET /videos/ HTTP/1.1" 200 2600 "http://www.templeos.org/" "Mozilla/5.0 (Windows NT 10.0; WOW64; rv:53.0) Gecko/20100101 Firefox/53.0" "www.templeos.org"
118.22.78.7 - - [05/Jun/2017:02:16:09 -0700] "GET /videos/013RomanMeal.MP4 HTTP/1.1" 206 63307776 "http://www.templeos.org/videos/013RomanMeal.MP4" "Mozilla/5.0 (Android 6.0.1; Mobile; rv:53.0) Gecko/53.0 Firefox/53.0" "www.templeos.org"
96.220.209.23 - - [05/Jun/2017:02:16:15 -0700] "GET /Wb/Home/Downloads/Comics/Moses063.html HTTP/1.1" 404 89 "-" "Mozilla/5.0 (compatible; AhrefsBot/5.2; +http://ahrefs.com/robot/)" "www.templeos.org"
28.139.167.43 - - [05/Jun/2017:02:16:16 -0700] "GET /videos/013RomanMeal.MP4 HTTP/1.1" 206 201991 "http://www.templeos.org/videos/013RomanMeal.MP4" "Mozilla/5.0 (Windows NT 10.0; WOW64; rv:53.0) Gecko/20100101 Firefox/53.0" "www.templeos.org"
118.22.78.7 - - [05/Jun/2017:02:16:16 -0700] "GET /videos/013RomanMeal.MP4 HTTP/1.1" 206 1769472 "http://www.templeos.org/videos/013RomanMeal.MP4" "Mozilla/5.0 (Android 6.0.1; Mobile; rv:53.0) Gecko/53.0 Firefox/53.0" "www.templeos.org"
28.139.167.43 - - [05/Jun/2017:02:16:16 -0700] "GET /videos/013RomanMeal.MP4 HTTP/1.1" 200 589824 "http://www.templeos.org/videos/" "Mozilla/5.0 (Windows NT 10.0; WOW64; rv:53.0) Gecko/20100101 Firefox/53.0" "www.templeos.org"
118.22.78.7 - - [05/Jun/2017:02:16:19 -0700] "GET /videos/013RomanMeal.MP4 HTTP/1.1" 206 1507328 "http://www.templeos.org/videos/013RomanMeal.MP4" "Mozilla/5.0 (Android 6.0.1; Mobile; rv:53.0) Gecko/53.0 Firefox/53.0" "www.templeos.org"
82.17.15.41 - - [05/Jun/2017:02:16:20 -0700] "GET /videos HTTP/1.1" 301 90 "-" "Mozilla/5.0 (X11; Linux x86_64) AppleWebKit/537.36 (KHTML, like Gecko) Chrome/58.0.3029.110 Safari/537.36" "templeos.org"
82.17.15.41 - - [05/Jun/2017:02:16:21 -0700] "GET /videos/ HTTP/1.1" 200 2600 "-" "Mozilla/5.0 (X11; Linux x86_64) AppleWebKit/537.36 (KHTML, like Gecko) Chrome/58.0.3029.110 Safari/537.36" "templeos.org"
28.139.167.43 - - [05/Jun/2017:02:16:21 -0700] "GET /videos/013RomanMeal.MP4 HTTP/1.1" 206 524288 "http://www.templeos.org/videos/013RomanMeal.MP4" "Mozilla/5.0 (Windows NT 10.0; WOW64; rv:53.0) Gecko/20100101 Firefox/53.0" "www.templeos.org"
28.139.167.43 - - [05/Jun/2017:02:16:21 -0700] "GET /videos/013RomanMeal.MP4 HTTP/1.1" 206 524288 "http://www.templeos.org/videos/013RomanMeal.MP4" "Mozilla/5.0 (Windows NT 10.0; WOW64; rv:53.0) Gecko/20100101 Firefox/53.0" "www.templeos.org"
28.139.167.43 - - [05/Jun/2017:02:16:21 -0700] "GET /videos/013RomanMeal.MP4 HTTP/1.1" 206 201991 "http://www.templeos.org/videos/013RomanMeal.MP4" "Mozilla/5.0 (Windows NT 10.0; WOW64; rv:53.0) Gecko/20100101 Firefox/53.0" "www.templeos.org"
82.17.15.41 - - [05/Jun/2017:02:16:22 -0700] "GET /favicon.ico HTTP/1.1" 200 9918 "http://templeos.org/videos/" "Mozilla/5.0 (X11; Linux x86_64) AppleWebKit/537.36 (KHTML, like Gecko) Chrome/58.0.3029.110 Safari/537.36" "templeos.org"
164.165.8.88 - - [05/Jun/2017:02:16:22 -0700] "GET /videos/SoldierTrim.MP4 HTTP/1.1" 404 89 "-" "Mozilla/5.0 (X11; Linux x86_64) AppleWebKit/537.36 (KHTML, like Gecko) Chrome/58.0.3029.110 Safari/537.36" "www.templeos.org"
28.139.167.43 - - [05/Jun/2017:02:16:22 -0700] "GET /videos/013RomanMeal.MP4 HTTP/1.1" 206 720896 "http://www.templeos.org/videos/013RomanMeal.MP4" "Mozilla/5.0 (Windows NT 10.0; WOW64; rv:53.0) Gecko/20100101 Firefox/53.0" "www.templeos.org"
82.17.15.41 - - [05/Jun/2017:02:16:25 -0700] "GET / HTTP/1.1" 200 2171 "http://templeos.org/videos/" "Mozilla/5.0 (X11; Linux x86_64) AppleWebKit/537.36 (KHTML, like Gecko) Chrome/58.0.3029.110 Safari/537.36" "templeos.org"
147.153.196.100 - - [05/Jun/2017:02:16:27 -0700] "GET /Wb/Adam/Opt/Boot/BootDVD.html HTTP/1.1" 404 89 "-" "Mozilla/5.0 (compatible; DeuSu/5.0.2; +https://deusu.de/robot.html)" "www.templeos.org"
19.191.175.204 - - [05/Jun/2017:02:16:28 -0700] "GET /Family4_99/part4/Alc44-15.jpg HTTP/1.1" 404 89 "-" "Mozilla/5.0 (compatible; AhrefsBot/5.2; +http://ahrefs.com/robot/)" "www.templeos.org"
164.165.8.88 - - [05/Jun/2017:02:16:31 -0700] "GET / HTTP/1.1" 200 2171 "-" "Mozilla/5.0 (X11; Linux x86_64) AppleWebKit/537.36 (KHTML, like Gecko) Chrome/58.0.3029.110 Safari/537.36" "www.templeos.org"
82.17.15.41 - - [05/Jun/2017:02:16:35 -0700] "GET /files HTTP/1.1" 301 93 "http://templeos.org/" "Mozilla/5.0 (X11; Linux x86_64) AppleWebKit/537.36 (KHTML, like Gecko) Chrome/58.0.3029.110 Safari/537.36" "www.templeos.org"
82.17.15.41 - - [05/Jun/2017:02:16:35 -0700] "GET /files/ HTTP/1.1" 200 819 "http://templeos.org/" "Mozilla/5.0 (X11; Linux x86_64) AppleWebKit/537.36 (KHTML, like Gecko) Chrome/58.0.3029.110 Safari/537.36" "www.templeos.org"
82.17.15.41 - - [05/Jun/2017:02:16:44 -0700] "GET /videos HTTP/1.1" 301 94 "http://templeos.org/" "Mozilla/5.0 (X11; Linux x86_64) AppleWebKit/537.36 (KHTML, like Gecko) Chrome/58.0.3029.110 Safari/537.36" "www.templeos.org"
82.17.15.41 - - [05/Jun/2017:02:16:45 -0700] "GET /videos/ HTTP/1.1" 200 2600 "http://templeos.org/" "Mozilla/5.0 (X11; Linux x86_64) AppleWebKit/537.36 (KHTML, like Gecko) Chrome/58.0.3029.110 Safari/537.36" "www.templeos.org"
164.165.8.88 - - [05/Jun/2017:02:16:49 -0700] "GET /videos HTTP/1.1" 301 94 "http://www.templeos.org/" "Mozilla/5.0 (X11; Linux x86_64) AppleWebKit/537.36 (KHTML, like Gecko) Chrome/58.0.3029.110 Safari/537.36" "www.templeos.org"
164.165.8.88 - - [05/Jun/2017:02:16:50 -0700] "GET /videos/ HTTP/1.1" 200 2600 "http://www.templeos.org/" "Mozilla/5.0 (X11; Linux x86_64) AppleWebKit/537.36 (KHTML, like Gecko) Chrome/58.0.3029.110 Safari/537.36" "www.templeos.org"
164.165.8.88 - - [05/Jun/2017:02:16:55 -0700] "GET /videos/014HalfMan.MP4 HTTP/1.1" 206 1 "http://www.templeos.org/videos/" "Mozilla/5.0 (X11; Linux x86_64) AppleWebKit/537.36 (KHTML, like Gecko) Chrome/58.0.3029.110 Safari/537.36" "www.templeos.org"
82.17.15.41 - - [05/Jun/2017:02:16:58 -0700] "GET /videos/ HTTP/1.1" 200 2600 "http://templeos.org/" "Mozilla/5.0 (X11; Linux x86_64) AppleWebKit/537.36 (KHTML, like Gecko) Chrome/58.0.3029.110 Safari/537.36" "www.templeos.org"
164.165.8.88 - - [05/Jun/2017:02:16:59 -0700] "GET /videos/014HalfMan.MP4 HTTP/1.1" 206 524288 "http://www.templeos.org/videos/" "Mozilla/5.0 (X11; Linux x86_64) AppleWebKit/537.36 (KHTML, like Gecko) Chrome/58.0.3029.110 Safari/537.36" "www.templeos.org"
234.179.223.231 - - [05/Jun/2017:02:17:00 -0700] "GET /Family3_86-99/PART3/574-08.jpg HTTP/1.1" 404 89 "-" "Mozilla/5.0 (compatible; AhrefsBot/5.2; +http://ahrefs.com/robot/)" "www.templeos.org"
164.165.8.88 - - [05/Jun/2017:02:17:05 -0700] "GET /videos/SoldierTrim.MP4 HTTP/1.1" 404 89 "https://boards.4chan.org/" "Mozilla/5.0 (X11; Linux x86_64) AppleWebKit/537.36 (KHTML, like Gecko) Chrome/58.0.3029.110 Safari/537.36" "www.templeos.org"
129.50.75.242 - - [05/Jun/2017:02:17:17 -0700] "GET /videos/ HTTP/1.1" 200 2600 "http://www.templeos.org/" "Mozilla/5.0 (Android 7.0; Tablet; rv:53.0) Gecko/53.0 Firefox/53.0" "www.templeos.org"
250.37.222.251 - - [05/Jun/2017:02:17:19 -0700] "GET /files/ HTTP/1.1" 200 819 "-" "Wget/1.17.1 (linux-gnu)" "www.templeos.org"
250.37.222.251 - - [05/Jun/2017:02:17:19 -0700] "GET /robots.txt HTTP/1.1" 404 89 "-" "Wget/1.17.1 (linux-gnu)" "www.templeos.org"
250.37.222.251 - - [05/Jun/2017:02:17:19 -0700] "GET /files/?N=D HTTP/1.1" 200 819 "http://www.templeos.org/files/" "Wget/1.17.1 (linux-gnu)" "www.templeos.org"
250.37.222.251 - - [05/Jun/2017:02:17:19 -0700] "GET /files/?M=A HTTP/1.1" 200 819 "http://www.templeos.org/files/" "Wget/1.17.1 (linux-gnu)" "www.templeos.org"
250.37.222.251 - - [05/Jun/2017:02:17:19 -0700] "GET /files/?S=A HTTP/1.1" 200 819 "http://www.templeos.org/files/" "Wget/1.17.1 (linux-gnu)" "www.templeos.org"
250.37.222.251 - - [05/Jun/2017:02:17:19 -0700] "GET /files/?D=A HTTP/1.1" 200 819 "http://www.templeos.org/files/" "Wget/1.17.1 (linux-gnu)" "www.templeos.org"
250.37.222.251 - - [05/Jun/2017:02:17:19 -0700] "GET /files/TOS_Distro.ISO HTTP/1.1" 200 196608 "http://www.templeos.org/files/" "Wget/1.17.1 (linux-gnu)" "www.templeos.org"
250.37.222.251 - - [05/Jun/2017:02:17:19 -0700] "GET /files/TOS_Supplemental1.ISO.C HTTP/1.1" 200 65536 "http://www.templeos.org/files/" "Wget/1.17.1 (linux-gnu)" "www.templeos.org"
250.37.222.251 - - [05/Jun/2017:02:17:19 -0700] "GET /files/?N=A HTTP/1.1" 200 819 "http://www.templeos.org/files/?N=D" "Wget/1.17.1 (linux-gnu)" "www.templeos.org"
250.37.222.251 - - [05/Jun/2017:02:17:19 -0700] "GET /files/?M=D HTTP/1.1" 200 819 "http://www.templeos.org/files/?M=A" "Wget/1.17.1 (linux-gnu)" "www.templeos.org"
250.37.222.251 - - [05/Jun/2017:02:17:19 -0700] "GET /files/?S=D HTTP/1.1" 200 819 "http://www.templeos.org/files/?S=A" "Wget/1.17.1 (linux-gnu)" "www.templeos.org"
250.37.222.251 - - [05/Jun/2017:02:17:19 -0700] "GET /files/?D=D HTTP/1.1" 200 819 "http://www.templeos.org/files/?D=A" "Wget/1.17.1 (linux-gnu)" "www.templeos.org"
250.37.222.251 - - [05/Jun/2017:02:17:20 -0700] "GET /videos/ HTTP/1.1" 200 2600 "-" "Wget/1.17.1 (linux-gnu)" "www.templeos.org"
250.37.222.251 - - [05/Jun/2017:02:17:20 -0700] "GET /robots.txt HTTP/1.1" 404 89 "-" "Wget/1.17.1 (linux-gnu)" "www.templeos.org"
250.37.222.251 - - [05/Jun/2017:02:17:20 -0700] "GET /videos/?N=D HTTP/1.1" 200 2600 "http://www.templeos.org/videos/" "Wget/1.17.1 (linux-gnu)" "www.templeos.org"
250.37.222.251 - - [05/Jun/2017:02:17:20 -0700] "GET /videos/?M=A HTTP/1.1" 200 2600 "http://www.templeos.org/videos/" "Wget/1.17.1 (linux-gnu)" "www.templeos.org"
250.37.222.251 - - [05/Jun/2017:02:17:20 -0700] "GET /videos/?S=A HTTP/1.1" 200 2600 "http://www.templeos.org/videos/" "Wget/1.17.1 (linux-gnu)" "www.templeos.org"
250.37.222.251 - - [05/Jun/2017:02:17:20 -0700] "GET /videos/?D=A HTTP/1.1" 200 2600 "http://www.templeos.org/videos/" "Wget/1.17.1 (linux-gnu)" "www.templeos.org"
250.37.222.251 - - [05/Jun/2017:02:17:20 -0700] "GET /videos/001HereIAmLord.MP4 HTTP/1.1" 200 196608 "http://www.templeos.org/videos/" "Wget/1.17.1 (linux-gnu)" "www.templeos.org"
250.37.222.251 - - [05/Jun/2017:02:17:20 -0700] "GET /videos/002SinkCleaning.MP4 HTTP/1.1" 200 196608 "http://www.templeos.org/videos/" "Wget/1.17.1 (linux-gnu)" "www.templeos.org"
250.37.222.251 - - [05/Jun/2017:02:17:20 -0700] "GET /videos/004EvictSpaghetti.MP4 HTTP/1.1" 200 196608 "http://www.templeos.org/videos/" "Wget/1.17.1 (linux-gnu)" "www.templeos.org"
250.37.222.251 - - [05/Jun/2017:02:17:20 -0700] "GET /videos/005BugleBoy.MP4 HTTP/1.1" 200 196608 "http://www.templeos.org/videos/" "Wget/1.17.1 (linux-gnu)" "www.templeos.org"
250.37.222.251 - - [05/Jun/2017:02:17:20 -0700] "GET /videos/006SpaghettiJew.MP4 HTTP/1.1" 200 196608 "http://www.templeos.org/videos/" "Wget/1.17.1 (linux-gnu)" "www.templeos.org"
250.37.222.251 - - [05/Jun/2017:02:17:20 -0700] "GET /videos/007SolidFoundation.MP4 HTTP/1.1" 200 196608 "http://www.templeos.org/videos/" "Wget/1.17.1 (linux-gnu)" "www.templeos.org"
250.37.222.251 - - [05/Jun/2017:02:17:20 -0700] "GET /videos/008GraciousSpoilage.MP4 HTTP/1.1" 200 196608 "http://www.templeos.org/videos/" "Wget/1.17.1 (linux-gnu)" "www.templeos.org"
250.37.222.251 - - [05/Jun/2017:02:17:20 -0700] "GET /videos/009SurprisedButterfly.MP4 HTTP/1.1" 200 196608 "http://www.templeos.org/videos/" "Wget/1.17.1 (linux-gnu)" "www.templeos.org"
250.37.222.251 - - [05/Jun/2017:02:17:20 -0700] "GET /videos/010TouchingBasis.MP4 HTTP/1.1" 200 196608 "http://www.templeos.org/videos/" "Wget/1.17.1 (linux-gnu)" "www.templeos.org"[0]
250.37.222.251 - - [05/Jun/2017:02:17:20 -0700] "GET /videos/011GravelTriangle.MP4 HTTP/1.1" 200 196608 "http://www.templeos.org/videos/" "Wget/1.17.1 (linux-gnu)" "www.templeos.org"
250.37.222.251 - - [05/Jun/2017:02:17:20 -0700] "GET /videos/012Cinderella.MP4 HTTP/1.1" 200 196608 "http://www.templeos.org/videos/" "Wget/1.17.1 (linux-gnu)" "www.templeos.org"
250.37.222.251 - - [05/Jun/2017:02:17:20 -0700] "GET /videos/013RomanMeal.MP4 HTTP/1.1" 200 196608 "http://www.templeos.org/videos/" "Wget/1.17.1 (linux-gnu)" "www.templeos.org"
250.37.222.251 - - [05/Jun/2017:02:17:20 -0700] "GET /videos/014HalfMan.MP4 HTTP/1.1" 200 65536 "http://www.templeos.org/videos/" "Wget/1.17.1 (linux-gnu)" "www.templeos.org"
250.37.222.251 - - [05/Jun/2017:02:17:21 -0700] "GET /videos/?N=A HTTP/1.1" 200 2600 "http://www.templeos.org/videos/?N=D" "Wget/1.17.1 (linux-gnu)" "www.templeos.org"
250.37.222.251 - - [05/Jun/2017:02:17:21 -0700] "GET /videos/?M=D HTTP/1.1" 200 2600 "http://www.templeos.org/videos/?M=A" "Wget/1.17.1 (linux-gnu)" "www.templeos.org"
250.37.222.251 - - [05/Jun/2017:02:17:21 -0700] "GET /videos/?S=D HTTP/1.1" 200 2600 "http://www.templeos.org/videos/?S=A" "Wget/1.17.1 (linux-gnu)" "www.templeos.org"
250.37.222.251 - - [05/Jun/2017:02:17:21 -0700] "GET /videos/?D=D HTTP/1.1" 200 2600 "http://www.templeos.org/videos/?D=A" "Wget/1.17.1 (linux-gnu)" "www.templeos.org"
250.37.222.251 - - [05/Jun/2017:02:17:21 -0700] "GET / HTTP/1.1" 200 2171 "-" "Wget/1.17.1 (linux-gnu)" "www.templeos.org"
250.37.222.251 - - [05/Jun/2017:02:17:21 -0700] "GET /robots.txt HTTP/1.1" 404 89 "-" "Wget/1.17.1 (linux-gnu)" "www.templeos.org"
250.37.222.251 - - [05/Jun/2017:02:17:21 -0700] "GET /main.JPG.html HTTP/1.1" 404 89 "http://www.templeos.org/" "Wget/1.17.1 (linux-gnu)" "www.templeos.org"
250.37.222.251 - - [05/Jun/2017:02:17:21 -0700] "GET /files.1.html HTTP/1.1" 404 89 "http://www.templeos.org/" "Wget/1.17.1 (linux-gnu)" "www.templeos.org"[0]
250.37.222.251 - - [05/Jun/2017:02:17:21 -0700] "GET /videos.1.html HTTP/1.1" 404 89 "http://www.templeos.org/" "Wget/1.17.1 (linux-gnu)" "www.templeos.org"
82.17.15.41 - - [05/Jun/2017:02:17:21 -0700] "GET /videos/ HTTP/1.1" 200 2600 "-" "Wget/1.16 (linux-gnueabihf)" "www.templeos.org"
82.17.15.41 - - [05/Jun/2017:02:17:21 -0700] "GET /robots.txt HTTP/1.1" 404 89 "-" "Wget/1.16 (linux-gnueabihf)" "www.templeos.org"
82.17.15.41 - - [05/Jun/2017:02:17:22 -0700] "GET /videos/?N=D HTTP/1.1" 200 2600 "http://www.templeos.org/videos/" "Wget/1.16 (linux-gnueabihf)" "www.templeos.org"
82.17.15.41 - - [05/Jun/2017:02:17:22 -0700] "GET /videos/?M=A HTTP/1.1" 200 2600 "http://www.templeos.org/videos/" "Wget/1.16 (linux-gnueabihf)" "www.templeos.org"
82.17.15.41 - - [05/Jun/2017:02:17:22 -0700] "GET /videos/?S=A HTTP/1.1" 200 2600 "http://www.templeos.org/videos/" "Wget/1.16 (linux-gnueabihf)" "www.templeos.org"
82.17.15.41 - - [05/Jun/2017:02:17:22 -0700] "GET /videos/?D=A HTTP/1.1" 200 2600 "http://www.templeos.org/videos/" "Wget/1.16 (linux-gnueabihf)" "www.templeos.org"
82.17.15.41 - - [05/Jun/2017:02:17:22 -0700] "GET / HTTP/1.1" 200 2171 "http://www.templeos.org/videos/" "Wget/1.16 (linux-gnueabihf)" "www.templeos.org"
14.129.227.220 - - [05/Jun/2017:02:17:32 -0700] "GET /videos/SoldierTrim.MP4 HTTP/1.1" 404 89 "http://boards.4chan.org/" "Mozilla/5.0 (Windows NT 10.0; WOW64; rv:53.0) Gecko/20100101 Firefox/53.0" "www.templeos.org"
172.131.168.182 - - [05/Jun/2017:02:17:42 -0700] "GET / HTTP/1.1" 200 2171 "-" "Mozilla/5.0 (Windows NT 6.1; Win64; x64) AppleWebKit/537.36 (KHTML, like Gecko) Chrome/58.0.3029.110 Safari/537.36" "www.templeos.org"
172.131.168.182 - - [05/Jun/2017:02:17:45 -0700] "GET /files HTTP/1.1" 301 93 "http://www.templeos.org/" "Mozilla/5.0 (Windows NT 6.1; Win64; x64) AppleWebKit/537.36 (KHTML, like Gecko) Chrome/58.0.3029.110 Safari/537.36" "www.templeos.org"
172.131.168.182 - - [05/Jun/2017:02:17:45 -0700] "GET /files/ HTTP/1.1" 200 819 "http://www.templeos.org/" "Mozilla/5.0 (Windows NT 6.1; Win64; x64) AppleWebKit/537.36 (KHTML, like Gecko) Chrome/58.0.3029.110 Safari/537.36" "www.templeos.org"
62.49.18.139 - - [05/Jun/2017:02:17:46 -0700] "GET /index.html HTTP/1.1" 200 2171 "-" "Mozilla/5.0 (compatible; bingbot/2.0; +http://www.bing.com/bingbot.htm)" "templeos.org"
114.137.144.113 - - [05/Jun/2017:02:18:22 -0700] "GET /videos/ HTTP/1.1" 200 2600 "http://www.templeos.org/" "Mozilla/5.0 (Windows NT 10.0; Win64; x64; rv:52.0) Gecko/20100101 Firefox/52.0" "www.templeos.org"
114.137.144.113 - - [05/Jun/2017:02:18:25 -0700] "GET / HTTP/1.1" 200 2171 "http://www.templeos.org/videos/" "Mozilla/5.0 (Windows NT 10.0; Win64; x64; rv:52.0) Gecko/20100101 Firefox/52.0" "www.templeos.org"
114.137.144.113 - - [05/Jun/2017:02:18:26 -0700] "GET / HTTP/1.1" 200 2171 "http://www.templeos.org/videos/" "Mozilla/5.0 (Windows NT 10.0; Win64; x64; rv:52.0) Gecko/20100101 Firefox/52.0" "www.templeos.org"
28.139.167.43 - - [05/Jun/2017:02:18:50 -0700] "GET /videos/013RomanMeal.MP4 HTTP/1.1" 206 202609927 "http://www.templeos.org/videos/013RomanMeal.MP4" "Mozilla/5.0 (Windows NT 10.0; WOW64; rv:53.0) Gecko/20100101 Firefox/53.0" "www.templeos.org"
82.17.15.41 - - [05/Jun/2017:02:19:04 -0700] "GET /videos/001HereIAmLord.MP4 HTTP/1.1" 200 75333258 "http://www.templeos.org/videos/" "Wget/1.16 (linux-gnueabihf)" "www.templeos.org"
96.220.209.236 - - [05/Jun/2017:02:19:24 -0700] "GET /Family3_86-99/PART6/ALB65-01.JPG HTTP/1.1" 404 89 "-" "Mozilla/5.0 (compatible; AhrefsBot/5.2; +http://ahrefs.com/robot/)" "www.templeos.org"
118.22.78.7 - - [05/Jun/2017:02:19:27 -0700] "GET /videos/013RomanMeal.MP4 HTTP/1.1" 206 655360 "http://www.templeos.org/videos/013RomanMeal.MP4" "Mozilla/5.0 (Android 6.0.1; Mobile; rv:53.0) Gecko/53.0 Firefox/53.0" "www.templeos.org"
133.193.194.121 - - [05/Jun/2017:02:19:39 -0700] "GET /Wb/Home/Web/TAD/BlogDir/2017February/TAD170204.html HTTP/1.1" 404 89 "-" "Mozilla/5.0 (Windows NT 10.0; Win64; x64) AppleWebKit/537.36 (KHTML, like Gecko) Chrome/54.0.2840.99 Safari/537.36" "www.templeos.org"
147.85.249.164 - - [05/Jun/2017:02:19:40 -0700] "GET /Wb/Home/Web/TAD/BlogDir/2017February/TAD170204.html HTTP/1.1" 404 89 "-" "Mozilla/5.0 (Windows NT 10.0; Win64; x64) AppleWebKit/537.36 (KHTML, like Gecko) Chrome/54.0.2840.99 Safari/537.36" "www.templeos.org"
56.202.165.204 - - [05/Jun/2017:02:19:55 -0700] "GET /Family1_58-78/part1/004-14.jpg HTTP/1.1" 404 89 "-" "Mozilla/5.0 (compatible; YandexImages/3.0; +http://yandex.com/bots)" "templeos.org"
9.17.69.154 - - [05/Jun/2017:02:20:01 -0700] "GET / HTTP/1.1" 200 2171 "-" "Mozilla/5.0 (X11; Linux armv7l) AppleWebKit/537.36 (KHTML, like Gecko) Chrome/56.0.2924.84 Safari/537.36" "www.templeos.org"
19.191.175.110 - - [05/Jun/2017:02:20:16 -0700] "GET /Wb/Home/Sup1/Sup1Hymns/environeth.HC.Z HTTP/1.1" 404 89 "-" "Mozilla/5.0 (compatible; AhrefsBot/5.2; +http://ahrefs.com/robot/)" "www.templeos.org"
9.17.69.154 - - [05/Jun/2017:02:20:17 -0700] "GET /videos HTTP/1.1" 301 94 "http://www.templeos.org/" "Mozilla/5.0 (X11; Linux armv7l) AppleWebKit/537.36 (KHTML, like Gecko) Chrome/56.0.2924.84 Safari/537.36" "www.templeos.org"
9.17.69.154 - - [05/Jun/2017:02:20:17 -0700] "GET /videos/ HTTP/1.1" 200 2600 "http://www.templeos.org/" "Mozilla/5.0 (X11; Linux armv7l) AppleWebKit/537.36 (KHTML, like Gecko) Chrome/56.0.2924.84 Safari/537.36" "www.templeos.org"
114.137.144.113 - - [05/Jun/2017:02:20:25 -0700] "GET /videos/?N=D HTTP/1.1" 200 2600 "http://www.templeos.org/videos/" "Mozilla/5.0 (Windows NT 10.0; Win64; x64) AppleWebKit/537.36 (KHTML, like Gecko) Chrome/58.0.3029.110 Safari/537.36" "www.templeos.org"
118.22.78.7 - - [05/Jun/2017:02:20:29 -0700] "GET /videos/013RomanMeal.MP4 HTTP/1.1" 206 42663936 "http://www.templeos.org/videos/013RomanMeal.MP4" "Mozilla/5.0 (Android 6.0.1; Mobile; rv:53.0) Gecko/53.0 Firefox/53.0" "www.templeos.org"
118.22.78.7 - - [05/Jun/2017:02:20:37 -0700] "GET /videos/014HalfMan.MP4 HTTP/1.1" 206 160722 "http://www.templeos.org/videos/014HalfMan.MP4" "Mozilla/5.0 (Android 6.0.1; Mobile; rv:53.0) Gecko/53.0 Firefox/53.0" "www.templeos.org"
118.22.78.7 - - [05/Jun/2017:02:20:37 -0700] "GET /videos/013RomanMeal.MP4 HTTP/1.1" 206 63152582 "http://www.templeos.org/videos/013RomanMeal.MP4" "Mozilla/5.0 (Android 6.0.1; Mobile; rv:53.0) Gecko/53.0 Firefox/53.0" "www.templeos.org"
19.45.100.120 - - [05/Jun/2017:02:20:48 -0700] "GET / HTTP/1.1" 200 2171 "https://duckduckgo.com/" "Mozilla/5.0 (Windows NT 10.0; Win64; x64; rv:54.0) Gecko/20100101 Firefox/54.0" "templeos.org"
19.45.100.120 - - [05/Jun/2017:02:21:08 -0700] "GET /files HTTP/1.1" 301 93 "http://templeos.org/" "Mozilla/5.0 (Windows NT 10.0; Win64; x64; rv:54.0) Gecko/20100101 Firefox/54.0" "www.templeos.org"
19.45.100.120 - - [05/Jun/2017:02:21:15 -0700] "GET /videos HTTP/1.1" 301 94 "http://templeos.org/" "Mozilla/5.0 (Windows NT 10.0; Win64; x64; rv:54.0) Gecko/20100101 Firefox/54.0" "www.templeos.org"
19.45.100.120 - - [05/Jun/2017:02:21:15 -0700] "GET /videos/ HTTP/1.1" 200 2600 "http://templeos.org/" "Mozilla/5.0 (Windows NT 10.0; Win64; x64; rv:54.0) Gecko/20100101 Firefox/54.0" "www.templeos.org"
96.220.153.114 - - [05/Jun/2017:02:21:16 -0700] "GET /Wb/Adam/Opt/Boot/BootMHD.HC.Z HTTP/1.1" 404 89 "-" "Mozilla/5.0 (compatible; AhrefsBot/5.2; +http://ahrefs.com/robot/)" "www.templeos.org"
19.45.100.120 - - [05/Jun/2017:02:21:37 -0700] "GET /Wb/Doc/FAQ.html HTTP/1.1" 404 89 "https://duckduckgo.com/" "Mozilla/5.0 (Windows NT 10.0; Win64; x64; rv:54.0) Gecko/20100101 Firefox/54.0" "www.templeos.org"
37.184.0.231 - - [05/Jun/2017:02:22:14 -0700] "GET /TempleOSCD.ISO HTTP/1.1" 404 89 "-" "Mozilla/5.0 (Windows NT 6.1; WOW64) AppleWebKit/537.36 (KHTML, like Gecko) Chrome/58.0.3029.276 Safari/537.36" "www.templeos.org"
28.173.203.229 - - [05/Jun/2017:02:22:17 -0700] "GET / HTTP/1.1" 200 2171 "-" "Mozilla/5.0 (Windows NT 10.0; Win64; x64) AppleWebKit/537.36 (KHTML, like Gecko) Chrome/58.0.3029.110 Safari/537.36" "www.templeos.org"
37.184.0.231 - - [05/Jun/2017:02:22:18 -0700] "GET /TempleOSCD.ISO HTTP/1.1" 404 89 "-" "Mozilla/5.0 (Windows NT 6.1; WOW64) AppleWebKit/537.36 (KHTML, like Gecko) Chrome/58.0.3029.276 Safari/537.36" "www.templeos.org"
28.173.203.229 - - [05/Jun/2017:02:22:27 -0700] "GET /files HTTP/1.1" 301 93 "http://www.templeos.org/" "Mozilla/5.0 (Windows NT 10.0; Win64; x64) AppleWebKit/537.36 (KHTML, like Gecko) Chrome/58.0.3029.110 Safari/537.36" "www.templeos.org"
28.173.203.229 - - [05/Jun/2017:02:22:27 -0700] "GET /files/ HTTP/1.1" 200 819 "http://www.templeos.org/" "Mozilla/5.0 (Windows NT 10.0; Win64; x64) AppleWebKit/537.36 (KHTML, like Gecko) Chrome/58.0.3029.110 Safari/537.36" "www.templeos.org"
37.184.0.231 - - [05/Jun/2017:02:22:34 -0700] "HEAD /TempleOSCD.ISO HTTP/1.1" 404 0 "-" "Mozilla/5.0 (X11; Linux x86_64; rv:10.0) Gecko/20150101 Firefox/44.0 (Chrome)" "www.templeos.org"
37.184.0.231 - - [05/Jun/2017:02:22:35 -0700] "GET /TempleOSCD.ISO HTTP/1.1" 404 89 "-" "Mozilla/5.0 (X11; Linux x86_64; rv:10.0) Gecko/20150101 Firefox/44.0 (Chrome)" "www.templeos.org"
37.184.0.231 - - [05/Jun/2017:02:22:47 -0700] "GET /TempleOSCD.ISO HTTP/1.1" 404 89 "-" "Mozilla/5.0 (Windows NT 6.1; WOW64) AppleWebKit/537.36 (KHTML, like Gecko) Chrome/58.0.3029.276 Safari/537.36" "www.templeos.org"
37.184.0.231 - - [05/Jun/2017:02:22:49 -0700] "GET / HTTP/1.1" 200 2171 "-" "Mozilla/5.0 (Windows NT 6.1; WOW64) AppleWebKit/537.36 (KHTML, like Gecko) Chrome/58.0.3029.276 Safari/537.36" "www.templeos.org"
37.184.0.231 - - [05/Jun/2017:02:22:58 -0700] "HEAD / HTTP/1.1" 200 0 "-" "Mozilla/5.0 (X11; Linux x86_64; rv:10.0) Gecko/20150101 Firefox/44.0 (Chrome)" "www.templeos.org"
37.184.0.231 - - [05/Jun/2017:02:22:59 -0700] "GET /videos HTTP/1.1" 301 94 "http://www.templeos.org/" "Mozilla/5.0 (Windows NT 6.1; WOW64) AppleWebKit/537.36 (KHTML, like Gecko) Chrome/58.0.3029.276 Safari/537.36" "www.templeos.org"
37.184.0.231 - - [05/Jun/2017:02:22:59 -0700] "GET / HTTP/1.1" 200 2171 "-" "Mozilla/5.0 (X11; Linux x86_64; rv:10.0) Gecko/20150101 Firefox/44.0 (Chrome)" "www.templeos.org"
37.184.0.231 - - [05/Jun/2017:02:22:59 -0700] "GET /videos/ HTTP/1.1" 200 2600 "http://www.templeos.org/" "Mozilla/5.0 (Windows NT 6.1; WOW64) AppleWebKit/537.36 (KHTML, like Gecko) Chrome/58.0.3029.276 Safari/537.36" "www.templeos.org"
37.184.0.231 - - [05/Jun/2017:02:23:05 -0700] "HEAD / HTTP/1.1" 200 0 "-" "Mozilla/5.0 (X11; Linux x86_64; rv:10.0) Gecko/20150101 Firefox/44.0 (Chrome)" "www.templeos.org"
37.184.0.231 - - [05/Jun/2017:02:23:06 -0700] "GET / HTTP/1.1" 200 2171 "-" "Mozilla/5.0 (X11; Linux x86_64; rv:10.0) Gecko/20150101 Firefox/44.0 (Chrome)" "www.templeos.org"
147.63.252.29 - - [05/Jun/2017:02:23:06 -0700] "GET / HTTP/1.1" 200 2171 "https://www.google.fi/" "Mozilla/5.0 (Windows NT 10.0; Win64; x64) AppleWebKit/537.36 (KHTML, like Gecko) Chrome/58.0.3029.110 Safari/537.36" "www.templeos.org"
37.184.0.231 - - [05/Jun/2017:02:23:08 -0700] "GET /videos/ HTTP/1.1" 200 2600 "http://www.templeos.org/" "Mozilla/5.0 (Windows NT 6.1; WOW64) AppleWebKit/537.36 (KHTML, like Gecko) Chrome/58.0.3029.276 Safari/537.36" "www.templeos.org"
147.63.252.29 - - [05/Jun/2017:02:23:12 -0700] "GET /videos HTTP/1.1" 301 94 "http://www.templeos.org/" "Mozilla/5.0 (Windows NT 10.0; Win64; x64) AppleWebKit/537.36 (KHTML, like Gecko) Chrome/58.0.3029.110 Safari/537.36" "www.templeos.org"
147.63.252.29 - - [05/Jun/2017:02:23:12 -0700] "GET /videos/ HTTP/1.1" 200 2600 "http://www.templeos.org/" "Mozilla/5.0 (Windows NT 10.0; Win64; x64) AppleWebKit/537.36 (KHTML, like Gecko) Chrome/58.0.3029.110 Safari/537.36" "www.templeos.org"
37.184.0.231 - - [05/Jun/2017:02:23:13 -0700] "HEAD /videos/ HTTP/1.1" 200 0 "-" "Mozilla/5.0 (X11; Linux x86_64; rv:10.0) Gecko/20150101 Firefox/44.0 (Chrome)" "www.templeos.org"
37.184.0.231 - - [05/Jun/2017:02:23:14 -0700] "GET /videos/ HTTP/1.1" 200 2600 "-" "Mozilla/5.0 (X11; Linux x86_64; rv:10.0) Gecko/20150101 Firefox/44.0 (Chrome)" "www.templeos.org"
37.184.0.231 - - [05/Jun/2017:02:23:18 -0700] "GET /videos/012Cinderella.MP4 HTTP/1.1" 200 589824 "http://www.templeos.org/videos/" "Mozilla/5.0 (Windows NT 6.1; WOW64) AppleWebKit/537.36 (KHTML, like Gecko) Chrome/58.0.3029.276 Safari/537.36" "www.templeos.org"
37.184.0.231 - - [05/Jun/2017:02:23:18 -0700] "GET /videos/012Cinderella.MP4 HTTP/1.1" 200 655360 "http://www.templeos.org/videos/" "Mozilla/5.0 (Windows NT 6.1; WOW64) AppleWebKit/537.36 (KHTML, like Gecko) Chrome/58.0.3029.276 Safari/537.36" "www.templeos.org"
37.184.0.231 - - [05/Jun/2017:02:23:18 -0700] "GET /videos/012Cinderella.MP4 HTTP/1.1" 206 16 "http://www.templeos.org/videos/" "Mozilla/5.0 (Windows NT 6.1; WOW64) AppleWebKit/537.36 (KHTML, like Gecko) Chrome/58.0.3029.276 Safari/537.36" "www.templeos.org"
37.184.0.231 - - [05/Jun/2017:02:23:20 -0700] "GET /videos/012Cinderella.MP4 HTTP/1.1" 206 655360 "http://www.templeos.org/videos/" "Mozilla/5.0 (Windows NT 6.1; WOW64) AppleWebKit/537.36 (KHTML, like Gecko) Chrome/58.0.3029.276 Safari/537.36" "www.templeos.org"
37.184.0.231 - - [05/Jun/2017:02:23:27 -0700] "GET /files HTTP/1.1" 301 93 "http://www.templeos.org/" "Mozilla/5.0 (Windows NT 6.1; WOW64) AppleWebKit/537.36 (KHTML, like Gecko) Chrome/58.0.3029.276 Safari/537.36" "www.templeos.org"
37.184.0.231 - - [05/Jun/2017:02:23:27 -0700] "GET /files/ HTTP/1.1" 200 819 "http://www.templeos.org/" "Mozilla/5.0 (Windows NT 6.1; WOW64) AppleWebKit/537.36 (KHTML, like Gecko) Chrome/58.0.3029.276 Safari/537.36" "www.templeos.org"
37.184.0.231 - - [05/Jun/2017:02:23:29 -0700] "HEAD / HTTP/1.1" 200 0 "-" "Mozilla/5.0 (X11; Linux x86_64; rv:10.0) Gecko/20150101 Firefox/44.0 (Chrome)" "www.templeos.org"
37.184.0.231 - - [05/Jun/2017:02:23:29 -0700] "GET / HTTP/1.1" 200 2171 "-" "Mozilla/5.0 (X11; Linux x86_64; rv:10.0) Gecko/20150101 Firefox/44.0 (Chrome)" "www.templeos.org"
37.184.0.231 - - [05/Jun/2017:02:23:33 -0700] "HEAD /files/ HTTP/1.1" 200 0 "-" "Mozilla/5.0 (X11; Linux x86_64; rv:10.0) Gecko/20150101 Firefox/44.0 (Chrome)" "www.templeos.org"
37.184.0.231 - - [05/Jun/2017:02:23:34 -0700] "GET /files/ HTTP/1.1" 200 819 "-" "Mozilla/5.0 (X11; Linux x86_64; rv:10.0) Gecko/20150101 Firefox/44.0 (Chrome)" "www.templeos.org"
37.184.0.231 - - [05/Jun/2017:02:23:37 -0700] "GET /files/TOS_Distro.ISO HTTP/1.1" 200 589824 "http://www.templeos.org/files/" "Mozilla/5.0 (Windows NT 6.1; WOW64) AppleWebKit/537.36 (KHTML, like Gecko) Chrome/58.0.3029.276 Safari/537.36" "www.templeos.org"
37.184.0.231 - - [05/Jun/2017:02:23:37 -0700] "GET /files/TOS_Distro.ISO HTTP/1.1" 200 589824 "http://www.templeos.org/files/" "Mozilla/5.0 (Windows NT 6.1; WOW64) AppleWebKit/537.36 (KHTML, like Gecko) Chrome/58.0.3029.276 Safari/537.36" "www.templeos.org"
37.184.0.231 - - [05/Jun/2017:02:23:37 -0700] "GET /files/TOS_Distro.ISO HTTP/1.1" 206 16 "http://www.templeos.org/files/" "Mozilla/5.0 (Windows NT 6.1; WOW64) AppleWebKit/537.36 (KHTML, like Gecko) Chrome/58.0.3029.276 Safari/537.36" "www.templeos.org"
37.184.0.231 - - [05/Jun/2017:02:23:40 -0700] "GET /files/TOS_Distro.ISO HTTP/1.1" 206 655360 "http://www.templeos.org/files/" "Mozilla/5.0 (Windows NT 6.1; WOW64) AppleWebKit/537.36 (KHTML, like Gecko) Chrome/58.0.3029.276 Safari/537.36" "www.templeos.org"
147.63.252.29 - - [05/Jun/2017:02:23:40 -0700] "GET /videos/?N=D HTTP/1.1" 200 2600 "http://www.templeos.org/videos/" "Mozilla/5.0 (Windows NT 10.0; Win64; x64) AppleWebKit/537.36 (KHTML, like Gecko) Chrome/58.0.3029.110 Safari/537.36" "www.templeos.org"
147.223.83.14 - - [05/Jun/2017:02:23:44 -0700] "GET / HTTP/1.1" 200 2171 "-" "Mozilla/5.0 (X11; Linux x86_64; rv:52.0) Gecko/20100101 Firefox/52.0" "www.templeos.org"
234.179.223.135 - - [05/Jun/2017:02:23:44 -0700] "GET /Family3_86-99/PART5/ALB36-11.JPG HTTP/1.1" 404 89 "-" "Mozilla/5.0 (compatible; AhrefsBot/5.2; +http://ahrefs.com/robot/)" "templeos.org"[0]
37.184.0.231 - - [05/Jun/2017:02:23:48 -0700] "HEAD / HTTP/1.1" 200 0 "-" "Mozilla/5.0 (X11; Linux x86_64; rv:10.0) Gecko/20150101 Firefox/44.0 (Chrome)" "www.templeos.org"
37.184.0.231 - - [05/Jun/2017:02:23:48 -0700] "GET / HTTP/1.1" 200 2171 "-" "Mozilla/5.0 (X11; Linux x86_64; rv:10.0) Gecko/20150101 Firefox/44.0 (Chrome)" "www.templeos.org"
37.184.0.231 - - [05/Jun/2017:02:23:50 -0700] "GET /files/ HTTP/1.1" 200 819 "http://www.templeos.org/" "Mozilla/5.0 (Windows NT 6.1; WOW64) AppleWebKit/537.36 (KHTML, like Gecko) Chrome/58.0.3029.276 Safari/537.36" "www.templeos.org"
37.184.0.231 - - [05/Jun/2017:02:23:55 -0700] "HEAD /files/ HTTP/1.1" 200 0 "-" "Mozilla/5.0 (X11; Linux x86_64; rv:10.0) Gecko/20150101 Firefox/44.0 (Chrome)" "www.templeos.org"
37.184.0.231 - - [05/Jun/2017:02:23:55 -0700] "GET /files/ HTTP/1.1" 200 819 "-" "Mozilla/5.0 (X11; Linux x86_64; rv:10.0) Gecko/20150101 Firefox/44.0 (Chrome)" "www.templeos.org"
96.220.209.194 - - [05/Jun/2017:02:23:59 -0700] "GET /Family4_99/part4/Alc55-05.jpg HTTP/1.1" 404 89 "-" "Mozilla/5.0 (compatible; AhrefsBot/5.2; +http://ahrefs.com/robot/)" "www.templeos.org"
82.17.15.41 - - [05/Jun/2017:02:24:04 -0700] "GET /videos/002SinkCleaning.MP4 HTTP/1.1" 200 289378066 "http://www.templeos.org/videos/" "Wget/1.16 (linux-gnueabihf)" "www.templeos.org"
147.223.83.14 - - [05/Jun/2017:02:24:11 -0700] "GET /videos HTTP/1.1" 301 94 "http://www.templeos.org/" "Mozilla/5.0 (X11; Linux x86_64; rv:52.0) Gecko/20100101 Firefox/52.0" "www.templeos.org"
147.63.252.29 - - [05/Jun/2017:02:24:24 -0700] "GET /videos/006SpaghettiJew.MP4 HTTP/1.1" 200 20363654 "http://www.templeos.org/videos/?N=D" "Mozilla/5.0 (Windows NT 10.0; Win64; x64) AppleWebKit/537.36 (KHTML, like Gecko) Chrome/58.0.3029.110 Safari/537.36" "www.templeos.org"
46.124.108.156 - - [05/Jun/2017:02:24:34 -0700] "GET / HTTP/1.1" 200 2171 "-" "Mozilla/5.0 (Windows NT 6.1; WOW64; rv:40.0) Gecko/20100101 Firefox/40.1" "www.templeos.org"
107.197.206.218 - - [05/Jun/2017:02:24:44 -0700] "HEAD /Wb/Demo/Graphics/Lines.html HTTP/1.1" 404 0 "-" "Blackboard Safeassign" "www.templeos.org"
234.179.223.235 - - [05/Jun/2017:02:24:46 -0700] "GET /Family3_86-99/part5/ALB48-02.JPG HTTP/1.1" 404 89 "-" "Mozilla/5.0 (compatible; AhrefsBot/5.2; +http://ahrefs.com/robot/)" "templeos.org"
107.197.206.218 - - [05/Jun/2017:02:24:46 -0700] "GET /Wb/Demo/Graphics/Lines.html HTTP/1.1" 404 89 "-" "Blackboard Safeassign" "www.templeos.org"[0]
253.241.28.98 - - [05/Jun/2017:02:25:13 -0700] "GET /videos/014HalfMan.MP4 HTTP/1.1" 200 589824 "http://www.templeos.org/videos/" "Mozilla/5.0 (Windows NT 6.3; WOW64; rv:51.0) Gecko/20100101 Firefox/51.0" "www.templeos.org"
253.241.28.98 - - [05/Jun/2017:02:25:13 -0700] "GET /videos/014HalfMan.MP4 HTTP/1.1" 206 160722 "http://www.templeos.org/videos/014HalfMan.MP4" "Mozilla/5.0 (Windows NT 6.3; WOW64; rv:51.0) Gecko/20100101 Firefox/51.0" "www.templeos.org"
253.241.28.98 - - [05/Jun/2017:02:25:13 -0700] "GET /videos/014HalfMan.MP4 HTTP/1.1" 206 160722 "http://www.templeos.org/videos/014HalfMan.MP4" "Mozilla/5.0 (Windows NT 6.3; WOW64; rv:51.0) Gecko/20100101 Firefox/51.0" "www.templeos.org"
253.241.28.98 - - [05/Jun/2017:02:25:30 -0700] "GET /videos/014HalfMan.MP4 HTTP/1.1" 206 45940736 "http://www.templeos.org/videos/014HalfMan.MP4" "Mozilla/5.0 (Windows NT 6.3; WOW64; rv:51.0) Gecko/20100101 Firefox/51.0" "www.templeos.org"
9.17.69.154 - - [05/Jun/2017:02:25:36 -0700] "GET /videos/001HereIAmLord.MP4 HTTP/1.1" 200 75333258 "http://www.templeos.org/videos/" "Mozilla/5.0 (X11; Linux armv7l) AppleWebKit/537.36 (KHTML, like Gecko) Chrome/56.0.2924.84 Safari/537.36" "www.templeos.org"
57.25.223.55 - - [05/Jun/2017:02:25:49 -0700] "GET /Wb/Accts/TS/Wb2/TempleOS.html HTTP/1.1" 404 89 "android-app://com.laurencedawson.reddit_sync" "Mozilla/5.0 (Linux; Android 7.0.99; Build/OPP2.170420.017) AppleWebKit/537.36 (KHTML, like Gecko) Chrome/58.0.3029.82 Mobile Safari/537.36" "www.templeos.org"
19.45.100.120 - - [05/Jun/2017:02:25:49 -0700] "GET /Wb/Doc/Features.html HTTP/1.1" 404 89 "https://en.wikipedia.org/" "Mozilla/5.0 (Windows NT 10.0; Win64; x64; rv:54.0) Gecko/20100101 Firefox/54.0" "www.templeos.org"
234.179.223.90 - - [05/Jun/2017:02:26:03 -0700] "GET /Family4_99/part4/Alc32-09.jpg HTTP/1.1" 404 89 "-" "Mozilla/5.0 (compatible; AhrefsBot/5.2; +http://ahrefs.com/robot/)" "www.templeos.org"[1]
147.223.83.14 - - [05/Jun/2017:02:26:15 -0700] "GET /videos/014HalfMan.MP4 HTTP/1.1" 200 176550866 "-" "Wget/1.18 (linux-gnu)" "www.templeos.org"
123.153.14.207 - - [05/Jun/2017:02:26:33 -0700] "GET /wp-login.php HTTP/1.1" 200 73 "-" "Mozilla/5.0 (Windows NT 6.1; WOW64; rv:40.0) Gecko/20100101 Firefox/40.1" "www.templeos.org"
123.153.14.207 - - [05/Jun/2017:02:26:33 -0700] "GET / HTTP/1.1" 200 2171 "-" "Mozilla/5.0 (Windows NT 6.1; WOW64; rv:40.0) Gecko/20100101 Firefox/40.1" "www.templeos.org"
93.246.254.41 - - [05/Jun/2017:02:26:42 -0700] "GET /Wb/Demo/Snd/ HTTP/1.1" 404 89 "-" "Mozilla/5.0 (compatible; Baiduspider/2.0; +http://www.baidu.com/search/spider.html)" "www.templeos.org"
