96.220.209.56 - - [05/Jun/2017:01:51:11 -0700] "GET /Family1_58-78/part2/085-15.jpg HTTP/1.1" 404 89 "-" "Mozilla/5.0 (compatible; AhrefsBot/5.2; +http://ahrefs.com/robot/)" "www.templeos.org"
107.197.206.218 - - [05/Jun/2017:01:51:15 -0700] "HEAD /Wb/Demo/Graphics/Lines.html HTTP/1.1" 404 0 "-" "Blackboard Safeassign" "www.templeos.org"
107.197.206.218 - - [05/Jun/2017:01:51:19 -0700] "GET /Wb/Demo/Graphics/Lines.html HTTP/1.1" 404 89 "-" "Blackboard Safeassign" "www.templeos.org"
240.186.126.39 - - [05/Jun/2017:01:51:22 -0700] "GET / HTTP/1.1" 200 2171 "https://www.youtube.com/" "Mozilla/5.0 (Windows NT 6.3; Win64; x64) AppleWebKit/537.36 (KHTML, like Gecko) Chrome/58.0.3029.110 Safari/537.36" "www.templeos.org"
111.12.93.181 - - [05/Jun/2017:01:51:29 -0700] "GET /Wb/Home/Web/TAD/BlogDir/2016February/https:/beacon.nist.gov/rest/record/1455567840 HTTP/1.1" 404 89 "-" "Mozilla/5.0 (compatible; DotBot/1.1; http://www.opensiteexplorer.org/dotbot, help@moz.com)" "www.templeos.org"
111.12.93.181 - - [05/Jun/2017:01:51:29 -0700] "GET /Wb/Home/Web/TAD/BlogDir/2016February/https:/beacon.nist.gov/rest/record/1455028260 HTTP/1.1" 404 89 "-" "Mozilla/5.0 (compatible; DotBot/1.1; http://www.opensiteexplorer.org/dotbot, help@moz.com)" "www.templeos.org"
111.12.93.181 - - [05/Jun/2017:01:51:29 -0700] "GET /Wb/Home/Web/TAD/BlogDir/2016February/https:/beacon.nist.gov/rest/record/1454936640 HTTP/1.1" 404 89 "-" "Mozilla/5.0 (compatible; DotBot/1.1; http://www.opensiteexplorer.org/dotbot, help@moz.com)" "www.templeos.org"
111.12.93.181 - - [05/Jun/2017:01:51:29 -0700] "GET /Wb/Home/Web/TAD/BlogDir/2016February/https:/beacon.nist.gov/rest/record/1456289220 HTTP/1.1" 404 89 "-" "Mozilla/5.0 (compatible; DotBot/1.1; http://www.opensiteexplorer.org/dotbot, help@moz.com)" "www.templeos.org"
111.12.93.181 - - [05/Jun/2017:01:51:30 -0700] "GET /Wb/Home/Web/TAD/BlogDir/2016February/https:/beacon.nist.gov/rest/record/1455806640 HTTP/1.1" 404 89 "-" "Mozilla/5.0 (compatible; DotBot/1.1; http://www.opensiteexplorer.org/dotbot, help@moz.com)" "www.templeos.org"
111.12.93.181 - - [05/Jun/2017:01:51:30 -0700] "GET /Wb/Home/Web/TAD/BlogDir/2016February/https:/beacon.nist.gov/rest/record/1455809220 HTTP/1.1" 404 89 "-" "Mozilla/5.0 (compatible; DotBot/1.1; http://www.opensiteexplorer.org/dotbot, help@moz.com)" "www.templeos.org"
234.179.223.219 - - [05/Jun/2017:01:51:33 -0700] "GET /Family2_78-86/part4/432-18.jpg HTTP/1.1" 404 89 "-" "Mozilla/5.0 (compatible; AhrefsBot/5.2; +http://ahrefs.com/robot/)" "templeos.org"
240.186.126.39 - - [05/Jun/2017:01:51:38 -0700] "GET /videos HTTP/1.1" 301 94 "http://www.templeos.org/" "Mozilla/5.0 (Windows NT 6.3; Win64; x64) AppleWebKit/537.36 (KHTML, like Gecko) Chrome/58.0.3029.110 Safari/537.36" "www.templeos.org"
240.186.126.39 - - [05/Jun/2017:01:51:38 -0700] "GET /videos/ HTTP/1.1" 200 2600 "http://www.templeos.org/" "Mozilla/5.0 (Windows NT 6.3; Win64; x64) AppleWebKit/537.36 (KHTML, like Gecko) Chrome/58.0.3029.110 Safari/537.36" "www.templeos.org"
114.137.144.113 - - [05/Jun/2017:01:51:38 -0700] "GET //Site1/ HTTP/1.1" 404 89 "-" "Mozilla/5.0 (Windows NT 10.0; Win64; x64) AppleWebKit/537.36 (KHTML, like Gecko) Chrome/58.0.3029.110 Safari/537.36" "www.templeos.org"
114.137.144.113 - - [05/Jun/2017:01:51:40 -0700] "GET //Site1/ HTTP/1.1" 404 89 "-" "Mozilla/5.0 (Windows NT 10.0; Win64; x64) AppleWebKit/537.36 (KHTML, like Gecko) Chrome/58.0.3029.110 Safari/537.36" "www.templeos.org"
240.186.126.39 - - [05/Jun/2017:01:51:42 -0700] "GET /videos/002SinkCleaning.MP4 HTTP/1.1" 200 2818048 "http://www.templeos.org/videos/" "Mozilla/5.0 (Windows NT 6.3; Win64; x64) AppleWebKit/537.36 (KHTML, like Gecko) Chrome/58.0.3029.110 Safari/537.36" "www.templeos.org"
114.137.144.113 - - [05/Jun/2017:01:51:42 -0700] "GET //Sitel/ HTTP/1.1" 404 89 "-" "Mozilla/5.0 (Windows NT 10.0; Win64; x64) AppleWebKit/537.36 (KHTML, like Gecko) Chrome/58.0.3029.110 Safari/537.36" "www.templeos.org"
111.12.93.181 - - [05/Jun/2017:01:51:51 -0700] "GET /Wb/Home/Web/TAD/BlogDir/2016February/https:/beacon.nist.gov/rest/record/1455749280 HTTP/1.1" 404 89 "-" "Mozilla/5.0 (compatible; DotBot/1.1; http://www.opensiteexplorer.org/dotbot, help@moz.com)" "www.templeos.org"
111.12.93.181 - - [05/Jun/2017:01:51:52 -0700] "GET /Wb/Home/Web/TAD/BlogDir/2016May/https:/beacon.nist.gov/rest/record/1464547920 HTTP/1.1" 404 89 "-" "Mozilla/5.0 (compatible; DotBot/1.1; http://www.opensiteexplorer.org/dotbot, help@moz.com)" "www.templeos.org"
114.137.144.113 - - [05/Jun/2017:01:51:52 -0700] "GET /logs/ HTTP/1.1" 403 255 "-" "Mozilla/5.0 (Windows NT 10.0; Win64; x64) AppleWebKit/537.36 (KHTML, like Gecko) Chrome/58.0.3029.110 Safari/537.36" "www.templeos.org"
114.137.144.113 - - [05/Jun/2017:01:51:57 -0700] "GET /logs/access.log HTTP/1.1" 403 255 "-" "Mozilla/5.0 (Windows NT 10.0; Win64; x64) AppleWebKit/537.36 (KHTML, like Gecko) Chrome/58.0.3029.110 Safari/537.36" "www.templeos.org"
111.12.93.181 - - [05/Jun/2017:01:52:00 -0700] "GET /Wb/Home/Web/TAD/BlogDir/2016March/https:/beacon.nist.gov/rest/record/1456855680 HTTP/1.1" 404 89 "-" "Mozilla/5.0 (compatible; DotBot/1.1; http://www.opensiteexplorer.org/dotbot, help@moz.com)" "www.templeos.org"
111.12.93.181 - - [05/Jun/2017:01:52:00 -0700] "GET /Wb/Home/Web/TAD/BlogDir/2016September/https:/beacon.nist.gov/rest/record/1474201980 HTTP/1.1" 404 89 "-" "Mozilla/5.0 (compatible; DotBot/1.1; http://www.opensiteexplorer.org/dotbot, help@moz.com)" "www.templeos.org"
111.12.93.181 - - [05/Jun/2017:01:52:01 -0700] "GET /Wb/Home/Web/TAD/BlogDir/2016September/https:/beacon.nist.gov/rest/record/1473470760 HTTP/1.1" 404 89 "-" "Mozilla/5.0 (compatible; DotBot/1.1; http://www.opensiteexplorer.org/dotbot, help@moz.com)" "www.templeos.org"
111.12.93.181 - - [05/Jun/2017:01:52:01 -0700] "GET /Wb/Home/Web/TAD/BlogDir/2016September/https:/beacon.nist.gov/rest/record/1474149900 HTTP/1.1" 404 89 "-" "Mozilla/5.0 (compatible; DotBot/1.1; http://www.opensiteexplorer.org/dotbot, help@moz.com)" "www.templeos.org"[0]
158.27.193.251 - - [05/Jun/2017:01:52:02 -0700] "GET / HTTP/1.1" 200 2171 "https://www.google.com/" "Mozilla/5.0 (Windows NT 6.1; Win64; x64) AppleWebKit/537.36 (KHTML, like Gecko) Chrome/58.0.3029.110 Safari/537.36" "www.templeos.org"
111.12.93.181 - - [05/Jun/2017:01:52:02 -0700] "GET /Wb/Home/Web/TAD/BlogDir/2016March/https:/beacon.nist.gov/rest/record/1458210600 HTTP/1.1" 404 89 "-" "Mozilla/5.0 (compatible; DotBot/1.1; http://www.opensiteexplorer.org/dotbot, help@moz.com)" "www.templeos.org"
147.50.14.45 - - [05/Jun/2017:01:52:10 -0700] "GET / HTTP/1.1" 200 2171 "https://www.google.se/" "Mozilla/5.0 (Windows NT 6.1; WOW64; rv:53.0) Gecko/20100101 Firefox/53.0" "www.templeos.org"
147.50.14.45 - - [05/Jun/2017:01:52:10 -0700] "GET /main.JPG HTTP/1.1" 200 160491 "http://www.templeos.org/" "Mozilla/5.0 (Windows NT 6.1; WOW64; rv:53.0) Gecko/20100101 Firefox/53.0" "www.templeos.org"
147.50.14.45 - - [05/Jun/2017:01:52:15 -0700] "GET /files HTTP/1.1" 301 93 "http://www.templeos.org/" "Mozilla/5.0 (Windows NT 6.1; WOW64; rv:53.0) Gecko/20100101 Firefox/53.0" "www.templeos.org"
147.50.14.45 - - [05/Jun/2017:01:52:15 -0700] "GET /files/ HTTP/1.1" 200 819 "http://www.templeos.org/" "Mozilla/5.0 (Windows NT 6.1; WOW64; rv:53.0) Gecko/20100101 Firefox/53.0" "www.templeos.org"
147.50.14.45 - - [05/Jun/2017:01:52:15 -0700] "GET /videos HTTP/1.1" 301 94 "http://www.templeos.org/" "Mozilla/5.0 (Windows NT 6.1; WOW64; rv:53.0) Gecko/20100101 Firefox/53.0" "www.templeos.org"
147.50.14.45 - - [05/Jun/2017:01:52:16 -0700] "GET /videos/ HTTP/1.1" 200 2600 "http://www.templeos.org/" "Mozilla/5.0 (Windows NT 6.1; WOW64; rv:53.0) Gecko/20100101 Firefox/53.0" "www.templeos.org"
159.65.90.238 - - [05/Jun/2017:01:52:20 -0700] "GET /videos/SoldierTrim.MP4 HTTP/1.1" 404 89 "-" "Mozilla/5.0 (X11; Linux x86_64) AppleWebKit/537.36 (KHTML, like Gecko) Chrome/58.0.3029.110 Safari/537.36" "www.templeos.org"
114.137.144.113 - - [05/Jun/2017:01:52:21 -0700] "GET /videos HTTP/1.1" 301 94 "http://www.templeos.org/" "Mozilla/5.0 (Windows NT 10.0; Win64; x64) AppleWebKit/537.36 (KHTML, like Gecko) Chrome/58.0.3029.110 Safari/537.36" "www.templeos.org"
114.137.144.113 - - [05/Jun/2017:01:52:21 -0700] "GET /videos/ HTTP/1.1" 200 2600 "http://www.templeos.org/" "Mozilla/5.0 (Windows NT 10.0; Win64; x64) AppleWebKit/537.36 (KHTML, like Gecko) Chrome/58.0.3029.110 Safari/537.36" "www.templeos.org"
158.27.193.251 - - [05/Jun/2017:01:52:33 -0700] "GET /videos HTTP/1.1" 301 94 "http://www.templeos.org/" "Mozilla/5.0 (Windows NT 6.1; Win64; x64) AppleWebKit/537.36 (KHTML, like Gecko) Chrome/58.0.3029.110 Safari/537.36" "www.templeos.org"
158.27.193.251 - - [05/Jun/2017:01:52:33 -0700] "GET /videos/ HTTP/1.1" 200 2600 "http://www.templeos.org/" "Mozilla/5.0 (Windows NT 6.1; Win64; x64) AppleWebKit/537.36 (KHTML, like Gecko) Chrome/58.0.3029.110 Safari/537.36" "www.templeos.org"
122.35.133.16 - - [05/Jun/2017:01:52:33 -0700] "GET /wp-login.php HTTP/1.1" 200 73 "-" "Mozilla/5.0 (Windows NT 6.1; WOW64; rv:40.0) Gecko/20100101 Firefox/40.1" "www.templeos.org"
122.35.133.16 - - [05/Jun/2017:01:52:33 -0700] "GET / HTTP/1.1" 200 2171 "-" "Mozilla/5.0 (Windows NT 6.1; WOW64; rv:40.0) Gecko/20100101 Firefox/40.1" "www.templeos.org"
159.65.90.238 - - [05/Jun/2017:01:52:39 -0700] "GET /videos/004EvictSpaghetti.MP4 HTTP/1.1" 206 524288 "https://boards.4chan.org/" "Mozilla/5.0 (X11; Linux x86_64) AppleWebKit/537.36 (KHTML, like Gecko) Chrome/58.0.3029.110 Safari/537.36" "www.templeos.org"
159.65.90.238 - - [05/Jun/2017:01:52:39 -0700] "GET /videos/004EvictSpaghetti.MP4 HTTP/1.1" 206 412319 "https://boards.4chan.org/" "Mozilla/5.0 (X11; Linux x86_64) AppleWebKit/537.36 (KHTML, like Gecko) Chrome/58.0.3029.110 Safari/537.36" "www.templeos.org"
159.65.90.238 - - [05/Jun/2017:01:53:18 -0700] "GET /videos/004EvictSpaghetti.MP4 HTTP/1.1" 206 28573696 "https://boards.4chan.org/" "Mozilla/5.0 (X11; Linux x86_64) AppleWebKit/537.36 (KHTML, like Gecko) Chrome/58.0.3029.110 Safari/537.36" "www.templeos.org"
93.246.254.152 - - [05/Jun/2017:01:53:22 -0700] "GET /Wb/Apps/AfterEgypt/Comics/?N=D HTTP/1.1" 404 89 "-" "Mozilla/5.0 (compatible; Baiduspider/2.0; +http://www.baidu.com/search/spider.html)" "www.templeos.org"
111.12.93.181 - - [05/Jun/2017:01:53:24 -0700] "GET /Wb/Home/Web/TAD/BlogDir/2016March/https:/beacon.nist.gov/rest/record/1457049360 HTTP/1.1" 404 89 "-" "Mozilla/5.0 (compatible; DotBot/1.1; http://www.opensiteexplorer.org/dotbot, help@moz.com)" "www.templeos.org"
111.12.93.181 - - [05/Jun/2017:01:53:24 -0700] "GET /Wb/Home/Web/TAD/BlogDir/2016August/https:/beacon.nist.gov/rest/record/1470328020 HTTP/1.1" 404 89 "-" "Mozilla/5.0 (compatible; DotBot/1.1; http://www.opensiteexplorer.org/dotbot, help@moz.com)" "www.templeos.org"
158.27.193.251 - - [05/Jun/2017:01:53:24 -0700] "GET /videos/001HereIAmLord.MP4 HTTP/1.1" 200 75333258 "http://www.templeos.org/videos/" "Mozilla/5.0 (Windows NT 6.1; Win64; x64) AppleWebKit/537.36 (KHTML, like Gecko) Chrome/58.0.3029.110 Safari/537.36" "www.templeos.org"
111.12.93.181 - - [05/Jun/2017:01:53:24 -0700] "GET /Wb/Home/Web/TAD/BlogDir/2016August/https:/beacon.nist.gov/rest/record/1470363180 HTTP/1.1" 404 89 "-" "Mozilla/5.0 (compatible; DotBot/1.1; http://www.opensiteexplorer.org/dotbot, help@moz.com)" "www.templeos.org"
120.11.131.33 - - [05/Jun/2017:01:53:25 -0700] "GET /Wb/Misc/PCIDevices.html HTTP/1.1" 404 89 "-" "Mozilla/5.0 (Windows NT 5.1) AppleWebKit/537.36 (KHTML, like Gecko) Chrome/41.0.2227.1 Safari/537.36" "www.templeos.org"
111.12.93.181 - - [05/Jun/2017:01:53:25 -0700] "GET /Wb/Home/Web/TAD/BlogDir/2016August/https:/beacon.nist.gov/rest/record/1470366060 HTTP/1.1" 404 89 "-" "Mozilla/5.0 (compatible; DotBot/1.1; http://www.opensiteexplorer.org/dotbot, help@moz.com)" "www.templeos.org"
111.12.93.181 - - [05/Jun/2017:01:53:25 -0700] "GET /Wb/Home/Web/TAD/BlogDir/2016September/https:/beacon.nist.gov/rest/record/1474811460 HTTP/1.1" 404 89 "-" "Mozilla/5.0 (compatible; DotBot/1.1; http://www.opensiteexplorer.org/dotbot, help@moz.com)" "www.templeos.org"
111.12.93.181 - - [05/Jun/2017:01:53:25 -0700] "GET /Wb/Home/Web/TAD/BlogDir/2016August/https:/beacon.nist.gov/rest/record/1470520020 HTTP/1.1" 404 89 "-" "Mozilla/5.0 (compatible; DotBot/1.1; http://www.opensiteexplorer.org/dotbot, help@moz.com)" "www.templeos.org"[0]
111.12.93.181 - - [05/Jun/2017:01:53:26 -0700] "GET /Wb/Home/Web/TAD/BlogDir/2016August/https:/beacon.nist.gov/rest/record/1471973760 HTTP/1.1" 404 89 "-" "Mozilla/5.0 (compatible; DotBot/1.1; http://www.opensiteexplorer.org/dotbot, help@moz.com)" "www.templeos.org"
111.12.93.181 - - [05/Jun/2017:01:53:26 -0700] "GET /Wb/Home/Web/TAD/BlogDir/2016September/https:/beacon.nist.gov/rest/record/1473738240 HTTP/1.1" 404 89 "-" "Mozilla/5.0 (compatible; DotBot/1.1; http://www.opensiteexplorer.org/dotbot, help@moz.com)" "www.templeos.org"
111.12.93.181 - - [05/Jun/2017:01:53:26 -0700] "GET /Wb/Home/Web/TAD/BlogDir/2016September/https:/beacon.nist.gov/rest/record/1473899700 HTTP/1.1" 404 89 "-" "Mozilla/5.0 (compatible; DotBot/1.1; http://www.opensiteexplorer.org/dotbot, help@moz.com)" "www.templeos.org"
111.12.93.181 - - [05/Jun/2017:01:53:27 -0700] "GET /Wb/Home/Web/TAD/BlogDir/2016July/https:/beacon.nist.gov/rest/record/1469601840 HTTP/1.1" 404 89 "-" "Mozilla/5.0 (compatible; DotBot/1.1; http://www.opensiteexplorer.org/dotbot, help@moz.com)" "www.templeos.org"
111.12.93.181 - - [05/Jun/2017:01:53:27 -0700] "GET /Wb/Home/Web/TAD/BlogDir/2016October/https:/beacon.nist.gov/rest/record/1476374040 HTTP/1.1" 404 89 "-" "Mozilla/5.0 (compatible; DotBot/1.1; http://www.opensiteexplorer.org/dotbot, help@moz.com)" "www.templeos.org"
144.93.217.3 - - [05/Jun/2017:01:53:40 -0700] "GET /Wb/Home/Web/TAD/BlogDir/2017May/TAD170520.html HTTP/1.1" 404 89 "-" "Mozilla/5.0 (compatible; YandexBot/3.0; +http://yandex.com/bots)" "www.templeos.org"
111.12.93.181 - - [05/Jun/2017:01:53:51 -0700] "GET /files/History/121127/sparrowos/demo/acctexample/tad/archive/?S=A HTTP/1.1" 404 89 "-" "Mozilla/5.0 (compatible; DotBot/1.1; http://www.opensiteexplorer.org/dotbot, help@moz.com)" "www.templeos.org"
111.12.93.181 - - [05/Jun/2017:01:53:51 -0700] "GET /Wb/Demo/DolDoc/?S=D HTTP/1.1" 404 89 "-" "Mozilla/5.0 (compatible; DotBot/1.1; http://www.opensiteexplorer.org/dotbot, help@moz.com)" "www.templeos.org"
96.220.70.60 - - [05/Jun/2017:01:53:56 -0700] "GET /Family4_99/part4/Alc55-23.jpg HTTP/1.1" 404 89 "-" "Mozilla/5.0 (compatible; AhrefsBot/5.2; +http://ahrefs.com/robot/)" "www.templeos.org"
111.12.93.181 - - [05/Jun/2017:01:53:59 -0700] "GET /Wb/Apps/ToTheFront/Run.html HTTP/1.1" 404 89 "-" "Mozilla/5.0 (compatible; DotBot/1.1; http://www.opensiteexplorer.org/dotbot, help@moz.com)" "www.templeos.org"
111.12.93.181 - - [05/Jun/2017:01:53:59 -0700] "GET /files/History/040207/HOPPY/VC/OS/Debug/ HTTP/1.1" 404 89 "-" "Mozilla/5.0 (compatible; DotBot/1.1; http://www.opensiteexplorer.org/dotbot, help@moz.com)" "www.templeos.org"
111.12.93.181 - - [05/Jun/2017:01:53:59 -0700] "GET /Wb/Adam/Opt/?S=D HTTP/1.1" 404 89 "-" "Mozilla/5.0 (compatible; DotBot/1.1; http://www.opensiteexplorer.org/dotbot, help@moz.com)" "www.templeos.org"
111.12.93.181 - - [05/Jun/2017:01:54:00 -0700] "GET /files/History/070816/lt/demo/autofile/?D=A HTTP/1.1" 404 89 "-" "Mozilla/5.0 (compatible; DotBot/1.1; http://www.opensiteexplorer.org/dotbot, help@moz.com)" "www.templeos.org"
120.251.146.26 - - [05/Jun/2017:01:54:15 -0700] "GET / HTTP/1.1" 200 2171 "https://www.google.pl/" "Mozilla/5.0 (Windows NT 10.0; Win64; x64) AppleWebKit/537.36 (KHTML, like Gecko) Chrome/58.0.3029.110 Safari/537.36" "www.templeos.org"
204.194.48.237 - - [05/Jun/2017:01:54:18 -0700] "GET /wp-login.php HTTP/1.1" 200 73 "-" "Mozilla/5.0 (Windows NT 6.1; WOW64; rv:40.0) Gecko/20100101 Firefox/40.1" "www.templeos.org"
204.194.48.237 - - [05/Jun/2017:01:54:19 -0700] "GET / HTTP/1.1" 200 2171 "-" "Mozilla/5.0 (Windows NT 6.1; WOW64; rv:40.0) Gecko/20100101 Firefox/40.1" "www.templeos.org"
120.251.146.26 - - [05/Jun/2017:01:54:25 -0700] "GET /files HTTP/1.1" 301 93 "http://www.templeos.org/" "Mozilla/5.0 (Windows NT 10.0; Win64; x64) AppleWebKit/537.36 (KHTML, like Gecko) Chrome/58.0.3029.110 Safari/537.36" "www.templeos.org"
120.251.146.26 - - [05/Jun/2017:01:54:25 -0700] "GET /files/ HTTP/1.1" 200 819 "http://www.templeos.org/" "Mozilla/5.0 (Windows NT 10.0; Win64; x64) AppleWebKit/537.36 (KHTML, like Gecko) Chrome/58.0.3029.110 Safari/537.36" "www.templeos.org"
120.251.146.26 - - [05/Jun/2017:01:54:29 -0700] "GET /videos HTTP/1.1" 301 94 "http://www.templeos.org/" "Mozilla/5.0 (Windows NT 10.0; Win64; x64) AppleWebKit/537.36 (KHTML, like Gecko) Chrome/58.0.3029.110 Safari/537.36" "www.templeos.org"
120.251.146.26 - - [05/Jun/2017:01:54:29 -0700] "GET /videos/ HTTP/1.1" 200 2600 "http://www.templeos.org/" "Mozilla/5.0 (Windows NT 10.0; Win64; x64) AppleWebKit/537.36 (KHTML, like Gecko) Chrome/58.0.3029.110 Safari/537.36" "www.templeos.org"
56.202.165.12 - - [05/Jun/2017:01:54:50 -0700] "GET /Wb/Home/Sup1/Sup1Games/Flappy.html HTTP/1.1" 404 89 "-" "Mozilla/5.0 (compatible; YandexBot/3.0; +http://yandex.com/bots)" "www.templeos.org"
124.90.123.253 - - [05/Jun/2017:01:54:58 -0700] "GET /Wb/Compiler/BackB.html HTTP/1.1" 404 89 "-" "Mozilla/5.0 (compatible; SemrushBot/1.2~bl; +http://www.semrush.com/bot.html)" "www.templeos.org"
47.87.74.3 - - [05/Jun/2017:01:55:01 -0700] "GET /Wb/Home/Wb2/TADRant.html HTTP/1.1" 404 89 "-" "curl/7.19.7 (x86_64-redhat-linux-gnu) libcurl/7.51.0-DEV NSS/3.21 Basic ECC zlib/1.2.3 libidn/1.18 libssh2/1.4.2 librtmp/2.3" "www.templeos.org"
124.90.123.27 - - [05/Jun/2017:01:55:11 -0700] "GET /Wb/Doc/Features.html HTTP/1.1" 404 89 "-" "Mozilla/5.0 (compatible; SemrushBot/1.2~bl; +http://www.semrush.com/bot.html)" "www.templeos.org"
124.90.123.78 - - [05/Jun/2017:01:55:24 -0700] "GET /Wb/Adam/God/HSNotes.html HTTP/1.1" 404 89 "-" "Mozilla/5.0 (compatible; SemrushBot/1.2~bl; +http://www.semrush.com/bot.html)" "www.templeos.org"
124.90.123.94 - - [05/Jun/2017:01:55:34 -0700] "GET /Wb/Doc/Welcome.html HTTP/1.1" 404 89 "-" "Mozilla/5.0 (compatible; SemrushBot/1.2~bl; +http://www.semrush.com/bot.html)" "www.templeos.org"
124.90.123.142 - - [05/Jun/2017:01:55:54 -0700] "GET /Wb/Doc/Charter.html HTTP/1.1" 404 89 "-" "Mozilla/5.0 (compatible; SemrushBot/1.2~bl; +http://www.semrush.com/bot.html)" "www.templeos.org"
111.12.93.181 - - [05/Jun/2017:01:56:05 -0700] "GET /files/History/040207/HOPPY/VC/APPS/Debug/ HTTP/1.1" 404 89 "-" "Mozilla/5.0 (compatible; DotBot/1.1; http://www.opensiteexplorer.org/dotbot, help@moz.com)" "www.templeos.org"
111.12.93.181 - - [05/Jun/2017:01:56:06 -0700] "GET /Wb/Demo/AcctExample/TOS/?N=D HTTP/1.1" 404 89 "-" "Mozilla/5.0 (compatible; DotBot/1.1; http://www.opensiteexplorer.org/dotbot, help@moz.com)" "www.templeos.org"
111.12.93.181 - - [05/Jun/2017:01:56:07 -0700] "GET /files/History/041017/HOPPY/UTILS/?S=D HTTP/1.1" 404 89 "-" "Mozilla/5.0 (compatible; DotBot/1.1; http://www.opensiteexplorer.org/dotbot, help@moz.com)" "www.templeos.org"
124.90.123.219 - - [05/Jun/2017:01:56:12 -0700] "GET /Wb/Doc/MemOverview.html HTTP/1.1" 404 89 "-" "Mozilla/5.0 (compatible; SemrushBot/1.2~bl; +http://www.semrush.com/bot.html)" "www.templeos.org"
111.12.93.181 - - [05/Jun/2017:01:56:14 -0700] "GET /Wb/Apps/X-Caliber/?D=D HTTP/1.1" 404 89 "-" "Mozilla/5.0 (compatible; DotBot/1.1; http://www.opensiteexplorer.org/dotbot, help@moz.com)" "www.templeos.org"
111.12.93.181 - - [05/Jun/2017:01:56:14 -0700] "GET /Wb/Kernel/KGlbls.html HTTP/1.1" 404 89 "-" "Mozilla/5.0 (compatible; DotBot/1.1; http://www.opensiteexplorer.org/dotbot, help@moz.com)" "www.templeos.org"
100.83.181.29 - - [05/Jun/2017:01:56:19 -0700] "GET / HTTP/1.1" 200 2171 "https://www.google.de/" "Mozilla/5.0 (Windows NT 10.0; Win64; x64) AppleWebKit/537.36 (KHTML, like Gecko) Chrome/58.0.3029.110 Safari/537.36" "www.templeos.org"
234.179.223.244 - - [05/Jun/2017:01:56:30 -0700] "GET /Family4_99/part4/Alc44-04.jpg HTTP/1.1" 404 89 "-" "Mozilla/5.0 (compatible; AhrefsBot/5.2; +http://ahrefs.com/robot/)" "www.templeos.org"
124.90.123.27 - - [05/Jun/2017:01:56:37 -0700] "GET /Wb/Compiler/CExts.html HTTP/1.1" 404 89 "-" "Mozilla/5.0 (compatible; SemrushBot/1.2~bl; +http://www.semrush.com/bot.html)" "www.templeos.org"
111.12.93.181 - - [05/Jun/2017:01:56:44 -0700] "GET /Wb/Home/Sup1/Sup1Blog/?N=D HTTP/1.1" 404 89 "-" "Mozilla/5.0 (compatible; DotBot/1.1; http://www.opensiteexplorer.org/dotbot, help@moz.com)" "www.templeos.org"
111.12.93.181 - - [05/Jun/2017:01:56:45 -0700] "GET /files/History/070816/lt/accts/install/?D=D HTTP/1.1" 404 89 "-" "Mozilla/5.0 (compatible; DotBot/1.1; http://www.opensiteexplorer.org/dotbot, help@moz.com)" "www.templeos.org"
111.12.93.181 - - [05/Jun/2017:01:56:45 -0700] "GET /Wb/Doc/TimeJiffy.html HTTP/1.1" 404 89 "-" "Mozilla/5.0 (compatible; DotBot/1.1; http://www.opensiteexplorer.org/dotbot, help@moz.com)" "www.templeos.org"
111.12.93.181 - - [05/Jun/2017:01:56:45 -0700] "GET /files/History/051231/j/accounts/tad/moses/?D=D HTTP/1.1" 404 89 "-" "Mozilla/5.0 (compatible; DotBot/1.1; http://www.opensiteexplorer.org/dotbot, help@moz.com)" "www.templeos.org"
111.12.93.181 - - [05/Jun/2017:01:56:45 -0700] "GET /Wb/Demo/RegistryDemo.html HTTP/1.1" 404 89 "-" "Mozilla/5.0 (compatible; DotBot/1.1; http://www.opensiteexplorer.org/dotbot, help@moz.com)" "www.templeos.org"
111.12.93.181 - - [05/Jun/2017:01:56:47 -0700] "GET /files/History/070816/lt/doc/?S=D HTTP/1.1" 404 89 "-" "Mozilla/5.0 (compatible; DotBot/1.1; http://www.opensiteexplorer.org/dotbot, help@moz.com)" "www.templeos.org"
96.220.209.219 - - [05/Jun/2017:01:56:48 -0700] "GET /Family4_99/part4/Alc51-03.jpg HTTP/1.1" 404 89 "-" "Mozilla/5.0 (compatible; AhrefsBot/5.2; +http://ahrefs.com/robot/)" "www.templeos.org"
208.43.138.112 - - [05/Jun/2017:01:56:53 -0700] "GET /Wb/Home/Web/TAD/DailyBlog.html HTTP/1.1" 404 89 "https://www.reddit.com/r/DeepIntoYouTube/comments/4umw1v/schizophrenic_man_created_an_os_that_he_claims/" "Mozilla/5.0 (Windows NT 6.1; rv:53.0) Gecko/20100101 Firefox/53.0" "www.templeos.org"
114.137.144.113 - - [05/Jun/2017:01:56:55 -0700] "GET /videos/ HTTP/1.1" 200 2600 "http://www.templeos.org/" "Mozilla/5.0 (Windows NT 10.0; Win64; x64) AppleWebKit/537.36 (KHTML, like Gecko) Chrome/58.0.3029.110 Safari/537.36" "www.templeos.org"
124.90.123.142 - - [05/Jun/2017:01:56:55 -0700] "GET /Wb/Apps/AfterEgypt/Comics/ HTTP/1.1" 404 89 "-" "Mozilla/5.0 (compatible; SemrushBot/1.2~bl; +http://www.semrush.com/bot.html)" "www.templeos.org"
124.90.123.214 - - [05/Jun/2017:01:57:06 -0700] "GET /Wb/Doc/TimeDate.html HTTP/1.1" 404 89 "-" "Mozilla/5.0 (compatible; SemrushBot/1.2~bl; +http://www.semrush.com/bot.html)" "www.templeos.org"
250.37.222.251 - - [05/Jun/2017:01:57:14 -0700] "GET /files/ HTTP/1.1" 200 819 "-" "Wget/1.17.1 (linux-gnu)" "www.templeos.org"
250.37.222.251 - - [05/Jun/2017:01:57:14 -0700] "GET /robots.txt HTTP/1.1" 404 89 "-" "Wget/1.17.1 (linux-gnu)" "www.templeos.org"
250.37.222.251 - - [05/Jun/2017:01:57:14 -0700] "GET /files/?N=D HTTP/1.1" 200 819 "http://www.templeos.org/files/" "Wget/1.17.1 (linux-gnu)" "www.templeos.org"
250.37.222.251 - - [05/Jun/2017:01:57:15 -0700] "GET /files/?M=A HTTP/1.1" 200 819 "http://www.templeos.org/files/" "Wget/1.17.1 (linux-gnu)" "www.templeos.org"
250.37.222.251 - - [05/Jun/2017:01:57:15 -0700] "GET /files/?S=A HTTP/1.1" 200 819 "http://www.templeos.org/files/" "Wget/1.17.1 (linux-gnu)" "www.templeos.org"
250.37.222.251 - - [05/Jun/2017:01:57:15 -0700] "GET /files/?D=A HTTP/1.1" 200 819 "http://www.templeos.org/files/" "Wget/1.17.1 (linux-gnu)" "www.templeos.org"
250.37.222.251 - - [05/Jun/2017:01:57:15 -0700] "GET /files/TOS_Distro.ISO HTTP/1.1" 200 65536 "http://www.templeos.org/files/" "Wget/1.17.1 (linux-gnu)" "www.templeos.org"
250.37.222.251 - - [05/Jun/2017:01:57:15 -0700] "GET /files/TOS_Supplemental1.ISO.C HTTP/1.1" 200 65536 "http://www.templeos.org/files/" "Wget/1.17.1 (linux-gnu)" "www.templeos.org"
250.37.222.251 - - [05/Jun/2017:01:57:15 -0700] "GET /files/?N=A HTTP/1.1" 200 819 "http://www.templeos.org/files/?N=D" "Wget/1.17.1 (linux-gnu)" "www.templeos.org"
250.37.222.251 - - [05/Jun/2017:01:57:15 -0700] "GET /files/?M=D HTTP/1.1" 200 819 "http://www.templeos.org/files/?M=A" "Wget/1.17.1 (linux-gnu)" "www.templeos.org"
250.37.222.251 - - [05/Jun/2017:01:57:15 -0700] "GET /files/?S=D HTTP/1.1" 200 819 "http://www.templeos.org/files/?S=A" "Wget/1.17.1 (linux-gnu)" "www.templeos.org"
250.37.222.251 - - [05/Jun/2017:01:57:15 -0700] "GET /files/?D=D HTTP/1.1" 200 819 "http://www.templeos.org/files/?D=A" "Wget/1.17.1 (linux-gnu)" "www.templeos.org"
250.37.222.251 - - [05/Jun/2017:01:57:15 -0700] "GET /videos/ HTTP/1.1" 200 2600 "-" "Wget/1.17.1 (linux-gnu)" "www.templeos.org"
250.37.222.251 - - [05/Jun/2017:01:57:15 -0700] "GET /robots.txt HTTP/1.1" 404 89 "-" "Wget/1.17.1 (linux-gnu)" "www.templeos.org"
250.37.222.251 - - [05/Jun/2017:01:57:15 -0700] "GET /videos/?N=D HTTP/1.1" 200 2600 "http://www.templeos.org/videos/" "Wget/1.17.1 (linux-gnu)" "www.templeos.org"
250.37.222.251 - - [05/Jun/2017:01:57:15 -0700] "GET /videos/?M=A HTTP/1.1" 200 2600 "http://www.templeos.org/videos/" "Wget/1.17.1 (linux-gnu)" "www.templeos.org"
250.37.222.251 - - [05/Jun/2017:01:57:15 -0700] "GET /videos/?S=A HTTP/1.1" 200 2600 "http://www.templeos.org/videos/" "Wget/1.17.1 (linux-gnu)" "www.templeos.org"
250.37.222.251 - - [05/Jun/2017:01:57:16 -0700] "GET /videos/?D=A HTTP/1.1" 200 2600 "http://www.templeos.org/videos/" "Wget/1.17.1 (linux-gnu)" "www.templeos.org"
250.37.222.251 - - [05/Jun/2017:01:57:16 -0700] "GET /videos/001HereIAmLord.MP4 HTTP/1.1" 200 196608 "http://www.templeos.org/videos/" "Wget/1.17.1 (linux-gnu)" "www.templeos.org"
250.37.222.251 - - [05/Jun/2017:01:57:16 -0700] "GET /videos/007SolidFoundation.MP4 HTTP/1.1" 200 196608 "http://www.templeos.org/videos/" "Wget/1.17.1 (linux-gnu)" "www.templeos.org"
250.37.222.251 - - [05/Jun/2017:01:57:16 -0700] "GET /videos/008GraciousSpoilage.MP4 HTTP/1.1" 200 196608 "http://www.templeos.org/videos/" "Wget/1.17.1 (linux-gnu)" "www.templeos.org"
250.37.222.251 - - [05/Jun/2017:01:57:16 -0700] "GET /videos/009SurprisedButterfly.MP4 HTTP/1.1" 200 196608 "http://www.templeos.org/videos/" "Wget/1.17.1 (linux-gnu)" "www.templeos.org"[0]
250.37.222.251 - - [05/Jun/2017:01:57:16 -0700] "GET /videos/011GravelTriangle.MP4 HTTP/1.1" 200 196608 "http://www.templeos.org/videos/" "Wget/1.17.1 (linux-gnu)" "www.templeos.org"
250.37.222.251 - - [05/Jun/2017:01:57:16 -0700] "GET /videos/012Cinderella.MP4 HTTP/1.1" 200 196608 "http://www.templeos.org/videos/" "Wget/1.17.1 (linux-gnu)" "www.templeos.org"
250.37.222.251 - - [05/Jun/2017:01:57:16 -0700] "GET /videos/014HalfMan.MP4 HTTP/1.1" 200 196608 "http://www.templeos.org/videos/" "Wget/1.17.1 (linux-gnu)" "www.templeos.org"
250.37.222.251 - - [05/Jun/2017:01:57:16 -0700] "GET /videos/?N=A HTTP/1.1" 200 2600 "http://www.templeos.org/videos/?N=D" "Wget/1.17.1 (linux-gnu)" "www.templeos.org"
250.37.222.251 - - [05/Jun/2017:01:57:16 -0700] "GET /videos/?M=D HTTP/1.1" 200 2600 "http://www.templeos.org/videos/?M=A" "Wget/1.17.1 (linux-gnu)" "www.templeos.org"
250.37.222.251 - - [05/Jun/2017:01:57:16 -0700] "GET /videos/?S=D HTTP/1.1" 200 2600 "http://www.templeos.org/videos/?S=A" "Wget/1.17.1 (linux-gnu)" "www.templeos.org"
250.37.222.251 - - [05/Jun/2017:01:57:16 -0700] "GET /videos/?D=D HTTP/1.1" 200 2600 "http://www.templeos.org/videos/?D=A" "Wget/1.17.1 (linux-gnu)" "www.templeos.org"
250.37.222.251 - - [05/Jun/2017:01:57:17 -0700] "GET / HTTP/1.1" 200 2171 "-" "Wget/1.17.1 (linux-gnu)" "www.templeos.org"
250.37.222.251 - - [05/Jun/2017:01:57:17 -0700] "GET /robots.txt HTTP/1.1" 404 89 "-" "Wget/1.17.1 (linux-gnu)" "www.templeos.org"
250.37.222.251 - - [05/Jun/2017:01:57:17 -0700] "GET /main.JPG.html HTTP/1.1" 404 89 "http://www.templeos.org/" "Wget/1.17.1 (linux-gnu)" "www.templeos.org"
250.37.222.251 - - [05/Jun/2017:01:57:17 -0700] "GET /files.1.html HTTP/1.1" 404 89 "http://www.templeos.org/" "Wget/1.17.1 (linux-gnu)" "www.templeos.org"
250.37.222.251 - - [05/Jun/2017:01:57:17 -0700] "GET /videos.1.html HTTP/1.1" 404 89 "http://www.templeos.org/" "Wget/1.17.1 (linux-gnu)" "www.templeos.org"
147.153.196.100 - - [05/Jun/2017:01:57:20 -0700] "GET /Wb/Home/Sup1/Sup1Bin/VMware/vm_mix_flv HTTP/1.1" 404 89 "-" "Mozilla/5.0 (compatible; DeuSu/5.0.2; +https://deusu.de/robot.html)" "www.templeos.org"
124.90.123.253 - - [05/Jun/2017:01:57:21 -0700] "GET /Wb/Home/Web/TAD/TimerTongues.html HTTP/1.1" 404 89 "-" "Mozilla/5.0 (compatible; SemrushBot/1.2~bl; +http://www.semrush.com/bot.html)" "www.templeos.org"
124.90.123.144 - - [05/Jun/2017:01:57:32 -0700] "GET /Wb/Demo/Lectures/MiniCompiler.html HTTP/1.1" 404 89 "-" "Mozilla/5.0 (compatible; SemrushBot/1.2~bl; +http://www.semrush.com/bot.html)" "www.templeos.org"
145.155.6.242 - - [05/Jun/2017:01:57:39 -0700] "GET /Wb/Demo/WebLogExample/access_150211.html HTTP/1.1" 404 89 "http://frauen.am-rande-des-nervenzusammenbruchs.de/get-cheap-amiotach-online/" "Mozilla/5.0 (Windows NT 6.3; WOW64) AppleWebKit/537.36 (KHTML, like Gecko) Chrome/48.0.2564.116 Safari/537.36" "www.templeos.org"
124.90.123.144 - - [05/Jun/2017:01:57:44 -0700] "GET /Wb/Home/Sup1/Sup1Blog/NumWords10k.html HTTP/1.1" 404 89 "-" "Mozilla/5.0 (compatible; SemrushBot/1.2~bl; +http://www.semrush.com/bot.html)" "www.templeos.org"
234.179.223.153 - - [05/Jun/2017:01:57:55 -0700] "GET /Family4_99/part4/Alc44-17.jpg HTTP/1.1" 404 89 "-" "Mozilla/5.0 (compatible; AhrefsBot/5.2; +http://ahrefs.com/robot/)" "www.templeos.org"
124.90.123.94 - - [05/Jun/2017:01:58:00 -0700] "GET /Wb/Home/Web/LineRep.html HTTP/1.1" 404 89 "-" "Mozilla/5.0 (compatible; SemrushBot/1.2~bl; +http://www.semrush.com/bot.html)" "www.templeos.org"
116.181.30.200 - - [05/Jun/2017:01:58:14 -0700] "GET /Wb/Home/Web/TAD/DailyBlog.html HTTP/1.1" 404 89 "https://www.youtube.com/" "Mozilla/5.0 (Windows NT 6.1; WOW64; rv:53.0) Gecko/20100101 Firefox/53.0" "www.templeos.org"
31.114.225.162 - - [05/Jun/2017:01:58:17 -0700] "GET /wp-login.php HTTP/1.1" 200 73 "-" "Mozilla/5.0 (Windows NT 6.1; WOW64; rv:40.0) Gecko/20100101 Firefox/40.1" "www.templeos.org"
158.27.193.251 - - [05/Jun/2017:01:58:17 -0700] "GET /videos/ HTTP/1.1" 200 2600 "http://www.templeos.org/" "Mozilla/5.0 (Windows NT 6.1; Win64; x64) AppleWebKit/537.36 (KHTML, like Gecko) Chrome/58.0.3029.110 Safari/537.36" "www.templeos.org"
31.114.225.162 - - [05/Jun/2017:01:58:17 -0700] "GET / HTTP/1.1" 200 2171 "-" "Mozilla/5.0 (Windows NT 6.1; WOW64; rv:40.0) Gecko/20100101 Firefox/40.1" "www.templeos.org"
124.90.123.142 - - [05/Jun/2017:01:58:18 -0700] "GET /Wb/Compiler/BackB.HC.Z HTTP/1.1" 404 89 "-" "Mozilla/5.0 (compatible; SemrushBot/1.2~bl; +http://www.semrush.com/bot.html)" "www.templeos.org"
124.90.123.219 - - [05/Jun/2017:01:58:38 -0700] "GET /Wb/Home/Sup1/Sup1Blog/YouTube.html HTTP/1.1" 404 89 "-" "Mozilla/5.0 (compatible; SemrushBot/1.2~bl; +http://www.semrush.com/bot.html)" "www.templeos.org"
213.230.92.97 - - [05/Jun/2017:01:58:52 -0700] "GET / HTTP/1.1" 200 2171 "-" "Mozilla/5.0 (Windows NT 6.3; WOW64) AppleWebKit/537.36 (KHTML, like Gecko) Chrome/61.0.3120.0 Safari/537.36" "templeos.org"
127.194.224.159 - - [05/Jun/2017:01:58:53 -0700] "GET /robots.txt HTTP/1.1" 404 89 "-" "Mozilla/5.0 (compatible; Googlebot/2.1; +http://www.google.com/bot.html)" "templeos.org"
253.88.101.58 - - [05/Jun/2017:01:58:53 -0700] "GET / HTTP/1.1" 200 2171 "https://www.google.com/" "Mozilla/5.0 (X11; Linux x86_64) AppleWebKit/537.36 (KHTML, like Gecko) Chrome/58.0.3029.110 Safari/537.36" "www.templeos.org"
124.90.123.94 - - [05/Jun/2017:01:59:06 -0700] "GET /Wb/Compiler/Compiler.BIN.Z HTTP/1.1" 404 89 "-" "Mozilla/5.0 (compatible; SemrushBot/1.2~bl; +http://www.semrush.com/bot.html)" "www.templeos.org"
124.90.123.205 - - [05/Jun/2017:01:59:08 -0700] "GET /Wb/Compiler/PrsLib.HC.Z HTTP/1.1" 404 89 "-" "Mozilla/5.0 (compatible; SemrushBot/1.2~bl; +http://www.semrush.com/bot.html)" "www.templeos.org"
124.90.123.144 - - [05/Jun/2017:01:59:19 -0700] "GET /Wb/Doc/BlkChain.html HTTP/1.1" 404 89 "-" "Mozilla/5.0 (compatible; SemrushBot/1.2~bl; +http://www.semrush.com/bot.html)" "www.templeos.org"
127.194.224.42 - - [05/Jun/2017:01:59:29 -0700] "GET / HTTP/1.1" 200 2171 "-" "Googlebot-Image/1.0" "templeos.org"
124.90.123.78 - - [05/Jun/2017:01:59:33 -0700] "GET / HTTP/1.1" 200 2171 "-" "Mozilla/5.0 (compatible; SemrushBot/1.2~bl; +http://www.semrush.com/bot.html)" "www.templeos.org"
200.21.234.58 - - [05/Jun/2017:01:59:33 -0700] "GET /wp-login.php HTTP/1.1" 200 73 "-" "Mozilla/5.0 (Windows NT 6.1; WOW64; rv:40.0) Gecko/20100101 Firefox/40.1" "www.templeos.org"
200.21.234.58 - - [05/Jun/2017:01:59:33 -0700] "GET / HTTP/1.1" 200 2171 "-" "Mozilla/5.0 (Windows NT 6.1; WOW64; rv:40.0) Gecko/20100101 Firefox/40.1" "www.templeos.org"
253.88.101.58 - - [05/Jun/2017:01:59:37 -0700] "GET /Wb/Doc/Install.html HTTP/1.1" 404 89 "https://www.google.com/" "Mozilla/5.0 (X11; Linux x86_64) AppleWebKit/537.36 (KHTML, like Gecko) Chrome/58.0.3029.110 Safari/537.36" "www.templeos.org"
124.90.123.142 - - [05/Jun/2017:01:59:40 -0700] "GET /Wb/Compiler/CompilerA.html HTTP/1.1" 404 89 "-" "Mozilla/5.0 (compatible; SemrushBot/1.2~bl; +http://www.semrush.com/bot.html)" "www.templeos.org"
124.90.123.214 - - [05/Jun/2017:01:59:58 -0700] "GET /Wb/Compiler/PrsStmt.HC.Z HTTP/1.1" 404 89 "-" "Mozilla/5.0 (compatible; SemrushBot/1.2~bl; +http://www.semrush.com/bot.html)" "www.templeos.org"
47.105.230.89 - - [05/Jun/2017:02:00:00 -0700] "GET /Wb/Home/Web/TAD/DailyBlog.html HTTP/1.1" 404 89 "-" "Wget/1.19 (freebsd11.0)" "www.templeos.org"
47.87.74.3 - - [05/Jun/2017:02:00:01 -0700] "GET /Wb/Home/Wb2/TADRant.html HTTP/1.1" 404 89 "-" "curl/7.19.7 (x86_64-redhat-linux-gnu) libcurl/7.51.0-DEV NSS/3.21 Basic ECC zlib/1.2.3 libidn/1.18 libssh2/1.4.2 librtmp/2.3" "www.templeos.org"
44.165.236.90 - - [05/Jun/2017:02:00:15 -0700] "GET /videos/ HTTP/1.1" 200 2600 "-" "Mozilla/5.0 (X11; Ubuntu; Linux x86_64; rv:53.0) Gecko/20100101 Firefox/53.0" "templeos.org"
124.90.123.121 - - [05/Jun/2017:02:00:16 -0700] "GET /Wb/Compiler/OptPass789A.HC.Z HTTP/1.1" 404 89 "-" "Mozilla/5.0 (compatible; SemrushBot/1.2~bl; +http://www.semrush.com/bot.html)" "www.templeos.org"
72.185.57.105 - - [05/Jun/2017:02:00:19 -0700] "GET /Family2_78-86/part4/425-20.jpg HTTP/1.1" 404 89 "-" "Mozilla/5.0 (compatible; AhrefsBot/5.2; +http://ahrefs.com/robot/)" "templeos.org"[0]
96.220.209.48 - - [05/Jun/2017:02:00:25 -0700] "GET /Family3_86-99/part5/ALB29-14.JPG HTTP/1.1" 404 89 "-" "Mozilla/5.0 (compatible; AhrefsBot/5.2; +http://ahrefs.com/robot/)" "www.templeos.org"
121.2.23.211 - - [05/Jun/2017:02:00:38 -0700] "GET /TempleOSCD.ISO HTTP/1.1" 404 89 "-" "Mozilla/5.0 (Windows NT 6.2; Win64; x64) AppleWebKit/537.36 (KHTML, like Gecko) Chrome/32.0.1667.0 Safari/537.36" "www.templeos.org"
127.152.198.224 - - [05/Jun/2017:02:00:59 -0700] "GET / HTTP/1.1" 200 2171 "-" "Mozilla/5.0 (X11; Linux x86_64) AppleWebKit/537.36 (KHTML, like Gecko) Chrome/49.0.2623.75 Safari/537.36 Google Favicon" "templeos.org"
240.70.105.29 - - [05/Jun/2017:02:01:07 -0700] "GET /Wb/Home/Web/Imgs/ToTheFront.BMP HTTP/1.1" 404 89 "https://www.google.com.ua/" "Mozilla/5.0 (Windows NT 10.0; Win64; x64) AppleWebKit/537.36 (KHTML, like Gecko) Chrome/58.0.3029.110 Safari/537.36" "www.templeos.org"
19.191.175.120 - - [05/Jun/2017:02:01:28 -0700] "GET /Family3_86-99/PART8/572-09.jpg HTTP/1.1" 404 89 "-" "Mozilla/5.0 (compatible; AhrefsBot/5.2; +http://ahrefs.com/robot/)" "www.templeos.org"
246.112.31.242 - - [05/Jun/2017:02:02:00 -0700] "GET /Wb/Demo/WebLogExample/ HTTP/1.1" 404 89 "http://bochemit.com.ua/" "Mozilla/5.0 (Windows NT 6.1; WOW64) AppleWebKit/537.36 (KHTML, like Gecko) Chrome/48.0.2564.109 Safari/537.36" "www.templeos.org"
96.220.209.12 - - [05/Jun/2017:02:02:17 -0700] "GET /Family4_99/part1/ALB87-18.JPG HTTP/1.1" 404 89 "-" "Mozilla/5.0 (compatible; AhrefsBot/5.2; +http://ahrefs.com/robot/)" "www.templeos.org"
222.178.105.157 - - [05/Jun/2017:02:02:23 -0700] "GET /Wb/Demo/WebLogExample/ HTTP/1.1" 404 89 "http://bochemit.com.ua/" "Mozilla/5.0 (Windows NT 6.1; rv:44.0) Gecko/20100101 Firefox/44.0" "www.templeos.org"
222.178.105.157 - - [05/Jun/2017:02:02:24 -0700] "GET /www.templeos.org/Wb/Demo/WebLogExample/ HTTP/1.1" 404 89 "http://bochemit.com.ua/" "Mozilla/5.0 (Windows NT 6.1; rv:44.0) Gecko/20100101 Firefox/44.0" "www.templeos.org"
234.179.223.33 - - [05/Jun/2017:02:02:29 -0700] "GET /Family3_86-99/PART5/Alb39-39.jpg HTTP/1.1" 404 89 "-" "Mozilla/5.0 (compatible; AhrefsBot/5.2; +http://ahrefs.com/robot/)" "templeos.org"
73.109.147.72 - - [05/Jun/2017:02:02:34 -0700] "GET / HTTP/1.1" 200 2171 "-" "Mozilla/5.0 (Windows NT 6.1; rv:38.0) Gecko/20100101 Firefox/38.0" "www.templeos.org"
19.191.175.214 - - [05/Jun/2017:02:02:36 -0700] "GET /files/History/121127/sparrowos/apps/pilgrims/?S=A HTTP/1.1" 404 89 "-" "Mozilla/5.0 (compatible; AhrefsBot/5.2; +http://ahrefs.com/robot/)" "www.templeos.org"
73.109.147.72 - - [05/Jun/2017:02:02:36 -0700] "GET /videos HTTP/1.1" 301 94 "http://www.templeos.org/" "Mozilla/5.0 (Windows NT 6.1; rv:38.0) Gecko/20100101 Firefox/38.0" "www.templeos.org"
73.109.147.72 - - [05/Jun/2017:02:02:37 -0700] "GET /videos/ HTTP/1.1" 200 2600 "http://www.templeos.org/" "Mozilla/5.0 (Windows NT 6.1; rv:38.0) Gecko/20100101 Firefox/38.0" "www.templeos.org"
228.208.174.208 - - [05/Jun/2017:02:02:54 -0700] "GET /Wb/Demo/WebLogExample/ HTTP/1.1" 404 89 "http://bochemit.com.ua/" "Mozilla/5.0 (Windows NT 10.0; WOW64; rv:43.0) Gecko/20100101 Firefox/43.0" "www.templeos.org"
228.208.174.208 - - [05/Jun/2017:02:02:55 -0700] "GET /www.templeos.org/Wb/Demo/WebLogExample/ HTTP/1.1" 404 89 "http://bochemit.com.ua/" "Mozilla/5.0 (Windows NT 10.0; WOW64; rv:43.0) Gecko/20100101 Firefox/43.0" "www.templeos.org"
255.33.142.80 - - [05/Jun/2017:02:03:17 -0700] "GET /wp-login.php HTTP/1.1" 200 73 "-" "Mozilla/5.0 (Windows NT 6.1; WOW64; rv:40.0) Gecko/20100101 Firefox/40.1" "www.templeos.org"
255.33.142.80 - - [05/Jun/2017:02:03:20 -0700] "GET / HTTP/1.1" 200 2171 "-" "Mozilla/5.0 (Windows NT 6.1; WOW64; rv:40.0) Gecko/20100101 Firefox/40.1" "www.templeos.org"
159.195.9.219 - - [05/Jun/2017:02:03:30 -0700] "GET /videos HTTP/1.1" 301 94 "-" "Mozilla/5.0 (X11; Linux x86_64; rv:45.0) Gecko/20100101 Firefox/45.0" "www.templeos.org"
159.195.9.219 - - [05/Jun/2017:02:03:30 -0700] "GET /videos/ HTTP/1.1" 200 2600 "-" "Mozilla/5.0 (X11; Linux x86_64; rv:45.0) Gecko/20100101 Firefox/45.0" "www.templeos.org"
100.83.181.29 - - [05/Jun/2017:02:03:38 -0700] "GET /files HTTP/1.1" 301 93 "http://www.templeos.org/" "Mozilla/5.0 (Windows NT 10.0; Win64; x64) AppleWebKit/537.36 (KHTML, like Gecko) Chrome/58.0.3029.110 Safari/537.36" "www.templeos.org"
100.83.181.29 - - [05/Jun/2017:02:03:38 -0700] "GET /files/ HTTP/1.1" 200 819 "http://www.templeos.org/" "Mozilla/5.0 (Windows NT 10.0; Win64; x64) AppleWebKit/537.36 (KHTML, like Gecko) Chrome/58.0.3029.110 Safari/537.36" "www.templeos.org"
159.195.9.219 - - [05/Jun/2017:02:03:45 -0700] "GET / HTTP/1.1" 200 2171 "-" "Mozilla/5.0 (X11; Linux x86_64; rv:45.0) Gecko/20100101 Firefox/45.0" "www.templeos.org"
159.195.9.219 - - [05/Jun/2017:02:03:45 -0700] "GET /main.JPG HTTP/1.1" 200 160491 "-" "Mozilla/5.0 (X11; Linux x86_64; rv:45.0) Gecko/20100101 Firefox/45.0" "www.templeos.org"
1.119.243.253 - - [05/Jun/2017:02:03:52 -0700] "GET /Wb/Misc/PCIDevices.html HTTP/1.1" 404 89 "" "-" "www.templeos.org"
166.0.64.60 - - [05/Jun/2017:02:04:01 -0700] "GET /wp-login.php HTTP/1.1" 200 73 "-" "Mozilla/5.0 (Windows NT 6.1; WOW64; rv:40.0) Gecko/20100101 Firefox/40.1" "www.templeos.org"
159.195.9.219 - - [05/Jun/2017:02:04:02 -0700] "GET /files HTTP/1.1" 301 93 "-" "Mozilla/5.0 (X11; Linux x86_64; rv:45.0) Gecko/20100101 Firefox/45.0" "www.templeos.org"
166.0.64.60 - - [05/Jun/2017:02:04:02 -0700] "GET / HTTP/1.1" 200 2171 "-" "Mozilla/5.0 (Windows NT 6.1; WOW64; rv:40.0) Gecko/20100101 Firefox/40.1" "www.templeos.org"
159.195.9.219 - - [05/Jun/2017:02:04:02 -0700] "GET /files/ HTTP/1.1" 200 819 "-" "Mozilla/5.0 (X11; Linux x86_64; rv:45.0) Gecko/20100101 Firefox/45.0" "www.templeos.org"
159.195.9.219 - - [05/Jun/2017:02:04:13 -0700] "GET /files/ HTTP/1.1" 200 819 "-" "Mozilla/5.0 (X11; Linux x86_64; rv:45.0) Gecko/20100101 Firefox/45.0" "www.templeos.org"
147.246.198.56 - - [05/Jun/2017:02:04:16 -0700] "GET / HTTP/1.1" 200 2171 "-" "Mozilla/5.0 (Windows NT 6.1; Win64; x64) AppleWebKit/537.36 (KHTML, like Gecko) Chrome/61.0.3120.0 Safari/537.36" "www.templeos.org"
63.26.185.178 - - [05/Jun/2017:02:04:17 -0700] "GET / HTTP/1.1" 200 2171 "-" "Mozilla/5.0 (Macintosh; Intel Mac OS X 10_12_5) AppleWebKit/603.2.4 (KHTML, like Gecko) Version/10.1.1 Safari/603.2.4" "www.templeos.org"
159.195.9.219 - - [05/Jun/2017:02:04:18 -0700] "GET /videos/ HTTP/1.1" 200 2600 "-" "Mozilla/5.0 (X11; Linux x86_64; rv:45.0) Gecko/20100101 Firefox/45.0" "www.templeos.org"
94.81.177.60 - - [05/Jun/2017:02:04:33 -0700] "GET /Family3_86-99/PART2/516-08.jpg HTTP/1.1" 404 89 "-" "Mozilla/5.0 (compatible; AhrefsBot/5.2; +http://ahrefs.com/robot/)" "www.templeos.org"
159.195.9.219 - - [05/Jun/2017:02:04:47 -0700] "GET /blog HTTP/1.1" 404 89 "-" "Mozilla/5.0 (X11; Linux x86_64; rv:45.0) Gecko/20100101 Firefox/45.0" "www.templeos.org"
63.26.185.178 - - [05/Jun/2017:02:04:51 -0700] "GET /files/ HTTP/1.1" 200 819 "http://www.templeos.org/" "Mozilla/5.0 (Macintosh; Intel Mac OS X 10_12_5) AppleWebKit/603.2.4 (KHTML, like Gecko) Version/10.1.1 Safari/603.2.4" "www.templeos.org"
63.26.185.178 - - [05/Jun/2017:02:04:55 -0700] "GET /videos/ HTTP/1.1" 200 2600 "http://www.templeos.org/" "Mozilla/5.0 (Macintosh; Intel Mac OS X 10_12_5) AppleWebKit/603.2.4 (KHTML, like Gecko) Version/10.1.1 Safari/603.2.4" "www.templeos.org"
159.195.9.219 - - [05/Jun/2017:02:05:02 -0700] "GET /Wb/Home/Web/TAD/TAD.html HTTP/1.1" 404 89 "-" "Mozilla/5.0 (X11; Linux x86_64; rv:45.0) Gecko/20100101 Firefox/45.0" "www.templeos.org"
96.220.70.177 - - [05/Jun/2017:02:05:02 -0700] "GET /Family1_58-78/part2/071-13.jpg HTTP/1.1" 404 89 "-" "Mozilla/5.0 (compatible; AhrefsBot/5.2; +http://ahrefs.com/robot/)" "templeos.org"
147.246.198.56 - - [05/Jun/2017:02:05:43 -0700] "GET /files HTTP/1.1" 301 93 "http://www.templeos.org/" "Mozilla/5.0 (Windows NT 6.1; Win64; x64) AppleWebKit/537.36 (KHTML, like Gecko) Chrome/61.0.3120.0 Safari/537.36" "www.templeos.org"
147.246.198.56 - - [05/Jun/2017:02:05:45 -0700] "GET /files/ HTTP/1.1" 200 819 "http://www.templeos.org/" "Mozilla/5.0 (Windows NT 6.1; Win64; x64) AppleWebKit/537.36 (KHTML, like Gecko) Chrome/61.0.3120.0 Safari/537.36" "www.templeos.org"
96.220.209.148 - - [05/Jun/2017:02:05:52 -0700] "GET /Family3_86-99/part3/598-07.jpg HTTP/1.1" 404 89 "-" "Mozilla/5.0 (compatible; AhrefsBot/5.2; +http://ahrefs.com/robot/)" "www.templeos.org"
147.246.198.56 - - [05/Jun/2017:02:05:57 -0700] "GET /videos HTTP/1.1" 301 94 "http://www.templeos.org/" "Mozilla/5.0 (Windows NT 6.1; Win64; x64) AppleWebKit/537.36 (KHTML, like Gecko) Chrome/61.0.3120.0 Safari/537.36" "www.templeos.org"
147.246.198.56 - - [05/Jun/2017:02:05:58 -0700] "GET /videos/ HTTP/1.1" 200 2600 "http://www.templeos.org/" "Mozilla/5.0 (Windows NT 6.1; Win64; x64) AppleWebKit/537.36 (KHTML, like Gecko) Chrome/61.0.3120.0 Safari/537.36" "www.templeos.org"
147.182.188.165 - - [05/Jun/2017:02:06:32 -0700] "GET /Wb/Misc/PCIDevices.html HTTP/1.1" 404 89 "-" "Mozilla/5.0 (Windows NT 6.1; WOW64) AppleWebKit/537.36 (KHTML, like Gecko) Chrome/33.0.1750.154 Safari/537.36" "www.templeos.org"
253.241.28.98 - - [05/Jun/2017:02:06:35 -0700] "GET /videos/ HTTP/1.1" 200 2600 "https://www.youtube.com/" "Mozilla/5.0 (Windows NT 6.3; WOW64; rv:51.0) Gecko/20100101 Firefox/51.0" "www.templeos.org"
215.159.195.139 - - [05/Jun/2017:02:06:35 -0700] "GET /Wb/Accts/TS/Wb2/TempleOS.html HTTP/1.1" 404 89 "-" "Iframely/1.0.3 (+http://iframely.com/;)" "www.templeos.org"
114.137.144.113 - - [05/Jun/2017:02:06:38 -0700] "GET / HTTP/1.1" 200 2171 "-" "Mozilla/5.0 (Windows NT 10.0; Win64; x64; rv:52.0) Gecko/20100101 Firefox/52.0" "templeos.org"
114.137.144.113 - - [05/Jun/2017:02:06:40 -0700] "GET /files HTTP/1.1" 301 93 "http://templeos.org/" "Mozilla/5.0 (Windows NT 10.0; Win64; x64; rv:52.0) Gecko/20100101 Firefox/52.0" "www.templeos.org"
114.137.144.113 - - [05/Jun/2017:02:06:40 -0700] "GET /files/ HTTP/1.1" 200 819 "http://templeos.org/" "Mozilla/5.0 (Windows NT 10.0; Win64; x64; rv:52.0) Gecko/20100101 Firefox/52.0" "www.templeos.org"
114.137.144.113 - - [05/Jun/2017:02:06:41 -0700] "GET /videos HTTP/1.1" 301 94 "http://templeos.org/" "Mozilla/5.0 (Windows NT 10.0; Win64; x64; rv:52.0) Gecko/20100101 Firefox/52.0" "www.templeos.org"
114.137.144.113 - - [05/Jun/2017:02:06:41 -0700] "GET /videos/ HTTP/1.1" 200 2600 "http://templeos.org/" "Mozilla/5.0 (Windows NT 10.0; Win64; x64; rv:52.0) Gecko/20100101 Firefox/52.0" "www.templeos.org"
253.241.28.98 - - [05/Jun/2017:02:06:41 -0700] "GET /videos/013RomanMeal.MP4 HTTP/1.1" 200 589824 "http://www.templeos.org/videos/" "Mozilla/5.0 (Windows NT 6.3; WOW64; rv:51.0) Gecko/20100101 Firefox/51.0" "www.templeos.org"
253.241.28.98 - - [05/Jun/2017:02:06:43 -0700] "GET /videos/013RomanMeal.MP4 HTTP/1.1" 200 720896 "http://www.templeos.org/videos/" "Mozilla/5.0 (Windows NT 6.3; WOW64; rv:51.0) Gecko/20100101 Firefox/51.0" "www.templeos.org"[0]
253.241.28.98 - - [05/Jun/2017:02:06:43 -0700] "GET /videos/013RomanMeal.MP4 HTTP/1.1" 206 201991 "http://www.templeos.org/videos/013RomanMeal.MP4" "Mozilla/5.0 (Windows NT 6.3; WOW64; rv:51.0) Gecko/20100101 Firefox/51.0" "www.templeos.org"
253.241.28.98 - - [05/Jun/2017:02:06:43 -0700] "GET /videos/013RomanMeal.MP4 HTTP/1.1" 206 655360 "http://www.templeos.org/videos/013RomanMeal.MP4" "Mozilla/5.0 (Windows NT 6.3; WOW64; rv:51.0) Gecko/20100101 Firefox/51.0" "www.templeos.org"
200.21.234.58 - - [05/Jun/2017:02:06:50 -0700] "GET /wp-login.php HTTP/1.1" 200 73 "-" "Mozilla/5.0 (Windows NT 6.1; WOW64; rv:40.0) Gecko/20100101 Firefox/40.1" "templeos.org"
200.21.234.58 - - [05/Jun/2017:02:06:50 -0700] "GET / HTTP/1.1" 200 2171 "-" "Mozilla/5.0 (Windows NT 6.1; WOW64; rv:40.0) Gecko/20100101 Firefox/40.1" "templeos.org"
79.4.42.56 - - [05/Jun/2017:02:06:57 -0700] "GET /Wb/Accts/TS/Wb2/TempleOS.html HTTP/1.1" 404 89 "-" "Mozilla/5.0 (iPhone; CPU iPhone OS 9_1 like Mac OS X) AppleWebKit/601.1.46 (KHTML, like Gecko) Version/9.0 Mobile/13B143 Safari/601.1" "www.templeos.org"
190.12.242.117 - - [05/Jun/2017:02:07:08 -0700] "GET / HTTP/1.1" 200 2171 "-" "Mozilla/5.0 (X11; Linux x86_64) AppleWebKit/537.36 (KHTML, like Gecko) Chrome/58.0.3029.83 Safari/537.36" "templeos.org"
100.83.181.29 - - [05/Jun/2017:02:07:10 -0700] "GET /videos HTTP/1.1" 301 94 "http://www.templeos.org/" "Mozilla/5.0 (Windows NT 10.0; Win64; x64) AppleWebKit/537.36 (KHTML, like Gecko) Chrome/58.0.3029.110 Safari/537.36" "www.templeos.org"
190.12.242.117 - - [05/Jun/2017:02:07:10 -0700] "GET /favicon.ico HTTP/1.1" 200 9918 "http://templeos.org/" "Mozilla/5.0 (X11; Linux x86_64) AppleWebKit/537.36 (KHTML, like Gecko) Chrome/58.0.3029.83 Safari/537.36" "templeos.org"
100.83.181.29 - - [05/Jun/2017:02:07:10 -0700] "GET /videos/ HTTP/1.1" 200 2600 "http://www.templeos.org/" "Mozilla/5.0 (Windows NT 10.0; Win64; x64) AppleWebKit/537.36 (KHTML, like Gecko) Chrome/58.0.3029.110 Safari/537.36" "www.templeos.org"
250.37.222.251 - - [05/Jun/2017:02:07:17 -0700] "GET /files/ HTTP/1.1" 200 819 "-" "Wget/1.17.1 (linux-gnu)" "www.templeos.org"
250.37.222.251 - - [05/Jun/2017:02:07:17 -0700] "GET /robots.txt HTTP/1.1" 404 89 "-" "Wget/1.17.1 (linux-gnu)" "www.templeos.org"
250.37.222.251 - - [05/Jun/2017:02:07:17 -0700] "GET /files/?N=D HTTP/1.1" 200 819 "http://www.templeos.org/files/" "Wget/1.17.1 (linux-gnu)" "www.templeos.org"
250.37.222.251 - - [05/Jun/2017:02:07:17 -0700] "GET /files/?M=A HTTP/1.1" 200 819 "http://www.templeos.org/files/" "Wget/1.17.1 (linux-gnu)" "www.templeos.org"
250.37.222.251 - - [05/Jun/2017:02:07:17 -0700] "GET /files/?S=A HTTP/1.1" 200 819 "http://www.templeos.org/files/" "Wget/1.17.1 (linux-gnu)" "www.templeos.org"
250.37.222.251 - - [05/Jun/2017:02:07:17 -0700] "GET /files/?D=A HTTP/1.1" 200 819 "http://www.templeos.org/files/" "Wget/1.17.1 (linux-gnu)" "www.templeos.org"
250.37.222.251 - - [05/Jun/2017:02:07:17 -0700] "GET /files/TOS_Distro.ISO HTTP/1.1" 200 196608 "http://www.templeos.org/files/" "Wget/1.17.1 (linux-gnu)" "www.templeos.org"
250.37.222.251 - - [05/Jun/2017:02:07:17 -0700] "GET /files/TOS_Supplemental1.ISO.C HTTP/1.1" 200 65536 "http://www.templeos.org/files/" "Wget/1.17.1 (linux-gnu)" "www.templeos.org"
250.37.222.251 - - [05/Jun/2017:02:07:17 -0700] "GET /files/?N=A HTTP/1.1" 200 819 "http://www.templeos.org/files/?N=D" "Wget/1.17.1 (linux-gnu)" "www.templeos.org"
250.37.222.251 - - [05/Jun/2017:02:07:18 -0700] "GET /files/?M=D HTTP/1.1" 200 819 "http://www.templeos.org/files/?M=A" "Wget/1.17.1 (linux-gnu)" "www.templeos.org"
250.37.222.251 - - [05/Jun/2017:02:07:18 -0700] "GET /files/?S=D HTTP/1.1" 200 819 "http://www.templeos.org/files/?S=A" "Wget/1.17.1 (linux-gnu)" "www.templeos.org"
250.37.222.251 - - [05/Jun/2017:02:07:18 -0700] "GET /files/?D=D HTTP/1.1" 200 819 "http://www.templeos.org/files/?D=A" "Wget/1.17.1 (linux-gnu)" "www.templeos.org"
250.37.222.251 - - [05/Jun/2017:02:07:18 -0700] "GET /videos/ HTTP/1.1" 200 2600 "-" "Wget/1.17.1 (linux-gnu)" "www.templeos.org"
250.37.222.251 - - [05/Jun/2017:02:07:18 -0700] "GET /robots.txt HTTP/1.1" 404 89 "-" "Wget/1.17.1 (linux-gnu)" "www.templeos.org"
250.37.222.251 - - [05/Jun/2017:02:07:18 -0700] "GET /videos/?N=D HTTP/1.1" 200 2600 "http://www.templeos.org/videos/" "Wget/1.17.1 (linux-gnu)" "www.templeos.org"
250.37.222.251 - - [05/Jun/2017:02:07:18 -0700] "GET /videos/?M=A HTTP/1.1" 200 2600 "http://www.templeos.org/videos/" "Wget/1.17.1 (linux-gnu)" "www.templeos.org"
