96.220.202.148 - - [04/Jun/2017:23:30:11 -0700] "GET /Wb/Demo/DolDoc/?N=A HTTP/1.1" 404 89 "-" "Mozilla/5.0 (compatible; MJ12bot/v1.4.7; http://mj12bot.com/)" "www.templeos.org"
96.220.202.148 - - [04/Jun/2017:23:30:12 -0700] "GET /Wb/Demo/DolDoc/?S=D HTTP/1.1" 404 89 "-" "Mozilla/5.0 (compatible; MJ12bot/v1.4.7; http://mj12bot.com/)" "www.templeos.org"
96.220.202.148 - - [04/Jun/2017:23:30:14 -0700] "GET /Wb/Demo/LastClass.html HTTP/1.1" 404 89 "-" "Mozilla/5.0 (compatible; MJ12bot/v1.4.7; http://mj12bot.com/)" "www.templeos.org"
96.220.202.148 - - [04/Jun/2017:23:30:16 -0700] "GET /Wb/Doc/AutoComplete.html HTTP/1.1" 404 89 "-" "Mozilla/5.0 (compatible; MJ12bot/v1.4.7; http://mj12bot.com/)" "www.templeos.org"
96.104.81.70 - - [04/Jun/2017:23:30:17 -0700] "GET / HTTP/1.1" 200 2171 "-" "Mozilla/5.0 (Windows NT 6.1; rv:45.0) Gecko/20100101 Firefox/45.0" "www.templeos.org"
96.220.202.148 - - [04/Jun/2017:23:30:18 -0700] "GET /Wb/Doc/D3.html HTTP/1.1" 404 89 "-" "Mozilla/5.0 (compatible; MJ12bot/v1.4.7; http://mj12bot.com/)" "www.templeos.org"
96.220.202.148 - - [04/Jun/2017:23:30:20 -0700] "GET /Wb/Doc/KeyDev.html HTTP/1.1" 404 89 "-" "Mozilla/5.0 (compatible; MJ12bot/v1.4.7; http://mj12bot.com/)" "www.templeos.org"
127.167.78.223 - - [04/Jun/2017:23:30:21 -0700] "GET /videos HTTP/1.1" 301 94 "http://www.templeos.org/" "Mozilla/5.0 (Windows NT 6.1; WOW64; rv:53.0) Gecko/20100101 Firefox/53.0" "www.templeos.org"
127.167.78.223 - - [04/Jun/2017:23:30:21 -0700] "GET /videos/ HTTP/1.1" 200 2600 "http://www.templeos.org/" "Mozilla/5.0 (Windows NT 6.1; WOW64; rv:53.0) Gecko/20100101 Firefox/53.0" "www.templeos.org"
96.220.202.148 - - [04/Jun/2017:23:30:21 -0700] "GET /Wb/Doc/Lex.html HTTP/1.1" 404 89 "-" "Mozilla/5.0 (compatible; MJ12bot/v1.4.7; http://mj12bot.com/)" "www.templeos.org"
127.167.78.223 - - [04/Jun/2017:23:30:23 -0700] "GET /files HTTP/1.1" 301 93 "http://www.templeos.org/" "Mozilla/5.0 (Windows NT 6.1; WOW64; rv:53.0) Gecko/20100101 Firefox/53.0" "www.templeos.org"
127.167.78.223 - - [04/Jun/2017:23:30:23 -0700] "GET /files/ HTTP/1.1" 200 819 "http://www.templeos.org/" "Mozilla/5.0 (Windows NT 6.1; WOW64; rv:53.0) Gecko/20100101 Firefox/53.0" "www.templeos.org"
96.220.202.148 - - [04/Jun/2017:23:30:25 -0700] "GET /Wb/Doc/Msgs.html HTTP/1.1" 404 89 "-" "Mozilla/5.0 (compatible; MJ12bot/v1.4.7; http://mj12bot.com/)" "www.templeos.org"
215.159.195.139 - - [04/Jun/2017:23:30:26 -0700] "GET /Wb/Accts/TS/Wb2/TempleOS.html HTTP/1.1" 404 89 "-" "Iframely/1.0.3 (+http://iframely.com/;)" "www.templeos.org"
96.220.202.148 - - [04/Jun/2017:23:30:27 -0700] "GET /Wb/Home/Web/TAD/NISTPassage.html HTTP/1.1" 404 89 "-" "Mozilla/5.0 (compatible; MJ12bot/v1.4.7; http://mj12bot.com/)" "www.templeos.org"
234.179.223.56 - - [04/Jun/2017:23:30:27 -0700] "GET /Family1_58-78/part2/059-07.jpg HTTP/1.1" 404 89 "-" "Mozilla/5.0 (compatible; AhrefsBot/5.2; +http://ahrefs.com/robot/)" "templeos.org"
96.220.202.148 - - [04/Jun/2017:23:30:29 -0700] "GET /Wb/Kernel/BlkDev/DskBlk.html HTTP/1.1" 404 89 "-" "Mozilla/5.0 (compatible; MJ12bot/v1.4.7; http://mj12bot.com/)" "www.templeos.org"
96.220.202.148 - - [04/Jun/2017:23:30:31 -0700] "GET /Wb/Kernel/EdLite.html HTTP/1.1" 404 89 "-" "Mozilla/5.0 (compatible; MJ12bot/v1.4.7; http://mj12bot.com/)" "www.templeos.org"
96.220.202.148 - - [04/Jun/2017:23:30:32 -0700] "GET /Wb/Kernel/KHashA.html HTTP/1.1" 404 89 "-" "Mozilla/5.0 (compatible; MJ12bot/v1.4.7; http://mj12bot.com/)" "www.templeos.org"
96.220.202.148 - - [04/Jun/2017:23:30:34 -0700] "GET /Wb/Kernel/Kernel.MAP.Z HTTP/1.1" 404 89 "-" "Mozilla/5.0 (compatible; MJ12bot/v1.4.7; http://mj12bot.com/)" "www.templeos.org"
127.167.78.223 - - [04/Jun/2017:23:30:35 -0700] "GET /videos/004EvictSpaghetti.MP4 HTTP/1.1" 200 589824 "http://www.templeos.org/videos/" "Mozilla/5.0 (Windows NT 6.1; WOW64; rv:53.0) Gecko/20100101 Firefox/53.0" "www.templeos.org"
127.167.78.223 - - [04/Jun/2017:23:30:35 -0700] "GET /videos/004EvictSpaghetti.MP4 HTTP/1.1" 206 412319 "http://www.templeos.org/videos/004EvictSpaghetti.MP4" "Mozilla/5.0 (Windows NT 6.1; WOW64; rv:53.0) Gecko/20100101 Firefox/53.0" "www.templeos.org"
127.167.78.223 - - [04/Jun/2017:23:30:35 -0700] "GET /videos/004EvictSpaghetti.MP4 HTTP/1.1" 206 458752 "http://www.templeos.org/videos/004EvictSpaghetti.MP4" "Mozilla/5.0 (Windows NT 6.1; WOW64; rv:53.0) Gecko/20100101 Firefox/53.0" "www.templeos.org"
127.167.78.223 - - [04/Jun/2017:23:30:35 -0700] "GET /videos/004EvictSpaghetti.MP4 HTTP/1.1" 206 412319 "http://www.templeos.org/videos/004EvictSpaghetti.MP4" "Mozilla/5.0 (Windows NT 6.1; WOW64; rv:53.0) Gecko/20100101 Firefox/53.0" "www.templeos.org"
96.220.202.148 - - [04/Jun/2017:23:30:36 -0700] "GET /Wb/Kernel/SerialDev/?D=D HTTP/1.1" 404 89 "-" "Mozilla/5.0 (compatible; MJ12bot/v1.4.7; http://mj12bot.com/)" "www.templeos.org"
127.167.78.223 - - [04/Jun/2017:23:30:36 -0700] "GET /videos/004EvictSpaghetti.MP4 HTTP/1.1" 206 524288 "http://www.templeos.org/videos/004EvictSpaghetti.MP4" "Mozilla/5.0 (Windows NT 6.1; WOW64; rv:53.0) Gecko/20100101 Firefox/53.0" "www.templeos.org"
127.167.78.223 - - [04/Jun/2017:23:30:36 -0700] "GET /videos/004EvictSpaghetti.MP4 HTTP/1.1" 206 412319 "http://www.templeos.org/videos/004EvictSpaghetti.MP4" "Mozilla/5.0 (Windows NT 6.1; WOW64; rv:53.0) Gecko/20100101 Firefox/53.0" "www.templeos.org"[0]
127.167.78.223 - - [04/Jun/2017:23:30:37 -0700] "GET /videos/004EvictSpaghetti.MP4 HTTP/1.1" 206 524288 "http://www.templeos.org/videos/004EvictSpaghetti.MP4" "Mozilla/5.0 (Windows NT 6.1; WOW64; rv:53.0) Gecko/20100101 Firefox/53.0" "www.templeos.org"
96.220.202.148 - - [04/Jun/2017:23:30:38 -0700] "GET /Wb/Kernel/SerialDev/?N=D HTTP/1.1" 404 89 "-" "Mozilla/5.0 (compatible; MJ12bot/v1.4.7; http://mj12bot.com/)" "www.templeos.org"
96.220.202.148 - - [04/Jun/2017:23:30:41 -0700] "GET /Wb/Kernel/SerialDev/MakeSerialDev.html HTTP/1.1" 404 89 "-" "Mozilla/5.0 (compatible; MJ12bot/v1.4.7; http://mj12bot.com/)" "www.templeos.org"
127.194.214.109 - - [04/Jun/2017:23:30:43 -0700] "GET /videos/ HTTP/1.1" 200 2600 "-" "Mozilla/5.0 (X11; Linux x86_64) AppleWebKit/537.36 (KHTML, like Gecko) Chrome/49.0.2623.75 Safari/537.36 Google Favicon" "templeos.org"
127.194.214.109 - - [04/Jun/2017:23:30:43 -0700] "GET /favicon.ico HTTP/1.1" 200 9918 "-" "Mozilla/5.0 (X11; Linux x86_64) AppleWebKit/537.36 (KHTML, like Gecko) Chrome/49.0.2623.75 Safari/537.36 Google Favicon" "templeos.org"
96.220.202.148 - - [04/Jun/2017:23:30:43 -0700] "GET /files/History/060718/0000boot/?D=A HTTP/1.1" 404 89 "-" "Mozilla/5.0 (compatible; MJ12bot/v1.4.7; http://mj12bot.com/)" "www.templeos.org"
96.220.202.148 - - [04/Jun/2017:23:30:45 -0700] "GET /files/History/060718/0000boot/?D=D HTTP/1.1" 404 89 "-" "Mozilla/5.0 (compatible; MJ12bot/v1.4.7; http://mj12bot.com/)" "www.templeos.org"
56.202.165.204 - - [04/Jun/2017:23:30:45 -0700] "GET /Wb/Doc/SpriteBitMap.html HTTP/1.1" 404 89 "-" "Mozilla/5.0 (compatible; YandexBot/3.0; +http://yandex.com/bots)" "www.templeos.org"
96.220.202.148 - - [04/Jun/2017:23:30:47 -0700] "GET /files/History/060718/lt/accounts/ HTTP/1.1" 404 89 "-" "Mozilla/5.0 (compatible; MJ12bot/v1.4.7; http://mj12bot.com/)" "www.templeos.org"
96.220.202.148 - - [04/Jun/2017:23:30:51 -0700] "GET /files/History/060719/lt/demo/?D=D HTTP/1.1" 404 89 "-" "Mozilla/5.0 (compatible; MJ12bot/v1.4.7; http://mj12bot.com/)" "www.templeos.org"
96.220.202.148 - - [04/Jun/2017:23:30:52 -0700] "GET /files/History/060719/lt/osmain/?M=D HTTP/1.1" 404 89 "-" "Mozilla/5.0 (compatible; MJ12bot/v1.4.7; http://mj12bot.com/)" "www.templeos.org"
96.220.202.148 - - [04/Jun/2017:23:30:54 -0700] "GET /files/History/060719/lt/osmain/?S=D HTTP/1.1" 404 89 "-" "Mozilla/5.0 (compatible; MJ12bot/v1.4.7; http://mj12bot.com/)" "www.templeos.org"
96.220.202.148 - - [04/Jun/2017:23:30:56 -0700] "GET /files/History/070816/lt/accts/?D=D HTTP/1.1" 404 89 "-" "Mozilla/5.0 (compatible; MJ12bot/v1.4.7; http://mj12bot.com/)" "www.templeos.org"
96.220.202.148 - - [04/Jun/2017:23:30:57 -0700] "GET /files/History/070816/lt/accts/?M=D HTTP/1.1" 404 89 "-" "Mozilla/5.0 (compatible; MJ12bot/v1.4.7; http://mj12bot.com/)" "www.templeos.org"
96.220.202.148 - - [04/Jun/2017:23:30:59 -0700] "GET /files/History/070816/lt/accts/?N=A HTTP/1.1" 404 89 "-" "Mozilla/5.0 (compatible; MJ12bot/v1.4.7; http://mj12bot.com/)" "www.templeos.org"
222.197.242.215 - - [04/Jun/2017:23:31:00 -0700] "GET /videos/004EvictSpaghetti.MP4 HTTP/1.1" 200 524288 "-" "Mozilla/5.0 (compatible; Discordbot/2.0; +https://discordapp.com)" "www.templeos.org"
222.197.242.215 - - [04/Jun/2017:23:31:00 -0700] "GET /videos/004EvictSpaghetti.MP4 HTTP/1.1" 200 589824 "-" "Mozilla/5.0 (compatible; Discordbot/2.0; +https://discordapp.com)" "www.templeos.org"
222.197.242.215 - - [04/Jun/2017:23:31:00 -0700] "GET /videos/004EvictSpaghetti.MP4 HTTP/1.1" 200 458752 "-" "Mozilla/5.0 (compatible; Discordbot/2.0; +https://discordapp.com)" "www.templeos.org"
111.12.93.4 - - [04/Jun/2017:23:31:01 -0700] "GET /robots.txt HTTP/1.1" 404 89 "-" "Mozilla/5.0 (compatible; DotBot/1.1; http://www.opensiteexplorer.org/dotbot, help@moz.com)" "www.templeos.org"
96.220.202.148 - - [04/Jun/2017:23:31:01 -0700] "GET /files/History/070816/lt/adam/?M=D HTTP/1.1" 404 89 "-" "Mozilla/5.0 (compatible; MJ12bot/v1.4.7; http://mj12bot.com/)" "www.templeos.org"
96.220.202.148 - - [04/Jun/2017:23:31:03 -0700] "GET /files/History/070816/lt/adam/?S=D HTTP/1.1" 404 89 "-" "Mozilla/5.0 (compatible; MJ12bot/v1.4.7; http://mj12bot.com/)" "www.templeos.org"
234.159.124.248 - - [04/Jun/2017:23:31:04 -0700] "GET /videos/006SpaghettiJew.MP4 HTTP/1.1" 206 9766912 "http://www.templeos.org/videos/006SpaghettiJew.MP4" "Mozilla/5.0 (Android 5.1.1; Mobile; rv:50.0) Gecko/50.0 Firefox/50.0" "www.templeos.org"
96.220.202.148 - - [04/Jun/2017:23:31:04 -0700] "GET /files/History/070816/lt/apps/musicorgan/?D=A HTTP/1.1" 404 89 "-" "Mozilla/5.0 (compatible; MJ12bot/v1.4.7; http://mj12bot.com/)" "www.templeos.org"
96.220.202.148 - - [04/Jun/2017:23:31:06 -0700] "GET /files/History/070816/lt/apps/musicorgan/?M=A HTTP/1.1" 404 89 "-" "Mozilla/5.0 (compatible; MJ12bot/v1.4.7; http://mj12bot.com/)" "www.templeos.org"
96.220.202.148 - - [04/Jun/2017:23:31:08 -0700] "GET /files/History/070816/lt/apps/musicorgan/?N=D HTTP/1.1" 404 89 "-" "Mozilla/5.0 (compatible; MJ12bot/v1.4.7; http://mj12bot.com/)" "www.templeos.org"
250.48.195.67 - - [04/Jun/2017:23:31:08 -0700] "GET / HTTP/1.1" 200 2171 "-" "Mozilla/5.0 (compatible; archive.org_bot; Wayback Machine Live Record; +http://archive.org/details/archive.org_bot)" "www.templeos.org"
96.220.202.148 - - [04/Jun/2017:23:31:10 -0700] "GET /files/History/070816/lt/apps/musicorgan/?S=A HTTP/1.1" 404 89 "-" "Mozilla/5.0 (compatible; MJ12bot/v1.4.7; http://mj12bot.com/)" "www.templeos.org"
96.220.202.148 - - [04/Jun/2017:23:31:12 -0700] "GET /files/History/070816/lt/apps/timeclock/?N=D HTTP/1.1" 404 89 "-" "Mozilla/5.0 (compatible; MJ12bot/v1.4.7; http://mj12bot.com/)" "www.templeos.org"
96.220.202.148 - - [04/Jun/2017:23:31:13 -0700] "GET /files/History/070816/lt/apps/vocabulary/?D=A HTTP/1.1" 404 89 "-" "Mozilla/5.0 (compatible; MJ12bot/v1.4.7; http://mj12bot.com/)" "www.templeos.org"
96.220.202.148 - - [04/Jun/2017:23:31:15 -0700] "GET /files/History/070816/lt/apps/vocabulary/?M=A HTTP/1.1" 404 89 "-" "Mozilla/5.0 (compatible; MJ12bot/v1.4.7; http://mj12bot.com/)" "www.templeos.org"
96.220.202.148 - - [04/Jun/2017:23:31:17 -0700] "GET /files/History/070816/lt/apps/vocabulary/?N=D HTTP/1.1" 404 89 "-" "Mozilla/5.0 (compatible; MJ12bot/v1.4.7; http://mj12bot.com/)" "www.templeos.org"
96.220.202.148 - - [04/Jun/2017:23:31:18 -0700] "GET /files/History/070816/lt/apps/vocabulary/?S=A HTTP/1.1" 404 89 "-" "Mozilla/5.0 (compatible; MJ12bot/v1.4.7; http://mj12bot.com/)" "www.templeos.org"
96.220.202.148 - - [04/Jun/2017:23:31:21 -0700] "GET /files/History/070816/lt/apps/wargame/?D=A HTTP/1.1" 404 89 "-" "Mozilla/5.0 (compatible; MJ12bot/v1.4.7; http://mj12bot.com/)" "www.templeos.org"
96.220.202.148 - - [04/Jun/2017:23:31:23 -0700] "GET /files/History/070816/lt/apps/wargame/?M=A HTTP/1.1" 404 89 "-" "Mozilla/5.0 (compatible; MJ12bot/v1.4.7; http://mj12bot.com/)" "www.templeos.org"
96.220.202.148 - - [04/Jun/2017:23:31:25 -0700] "GET /files/History/070816/lt/apps/wargame/?N=D HTTP/1.1" 404 89 "-" "Mozilla/5.0 (compatible; MJ12bot/v1.4.7; http://mj12bot.com/)" "www.templeos.org"
96.220.202.148 - - [04/Jun/2017:23:31:26 -0700] "GET /files/History/070816/lt/apps/wargame/?S=A HTTP/1.1" 404 89 "-" "Mozilla/5.0 (compatible; MJ12bot/v1.4.7; http://mj12bot.com/)" "www.templeos.org"
96.220.202.148 - - [04/Jun/2017:23:31:29 -0700] "GET /files/History/070816/lt/apps/wargame/wargame.TXT.Z HTTP/1.1" 404 89 "-" "Mozilla/5.0 (compatible; MJ12bot/v1.4.7; http://mj12bot.com/)" "www.templeos.org"
96.220.202.148 - - [04/Jun/2017:23:31:31 -0700] "GET /files/History/070816/lt/compiler/?D=A HTTP/1.1" 404 89 "-" "Mozilla/5.0 (compatible; MJ12bot/v1.4.7; http://mj12bot.com/)" "www.templeos.org"
19.191.129.39 - - [04/Jun/2017:23:31:32 -0700] "GET /Family3_86-99/PART5/ALB28-09.JPG HTTP/1.1" 404 89 "-" "Mozilla/5.0 (compatible; AhrefsBot/5.2; +http://ahrefs.com/robot/)" "templeos.org"
96.220.202.148 - - [04/Jun/2017:23:31:34 -0700] "GET /files/History/070816/lt/compiler/?M=A HTTP/1.1" 404 89 "-" "Mozilla/5.0 (compatible; MJ12bot/v1.4.7; http://mj12bot.com/)" "www.templeos.org"
96.220.202.148 - - [04/Jun/2017:23:31:35 -0700] "GET /files/History/070816/lt/compiler/?S=A HTTP/1.1" 404 89 "-" "Mozilla/5.0 (compatible; MJ12bot/v1.4.7; http://mj12bot.com/)" "www.templeos.org"
96.220.202.148 - - [04/Jun/2017:23:31:37 -0700] "GET /files/History/070816/lt/compiler/compiler.MAP.Z HTTP/1.1" 404 89 "-" "Mozilla/5.0 (compatible; MJ12bot/v1.4.7; http://mj12bot.com/)" "www.templeos.org"
96.220.202.148 - - [04/Jun/2017:23:31:39 -0700] "GET /files/History/070816/lt/compiler/opcodes.TXT.Z HTTP/1.1" 404 89 "-" "Mozilla/5.0 (compatible; MJ12bot/v1.4.7; http://mj12bot.com/)" "www.templeos.org"
96.220.202.148 - - [04/Jun/2017:23:31:41 -0700] "GET /files/History/070816/lt/demo/?D=D HTTP/1.1" 404 89 "-" "Mozilla/5.0 (compatible; MJ12bot/v1.4.7; http://mj12bot.com/)" "www.templeos.org"
96.220.202.148 - - [04/Jun/2017:23:31:42 -0700] "GET /files/History/070816/lt/demo/?M=D HTTP/1.1" 404 89 "-" "Mozilla/5.0 (compatible; MJ12bot/v1.4.7; http://mj12bot.com/)" "www.templeos.org"
96.220.202.148 - - [04/Jun/2017:23:31:44 -0700] "GET /files/History/070816/lt/demo/?N=A HTTP/1.1" 404 89 "-" "Mozilla/5.0 (compatible; MJ12bot/v1.4.7; http://mj12bot.com/)" "www.templeos.org"
96.220.202.148 - - [04/Jun/2017:23:31:46 -0700] "GET /files/History/070816/lt/demo/?S=D HTTP/1.1" 404 89 "-" "Mozilla/5.0 (compatible; MJ12bot/v1.4.7; http://mj12bot.com/)" "www.templeos.org"
96.220.202.148 - - [04/Jun/2017:23:31:48 -0700] "GET /files/History/070816/lt/demo/graphics/?D=D HTTP/1.1" 404 89 "-" "Mozilla/5.0 (compatible; MJ12bot/v1.4.7; http://mj12bot.com/)" "www.templeos.org"
96.220.202.148 - - [04/Jun/2017:23:31:51 -0700] "GET /files/History/070816/lt/osmain/?S=D HTTP/1.1" 404 89 "-" "Mozilla/5.0 (compatible; MJ12bot/v1.4.7; http://mj12bot.com/)" "www.templeos.org"
96.220.202.148 - - [04/Jun/2017:23:31:53 -0700] "GET /files/History/070816/lt/text/?D=A HTTP/1.1" 404 89 "-" "Mozilla/5.0 (compatible; MJ12bot/v1.4.7; http://mj12bot.com/)" "www.templeos.org"
92.153.113.131 - - [04/Jun/2017:23:31:54 -0700] "GET / HTTP/1.1" 200 2171 "https://www.google.fi/" "Mozilla/5.0 (X11; Linux x86_64) AppleWebKit/537.36 (KHTML, like Gecko) Chrome/58.0.3029.110 Safari/537.36" "www.templeos.org"
96.220.202.148 - - [04/Jun/2017:23:31:54 -0700] "GET /files/History/070816/lt/text/?D=D HTTP/1.1" 404 89 "-" "Mozilla/5.0 (compatible; MJ12bot/v1.4.7; http://mj12bot.com/)" "www.templeos.org"
96.220.202.148 - - [04/Jun/2017:23:31:56 -0700] "GET /files/History/070816/lt/text/?M=A HTTP/1.1" 404 89 "-" "Mozilla/5.0 (compatible; MJ12bot/v1.4.7; http://mj12bot.com/)" "www.templeos.org"
96.220.202.148 - - [04/Jun/2017:23:31:58 -0700] "GET /files/History/070816/lt/text/?M=D HTTP/1.1" 404 89 "-" "Mozilla/5.0 (compatible; MJ12bot/v1.4.7; http://mj12bot.com/)" "www.templeos.org"
92.153.113.131 - - [04/Jun/2017:23:31:59 -0700] "GET /videos HTTP/1.1" 301 94 "http://www.templeos.org/" "Mozilla/5.0 (X11; Linux x86_64) AppleWebKit/537.36 (KHTML, like Gecko) Chrome/58.0.3029.110 Safari/537.36" "www.templeos.org"
92.153.113.131 - - [04/Jun/2017:23:31:59 -0700] "GET /videos/ HTTP/1.1" 200 2600 "http://www.templeos.org/" "Mozilla/5.0 (X11; Linux x86_64) AppleWebKit/537.36 (KHTML, like Gecko) Chrome/58.0.3029.110 Safari/537.36" "www.templeos.org"
96.220.202.148 - - [04/Jun/2017:23:32:00 -0700] "GET /files/History/070816/lt/text/?N=A HTTP/1.1" 404 89 "-" "Mozilla/5.0 (compatible; MJ12bot/v1.4.7; http://mj12bot.com/)" "www.templeos.org"
96.220.202.148 - - [04/Jun/2017:23:32:01 -0700] "GET /files/History/070816/lt/text/?S=A HTTP/1.1" 404 89 "-" "Mozilla/5.0 (compatible; MJ12bot/v1.4.7; http://mj12bot.com/)" "www.templeos.org"
96.220.202.148 - - [04/Jun/2017:23:32:03 -0700] "GET /files/History/070816/lt/text/?S=D HTTP/1.1" 404 89 "-" "Mozilla/5.0 (compatible; MJ12bot/v1.4.7; http://mj12bot.com/)" "www.templeos.org"
96.220.202.148 - - [04/Jun/2017:23:32:05 -0700] "GET /files/History/070816/lt/text/bible.TXT.Z HTTP/1.1" 404 89 "-" "Mozilla/5.0 (compatible; MJ12bot/v1.4.7; http://mj12bot.com/)" "www.templeos.org"
96.220.202.148 - - [04/Jun/2017:23:32:07 -0700] "GET /files/History/070816/lt/utils/?D=D HTTP/1.1" 404 89 "-" "Mozilla/5.0 (compatible; MJ12bot/v1.4.7; http://mj12bot.com/)" "www.templeos.org"
92.153.113.131 - - [04/Jun/2017:23:32:07 -0700] "GET /Wb/Home/Web/TAD/TAD.html HTTP/1.1" 404 89 "https://www.google.fi/" "Mozilla/5.0 (X11; Linux x86_64) AppleWebKit/537.36 (KHTML, like Gecko) Chrome/58.0.3029.110 Safari/537.36" "www.templeos.org"
96.220.202.148 - - [04/Jun/2017:23:32:09 -0700] "GET /files/History/070816/lt/utils/?M=D HTTP/1.1" 404 89 "-" "Mozilla/5.0 (compatible; MJ12bot/v1.4.7; http://mj12bot.com/)" "www.templeos.org"
96.220.202.148 - - [04/Jun/2017:23:32:11 -0700] "GET /files/History/070816/lt/utils/?N=A HTTP/1.1" 404 89 "-" "Mozilla/5.0 (compatible; MJ12bot/v1.4.7; http://mj12bot.com/)" "www.templeos.org"
96.220.202.148 - - [04/Jun/2017:23:32:13 -0700] "GET /files/History/070816/lt/utils/?S=D HTTP/1.1" 404 89 "-" "Mozilla/5.0 (compatible; MJ12bot/v1.4.7; http://mj12bot.com/)" "www.templeos.org"
96.220.202.148 - - [04/Jun/2017:23:32:15 -0700] "GET /files/History/070816/lt/utils/boot/?D=A HTTP/1.1" 404 89 "-" "Mozilla/5.0 (compatible; MJ12bot/v1.4.7; http://mj12bot.com/)" "www.templeos.org"
136.5.67.188 - - [04/Jun/2017:23:32:17 -0700] "GET /files HTTP/1.1" 301 93 "http://www.templeos.org/" "Mozilla/5.0 (Windows NT 10.0; Win64; x64) AppleWebKit/537.36 (KHTML, like Gecko) Chrome/58.0.3029.110 Safari/537.36" "www.templeos.org"
136.5.67.188 - - [04/Jun/2017:23:32:17 -0700] "GET /files/ HTTP/1.1" 200 819 "http://www.templeos.org/" "Mozilla/5.0 (Windows NT 10.0; Win64; x64) AppleWebKit/537.36 (KHTML, like Gecko) Chrome/58.0.3029.110 Safari/537.36" "www.templeos.org"
96.220.202.148 - - [04/Jun/2017:23:32:19 -0700] "GET /files/History/070816/lt/utils/boot/?M=A HTTP/1.1" 404 89 "-" "Mozilla/5.0 (compatible; MJ12bot/v1.4.7; http://mj12bot.com/)" "www.templeos.org"
96.220.202.148 - - [04/Jun/2017:23:32:21 -0700] "GET /files/History/070816/lt/utils/boot/?N=D HTTP/1.1" 404 89 "-" "Mozilla/5.0 (compatible; MJ12bot/v1.4.7; http://mj12bot.com/)" "www.templeos.org"
136.5.67.188 - - [04/Jun/2017:23:32:24 -0700] "GET /videos HTTP/1.1" 301 94 "http://www.templeos.org/" "Mozilla/5.0 (Windows NT 10.0; Win64; x64) AppleWebKit/537.36 (KHTML, like Gecko) Chrome/58.0.3029.110 Safari/537.36" "www.templeos.org"
136.5.67.188 - - [04/Jun/2017:23:32:24 -0700] "GET /videos/ HTTP/1.1" 200 2600 "http://www.templeos.org/" "Mozilla/5.0 (Windows NT 10.0; Win64; x64) AppleWebKit/537.36 (KHTML, like Gecko) Chrome/58.0.3029.110 Safari/537.36" "www.templeos.org"
96.220.202.148 - - [04/Jun/2017:23:32:24 -0700] "GET /files/History/070816/windows/bin/?D=A HTTP/1.1" 404 89 "-" "Mozilla/5.0 (compatible; MJ12bot/v1.4.7; http://mj12bot.com/)" "www.templeos.org"
96.220.202.148 - - [04/Jun/2017:23:32:28 -0700] "GET /files/History/070816/windows/bin/?M=A HTTP/1.1" 404 89 "-" "Mozilla/5.0 (compatible; MJ12bot/v1.4.7; http://mj12bot.com/)" "www.templeos.org"
136.5.67.188 - - [04/Jun/2017:23:32:29 -0700] "GET /videos/006SpaghettiJew.MP4 HTTP/1.1" 200 4390912 "http://www.templeos.org/videos/" "Mozilla/5.0 (Windows NT 10.0; Win64; x64) AppleWebKit/537.36 (KHTML, like Gecko) Chrome/58.0.3029.110 Safari/537.36" "www.templeos.org"
96.220.202.148 - - [04/Jun/2017:23:32:30 -0700] "GET /files/History/070816/windows/bin/?M=D HTTP/1.1" 404 89 "-" "Mozilla/5.0 (compatible; MJ12bot/v1.4.7; http://mj12bot.com/)" "www.templeos.org"
96.220.202.148 - - [04/Jun/2017:23:32:32 -0700] "GET /files/History/070816/windows/bin/?N=A HTTP/1.1" 404 89 "-" "Mozilla/5.0 (compatible; MJ12bot/v1.4.7; http://mj12bot.com/)" "www.templeos.org"
96.220.202.148 - - [04/Jun/2017:23:32:34 -0700] "GET /files/History/070816/windows/bin/?N=D HTTP/1.1" 404 89 "-" "Mozilla/5.0 (compatible; MJ12bot/v1.4.7; http://mj12bot.com/)" "www.templeos.org"
96.220.202.148 - - [04/Jun/2017:23:32:35 -0700] "GET /files/History/070816/windows/bin/?S=D HTTP/1.1" 404 89 "-" "Mozilla/5.0 (compatible; MJ12bot/v1.4.7; http://mj12bot.com/)" "www.templeos.org"
96.220.202.148 - - [04/Jun/2017:23:32:37 -0700] "GET /files/History/070816/windows/ltz/?D=A HTTP/1.1" 404 89 "-" "Mozilla/5.0 (compatible; MJ12bot/v1.4.7; http://mj12bot.com/)" "www.templeos.org"
96.220.202.148 - - [04/Jun/2017:23:32:39 -0700] "GET /files/History/070816/windows/ltz/?D=D HTTP/1.1" 404 89 "-" "Mozilla/5.0 (compatible; MJ12bot/v1.4.7; http://mj12bot.com/)" "www.templeos.org"
96.220.202.148 - - [04/Jun/2017:23:32:41 -0700] "GET /files/History/070816/windows/ltz/?M=A HTTP/1.1" 404 89 "-" "Mozilla/5.0 (compatible; MJ12bot/v1.4.7; http://mj12bot.com/)" "www.templeos.org"
96.220.202.148 - - [04/Jun/2017:23:32:43 -0700] "GET /files/History/070816/windows/ltz/?M=D HTTP/1.1" 404 89 "-" "Mozilla/5.0 (compatible; MJ12bot/v1.4.7; http://mj12bot.com/)" "www.templeos.org"
96.220.202.148 - - [04/Jun/2017:23:32:46 -0700] "GET /files/History/070816/windows/ltz/?N=A HTTP/1.1" 404 89 "-" "Mozilla/5.0 (compatible; MJ12bot/v1.4.7; http://mj12bot.com/)" "www.templeos.org"
96.220.202.148 - - [04/Jun/2017:23:32:48 -0700] "GET /files/History/070816/windows/ltz/?N=D HTTP/1.1" 404 89 "-" "Mozilla/5.0 (compatible; MJ12bot/v1.4.7; http://mj12bot.com/)" "www.templeos.org"
96.220.202.148 - - [04/Jun/2017:23:32:50 -0700] "GET /files/History/070816/windows/ltz/?S=A HTTP/1.1" 404 89 "-" "Mozilla/5.0 (compatible; MJ12bot/v1.4.7; http://mj12bot.com/)" "www.templeos.org"
57.220.136.59 - - [04/Jun/2017:23:32:56 -0700] "GET /Wb/HomeLocalize.html HTTP/1.1" 404 89 "-" "Mozilla/5.0 (compatible; YandexBot/3.0; +http://yandex.com/bots)" "www.templeos.org"
96.220.202.148 - - [04/Jun/2017:23:32:56 -0700] "GET /files/History/121127/sparrowos/accts/?D=A HTTP/1.1" 404 89 "-" "Mozilla/5.0 (compatible; MJ12bot/v1.4.7; http://mj12bot.com/)" "www.templeos.org"
116.96.21.105 - - [04/Jun/2017:23:32:57 -0700] "GET /videos/008GraciousSpoilage.MP4 HTTP/1.1" 206 329702 "http://www.templeos.org/videos/008GraciousSpoilage.MP4" "Mozilla/5.0 (X11; Ubuntu; Linux i686; rv:48.0) Gecko/20100101 Firefox/48.0" "www.templeos.org"
116.96.21.105 - - [04/Jun/2017:23:32:57 -0700] "GET /videos/008GraciousSpoilage.MP4 HTTP/1.1" 206 589824 "http://www.templeos.org/videos/008GraciousSpoilage.MP4" "Mozilla/5.0 (X11; Ubuntu; Linux i686; rv:48.0) Gecko/20100101 Firefox/48.0" "www.templeos.org"
116.96.21.105 - - [04/Jun/2017:23:32:57 -0700] "GET /videos/008GraciousSpoilage.MP4 HTTP/1.1" 206 296934 "http://www.templeos.org/videos/008GraciousSpoilage.MP4" "Mozilla/5.0 (X11; Ubuntu; Linux i686; rv:48.0) Gecko/20100101 Firefox/48.0" "www.templeos.org"
116.96.21.105 - - [04/Jun/2017:23:32:58 -0700] "GET /videos/008GraciousSpoilage.MP4 HTTP/1.1" 206 655360 "http://www.templeos.org/videos/008GraciousSpoilage.MP4" "Mozilla/5.0 (X11; Ubuntu; Linux i686; rv:48.0) Gecko/20100101 Firefox/48.0" "www.templeos.org"
96.220.202.148 - - [04/Jun/2017:23:33:00 -0700] "GET /files/History/121127/sparrowos/accts/?M=A HTTP/1.1" 404 89 "-" "Mozilla/5.0 (compatible; MJ12bot/v1.4.7; http://mj12bot.com/)" "www.templeos.org"
96.220.202.148 - - [04/Jun/2017:23:33:03 -0700] "GET /files/History/121127/sparrowos/accts/?N=D HTTP/1.1" 404 89 "-" "Mozilla/5.0 (compatible; MJ12bot/v1.4.7; http://mj12bot.com/)" "www.templeos.org"
96.220.202.148 - - [04/Jun/2017:23:33:05 -0700] "GET /files/History/121127/sparrowos/accts/?S=A HTTP/1.1" 404 89 "-" "Mozilla/5.0 (compatible; MJ12bot/v1.4.7; http://mj12bot.com/)" "www.templeos.org"
253.143.238.18 - - [04/Jun/2017:23:33:09 -0700] "GET /Wb/Home/Web/History.html HTTP/1.1" 404 89 "https://www.google.com/" "Mozilla/5.0 (Macintosh; Intel Mac OS X 10_12_6) AppleWebKit/603.3.3 (KHTML, like Gecko) Version/10.1.2 Safari/603.3.3" "www.templeos.org"
96.220.202.148 - - [04/Jun/2017:23:33:09 -0700] "GET /files/History/121127/sparrowos/accts/ts/tad/?D=D HTTP/1.1" 404 89 "-" "Mozilla/5.0 (compatible; MJ12bot/v1.4.7; http://mj12bot.com/)" "www.templeos.org"
96.220.202.148 - - [04/Jun/2017:23:33:11 -0700] "GET /files/History/121127/sparrowos/accts/ts/tad/?M=D HTTP/1.1" 404 89 "-" "Mozilla/5.0 (compatible; MJ12bot/v1.4.7; http://mj12bot.com/)" "www.templeos.org"
96.220.202.148 - - [04/Jun/2017:23:33:14 -0700] "GET /files/History/121127/sparrowos/adam/gr/?D=D HTTP/1.1" 404 89 "-" "Mozilla/5.0 (compatible; MJ12bot/v1.4.7; http://mj12bot.com/)" "www.templeos.org"
129.217.108.191 - - [04/Jun/2017:23:33:16 -0700] "GET /wp-login.php HTTP/1.1" 200 73 "-" "Mozilla/5.0 (Windows NT 6.1; WOW64; rv:40.0) Gecko/20100101 Firefox/40.1" "www.templeos.org"
129.217.108.191 - - [04/Jun/2017:23:33:16 -0700] "GET / HTTP/1.1" 200 2171 "-" "Mozilla/5.0 (Windows NT 6.1; WOW64; rv:40.0) Gecko/20100101 Firefox/40.1" "www.templeos.org"
96.220.202.148 - - [04/Jun/2017:23:33:17 -0700] "GET /files/History/121127/sparrowos/adam/gr/?M=D HTTP/1.1" 404 89 "-" "Mozilla/5.0 (compatible; MJ12bot/v1.4.7; http://mj12bot.com/)" "www.templeos.org"
96.220.202.148 - - [04/Jun/2017:23:33:20 -0700] "GET /files/History/121127/sparrowos/adam/gr/?N=A HTTP/1.1" 404 89 "-" "Mozilla/5.0 (compatible; MJ12bot/v1.4.7; http://mj12bot.com/)" "www.templeos.org"
96.220.202.148 - - [04/Jun/2017:23:33:21 -0700] "GET /files/History/121127/sparrowos/adam/gr/?S=D HTTP/1.1" 404 89 "-" "Mozilla/5.0 (compatible; MJ12bot/v1.4.7; http://mj12bot.com/)" "www.templeos.org"
96.220.202.148 - - [04/Jun/2017:23:33:23 -0700] "GET /files/History/121127/sparrowos/adam/snd/?N=A HTTP/1.1" 404 89 "-" "Mozilla/5.0 (compatible; MJ12bot/v1.4.7; http://mj12bot.com/)" "www.templeos.org"
112.67.117.224 - - [04/Jun/2017:23:33:24 -0700] "GET /Wb/Adam/God/HSNotes.html HTTP/1.1" 404 89 "-" "Mozilla/5.0 (Windows NT 10.0; Win64; x64) AppleWebKit/537.36 (KHTML, like Gecko) Chrome/58.0.3029.110 Safari/537.36" "www.templeos.org"
96.220.202.148 - - [04/Jun/2017:23:33:26 -0700] "GET /files/History/121127/sparrowos/adam/snd/?S=D HTTP/1.1" 404 89 "-" "Mozilla/5.0 (compatible; MJ12bot/v1.4.7; http://mj12bot.com/)" "www.templeos.org"
96.220.202.148 - - [04/Jun/2017:23:33:30 -0700] "GET /files/History/121127/sparrowos/apps/?D=A HTTP/1.1" 404 89 "-" "Mozilla/5.0 (compatible; MJ12bot/v1.4.7; http://mj12bot.com/)" "www.templeos.org"
96.220.202.148 - - [04/Jun/2017:23:33:32 -0700] "GET /files/History/121127/sparrowos/apps/?M=A HTTP/1.1" 404 89 "-" "Mozilla/5.0 (compatible; MJ12bot/v1.4.7; http://mj12bot.com/)" "www.templeos.org"
19.191.175.209 - - [04/Jun/2017:23:33:33 -0700] "GET /Wb/Home/Sup1/Sup1Games/?S=A HTTP/1.1" 404 89 "-" "Mozilla/5.0 (compatible; AhrefsBot/5.2; +http://ahrefs.com/robot/)" "www.templeos.org"
96.220.202.148 - - [04/Jun/2017:23:33:35 -0700] "GET /files/History/121127/sparrowos/apps/?S=A HTTP/1.1" 404 89 "-" "Mozilla/5.0 (compatible; MJ12bot/v1.4.7; http://mj12bot.com/)" "www.templeos.org"
157.37.28.31 - - [04/Jun/2017:23:33:35 -0700] "GET /Wb/Doc/Install.html HTTP/1.1" 404 89 "https://www.google.co.kr/" "Mozilla/5.0 (Windows NT 10.0; Win64; x64) AppleWebKit/537.36 (KHTML, like Gecko) Chrome/58.0.3029.110 Safari/537.36" "www.templeos.org"
96.220.202.148 - - [04/Jun/2017:23:33:37 -0700] "GET /files/History/121127/sparrowos/apps/afteregypt/?D=D HTTP/1.1" 404 89 "-" "Mozilla/5.0 (compatible; MJ12bot/v1.4.7; http://mj12bot.com/)" "www.templeos.org"
157.37.28.31 - - [04/Jun/2017:23:33:38 -0700] "GET /Wb/ReadMe.html HTTP/1.1" 404 89 "https://www.google.co.kr/" "Mozilla/5.0 (Windows NT 10.0; Win64; x64) AppleWebKit/537.36 (KHTML, like Gecko) Chrome/58.0.3029.110 Safari/537.36" "www.templeos.org"
96.220.202.148 - - [04/Jun/2017:23:33:39 -0700] "GET /files/History/121127/sparrowos/apps/afteregypt/?M=D HTTP/1.1" 404 89 "-" "Mozilla/5.0 (compatible; MJ12bot/v1.4.7; http://mj12bot.com/)" "www.templeos.org"
96.220.202.148 - - [04/Jun/2017:23:33:41 -0700] "GET /files/History/121127/sparrowos/apps/afteregypt/?N=A HTTP/1.1" 404 89 "-" "Mozilla/5.0 (compatible; MJ12bot/v1.4.7; http://mj12bot.com/)" "www.templeos.org"
96.220.202.148 - - [04/Jun/2017:23:33:45 -0700] "GET /files/History/121127/sparrowos/apps/afteregypt/?S=D HTTP/1.1" 404 89 "-" "Mozilla/5.0 (compatible; MJ12bot/v1.4.7; http://mj12bot.com/)" "www.templeos.org"
96.220.202.148 - - [04/Jun/2017:23:33:48 -0700] "GET /files/History/121127/sparrowos/apps/afteregypt/comics/MOSES31.TXT.Z HTTP/1.1" 404 89 "-" "Mozilla/5.0 (compatible; MJ12bot/v1.4.7; http://mj12bot.com/)" "www.templeos.org"
157.37.28.31 - - [04/Jun/2017:23:33:49 -0700] "GET /Wb/Doc/Install.html HTTP/1.1" 404 89 "https://www.google.co.kr/" "Mozilla/5.0 (Windows NT 10.0; Win64; x64) AppleWebKit/537.36 (KHTML, like Gecko) Chrome/58.0.3029.110 Safari/537.36" "www.templeos.org"
96.220.202.148 - - [04/Jun/2017:23:33:50 -0700] "GET /files/History/121127/sparrowos/apps/afteregypt/comics/MOSES36.TXT.Z HTTP/1.1" 404 89 "-" "Mozilla/5.0 (compatible; MJ12bot/v1.4.7; http://mj12bot.com/)" "www.templeos.org"
100.77.74.181 - - [04/Jun/2017:23:33:51 -0700] "GET /videos/ HTTP/1.1" 200 2600 "-" "Wget/1.16 (linux-gnueabihf)" "www.templeos.org"
100.77.74.181 - - [04/Jun/2017:23:33:51 -0700] "GET /robots.txt HTTP/1.1" 404 89 "-" "Wget/1.16 (linux-gnueabihf)" "www.templeos.org"
100.77.74.181 - - [04/Jun/2017:23:33:51 -0700] "GET /videos/?N=D HTTP/1.1" 200 2600 "http://www.templeos.org/videos/" "Wget/1.16 (linux-gnueabihf)" "www.templeos.org"
100.77.74.181 - - [04/Jun/2017:23:33:51 -0700] "GET /videos/?M=A HTTP/1.1" 200 2600 "http://www.templeos.org/videos/" "Wget/1.16 (linux-gnueabihf)" "www.templeos.org"
100.77.74.181 - - [04/Jun/2017:23:33:51 -0700] "GET /videos/?S=A HTTP/1.1" 200 2600 "http://www.templeos.org/videos/" "Wget/1.16 (linux-gnueabihf)" "www.templeos.org"
100.77.74.181 - - [04/Jun/2017:23:33:52 -0700] "GET /videos/?D=A HTTP/1.1" 200 2600 "http://www.templeos.org/videos/" "Wget/1.16 (linux-gnueabihf)" "www.templeos.org"
100.77.74.181 - - [04/Jun/2017:23:33:52 -0700] "HEAD /videos/001HereIAmLord.MP4 HTTP/1.1" 200 0 "http://www.templeos.org/videos/" "Wget/1.16 (linux-gnueabihf)" "www.templeos.org"[0]
100.77.74.181 - - [04/Jun/2017:23:33:52 -0700] "HEAD /videos/002SinkCleaning.MP4 HTTP/1.1" 200 0 "http://www.templeos.org/videos/" "Wget/1.16 (linux-gnueabihf)" "www.templeos.org"
100.77.74.181 - - [04/Jun/2017:23:33:52 -0700] "HEAD /videos/004EvictSpaghetti.MP4 HTTP/1.1" 200 0 "http://www.templeos.org/videos/" "Wget/1.16 (linux-gnueabihf)" "www.templeos.org"
100.77.74.181 - - [04/Jun/2017:23:33:52 -0700] "HEAD /videos/005BugleBoy.MP4 HTTP/1.1" 200 0 "http://www.templeos.org/videos/" "Wget/1.16 (linux-gnueabihf)" "www.templeos.org"
100.77.74.181 - - [04/Jun/2017:23:33:52 -0700] "HEAD /videos/006SpaghettiJew.MP4 HTTP/1.1" 200 0 "http://www.templeos.org/videos/" "Wget/1.16 (linux-gnueabihf)" "www.templeos.org"
100.77.74.181 - - [04/Jun/2017:23:33:53 -0700] "HEAD /videos/007SolidFoundation.MP4 HTTP/1.1" 200 0 "http://www.templeos.org/videos/" "Wget/1.16 (linux-gnueabihf)" "www.templeos.org"
100.77.74.181 - - [04/Jun/2017:23:33:53 -0700] "HEAD /videos/008GraciousSpoilage.MP4 HTTP/1.1" 200 0 "http://www.templeos.org/videos/" "Wget/1.16 (linux-gnueabihf)" "www.templeos.org"
100.77.74.181 - - [04/Jun/2017:23:33:53 -0700] "HEAD /videos/009SurprisedButterfly.MP4 HTTP/1.1" 200 0 "http://www.templeos.org/videos/" "Wget/1.16 (linux-gnueabihf)" "www.templeos.org"
100.77.74.181 - - [04/Jun/2017:23:33:53 -0700] "HEAD /videos/010TouchingBasis.MP4 HTTP/1.1" 200 0 "http://www.templeos.org/videos/" "Wget/1.16 (linux-gnueabihf)" "www.templeos.org"[0]
100.77.74.181 - - [04/Jun/2017:23:33:53 -0700] "HEAD /videos/011GravelTriangle.MP4 HTTP/1.1" 200 0 "http://www.templeos.org/videos/" "Wget/1.16 (linux-gnueabihf)" "www.templeos.org"
100.77.74.181 - - [04/Jun/2017:23:33:53 -0700] "HEAD /videos/012Cinderella.MP4 HTTP/1.1" 200 0 "http://www.templeos.org/videos/" "Wget/1.16 (linux-gnueabihf)" "www.templeos.org"
100.77.74.181 - - [04/Jun/2017:23:33:53 -0700] "HEAD /videos/013RomanMeal.MP4 HTTP/1.1" 200 0 "http://www.templeos.org/videos/" "Wget/1.16 (linux-gnueabihf)" "www.templeos.org"
96.220.202.148 - - [04/Jun/2017:23:33:54 -0700] "GET /files/History/121127/sparrowos/apps/holyspirit/?N=A HTTP/1.1" 404 89 "-" "Mozilla/5.0 (compatible; MJ12bot/v1.4.7; http://mj12bot.com/)" "www.templeos.org"
157.37.28.31 - - [04/Jun/2017:23:33:56 -0700] "GET / HTTP/1.1" 200 2171 "https://www.google.co.kr/" "Mozilla/5.0 (Windows NT 10.0; Win64; x64) AppleWebKit/537.36 (KHTML, like Gecko) Chrome/58.0.3029.110 Safari/537.36" "www.templeos.org"
96.220.202.148 - - [04/Jun/2017:23:33:56 -0700] "GET /files/History/121127/sparrowos/compiler/?D=D HTTP/1.1" 404 89 "-" "Mozilla/5.0 (compatible; MJ12bot/v1.4.7; http://mj12bot.com/)" "www.templeos.org"
96.220.202.148 - - [04/Jun/2017:23:33:58 -0700] "GET /files/History/121127/sparrowos/compiler/?M=D HTTP/1.1" 404 89 "-" "Mozilla/5.0 (compatible; MJ12bot/v1.4.7; http://mj12bot.com/)" "www.templeos.org"
96.220.202.148 - - [04/Jun/2017:23:34:00 -0700] "GET /files/History/121127/sparrowos/compiler/?N=A HTTP/1.1" 404 89 "-" "Mozilla/5.0 (compatible; MJ12bot/v1.4.7; http://mj12bot.com/)" "www.templeos.org"
96.220.202.148 - - [04/Jun/2017:23:34:02 -0700] "GET /files/History/121127/sparrowos/compiler/?S=D HTTP/1.1" 404 89 "-" "Mozilla/5.0 (compatible; MJ12bot/v1.4.7; http://mj12bot.com/)" "www.templeos.org"
92.153.113.131 - - [04/Jun/2017:23:34:04 -0700] "GET /Wb/Home/Web/TAD/TAD.html HTTP/1.1" 404 89 "https://www.google.fi/" "Mozilla/5.0 (X11; Linux x86_64) AppleWebKit/537.36 (KHTML, like Gecko) Chrome/58.0.3029.110 Safari/537.36" "www.templeos.org"
92.153.113.131 - - [04/Jun/2017:23:34:12 -0700] "GET /files HTTP/1.1" 301 93 "http://www.templeos.org/" "Mozilla/5.0 (X11; Linux x86_64) AppleWebKit/537.36 (KHTML, like Gecko) Chrome/58.0.3029.110 Safari/537.36" "www.templeos.org"
96.220.202.148 - - [04/Jun/2017:23:34:13 -0700] "GET /files/History/121127/sparrowos/demo/lectures/?D=A HTTP/1.1" 404 89 "-" "Mozilla/5.0 (compatible; MJ12bot/v1.4.7; http://mj12bot.com/)" "www.templeos.org"
96.220.202.148 - - [04/Jun/2017:23:34:26 -0700] "GET /files/History/121127/sparrowos/demo/lectures/?N=D HTTP/1.1" 404 89 "-" "Mozilla/5.0 (compatible; MJ12bot/v1.4.7; http://mj12bot.com/)" "www.templeos.org"
92.153.113.131 - - [04/Jun/2017:23:34:28 -0700] "GET /videos/001HereIAmLord.MP4 HTTP/1.1" 200 3145728 "http://www.templeos.org/videos/" "Mozilla/5.0 (X11; Linux x86_64) AppleWebKit/537.36 (KHTML, like Gecko) Chrome/58.0.3029.110 Safari/537.36" "www.templeos.org"
96.220.202.148 - - [04/Jun/2017:23:34:29 -0700] "GET /files/History/121127/sparrowos/demo/lectures/?S=A HTTP/1.1" 404 89 "-" "Mozilla/5.0 (compatible; MJ12bot/v1.4.7; http://mj12bot.com/)" "www.templeos.org"
96.220.202.148 - - [04/Jun/2017:23:34:31 -0700] "GET /files/History/121127/sparrowos/demo/lectures/?S=D HTTP/1.1" 404 89 "-" "Mozilla/5.0 (compatible; MJ12bot/v1.4.7; http://mj12bot.com/)" "www.templeos.org"
96.220.202.148 - - [04/Jun/2017:23:34:34 -0700] "GET /files/History/121127/sparrowos/demo/snd/?N=D HTTP/1.1" 404 89 "-" "Mozilla/5.0 (compatible; MJ12bot/v1.4.7; http://mj12bot.com/)" "www.templeos.org"
100.77.74.181 - - [04/Jun/2017:23:34:36 -0700] "GET / HTTP/1.1" 200 2171 "-" "Mozilla/5.0 (X11; Linux x86_64) AppleWebKit/537.36 (KHTML, like Gecko) Chrome/58.0.3029.110 Safari/537.36" "www.templeos.org"
96.220.202.148 - - [04/Jun/2017:23:34:36 -0700] "GET /files/History/121127/sparrowos/demo/weblogexample/?D=A HTTP/1.1" 404 89 "-" "Mozilla/5.0 (compatible; MJ12bot/v1.4.7; http://mj12bot.com/)" "www.templeos.org"
96.220.202.148 - - [04/Jun/2017:23:34:39 -0700] "GET /files/History/121127/sparrowos/demo/weblogexample/?M=A HTTP/1.1" 404 89 "-" "Mozilla/5.0 (compatible; MJ12bot/v1.4.7; http://mj12bot.com/)" "www.templeos.org"
96.220.202.148 - - [04/Jun/2017:23:34:42 -0700] "GET /files/History/121127/sparrowos/demo/weblogexample/?N=D HTTP/1.1" 404 89 "-" "Mozilla/5.0 (compatible; MJ12bot/v1.4.7; http://mj12bot.com/)" "www.templeos.org"
96.220.202.148 - - [04/Jun/2017:23:34:44 -0700] "GET /files/History/121127/sparrowos/demo/weblogexample/?S=A HTTP/1.1" 404 89 "-" "Mozilla/5.0 (compatible; MJ12bot/v1.4.7; http://mj12bot.com/)" "www.templeos.org"
96.220.202.148 - - [04/Jun/2017:23:34:47 -0700] "GET /files/History/121127/sparrowos/demo/weblogexample/WEBLOGREP.TXT.Z HTTP/1.1" 404 89 "-" "Mozilla/5.0 (compatible; MJ12bot/v1.4.7; http://mj12bot.com/)" "www.templeos.org"
96.220.202.148 - - [04/Jun/2017:23:34:49 -0700] "GET /files/History/121127/sparrowos/misc/?D=D HTTP/1.1" 404 89 "-" "Mozilla/5.0 (compatible; MJ12bot/v1.4.7; http://mj12bot.com/)" "www.templeos.org"
115.26.72.0 - - [04/Jun/2017:23:34:51 -0700] "GET /wp-login.php HTTP/1.1" 200 73 "-" "Mozilla/5.0 (Windows NT 6.1; WOW64; rv:40.0) Gecko/20100101 Firefox/40.1" "www.templeos.org"
115.26.72.0 - - [04/Jun/2017:23:34:51 -0700] "GET / HTTP/1.1" 200 2171 "-" "Mozilla/5.0 (Windows NT 6.1; WOW64; rv:40.0) Gecko/20100101 Firefox/40.1" "www.templeos.org"
96.220.202.148 - - [04/Jun/2017:23:34:51 -0700] "GET /files/History/121127/sparrowos/misc/?M=D HTTP/1.1" 404 89 "-" "Mozilla/5.0 (compatible; MJ12bot/v1.4.7; http://mj12bot.com/)" "www.templeos.org"
234.179.223.70 - - [04/Jun/2017:23:34:52 -0700] "GET /Family3_86-99/PART3/554-15.jpg HTTP/1.1" 404 89 "-" "Mozilla/5.0 (compatible; AhrefsBot/5.2; +http://ahrefs.com/robot/)" "www.templeos.org"
96.220.202.148 - - [04/Jun/2017:23:34:54 -0700] "GET /files/History/121127/sparrowos/misc/?N=A HTTP/1.1" 404 89 "-" "Mozilla/5.0 (compatible; MJ12bot/v1.4.7; http://mj12bot.com/)" "www.templeos.org"
96.220.202.148 - - [04/Jun/2017:23:34:57 -0700] "GET /files/History/121127/sparrowos/misc/?S=D HTTP/1.1" 404 89 "-" "Mozilla/5.0 (compatible; MJ12bot/v1.4.7; http://mj12bot.com/)" "www.templeos.org"
96.220.202.148 - - [04/Jun/2017:23:35:01 -0700] "GET /files/History/121127/sparrowos/osmain/dsk/?D=A HTTP/1.1" 404 89 "-" "Mozilla/5.0 (compatible; MJ12bot/v1.4.7; http://mj12bot.com/)" "www.templeos.org"
96.220.202.148 - - [04/Jun/2017:23:35:05 -0700] "GET /files/History/121127/sparrowos/osmain/dsk/?N=D HTTP/1.1" 404 89 "-" "Mozilla/5.0 (compatible; MJ12bot/v1.4.7; http://mj12bot.com/)" "www.templeos.org"
96.220.202.148 - - [04/Jun/2017:23:35:08 -0700] "GET /files/History/121127/sparrowos/osmain/dsk/?S=A HTTP/1.1" 404 89 "-" "Mozilla/5.0 (compatible; MJ12bot/v1.4.7; http://mj12bot.com/)" "www.templeos.org"
96.220.202.148 - - [04/Jun/2017:23:35:12 -0700] "GET /files/History/121127/sparrowos/osmain/kbdmouse/?M=A HTTP/1.1" 404 89 "-" "Mozilla/5.0 (compatible; MJ12bot/v1.4.7; http://mj12bot.com/)" "www.templeos.org"
96.220.202.148 - - [04/Jun/2017:23:35:15 -0700] "GET /files/History/121127/sparrowos/osmain/kbdmouse/?N=D HTTP/1.1" 404 89 "-" "Mozilla/5.0 (compatible; MJ12bot/v1.4.7; http://mj12bot.com/)" "www.templeos.org"
56.202.165.204 - - [04/Jun/2017:23:35:17 -0700] "GET /Wb/Doc/Frame.html HTTP/1.1" 404 89 "-" "Mozilla/5.0 (compatible; YandexBot/3.0; +http://yandex.com/bots)" "www.templeos.org"
96.220.202.148 - - [04/Jun/2017:23:35:17 -0700] "GET /files/History/121127/sparrowos/osmain/kbdmouse/?S=A HTTP/1.1" 404 89 "-" "Mozilla/5.0 (compatible; MJ12bot/v1.4.7; http://mj12bot.com/)" "www.templeos.org"
96.220.70.8 - - [04/Jun/2017:23:35:23 -0700] "GET /Wb/Demo/KeyBitMap.html HTTP/1.1" 404 89 "-" "Mozilla/5.0 (compatible; AhrefsBot/5.2; +http://ahrefs.com/robot/)" "www.templeos.org"
19.191.175.149 - - [04/Jun/2017:23:35:24 -0700] "GET /Family4_99/part4/Alc49-08.jpg HTTP/1.1" 404 89 "-" "Mozilla/5.0 (compatible; AhrefsBot/5.2; +http://ahrefs.com/robot/)" "www.templeos.org"
116.96.21.105 - - [04/Jun/2017:23:35:42 -0700] "GET /videos/008GraciousSpoilage.MP4 HTTP/1.1" 206 338069478 "http://www.templeos.org/videos/008GraciousSpoilage.MP4" "Mozilla/5.0 (X11; Ubuntu; Linux i686; rv:48.0) Gecko/20100101 Firefox/48.0" "www.templeos.org"
222.12.106.45 - - [04/Jun/2017:23:35:44 -0700] "GET /wp-login.php HTTP/1.1" 200 73 "-" "Mozilla/5.0 (Windows NT 6.1; WOW64; rv:40.0) Gecko/20100101 Firefox/40.1" "www.templeos.org"
222.12.106.45 - - [04/Jun/2017:23:35:46 -0700] "GET / HTTP/1.1" 200 2171 "-" "Mozilla/5.0 (Windows NT 6.1; WOW64; rv:40.0) Gecko/20100101 Firefox/40.1" "www.templeos.org"
164.136.54.206 - - [04/Jun/2017:23:35:51 -0700] "GET /files HTTP/1.1" 301 93 "-" "Mozilla/5.0 (Windows NT 6.1; rv:45.0) Gecko/20100101 Firefox/45.0" "www.templeos.org"
164.136.54.206 - - [04/Jun/2017:23:35:52 -0700] "GET /files/ HTTP/1.1" 200 819 "-" "Mozilla/5.0 (Windows NT 6.1; rv:45.0) Gecko/20100101 Firefox/45.0" "www.templeos.org"
161.105.230.4 - - [04/Jun/2017:23:36:04 -0700] "GET / HTTP/1.1" 200 2171 "-" "Mozilla/5.0 (X11; Linux i686) AppleWebKit/537.36 (KHTML, like Gecko) Chrome/58.0.3029.110 Safari/537.36" "www.templeos.org"
253.145.77.184 - - [04/Jun/2017:23:36:09 -0700] "GET /videos/ HTTP/1.1" 200 2600 "-" "Mozilla/5.0 (Windows NT 10.0; WOW64; rv:53.0) Gecko/20100101 Firefox/53.0" "www.templeos.org"
100.77.74.181 - - [04/Jun/2017:23:36:17 -0700] "GET /videos HTTP/1.1" 301 94 "http://www.templeos.org/" "Mozilla/5.0 (X11; Linux x86_64) AppleWebKit/537.36 (KHTML, like Gecko) Chrome/58.0.3029.110 Safari/537.36" "www.templeos.org"
100.77.74.181 - - [04/Jun/2017:23:36:17 -0700] "GET /videos/ HTTP/1.1" 200 2600 "http://www.templeos.org/" "Mozilla/5.0 (X11; Linux x86_64) AppleWebKit/537.36 (KHTML, like Gecko) Chrome/58.0.3029.110 Safari/537.36" "www.templeos.org"
100.77.74.181 - - [04/Jun/2017:23:36:23 -0700] "GET /files HTTP/1.1" 301 93 "http://www.templeos.org/" "Mozilla/5.0 (X11; Linux x86_64) AppleWebKit/537.36 (KHTML, like Gecko) Chrome/58.0.3029.110 Safari/537.36" "www.templeos.org"
164.136.54.206 - - [04/Jun/2017:23:36:24 -0700] "GET /videos HTTP/1.1" 301 94 "-" "Mozilla/5.0 (Windows NT 6.1; rv:45.0) Gecko/20100101 Firefox/45.0" "www.templeos.org"
100.77.74.181 - - [04/Jun/2017:23:36:24 -0700] "GET /files/ HTTP/1.1" 200 819 "http://www.templeos.org/" "Mozilla/5.0 (X11; Linux x86_64) AppleWebKit/537.36 (KHTML, like Gecko) Chrome/58.0.3029.110 Safari/537.36" "www.templeos.org"
164.136.54.206 - - [04/Jun/2017:23:36:24 -0700] "GET /videos/ HTTP/1.1" 200 2600 "-" "Mozilla/5.0 (Windows NT 6.1; rv:45.0) Gecko/20100101 Firefox/45.0" "www.templeos.org"
250.37.222.251 - - [04/Jun/2017:23:36:25 -0700] "GET /files/ HTTP/1.1" 200 819 "-" "Wget/1.17.1 (linux-gnu)" "www.templeos.org"
250.37.222.251 - - [04/Jun/2017:23:36:25 -0700] "GET /robots.txt HTTP/1.1" 404 89 "-" "Wget/1.17.1 (linux-gnu)" "www.templeos.org"
250.37.222.251 - - [04/Jun/2017:23:36:25 -0700] "GET /files/?N=D HTTP/1.1" 200 819 "http://www.templeos.org/files/" "Wget/1.17.1 (linux-gnu)" "www.templeos.org"
250.37.222.251 - - [04/Jun/2017:23:36:25 -0700] "GET /files/?M=A HTTP/1.1" 200 819 "http://www.templeos.org/files/" "Wget/1.17.1 (linux-gnu)" "www.templeos.org"
250.37.222.251 - - [04/Jun/2017:23:36:25 -0700] "GET /files/?S=A HTTP/1.1" 200 819 "http://www.templeos.org/files/" "Wget/1.17.1 (linux-gnu)" "www.templeos.org"
250.37.222.251 - - [04/Jun/2017:23:36:25 -0700] "GET /files/?D=A HTTP/1.1" 200 819 "http://www.templeos.org/files/" "Wget/1.17.1 (linux-gnu)" "www.templeos.org"
250.37.222.251 - - [04/Jun/2017:23:36:25 -0700] "GET /files/TOS_Distro.ISO HTTP/1.1" 200 65536 "http://www.templeos.org/files/" "Wget/1.17.1 (linux-gnu)" "www.templeos.org"
250.37.222.251 - - [04/Jun/2017:23:36:25 -0700] "GET /files/TOS_Supplemental1.ISO.C HTTP/1.1" 200 65536 "http://www.templeos.org/files/" "Wget/1.17.1 (linux-gnu)" "www.templeos.org"
250.37.222.251 - - [04/Jun/2017:23:36:25 -0700] "GET /files/?N=A HTTP/1.1" 200 819 "http://www.templeos.org/files/?N=D" "Wget/1.17.1 (linux-gnu)" "www.templeos.org"
250.37.222.251 - - [04/Jun/2017:23:36:25 -0700] "GET /files/?M=D HTTP/1.1" 200 819 "http://www.templeos.org/files/?M=A" "Wget/1.17.1 (linux-gnu)" "www.templeos.org"
250.37.222.251 - - [04/Jun/2017:23:36:25 -0700] "GET /files/?S=D HTTP/1.1" 200 819 "http://www.templeos.org/files/?S=A" "Wget/1.17.1 (linux-gnu)" "www.templeos.org"
250.37.222.251 - - [04/Jun/2017:23:36:25 -0700] "GET /files/?D=D HTTP/1.1" 200 819 "http://www.templeos.org/files/?D=A" "Wget/1.17.1 (linux-gnu)" "www.templeos.org"
100.77.74.181 - - [04/Jun/2017:23:36:26 -0700] "GET /videos/014HalfMan.MP4 HTTP/1.1" 200 176550866 "http://www.templeos.org/videos/" "Wget/1.16 (linux-gnueabihf)" "www.templeos.org"
250.37.222.251 - - [04/Jun/2017:23:36:26 -0700] "GET /videos/?M=A HTTP/1.1" 200 2600 "http://www.templeos.org/videos/" "Wget/1.17.1 (linux-gnu)" "www.templeos.org"
250.37.222.251 - - [04/Jun/2017:23:36:26 -0700] "GET /videos/?S=A HTTP/1.1" 200 2600 "http://www.templeos.org/videos/" "Wget/1.17.1 (linux-gnu)" "www.templeos.org"
250.37.222.251 - - [04/Jun/2017:23:36:26 -0700] "GET /videos/002SinkCleaning.MP4 HTTP/1.1" 200 196608 "http://www.templeos.org/videos/" "Wget/1.17.1 (linux-gnu)" "www.templeos.org"
250.37.222.251 - - [04/Jun/2017:23:36:26 -0700] "GET /videos/006SpaghettiJew.MP4 HTTP/1.1" 200 196608 "http://www.templeos.org/videos/" "Wget/1.17.1 (linux-gnu)" "www.templeos.org"
250.37.222.251 - - [04/Jun/2017:23:36:26 -0700] "GET /videos/007SolidFoundation.MP4 HTTP/1.1" 200 196608 "http://www.templeos.org/videos/" "Wget/1.17.1 (linux-gnu)" "www.templeos.org"
250.37.222.251 - - [04/Jun/2017:23:36:26 -0700] "GET /videos/008GraciousSpoilage.MP4 HTTP/1.1" 200 196608 "http://www.templeos.org/videos/" "Wget/1.17.1 (linux-gnu)" "www.templeos.org"
250.37.222.251 - - [04/Jun/2017:23:36:26 -0700] "GET /videos/009SurprisedButterfly.MP4 HTTP/1.1" 200 196608 "http://www.templeos.org/videos/" "Wget/1.17.1 (linux-gnu)" "www.templeos.org"
250.37.222.251 - - [04/Jun/2017:23:36:26 -0700] "GET /videos/010TouchingBasis.MP4 HTTP/1.1" 200 196608 "http://www.templeos.org/videos/" "Wget/1.17.1 (linux-gnu)" "www.templeos.org"
250.37.222.251 - - [04/Jun/2017:23:36:26 -0700] "GET /videos/011GravelTriangle.MP4 HTTP/1.1" 200 196608 "http://www.templeos.org/videos/" "Wget/1.17.1 (linux-gnu)" "www.templeos.org"
250.37.222.251 - - [04/Jun/2017:23:36:26 -0700] "GET /videos/012Cinderella.MP4 HTTP/1.1" 200 196608 "http://www.templeos.org/videos/" "Wget/1.17.1 (linux-gnu)" "www.templeos.org"[0]
250.37.222.251 - - [04/Jun/2017:23:36:26 -0700] "GET /videos/013RomanMeal.MP4 HTTP/1.1" 200 196608 "http://www.templeos.org/videos/" "Wget/1.17.1 (linux-gnu)" "www.templeos.org"
250.37.222.251 - - [04/Jun/2017:23:36:26 -0700] "GET /videos/014HalfMan.MP4 HTTP/1.1" 200 196608 "http://www.templeos.org/videos/" "Wget/1.17.1 (linux-gnu)" "www.templeos.org"
250.37.222.251 - - [04/Jun/2017:23:36:26 -0700] "GET /videos/?N=A HTTP/1.1" 200 2600 "http://www.templeos.org/videos/?N=D" "Wget/1.17.1 (linux-gnu)" "www.templeos.org"
250.37.222.251 - - [04/Jun/2017:23:36:26 -0700] "GET /videos/?M=D HTTP/1.1" 200 2600 "http://www.templeos.org/videos/?M=A" "Wget/1.17.1 (linux-gnu)" "www.templeos.org"
250.37.222.251 - - [04/Jun/2017:23:36:26 -0700] "GET /videos/?S=D HTTP/1.1" 200 2600 "http://www.templeos.org/videos/?S=A" "Wget/1.17.1 (linux-gnu)" "www.templeos.org"
250.37.222.251 - - [04/Jun/2017:23:36:26 -0700] "GET /videos/?D=D HTTP/1.1" 200 2600 "http://www.templeos.org/videos/?D=A" "Wget/1.17.1 (linux-gnu)" "www.templeos.org"
100.77.74.181 - - [04/Jun/2017:23:36:26 -0700] "GET /videos/?N=A HTTP/1.1" 200 2600 "http://www.templeos.org/videos/?N=D" "Wget/1.16 (linux-gnueabihf)" "www.templeos.org"
250.37.222.251 - - [04/Jun/2017:23:36:27 -0700] "GET / HTTP/1.1" 200 2171 "-" "Wget/1.17.1 (linux-gnu)" "www.templeos.org"
250.37.222.251 - - [04/Jun/2017:23:36:27 -0700] "GET /robots.txt HTTP/1.1" 404 89 "-" "Wget/1.17.1 (linux-gnu)" "www.templeos.org"
250.37.222.251 - - [04/Jun/2017:23:36:27 -0700] "GET /main.JPG.html HTTP/1.1" 404 89 "http://www.templeos.org/" "Wget/1.17.1 (linux-gnu)" "www.templeos.org"
250.37.222.251 - - [04/Jun/2017:23:36:27 -0700] "GET /files.1.html HTTP/1.1" 404 89 "http://www.templeos.org/" "Wget/1.17.1 (linux-gnu)" "www.templeos.org"
250.37.222.251 - - [04/Jun/2017:23:36:27 -0700] "GET /videos.1.html HTTP/1.1" 404 89 "http://www.templeos.org/" "Wget/1.17.1 (linux-gnu)" "www.templeos.org"
100.77.74.181 - - [04/Jun/2017:23:36:28 -0700] "GET /videos/?M=D HTTP/1.1" 200 2600 "http://www.templeos.org/videos/?M=A" "Wget/1.16 (linux-gnueabihf)" "www.templeos.org"
100.77.74.181 - - [04/Jun/2017:23:36:29 -0700] "GET /videos/?S=D HTTP/1.1" 200 2600 "http://www.templeos.org/videos/?S=A" "Wget/1.16 (linux-gnueabihf)" "www.templeos.org"
100.77.74.181 - - [04/Jun/2017:23:36:29 -0700] "GET /videos/?D=D HTTP/1.1" 200 2600 "http://www.templeos.org/videos/?D=A" "Wget/1.16 (linux-gnueabihf)" "www.templeos.org"
127.194.224.10 - - [04/Jun/2017:23:36:31 -0700] "GET /Wb/Home/Web/TAD/BlogDir/2017May/Img003.BMP HTTP/1.1" 404 89 "-" "Googlebot-Image/1.0" "www.templeos.org"
