82.164.28.114 - - [05/Jun/2017:00:23:07 -0700] "GET /videos/014HalfMan.MP4 HTTP/1.1" 206 589824 "http://www.templeos.org/videos/014HalfMan.MP4" "Mozilla/5.0 (X11; Ubuntu; Linux x86_64; rv:53.0) Gecko/20100101 Firefox/53.0" "www.templeos.org"
82.164.28.114 - - [05/Jun/2017:00:23:12 -0700] "GET /videos/014HalfMan.MP4 HTTP/1.1" 206 6160384 "http://www.templeos.org/videos/014HalfMan.MP4" "Mozilla/5.0 (X11; Ubuntu; Linux x86_64; rv:53.0) Gecko/20100101 Firefox/53.0" "www.templeos.org"
82.164.28.114 - - [05/Jun/2017:00:23:29 -0700] "GET /videos/014HalfMan.MP4 HTTP/1.1" 206 9043968 "http://www.templeos.org/videos/014HalfMan.MP4" "Mozilla/5.0 (X11; Ubuntu; Linux x86_64; rv:53.0) Gecko/20100101 Firefox/53.0" "www.templeos.org"
82.164.28.114 - - [05/Jun/2017:00:23:32 -0700] "GET /videos/014HalfMan.MP4 HTTP/1.1" 206 2883584 "http://www.templeos.org/videos/014HalfMan.MP4" "Mozilla/5.0 (X11; Ubuntu; Linux x86_64; rv:53.0) Gecko/20100101 Firefox/53.0" "www.templeos.org"
107.71.225.69 - - [05/Jun/2017:00:23:32 -0700] "GET /files/ HTTP/1.1" 200 819 "http://www.templeos.org/" "Mozilla/5.0 (Windows NT 6.1; Win64; x64) AppleWebKit/537.36 (KHTML, like Gecko) Chrome/58.0.3029.110 Safari/537.36" "www.templeos.org"
107.71.225.69 - - [05/Jun/2017:00:23:36 -0700] "GET /videos/ HTTP/1.1" 200 2600 "http://www.templeos.org/" "Mozilla/5.0 (Windows NT 6.1; Win64; x64) AppleWebKit/537.36 (KHTML, like Gecko) Chrome/58.0.3029.110 Safari/537.36" "www.templeos.org"
114.213.232.158 - - [05/Jun/2017:00:23:56 -0700] "GET / HTTP/1.1" 200 2171 "-" "Mozilla/5.0 (Windows NT 10.0; Win64; x64) AppleWebKit/537.36 (KHTML, like Gecko) Chrome/59.0.3071.83 Safari/537.36 Vivaldi/1.91.862.6" "www.templeos.org"
114.213.232.158 - - [05/Jun/2017:00:24:08 -0700] "GET /files HTTP/1.1" 301 93 "http://www.templeos.org/" "Mozilla/5.0 (Windows NT 10.0; Win64; x64) AppleWebKit/537.36 (KHTML, like Gecko) Chrome/59.0.3071.83 Safari/537.36 Vivaldi/1.91.862.6" "www.templeos.org"
114.213.232.158 - - [05/Jun/2017:00:24:08 -0700] "GET /files/ HTTP/1.1" 200 819 "http://www.templeos.org/" "Mozilla/5.0 (Windows NT 10.0; Win64; x64) AppleWebKit/537.36 (KHTML, like Gecko) Chrome/59.0.3071.83 Safari/537.36 Vivaldi/1.91.862.6" "www.templeos.org"
114.213.232.158 - - [05/Jun/2017:00:24:09 -0700] "GET /videos HTTP/1.1" 301 94 "http://www.templeos.org/" "Mozilla/5.0 (Windows NT 10.0; Win64; x64) AppleWebKit/537.36 (KHTML, like Gecko) Chrome/59.0.3071.83 Safari/537.36 Vivaldi/1.91.862.6" "www.templeos.org"
114.213.232.158 - - [05/Jun/2017:00:24:09 -0700] "GET /videos/ HTTP/1.1" 200 2600 "http://www.templeos.org/" "Mozilla/5.0 (Windows NT 10.0; Win64; x64) AppleWebKit/537.36 (KHTML, like Gecko) Chrome/59.0.3071.83 Safari/537.36 Vivaldi/1.91.862.6" "www.templeos.org"
82.164.28.114 - - [05/Jun/2017:00:24:35 -0700] "GET /videos/014HalfMan.MP4 HTTP/1.1" 206 19676382 "http://www.templeos.org/videos/014HalfMan.MP4" "Mozilla/5.0 (X11; Ubuntu; Linux x86_64; rv:53.0) Gecko/20100101 Firefox/53.0" "www.templeos.org"
118.153.10.25 - - [05/Jun/2017:00:24:40 -0700] "GET / HTTP/1.1" 200 2171 "http://www.google.com/url?sa=t&rct=j&q=&esrc=s&source=web&cd=2&ved=0ahUKEwjymI-nlqbUAhXGLyYKHYbhA6gQFggvMAE&url=http%3A%2F%2Fwww.templeos.org%2F&usg=AFQjCNFKL3We7L8wuY5up5gkGZtpKv4qtA&sig2=bf-KJCNKku_gdNTVoL1iDA" "Mozilla/5.0 (Windows NT 6.1; WOW64; Trident/7.0; rv:11.0) like Gecko" "www.templeos.org"
111.12.93.181 - - [05/Jun/2017:00:24:51 -0700] "GET /Wb/Home/Web/ALM/BlogDir/2017May/?M=A HTTP/1.1" 404 89 "-" "Mozilla/5.0 (compatible; DotBot/1.1; http://www.opensiteexplorer.org/dotbot, help@moz.com)" "www.templeos.org"
19.191.175.27 - - [05/Jun/2017:00:25:15 -0700] "GET /Wb/Home/Sup1/Sup1Psalmody/twins.html HTTP/1.1" 404 89 "-" "Mozilla/5.0 (compatible; AhrefsBot/5.2; +http://ahrefs.com/robot/)" "www.templeos.org"
234.179.223.90 - - [05/Jun/2017:00:25:55 -0700] "GET /Family4_99/part4/Alc51-07.jpg HTTP/1.1" 404 89 "-" "Mozilla/5.0 (compatible; AhrefsBot/5.2; +http://ahrefs.com/robot/)" "www.templeos.org"
4.55.62.241 - - [05/Jun/2017:00:26:19 -0700] "GET / HTTP/1.1" 200 2171 "-" "Mozilla/5.0 (Windows NT 10.0; Win64; x64) AppleWebKit/537.36 (KHTML, like Gecko) Chrome/59.0.3071.82 Safari/537.36" "www.templeos.org"
4.55.62.241 - - [05/Jun/2017:00:26:28 -0700] "GET /videos HTTP/1.1" 301 94 "http://www.templeos.org/" "Mozilla/5.0 (Windows NT 10.0; Win64; x64) AppleWebKit/537.36 (KHTML, like Gecko) Chrome/59.0.3071.82 Safari/537.36" "www.templeos.org"
4.55.62.241 - - [05/Jun/2017:00:26:28 -0700] "GET /videos/ HTTP/1.1" 200 2600 "http://www.templeos.org/" "Mozilla/5.0 (Windows NT 10.0; Win64; x64) AppleWebKit/537.36 (KHTML, like Gecko) Chrome/59.0.3071.82 Safari/537.36" "www.templeos.org"
250.37.222.251 - - [05/Jun/2017:00:26:43 -0700] "GET /robots.txt HTTP/1.1" 404 89 "-" "Wget/1.17.1 (linux-gnu)" "www.templeos.org"
250.37.222.251 - - [05/Jun/2017:00:26:43 -0700] "GET /files/?N=D HTTP/1.1" 200 819 "http://www.templeos.org/files/" "Wget/1.17.1 (linux-gnu)" "www.templeos.org"
250.37.222.251 - - [05/Jun/2017:00:26:43 -0700] "GET /files/?M=A HTTP/1.1" 200 819 "http://www.templeos.org/files/" "Wget/1.17.1 (linux-gnu)" "www.templeos.org"
250.37.222.251 - - [05/Jun/2017:00:26:43 -0700] "GET /files/?S=A HTTP/1.1" 200 819 "http://www.templeos.org/files/" "Wget/1.17.1 (linux-gnu)" "www.templeos.org"
250.37.222.251 - - [05/Jun/2017:00:26:43 -0700] "GET /files/?D=A HTTP/1.1" 200 819 "http://www.templeos.org/files/" "Wget/1.17.1 (linux-gnu)" "www.templeos.org"
250.37.222.251 - - [05/Jun/2017:00:26:43 -0700] "GET /files/TOS_Distro.ISO HTTP/1.1" 200 65536 "http://www.templeos.org/files/" "Wget/1.17.1 (linux-gnu)" "www.templeos.org"
250.37.222.251 - - [05/Jun/2017:00:26:43 -0700] "GET /files/TOS_Supplemental1.ISO.C HTTP/1.1" 200 65536 "http://www.templeos.org/files/" "Wget/1.17.1 (linux-gnu)" "www.templeos.org"
250.37.222.251 - - [05/Jun/2017:00:26:44 -0700] "GET /files/?N=A HTTP/1.1" 200 819 "http://www.templeos.org/files/?N=D" "Wget/1.17.1 (linux-gnu)" "www.templeos.org"
250.37.222.251 - - [05/Jun/2017:00:26:44 -0700] "GET /files/?M=D HTTP/1.1" 200 819 "http://www.templeos.org/files/?M=A" "Wget/1.17.1 (linux-gnu)" "www.templeos.org"
250.37.222.251 - - [05/Jun/2017:00:26:44 -0700] "GET /files/?S=D HTTP/1.1" 200 819 "http://www.templeos.org/files/?S=A" "Wget/1.17.1 (linux-gnu)" "www.templeos.org"
250.37.222.251 - - [05/Jun/2017:00:26:44 -0700] "GET /files/?D=D HTTP/1.1" 200 819 "http://www.templeos.org/files/?D=A" "Wget/1.17.1 (linux-gnu)" "www.templeos.org"
250.37.222.251 - - [05/Jun/2017:00:26:44 -0700] "GET /videos/ HTTP/1.1" 200 2600 "-" "Wget/1.17.1 (linux-gnu)" "www.templeos.org"
250.37.222.251 - - [05/Jun/2017:00:26:44 -0700] "GET /robots.txt HTTP/1.1" 404 89 "-" "Wget/1.17.1 (linux-gnu)" "www.templeos.org"
250.37.222.251 - - [05/Jun/2017:00:26:44 -0700] "GET /videos/?N=D HTTP/1.1" 200 2600 "http://www.templeos.org/videos/" "Wget/1.17.1 (linux-gnu)" "www.templeos.org"
250.37.222.251 - - [05/Jun/2017:00:26:44 -0700] "GET /videos/002SinkCleaning.MP4 HTTP/1.1" 200 196608 "http://www.templeos.org/videos/" "Wget/1.17.1 (linux-gnu)" "www.templeos.org"
250.37.222.251 - - [05/Jun/2017:00:26:44 -0700] "GET /videos/003CleanSink.JPG HTTP/1.1" 200 88929 "http://www.templeos.org/videos/" "Wget/1.17.1 (linux-gnu)" "www.templeos.org"
250.37.222.251 - - [05/Jun/2017:00:26:44 -0700] "GET /videos/004EvictSpaghetti.MP4 HTTP/1.1" 200 196608 "http://www.templeos.org/videos/" "Wget/1.17.1 (linux-gnu)" "www.templeos.org"
250.37.222.251 - - [05/Jun/2017:00:26:44 -0700] "GET /videos/009SurprisedButterfly.MP4 HTTP/1.1" 200 196608 "http://www.templeos.org/videos/" "Wget/1.17.1 (linux-gnu)" "www.templeos.org"
250.37.222.251 - - [05/Jun/2017:00:26:44 -0700] "GET /videos/010TouchingBasis.MP4 HTTP/1.1" 200 196608 "http://www.templeos.org/videos/" "Wget/1.17.1 (linux-gnu)" "www.templeos.org"
250.37.222.251 - - [05/Jun/2017:00:26:44 -0700] "GET /videos/011GravelTriangle.MP4 HTTP/1.1" 200 196608 "http://www.templeos.org/videos/" "Wget/1.17.1 (linux-gnu)" "www.templeos.org"
250.37.222.251 - - [05/Jun/2017:00:26:44 -0700] "GET /videos/012Cinderella.MP4 HTTP/1.1" 200 131072 "http://www.templeos.org/videos/" "Wget/1.17.1 (linux-gnu)" "www.templeos.org"
250.37.222.251 - - [05/Jun/2017:00:26:44 -0700] "GET /videos/013RomanMeal.MP4 HTTP/1.1" 200 196608 "http://www.templeos.org/videos/" "Wget/1.17.1 (linux-gnu)" "www.templeos.org"
250.37.222.251 - - [05/Jun/2017:00:26:44 -0700] "GET /videos/014HalfMan.MP4 HTTP/1.1" 200 196608 "http://www.templeos.org/videos/" "Wget/1.17.1 (linux-gnu)" "www.templeos.org"
250.37.222.251 - - [05/Jun/2017:00:26:44 -0700] "GET /videos/?M=D HTTP/1.1" 200 2600 "http://www.templeos.org/videos/?M=A" "Wget/1.17.1 (linux-gnu)" "www.templeos.org"
250.37.222.251 - - [05/Jun/2017:00:26:44 -0700] "GET /videos/?D=D HTTP/1.1" 200 2600 "http://www.templeos.org/videos/?D=A" "Wget/1.17.1 (linux-gnu)" "www.templeos.org"
250.37.222.251 - - [05/Jun/2017:00:26:46 -0700] "GET / HTTP/1.1" 200 2171 "-" "Wget/1.17.1 (linux-gnu)" "www.templeos.org"
250.37.222.251 - - [05/Jun/2017:00:26:46 -0700] "GET /robots.txt HTTP/1.1" 404 89 "-" "Wget/1.17.1 (linux-gnu)" "www.templeos.org"
250.37.222.251 - - [05/Jun/2017:00:26:46 -0700] "GET /main.JPG.html HTTP/1.1" 404 89 "http://www.templeos.org/" "Wget/1.17.1 (linux-gnu)" "www.templeos.org"
250.37.222.251 - - [05/Jun/2017:00:26:46 -0700] "GET /files.1.html HTTP/1.1" 404 89 "http://www.templeos.org/" "Wget/1.17.1 (linux-gnu)" "www.templeos.org"
250.37.222.251 - - [05/Jun/2017:00:26:46 -0700] "GET /videos.1.html HTTP/1.1" 404 89 "http://www.templeos.org/" "Wget/1.17.1 (linux-gnu)" "www.templeos.org"
234.179.223.211 - - [05/Jun/2017:00:27:14 -0700] "GET /Family4_99/part4/Alc45-03.jpg HTTP/1.1" 404 89 "-" "Mozilla/5.0 (compatible; AhrefsBot/5.2; +http://ahrefs.com/robot/)" "www.templeos.org"
244.208.95.81 - - [05/Jun/2017:00:27:33 -0700] "GET /videos/009SurprisedButterfly.MP4 HTTP/1.1" 200 655360 "http://www.templeos.org/videos/" "Mozilla/5.0 (Windows NT 6.3; Win64; x64; rv:53.0) Gecko/20100101 Firefox/53.0" "www.templeos.org"
244.208.95.81 - - [05/Jun/2017:00:27:33 -0700] "GET /videos/009SurprisedButterfly.MP4 HTTP/1.1" 206 82079 "http://www.templeos.org/videos/009SurprisedButterfly.MP4" "Mozilla/5.0 (Windows NT 6.3; Win64; x64; rv:53.0) Gecko/20100101 Firefox/53.0" "www.templeos.org"[0]
244.208.95.81 - - [05/Jun/2017:00:27:33 -0700] "GET /videos/009SurprisedButterfly.MP4 HTTP/1.1" 206 524288 "http://www.templeos.org/videos/009SurprisedButterfly.MP4" "Mozilla/5.0 (Windows NT 6.3; Win64; x64; rv:53.0) Gecko/20100101 Firefox/53.0" "www.templeos.org"[0]
244.208.95.81 - - [05/Jun/2017:00:27:33 -0700] "GET /videos/009SurprisedButterfly.MP4 HTTP/1.1" 206 82079 "http://www.templeos.org/videos/009SurprisedButterfly.MP4" "Mozilla/5.0 (Windows NT 6.3; Win64; x64; rv:53.0) Gecko/20100101 Firefox/53.0" "www.templeos.org"
244.208.95.81 - - [05/Jun/2017:00:27:33 -0700] "GET /videos/009SurprisedButterfly.MP4 HTTP/1.1" 206 524288 "http://www.templeos.org/videos/009SurprisedButterfly.MP4" "Mozilla/5.0 (Windows NT 6.3; Win64; x64; rv:53.0) Gecko/20100101 Firefox/53.0" "www.templeos.org"
244.208.95.81 - - [05/Jun/2017:00:27:33 -0700] "GET /videos/009SurprisedButterfly.MP4 HTTP/1.1" 206 82079 "http://www.templeos.org/videos/009SurprisedButterfly.MP4" "Mozilla/5.0 (Windows NT 6.3; Win64; x64; rv:53.0) Gecko/20100101 Firefox/53.0" "www.templeos.org"
244.208.95.81 - - [05/Jun/2017:00:27:34 -0700] "GET /videos/009SurprisedButterfly.MP4 HTTP/1.1" 206 524288 "http://www.templeos.org/videos/009SurprisedButterfly.MP4" "Mozilla/5.0 (Windows NT 6.3; Win64; x64; rv:53.0) Gecko/20100101 Firefox/53.0" "www.templeos.org"
82.164.255.40 - - [05/Jun/2017:00:27:41 -0700] "GET / HTTP/1.1" 200 2171 "-" "Mozilla/5.0 (X11; Ubuntu; Linux x86_64; rv:53.0) Gecko/20100101 Firefox/53.0" "www.templeos.org"
127.194.224.104 - - [05/Jun/2017:00:27:52 -0700] "GET /images/140414TerryADavis.jpg HTTP/1.1" 404 89 "-" "Googlebot-Image/1.0" "www.templeos.org"
161.17.8.217 - - [05/Jun/2017:00:27:54 -0700] "GET /wp-login.php HTTP/1.1" 200 73 "-" "Mozilla/5.0 (Windows NT 6.1; WOW64; rv:40.0) Gecko/20100101 Firefox/40.1" "www.templeos.org"
161.17.8.217 - - [05/Jun/2017:00:27:54 -0700] "GET / HTTP/1.1" 200 2171 "-" "Mozilla/5.0 (Windows NT 6.1; WOW64; rv:40.0) Gecko/20100101 Firefox/40.1" "www.templeos.org"
244.208.95.81 - - [05/Jun/2017:00:28:09 -0700] "GET /videos/009SurprisedButterfly.MP4 HTTP/1.1" 206 87212191 "http://www.templeos.org/videos/009SurprisedButterfly.MP4" "Mozilla/5.0 (Windows NT 6.3; Win64; x64; rv:53.0) Gecko/20100101 Firefox/53.0" "www.templeos.org"
228.72.230.197 - - [05/Jun/2017:00:28:14 -0700] "HEAD /te3/signup.php HTTP/1.1" 404 0 "-" "-" "www.templeos.org"
228.72.230.197 - - [05/Jun/2017:00:28:14 -0700] "HEAD /ftt2/signup.php HTTP/1.1" 404 0 "-" "-" "www.templeos.org"
140.94.223.18 - - [05/Jun/2017:00:28:18 -0700] "GET /videos/?M=A HTTP/1.1" 200 2600 "http://www.templeos.org/videos/" "Mozilla/5.0 (Windows NT 6.3; Win64; x64) AppleWebKit/537.36 (KHTML, like Gecko) Chrome/58.0.3029.110 Safari/537.36" "www.templeos.org"
96.220.70.8 - - [05/Jun/2017:00:28:21 -0700] "GET /Family3_86-99/PART5/ALB26-25.JPG HTTP/1.1" 404 89 "-" "Mozilla/5.0 (compatible; AhrefsBot/5.2; +http://ahrefs.com/robot/)" "templeos.org"
82.118.114.211 - - [05/Jun/2017:00:28:23 -0700] "GET /apple-touch-icon.png HTTP/1.1" 404 89 "-" "Mozilla/5.0 (iPhone; CPU iPhone OS 5_0 like Mac OS X) AppleWebKit/534.46 (KHTML, like Gecko) Version/5.1 Mobile/9A334 Safari/7534.48.3" "www.templeos.org"
145.58.156.168 - - [05/Jun/2017:00:28:45 -0700] "GET /images/xxu.php HTTP/1.1" 404 89 "-" "Mozilla/5.0 (compatible; MSIE 9.0; Windows NT 6.1; WOW64; Trident/5.0)" "www.templeos.org"
145.58.156.168 - - [05/Jun/2017:00:28:48 -0700] "GET /x.php HTTP/1.1" 200 73 "-" "Mozilla/5.0 (compatible; MSIE 9.0; Windows NT 6.1; WOW64; Trident/5.0)" "www.templeos.org"
96.220.209.51 - - [05/Jun/2017:00:28:50 -0700] "GET /Wb/Home/Wb2/Files/Psalmody/wisdom.CPP.Z HTTP/1.1" 404 89 "-" "Mozilla/5.0 (compatible; AhrefsBot/5.2; +http://ahrefs.com/robot/)" "www.templeos.org"
145.58.156.168 - - [05/Jun/2017:00:28:56 -0700] "POST /sqlbak.php?z3=SzRoQnAyLnBocA%3d%3d&z4=Lw%3d%3d HTTP/1.1" 404 89 "www.templeos.org" "Mozilla/5.0 (compatible; Googlebot/2.1; +http://www.google.com/bot.html)" "www.templeos.org"
145.58.156.168 - - [05/Jun/2017:00:29:03 -0700] "POST /sqlbak.php?z3=SzRoQnAyLnBocA%3d%3d&z4=Lw%3d%3d HTTP/1.1" 404 89 "www.templeos.org" "Mozilla/5.0 (compatible; Googlebot/2.1; +http://www.google.com/bot.html)" "www.templeos.org"
145.58.156.168 - - [05/Jun/2017:00:29:04 -0700] "POST /email.php?z3=SzRoQnAyLnBocA%3d%3d&z4=Lw%3d%3d HTTP/1.1" 404 89 "www.templeos.org" "Mozilla/5.0 (compatible; Googlebot/2.1; +http://www.google.com/bot.html)" "www.templeos.org"
255.118.245.233 - - [05/Jun/2017:00:29:08 -0700] "GET /wp-login.php HTTP/1.1" 200 73 "-" "Mozilla/5.0 (Windows NT 6.1; WOW64; rv:40.0) Gecko/20100101 Firefox/40.1" "www.templeos.org"
255.118.245.233 - - [05/Jun/2017:00:29:08 -0700] "GET / HTTP/1.1" 200 2171 "-" "Mozilla/5.0 (Windows NT 6.1; WOW64; rv:40.0) Gecko/20100101 Firefox/40.1" "www.templeos.org"
145.58.156.168 - - [05/Jun/2017:00:29:09 -0700] "POST /email.php?z3=SzRoQnAyLnBocA%3d%3d&z4=Lw%3d%3d HTTP/1.1" 404 89 "www.templeos.org" "Mozilla/5.0 (compatible; Googlebot/2.1; +http://www.google.com/bot.html)" "www.templeos.org"
145.58.156.168 - - [05/Jun/2017:00:29:11 -0700] "POST /functions.php?z3=SzRoQnAyLnBocA%3d%3d&z4=Lw%3d%3d HTTP/1.1" 404 89 "www.templeos.org" "Mozilla/5.0 (compatible; Googlebot/2.1; +http://www.google.com/bot.html)" "www.templeos.org"
145.58.156.168 - - [05/Jun/2017:00:29:17 -0700] "POST /functions.php?z3=SzRoQnAyLnBocA%3d%3d&z4=Lw%3d%3d HTTP/1.1" 404 89 "www.templeos.org" "Mozilla/5.0 (compatible; Googlebot/2.1; +http://www.google.com/bot.html)" "www.templeos.org"
234.179.223.121 - - [05/Jun/2017:00:29:19 -0700] "GET /Family1_58-78/part2/066-04.jpg HTTP/1.1" 404 89 "-" "Mozilla/5.0 (compatible; AhrefsBot/5.2; +http://ahrefs.com/robot/)" "www.templeos.org"
145.58.156.168 - - [05/Jun/2017:00:29:21 -0700] "POST /logs.asp?z3=SzRoQnAyLnBocA%3d%3d&z4=Lw%3d%3d HTTP/1.1" 404 89 "www.templeos.org" "Mozilla/5.0 (compatible; Googlebot/2.1; +http://www.google.com/bot.html)" "www.templeos.org"
145.58.156.168 - - [05/Jun/2017:00:29:23 -0700] "POST /logs.asp?z3=SzRoQnAyLnBocA%3d%3d&z4=Lw%3d%3d HTTP/1.1" 404 89 "www.templeos.org" "Mozilla/5.0 (compatible; Googlebot/2.1; +http://www.google.com/bot.html)" "www.templeos.org"
145.58.156.168 - - [05/Jun/2017:00:29:33 -0700] "POST /cache/news.php?z3=SzRoQnAyLnBocA%3d%3d&z4=L2NhY2hlLw%3d%3d HTTP/1.1" 404 89 "www.templeos.org" "Mozilla/5.0 (compatible; Googlebot/2.1; +http://www.google.com/bot.html)" "www.templeos.org"
111.12.93.4 - - [05/Jun/2017:00:29:36 -0700] "GET /robots.txt HTTP/1.1" 404 89 "-" "Mozilla/5.0 (compatible; DotBot/1.1; http://www.opensiteexplorer.org/dotbot, help@moz.com)" "www.templeos.org"
63.86.83.88 - - [05/Jun/2017:00:29:37 -0700] "GET / HTTP/1.1" 200 2171 "-" "Mozilla/5.0 (Android 6.0.1; Mobile; rv:53.0) Gecko/53.0 Firefox/53.0" "www.templeos.org"
145.58.156.168 - - [05/Jun/2017:00:29:37 -0700] "POST /cache/news.php?z3=SzRoQnAyLnBocA%3d%3d&z4=L2NhY2hlLw%3d%3d HTTP/1.1" 404 89 "www.templeos.org" "Mozilla/5.0 (compatible; Googlebot/2.1; +http://www.google.com/bot.html)" "www.templeos.org"
63.86.83.88 - - [05/Jun/2017:00:29:38 -0700] "GET /favicon.ico HTTP/1.1" 200 9918 "-" "Mozilla/5.0 (Android 6.0.1; Mobile; rv:53.0.2) Gecko/53.0.2 Firefox/53.0.2" "www.templeos.org"
145.58.156.168 - - [05/Jun/2017:00:29:40 -0700] "POST /tmp.php?z3=SzRoQnAyLnBocA%3d%3d&z4=Lw%3d%3d HTTP/1.1" 404 89 "www.templeos.org" "Mozilla/5.0 (compatible; Googlebot/2.1; +http://www.google.com/bot.html)" "www.templeos.org"
145.58.156.168 - - [05/Jun/2017:00:29:47 -0700] "POST /tmp.php?z3=SzRoQnAyLnBocA%3d%3d&z4=Lw%3d%3d HTTP/1.1" 404 89 "www.templeos.org" "Mozilla/5.0 (compatible; Googlebot/2.1; +http://www.google.com/bot.html)" "www.templeos.org"
145.58.156.168 - - [05/Jun/2017:00:29:48 -0700] "POST /shootme.php?z3=SzRoQnAyLnBocA%3d%3d&z4=Lw%3d%3d HTTP/1.1" 404 89 "www.templeos.org" "Mozilla/5.0 (compatible; Googlebot/2.1; +http://www.google.com/bot.html)" "www.templeos.org"
145.58.156.168 - - [05/Jun/2017:00:29:48 -0700] "POST /shootme.php?z3=SzRoQnAyLnBocA%3d%3d&z4=Lw%3d%3d HTTP/1.1" 404 89 "www.templeos.org" "Mozilla/5.0 (compatible; Googlebot/2.1; +http://www.google.com/bot.html)" "www.templeos.org"
145.58.156.168 - - [05/Jun/2017:00:29:51 -0700] "POST /configurationbak.php?z3=SzRoQnAyLnBocA%3d%3d&z4=Lw%3d%3d HTTP/1.1" 404 89 "www.templeos.org" "Mozilla/5.0 (compatible; Googlebot/2.1; +http://www.google.com/bot.html)" "www.templeos.org"
145.58.156.168 - - [05/Jun/2017:00:29:53 -0700] "POST /configurationbak.php?z3=SzRoQnAyLnBocA%3d%3d&z4=Lw%3d%3d HTTP/1.1" 404 89 "www.templeos.org" "Mozilla/5.0 (compatible; Googlebot/2.1; +http://www.google.com/bot.html)" "www.templeos.org"
137.42.132.120 - - [05/Jun/2017:00:29:57 -0700] "GET / HTTP/1.1" 200 2171 "https://en.wikipedia.org/" "Mozilla/5.0 (Windows NT 6.1; Win64; x64) AppleWebKit/537.36 (KHTML, like Gecko) Chrome/58.0.3029.110 Safari/537.36" "www.templeos.org"
145.58.156.168 - - [05/Jun/2017:00:29:57 -0700] "POST /robots.txt.php?z3=SzRoQnAyLnBocA%3d%3d&z4=Lw%3d%3d HTTP/1.1" 404 89 "www.templeos.org" "Mozilla/5.0 (compatible; Googlebot/2.1; +http://www.google.com/bot.html)" "www.templeos.org"
145.58.156.168 - - [05/Jun/2017:00:29:57 -0700] "POST /robots.txt.php?z3=SzRoQnAyLnBocA%3d%3d&z4=Lw%3d%3d HTTP/1.1" 404 89 "www.templeos.org" "Mozilla/5.0 (compatible; Googlebot/2.1; +http://www.google.com/bot.html)" "www.templeos.org"
137.42.132.120 - - [05/Jun/2017:00:29:57 -0700] "GET / HTTP/1.1" 200 2171 "https://www.google.com/" "Mozilla/5.0 (Windows NT 6.1; Win64; x64) AppleWebKit/537.36 (KHTML, like Gecko) Chrome/58.0.3029.110 Safari/537.36" "www.templeos.org"
137.42.132.120 - - [05/Jun/2017:00:29:58 -0700] "GET /main.JPG HTTP/1.1" 200 160491 "http://www.templeos.org/" "Mozilla/5.0 (Windows NT 6.1; Win64; x64) AppleWebKit/537.36 (KHTML, like Gecko) Chrome/58.0.3029.110 Safari/537.36" "www.templeos.org"
145.58.156.168 - - [05/Jun/2017:00:30:00 -0700] "POST /jconfig.php?z3=SzRoQnAyLnBocA%3d%3d&z4=Lw%3d%3d HTTP/1.1" 404 89 "www.templeos.org" "Mozilla/5.0 (compatible; Googlebot/2.1; +http://www.google.com/bot.html)" "www.templeos.org"
145.58.156.168 - - [05/Jun/2017:00:30:04 -0700] "POST /jconfig.php?z3=SzRoQnAyLnBocA%3d%3d&z4=Lw%3d%3d HTTP/1.1" 404 89 "www.templeos.org" "Mozilla/5.0 (compatible; Googlebot/2.1; +http://www.google.com/bot.html)" "www.templeos.org"
145.58.156.168 - - [05/Jun/2017:00:30:06 -0700] "POST /media/reads.php?z3=SzRoQnAyLnBocA%3d%3d&z4=L21lZGlhLw%3d%3d HTTP/1.1" 404 89 "www.templeos.org" "Mozilla/5.0 (compatible; Googlebot/2.1; +http://www.google.com/bot.html)" "www.templeos.org"
72.185.57.31 - - [05/Jun/2017:00:30:09 -0700] "GET /Family4_99/part4/Alc46-21.jpg HTTP/1.1" 404 89 "-" "Mozilla/5.0 (compatible; AhrefsBot/5.2; +http://ahrefs.com/robot/)" "www.templeos.org"[0]
208.226.180.248 - - [05/Jun/2017:00:30:11 -0700] "GET /videos/011GravelTriangle.MP4 HTTP/1.1" 206 17956864 "http://www.templeos.org/videos/" "Mozilla/5.0 (Windows NT 6.0; WOW64; rv:52.0) Gecko/20100101 Firefox/52.0" "www.templeos.org"
208.226.180.248 - - [05/Jun/2017:00:30:14 -0700] "GET /videos/011GravelTriangle.MP4 HTTP/1.1" 206 21823488 "http://www.templeos.org/videos/" "Mozilla/5.0 (Windows NT 6.0; WOW64; rv:52.0) Gecko/20100101 Firefox/52.0" "www.templeos.org"[600]
208.226.180.248 - - [05/Jun/2017:00:30:14 -0700] "GET /videos/011GravelTriangle.MP4 HTTP/1.1" 206 17956864 "http://www.templeos.org/videos/" "Mozilla/5.0 (Windows NT 6.0; WOW64; rv:52.0) Gecko/20100101 Firefox/52.0" "www.templeos.org"
208.226.180.248 - - [05/Jun/2017:00:30:14 -0700] "GET /videos/011GravelTriangle.MP4 HTTP/1.1" 206 21233664 "http://www.templeos.org/videos/" "Mozilla/5.0 (Windows NT 6.0; WOW64; rv:52.0) Gecko/20100101 Firefox/52.0" "www.templeos.org"
145.58.156.168 - - [05/Jun/2017:00:30:14 -0700] "POST /media/reads.php?z3=SzRoQnAyLnBocA%3d%3d&z4=L21lZGlhLw%3d%3d HTTP/1.1" 404 89 "www.templeos.org" "Mozilla/5.0 (compatible; Googlebot/2.1; +http://www.google.com/bot.html)" "www.templeos.org"
145.58.156.168 - - [05/Jun/2017:00:30:16 -0700] "POST /media/1ndex.php?z3=SzRoQnAyLnBocA%3d%3d&z4=L21lZGlhLw%3d%3d HTTP/1.1" 404 89 "www.templeos.org" "Mozilla/5.0 (compatible; Googlebot/2.1; +http://www.google.com/bot.html)" "www.templeos.org"
145.58.156.168 - - [05/Jun/2017:00:30:19 -0700] "POST /media/1ndex.php?z3=SzRoQnAyLnBocA%3d%3d&z4=L21lZGlhLw%3d%3d HTTP/1.1" 404 89 "www.templeos.org" "Mozilla/5.0 (compatible; Googlebot/2.1; +http://www.google.com/bot.html)" "www.templeos.org"
145.58.156.168 - - [05/Jun/2017:00:30:21 -0700] "POST /sql_dump.php?z3=SzRoQnAyLnBocA%3d%3d&z4=Lw%3d%3d HTTP/1.1" 404 89 "www.templeos.org" "Mozilla/5.0 (compatible; Googlebot/2.1; +http://www.google.com/bot.html)" "www.templeos.org"
145.58.156.168 - - [05/Jun/2017:00:30:22 -0700] "POST /sql_dump.php?z3=SzRoQnAyLnBocA%3d%3d&z4=Lw%3d%3d HTTP/1.1" 404 89 "www.templeos.org" "Mozilla/5.0 (compatible; Googlebot/2.1; +http://www.google.com/bot.html)" "www.templeos.org"
92.235.184.246 - - [05/Jun/2017:00:30:23 -0700] "GET /videos/010TouchingBasis.MP4 HTTP/1.1" 200 314744399 "http://www.templeos.org/videos/" "Mozilla/5.0 (X11; Linux x86_64) AppleWebKit/537.36 (KHTML, like Gecko) Chrome/58.0.3029.110 Safari/537.36" "www.templeos.org"
145.58.156.168 - - [05/Jun/2017:00:30:31 -0700] "POST /images/laj.php?z3=SzRoQnAyLnBocA%3d%3d&z4=L2ltYWdlcy8%3d HTTP/1.1" 404 89 "www.templeos.org" "Mozilla/5.0 (compatible; Googlebot/2.1; +http://www.google.com/bot.html)" "www.templeos.org"
231.246.255.44 - - [05/Jun/2017:00:30:32 -0700] "GET /files HTTP/1.1" 301 93 "http://www.templeos.org/" "Mozilla/5.0 (Windows NT 6.1; Win64; x64) AppleWebKit/537.36 (KHTML, like Gecko) Chrome/58.0.3029.110 Safari/537.36" "www.templeos.org"
231.246.255.44 - - [05/Jun/2017:00:30:32 -0700] "GET /files/ HTTP/1.1" 200 819 "http://www.templeos.org/" "Mozilla/5.0 (Windows NT 6.1; Win64; x64) AppleWebKit/537.36 (KHTML, like Gecko) Chrome/58.0.3029.110 Safari/537.36" "www.templeos.org"
145.58.156.168 - - [05/Jun/2017:00:30:44 -0700] "POST /tmp.php?z3=SzRoQnAyLnBocA%3d%3d&z4=Lw%3d%3d HTTP/1.1" 404 89 "www.templeos.org" "Mozilla/5.0 (compatible; Googlebot/2.1; +http://www.google.com/bot.html)" "www.templeos.org"
145.58.156.168 - - [05/Jun/2017:00:30:47 -0700] "POST /tmp.php?z3=SzRoQnAyLnBocA%3d%3d&z4=Lw%3d%3d HTTP/1.1" 404 89 "www.templeos.org" "Mozilla/5.0 (compatible; Googlebot/2.1; +http://www.google.com/bot.html)" "www.templeos.org"
145.58.156.168 - - [05/Jun/2017:00:30:49 -0700] "POST /media/404.php?z3=SzRoQnAyLnBocA%3d%3d&z4=L21lZGlhLw%3d%3d HTTP/1.1" 404 89 "www.templeos.org" "Mozilla/5.0 (compatible; Googlebot/2.1; +http://www.google.com/bot.html)" "www.templeos.org"
145.58.156.168 - - [05/Jun/2017:00:30:51 -0700] "POST /media/404.php?z3=SzRoQnAyLnBocA%3d%3d&z4=L21lZGlhLw%3d%3d HTTP/1.1" 404 89 "www.templeos.org" "Mozilla/5.0 (compatible; Googlebot/2.1; +http://www.google.com/bot.html)" "www.templeos.org"
145.58.156.168 - - [05/Jun/2017:00:30:54 -0700] "POST /media/tmp.php?z3=SzRoQnAyLnBocA%3d%3d&z4=L21lZGlhLw%3d%3d HTTP/1.1" 404 89 "www.templeos.org" "Mozilla/5.0 (compatible; Googlebot/2.1; +http://www.google.com/bot.html)" "www.templeos.org"
145.58.156.168 - - [05/Jun/2017:00:31:01 -0700] "POST /media/tmp.php?z3=SzRoQnAyLnBocA%3d%3d&z4=L21lZGlhLw%3d%3d HTTP/1.1" 404 89 "www.templeos.org" "Mozilla/5.0 (compatible; Googlebot/2.1; +http://www.google.com/bot.html)" "www.templeos.org"
145.58.156.168 - - [05/Jun/2017:00:31:06 -0700] "POST /r3x.php?z3=SzRoQnAyLnBocA%3d%3d&z4=Lw%3d%3d HTTP/1.1" 404 89 "www.templeos.org" "Mozilla/5.0 (compatible; Googlebot/2.1; +http://www.google.com/bot.html)" "www.templeos.org"
145.58.156.168 - - [05/Jun/2017:00:31:07 -0700] "POST /r3x.php?z3=SzRoQnAyLnBocA%3d%3d&z4=Lw%3d%3d HTTP/1.1" 404 89 "www.templeos.org" "Mozilla/5.0 (compatible; Googlebot/2.1; +http://www.google.com/bot.html)" "www.templeos.org"
145.58.156.168 - - [05/Jun/2017:00:31:09 -0700] "POST /log.php?z3=SzRoQnAyLnBocA%3d%3d&z4=Lw%3d%3d HTTP/1.1" 404 89 "www.templeos.org" "Mozilla/5.0 (compatible; Googlebot/2.1; +http://www.google.com/bot.html)" "www.templeos.org"
145.58.156.168 - - [05/Jun/2017:00:31:20 -0700] "POST /images/stories/0day.php?z3=SzRoQnAyLnBocA%3d%3d&z4=L2ltYWdlcy9zdG9yaWVzLw%3d%3d HTTP/1.1" 404 89 "www.templeos.org" "Mozilla/5.0 (compatible; Googlebot/2.1; +http://www.google.com/bot.html)" "www.templeos.org"
145.58.156.168 - - [05/Jun/2017:00:31:29 -0700] "POST /images/stories/0day.php?z3=SzRoQnAyLnBocA%3d%3d&z4=L2ltYWdlcy9zdG9yaWVzLw%3d%3d HTTP/1.1" 404 89 "www.templeos.org" "Mozilla/5.0 (compatible; Googlebot/2.1; +http://www.google.com/bot.html)" "www.templeos.org"
253.248.207.149 - - [05/Jun/2017:00:31:29 -0700] "GET /videos/SoldierTrim HTTP/1.1" 404 89 "-" "Mozilla/5.0 (Windows NT 6.3; Win64; x64) AppleWebKit/537.36 (KHTML, like Gecko) Chrome/58.0.3029.110 Safari/537.36" "www.templeos.org"
145.58.156.168 - - [05/Jun/2017:00:31:38 -0700] "POST /includes/u2p.php?z3=SzRoQnAyLnBocA%3d%3d&z4=L2luY2x1ZGVzLw%3d%3d HTTP/1.1" 404 89 "www.templeos.org" "Mozilla/5.0 (compatible; Googlebot/2.1; +http://www.google.com/bot.html)" "www.templeos.org"
145.58.156.168 - - [05/Jun/2017:00:31:44 -0700] "POST /includes/u2p.php?z3=SzRoQnAyLnBocA%3d%3d&z4=L2luY2x1ZGVzLw%3d%3d HTTP/1.1" 404 89 "www.templeos.org" "Mozilla/5.0 (compatible; Googlebot/2.1; +http://www.google.com/bot.html)" "www.templeos.org"
82.164.255.40 - - [05/Jun/2017:00:31:46 -0700] "GET / HTTP/1.1" 200 2171 "-" "Mozilla/5.0 (X11; Ubuntu; Linux x86_64; rv:53.0) Gecko/20100101 Firefox/53.0" "www.templeos.org"
96.220.209.131 - - [05/Jun/2017:00:31:47 -0700] "GET /Family4_99/part4/Alc39-09.jpg HTTP/1.1" 404 89 "-" "Mozilla/5.0 (compatible; AhrefsBot/5.2; +http://ahrefs.com/robot/)" "www.templeos.org"
145.58.156.168 - - [05/Jun/2017:00:31:51 -0700] "POST /images/xxx.php?z3=SzRoQnAyLnBocA%3d%3d&z4=L2ltYWdlcy8%3d HTTP/1.1" 404 89 "www.templeos.org" "Mozilla/5.0 (compatible; Googlebot/2.1; +http://www.google.com/bot.html)" "www.templeos.org"
145.58.156.168 - - [05/Jun/2017:00:31:54 -0700] "POST /images/xxx.php?z3=SzRoQnAyLnBocA%3d%3d&z4=L2ltYWdlcy8%3d HTTP/1.1" 404 89 "www.templeos.org" "Mozilla/5.0 (compatible; Googlebot/2.1; +http://www.google.com/bot.html)" "www.templeos.org"
145.58.156.168 - - [05/Jun/2017:00:31:56 -0700] "POST /al277.php?z3=SzRoQnAyLnBocA%3d%3d&z4=Lw%3d%3d HTTP/1.1" 404 89 "www.templeos.org" "Mozilla/5.0 (compatible; Googlebot/2.1; +http://www.google.com/bot.html)" "www.templeos.org"
145.58.156.168 - - [05/Jun/2017:00:31:59 -0700] "POST /al277.php?z3=SzRoQnAyLnBocA%3d%3d&z4=Lw%3d%3d HTTP/1.1" 404 89 "www.templeos.org" "Mozilla/5.0 (compatible; Googlebot/2.1; +http://www.google.com/bot.html)" "www.templeos.org"
145.58.156.168 - - [05/Jun/2017:00:31:59 -0700] "POST /cache/cache_aqbmkwwx.php?z3=SzRoQnAyLnBocA%3d%3d&z4=L2NhY2hlLw%3d%3d HTTP/1.1" 404 89 "www.templeos.org" "Mozilla/5.0 (compatible; Googlebot/2.1; +http://www.google.com/bot.html)" "www.templeos.org"
145.58.156.168 - - [05/Jun/2017:00:32:07 -0700] "POST /cache/cache_aqbmkwwx.php?z3=SzRoQnAyLnBocA%3d%3d&z4=L2NhY2hlLw%3d%3d HTTP/1.1" 404 89 "www.templeos.org" "Mozilla/5.0 (compatible; Googlebot/2.1; +http://www.google.com/bot.html)" "www.templeos.org"
145.58.156.168 - - [05/Jun/2017:00:32:13 -0700] "POST /install.php?z3=SzRoQnAyLnBocA%3d%3d&z4=Lw%3d%3d HTTP/1.1" 404 89 "www.templeos.org" "Mozilla/5.0 (compatible; Googlebot/2.1; +http://www.google.com/bot.html)" "www.templeos.org"
145.58.156.168 - - [05/Jun/2017:00:32:16 -0700] "POST /install.php?z3=SzRoQnAyLnBocA%3d%3d&z4=Lw%3d%3d HTTP/1.1" 404 89 "www.templeos.org" "Mozilla/5.0 (compatible; Googlebot/2.1; +http://www.google.com/bot.html)" "www.templeos.org"
145.58.156.168 - - [05/Jun/2017:00:32:17 -0700] "POST /dswat.org/wsdl.php?z3=SzRoQnAyLnBocA%3d%3d&z4=L2Rzd2F0Lm9yZy8%3d HTTP/1.1" 404 89 "www.templeos.org" "Mozilla/5.0 (compatible; Googlebot/2.1; +http://www.google.com/bot.html)" "www.templeos.org"
145.58.156.168 - - [05/Jun/2017:00:32:20 -0700] "POST /dswat.org/wsdl.php?z3=SzRoQnAyLnBocA%3d%3d&z4=L2Rzd2F0Lm9yZy8%3d HTTP/1.1" 404 89 "www.templeos.org" "Mozilla/5.0 (compatible; Googlebot/2.1; +http://www.google.com/bot.html)" "www.templeos.org"
145.58.156.168 - - [05/Jun/2017:00:32:29 -0700] "POST /robot.php?z3=SzRoQnAyLnBocA%3d%3d&z4=Lw%3d%3d HTTP/1.1" 404 89 "www.templeos.org" "Mozilla/5.0 (compatible; Googlebot/2.1; +http://www.google.com/bot.html)" "www.templeos.org"
216.18.128.148 - - [05/Jun/2017:00:32:29 -0700] "GET /files/ HTTP/1.1" 200 819 "-" "Mozilla/5.0 (iPad; CPU OS 10_0_2 like Mac OS X) AppleWebKit/602.1.50 (KHTML, like Gecko) CriOS/55.0.2883.79 Mobile/14A456 Safari/602.1" "www.templeos.org"
145.58.156.168 - - [05/Jun/2017:00:32:33 -0700] "POST /robot.php?z3=SzRoQnAyLnBocA%3d%3d&z4=Lw%3d%3d HTTP/1.1" 404 89 "www.templeos.org" "Mozilla/5.0 (compatible; Googlebot/2.1; +http://www.google.com/bot.html)" "www.templeos.org"
145.58.156.168 - - [05/Jun/2017:00:32:43 -0700] "POST /wsdl.php?z3=SzRoQnAyLnBocA%3d%3d&z4=Lw%3d%3d HTTP/1.1" 404 89 "www.templeos.org" "Mozilla/5.0 (compatible; Googlebot/2.1; +http://www.google.com/bot.html)" "www.templeos.org"
145.58.156.168 - - [05/Jun/2017:00:32:48 -0700] "POST /wsdl.php?z3=SzRoQnAyLnBocA%3d%3d&z4=Lw%3d%3d HTTP/1.1" 404 89 "www.templeos.org" "Mozilla/5.0 (compatible; Googlebot/2.1; +http://www.google.com/bot.html)" "www.templeos.org"
145.58.156.168 - - [05/Jun/2017:00:32:54 -0700] "POST /goog1es.php?z3=SzRoQnAyLnBocA%3d%3d&z4=Lw%3d%3d HTTP/1.1" 404 89 "www.templeos.org" "Mozilla/5.0 (compatible; Googlebot/2.1; +http://www.google.com/bot.html)" "www.templeos.org"
22.142.87.11 - - [05/Jun/2017:00:32:58 -0700] "GET /jm-ajax/upload_file/ HTTP/1.1" 404 89 "-" "Mozilla/5.0 (Windows NT 6.1; rv:32.0) Gecko/20100101 Firefox/32.0" "templeos.org"
145.58.156.168 - - [05/Jun/2017:00:33:00 -0700] "POST /site/tmp/cTivrC.php?z3=SzRoQnAyLnBocA%3d%3d&z4=L3NpdGUvdG1wLw%3d%3d HTTP/1.1" 404 89 "www.templeos.org" "Mozilla/5.0 (compatible; Googlebot/2.1; +http://www.google.com/bot.html)" "www.templeos.org"
145.58.156.168 - - [05/Jun/2017:00:33:03 -0700] "POST /site/tmp/cTivrC.php?z3=SzRoQnAyLnBocA%3d%3d&z4=L3NpdGUvdG1wLw%3d%3d HTTP/1.1" 404 89 "www.templeos.org" "Mozilla/5.0 (compatible; Googlebot/2.1; +http://www.google.com/bot.html)" "www.templeos.org"
61.202.114.13 - - [05/Jun/2017:00:33:04 -0700] "GET /videos/SoldierTrim.MP4 HTTP/1.1" 404 89 "-" "Mozilla/5.0 (Windows NT 6.1; WOW64; rv:53.0) Gecko/20100101 Firefox/53.0" "www.templeos.org"
61.202.114.13 - - [05/Jun/2017:00:33:05 -0700] "GET /videos/SoldierTrim.MP4 HTTP/1.1" 404 89 "-" "Mozilla/5.0 (Windows NT 6.1; WOW64; rv:53.0) Gecko/20100101 Firefox/53.0" "www.templeos.org"
61.202.114.13 - - [05/Jun/2017:00:33:05 -0700] "GET /favicon.ico HTTP/1.1" 200 9918 "-" "Mozilla/5.0 (Windows NT 6.1; WOW64; rv:53.0) Gecko/20100101 Firefox/53.0" "www.templeos.org"
61.202.114.13 - - [05/Jun/2017:00:33:05 -0700] "GET /videos/SoldierTrim.MP4 HTTP/1.1" 404 89 "-" "Mozilla/5.0 (Windows NT 6.1; WOW64; rv:53.0) Gecko/20100101 Firefox/53.0" "www.templeos.org"[0]
19.191.175.130 - - [05/Jun/2017:00:33:07 -0700] "GET /Family4_99/part4/Alc50-11.jpg HTTP/1.1" 404 89 "-" "Mozilla/5.0 (compatible; AhrefsBot/5.2; +http://ahrefs.com/robot/)" "www.templeos.org"[0]
145.58.156.168 - - [05/Jun/2017:00:33:13 -0700] "POST /update.php?z3=SzRoQnAyLnBocA%3d%3d&z4=Lw%3d%3d HTTP/1.1" 404 89 "www.templeos.org" "Mozilla/5.0 (compatible; Googlebot/2.1; +http://www.google.com/bot.html)" "www.templeos.org"
145.58.156.168 - - [05/Jun/2017:00:33:20 -0700] "POST /update.php?z3=SzRoQnAyLnBocA%3d%3d&z4=Lw%3d%3d HTTP/1.1" 404 89 "www.templeos.org" "Mozilla/5.0 (compatible; Googlebot/2.1; +http://www.google.com/bot.html)" "www.templeos.org"
19.191.175.54 - - [05/Jun/2017:00:33:23 -0700] "GET /images/FanArt/ChinaMountain.jpg HTTP/1.1" 404 89 "-" "Mozilla/5.0 (compatible; AhrefsBot/5.2; +http://ahrefs.com/robot/)" "www.templeos.org"
145.58.156.168 - - [05/Jun/2017:00:33:23 -0700] "POST /includes.php?z3=SzRoQnAyLnBocA%3d%3d&z4=Lw%3d%3d HTTP/1.1" 404 89 "www.templeos.org" "Mozilla/5.0 (compatible; Googlebot/2.1; +http://www.google.com/bot.html)" "www.templeos.org"
145.58.156.168 - - [05/Jun/2017:00:33:26 -0700] "POST /includes.php?z3=SzRoQnAyLnBocA%3d%3d&z4=Lw%3d%3d HTTP/1.1" 404 89 "www.templeos.org" "Mozilla/5.0 (compatible; Googlebot/2.1; +http://www.google.com/bot.html)" "www.templeos.org"
145.58.156.168 - - [05/Jun/2017:00:33:30 -0700] "POST /wp-main.php?z3=SzRoQnAyLnBocA%3d%3d&z4=Lw%3d%3d HTTP/1.1" 404 89 "www.templeos.org" "Mozilla/5.0 (compatible; Googlebot/2.1; +http://www.google.com/bot.html)" "www.templeos.org"
19.191.175.102 - - [05/Jun/2017:00:33:30 -0700] "GET /Family2_78-86/part4/449-15.jpg HTTP/1.1" 404 89 "-" "Mozilla/5.0 (compatible; AhrefsBot/5.2; +http://ahrefs.com/robot/)" "templeos.org"
145.58.156.168 - - [05/Jun/2017:00:33:31 -0700] "POST /wp-main.php?z3=SzRoQnAyLnBocA%3d%3d&z4=Lw%3d%3d HTTP/1.1" 404 89 "www.templeos.org" "Mozilla/5.0 (compatible; Googlebot/2.1; +http://www.google.com/bot.html)" "www.templeos.org"
145.58.156.168 - - [05/Jun/2017:00:33:37 -0700] "POST /news.php?z3=SzRoQnAyLnBocA%3d%3d&z4=Lw%3d%3d HTTP/1.1" 404 89 "www.templeos.org" "Mozilla/5.0 (compatible; Googlebot/2.1; +http://www.google.com/bot.html)" "www.templeos.org"
145.58.156.168 - - [05/Jun/2017:00:33:39 -0700] "POST /news.php?z3=SzRoQnAyLnBocA%3d%3d&z4=Lw%3d%3d HTTP/1.1" 404 89 "www.templeos.org" "Mozilla/5.0 (compatible; Googlebot/2.1; +http://www.google.com/bot.html)" "www.templeos.org"
145.58.156.168 - - [05/Jun/2017:00:33:40 -0700] "POST /images/al277.php?z3=SzRoQnAyLnBocA%3d%3d&z4=L2ltYWdlcy8%3d HTTP/1.1" 404 89 "www.templeos.org" "Mozilla/5.0 (compatible; Googlebot/2.1; +http://www.google.com/bot.html)" "www.templeos.org"
234.179.223.228 - - [05/Jun/2017:00:33:42 -0700] "GET /Family4_99/part4/Alc49-06.jpg HTTP/1.1" 404 89 "-" "Mozilla/5.0 (compatible; AhrefsBot/5.2; +http://ahrefs.com/robot/)" "www.templeos.org"
19.191.175.112 - - [05/Jun/2017:00:33:44 -0700] "GET /Wb/Apps/Logic/Run.HC.Z HTTP/1.1" 404 89 "-" "Mozilla/5.0 (compatible; AhrefsBot/5.2; +http://ahrefs.com/robot/)" "www.templeos.org"
145.58.156.168 - - [05/Jun/2017:00:33:46 -0700] "POST /images/al277.php?z3=SzRoQnAyLnBocA%3d%3d&z4=L2ltYWdlcy8%3d HTTP/1.1" 404 89 "www.templeos.org" "Mozilla/5.0 (compatible; Googlebot/2.1; +http://www.google.com/bot.html)" "www.templeos.org"
137.81.117.238 - - [05/Jun/2017:00:33:47 -0700] "GET /Wb/Doc/Charter.html HTTP/1.1" 404 89 "https://www.google.com/" "Mozilla/5.0 (Windows NT 10.0; Win64; x64) AppleWebKit/537.36 (KHTML, like Gecko) Chrome/59.0.3071.82 Safari/537.36" "www.templeos.org"
137.81.117.238 - - [05/Jun/2017:00:33:50 -0700] "GET /Wb/Home/Web/640x480.html HTTP/1.1" 404 89 "https://www.google.com/" "Mozilla/5.0 (Windows NT 10.0; Win64; x64) AppleWebKit/537.36 (KHTML, like Gecko) Chrome/59.0.3071.82 Safari/537.36" "www.templeos.org"
215.159.195.139 - - [05/Jun/2017:00:33:55 -0700] "GET /Wb/Accts/TS/Wb2/TempleOS.html HTTP/1.1" 404 89 "-" "Iframely/1.0.3 (+http://iframely.com/;)" "www.templeos.org"
145.58.156.168 - - [05/Jun/2017:00:33:56 -0700] "POST /webconfig.txt.php?z3=SzRoQnAyLnBocA%3d%3d&z4=Lw%3d%3d HTTP/1.1" 404 89 "www.templeos.org" "Mozilla/5.0 (compatible; Googlebot/2.1; +http://www.google.com/bot.html)" "www.templeos.org"
145.58.156.168 - - [05/Jun/2017:00:34:02 -0700] "POST /webconfig.txt.php?z3=SzRoQnAyLnBocA%3d%3d&z4=Lw%3d%3d HTTP/1.1" 404 89 "www.templeos.org" "Mozilla/5.0 (compatible; Googlebot/2.1; +http://www.google.com/bot.html)" "www.templeos.org"
137.81.117.238 - - [05/Jun/2017:00:34:02 -0700] "GET /videos HTTP/1.1" 301 94 "http://www.templeos.org/" "Mozilla/5.0 (Windows NT 10.0; Win64; x64) AppleWebKit/537.36 (KHTML, like Gecko) Chrome/59.0.3071.82 Safari/537.36" "www.templeos.org"
137.81.117.238 - - [05/Jun/2017:00:34:02 -0700] "GET /videos/ HTTP/1.1" 200 2600 "http://www.templeos.org/" "Mozilla/5.0 (Windows NT 10.0; Win64; x64) AppleWebKit/537.36 (KHTML, like Gecko) Chrome/59.0.3071.82 Safari/537.36" "www.templeos.org"
145.58.156.168 - - [05/Jun/2017:00:34:05 -0700] "POST /administrator/webconfig.txt.php?z3=SzRoQnAyLnBocA%3d%3d&z4=L2FkbWluaXN0cmF0b3Iv HTTP/1.1" 404 89 "www.templeos.org" "Mozilla/5.0 (compatible; Googlebot/2.1; +http://www.google.com/bot.html)" "www.templeos.org"
137.81.117.238 - - [05/Jun/2017:00:34:05 -0700] "GET /files/ HTTP/1.1" 200 819 "http://www.templeos.org/" "Mozilla/5.0 (Windows NT 10.0; Win64; x64) AppleWebKit/537.36 (KHTML, like Gecko) Chrome/59.0.3071.82 Safari/537.36" "www.templeos.org"
145.58.156.168 - - [05/Jun/2017:00:34:06 -0700] "POST /administrator/webconfig.txt.php?z3=SzRoQnAyLnBocA%3d%3d&z4=L2FkbWluaXN0cmF0b3Iv HTTP/1.1" 404 89 "www.templeos.org" "Mozilla/5.0 (compatible; Googlebot/2.1; +http://www.google.com/bot.html)" "www.templeos.org"
145.58.156.168 - - [05/Jun/2017:00:34:11 -0700] "POST /cache/cachee.php?z3=SzRoQnAyLnBocA%3d%3d&z4=L2NhY2hlLw%3d%3d HTTP/1.1" 404 89 "www.templeos.org" "Mozilla/5.0 (compatible; Googlebot/2.1; +http://www.google.com/bot.html)" "www.templeos.org"
145.58.156.168 - - [05/Jun/2017:00:34:11 -0700] "POST /cache/cachee.php?z3=SzRoQnAyLnBocA%3d%3d&z4=L2NhY2hlLw%3d%3d HTTP/1.1" 404 89 "www.templeos.org" "Mozilla/5.0 (compatible; Googlebot/2.1; +http://www.google.com/bot.html)" "www.templeos.org"
82.0.152.19 - - [05/Jun/2017:00:34:16 -0700] "GET / HTTP/1.1" 200 2171 "-" "Mozilla/5.0 (Windows NT 10.0; Win64; x64) AppleWebKit/537.36 (KHTML, like Gecko) Iridium/58.0 Safari/537.36 Chrome/58.0.3029.81" "templeos.org"
145.58.156.168 - - [05/Jun/2017:00:34:20 -0700] "POST /thumb.php?z3=SzRoQnAyLnBocA%3d%3d&z4=Lw%3d%3d HTTP/1.1" 404 89 "www.templeos.org" "Mozilla/5.0 (compatible; Googlebot/2.1; +http://www.google.com/bot.html)" "www.templeos.org"
111.12.93.4 - - [05/Jun/2017:00:34:22 -0700] "GET /Wb/Home/Web/TAD/BlogDir/2017May/TAD170526.DD.Z HTTP/1.1" 404 89 "-" "Mozilla/5.0 (compatible; DotBot/1.1; http://www.opensiteexplorer.org/dotbot, help@moz.com)" "www.templeos.org"
145.58.156.168 - - [05/Jun/2017:00:34:27 -0700] "POST /thumb.php?z3=SzRoQnAyLnBocA%3d%3d&z4=Lw%3d%3d HTTP/1.1" 404 89 "www.templeos.org" "Mozilla/5.0 (compatible; Googlebot/2.1; +http://www.google.com/bot.html)" "www.templeos.org"
145.58.156.168 - - [05/Jun/2017:00:34:31 -0700] "POST /administrator/dbconfig.php?z3=SzRoQnAyLnBocA%3d%3d&z4=L2FkbWluaXN0cmF0b3Iv HTTP/1.1" 404 89 "www.templeos.org" "Mozilla/5.0 (compatible; Googlebot/2.1; +http://www.google.com/bot.html)" "www.templeos.org"
145.58.156.168 - - [05/Jun/2017:00:34:31 -0700] "POST /administrator/dbconfig.php?z3=SzRoQnAyLnBocA%3d%3d&z4=L2FkbWluaXN0cmF0b3Iv HTTP/1.1" 404 89 "www.templeos.org" "Mozilla/5.0 (compatible; Googlebot/2.1; +http://www.google.com/bot.html)" "www.templeos.org"
145.58.156.168 - - [05/Jun/2017:00:34:32 -0700] "POST /administrator/administrator.php?z3=SzRoQnAyLnBocA%3d%3d&z4=L2FkbWluaXN0cmF0b3Iv HTTP/1.1" 404 89 "www.templeos.org" "Mozilla/5.0 (compatible; Googlebot/2.1; +http://www.google.com/bot.html)" "www.templeos.org"
82.0.152.19 - - [05/Jun/2017:00:34:33 -0700] "GET /files HTTP/1.1" 301 93 "http://templeos.org/" "Mozilla/5.0 (Windows NT 10.0; Win64; x64) AppleWebKit/537.36 (KHTML, like Gecko) Iridium/58.0 Safari/537.36 Chrome/58.0.3029.81" "www.templeos.org"
82.0.152.19 - - [05/Jun/2017:00:34:33 -0700] "GET /files/ HTTP/1.1" 200 819 "http://templeos.org/" "Mozilla/5.0 (Windows NT 10.0; Win64; x64) AppleWebKit/537.36 (KHTML, like Gecko) Iridium/58.0 Safari/537.36 Chrome/58.0.3029.81" "www.templeos.org"
145.58.156.168 - - [05/Jun/2017:00:34:36 -0700] "POST /administrator/administrator.php?z3=SzRoQnAyLnBocA%3d%3d&z4=L2FkbWluaXN0cmF0b3Iv HTTP/1.1" 404 89 "www.templeos.org" "Mozilla/5.0 (compatible; Googlebot/2.1; +http://www.google.com/bot.html)" "www.templeos.org"
145.58.156.168 - - [05/Jun/2017:00:34:38 -0700] "POST /SessionController.php?z3=SzRoQnAyLnBocA%3d%3d&z4=Lw%3d%3d HTTP/1.1" 404 89 "www.templeos.org" "Mozilla/5.0 (compatible; Googlebot/2.1; +http://www.google.com/bot.html)" "www.templeos.org"
1.220.5.125 - - [05/Jun/2017:00:34:39 -0700] "GET / HTTP/1.1" 200 2171 "https://www.google.ru/" "Mozilla/5.0 (Windows NT 6.3; WOW64) AppleWebKit/537.36 (KHTML, like Gecko) Maxthon/4.9.2.1000 Chrome/39.0.2146.0 Safari/537.36" "www.templeos.org"
82.0.152.19 - - [05/Jun/2017:00:34:41 -0700] "GET /videos HTTP/1.1" 301 94 "http://templeos.org/" "Mozilla/5.0 (Windows NT 10.0; Win64; x64) AppleWebKit/537.36 (KHTML, like Gecko) Iridium/58.0 Safari/537.36 Chrome/58.0.3029.81" "www.templeos.org"
82.0.152.19 - - [05/Jun/2017:00:34:41 -0700] "GET /videos/ HTTP/1.1" 200 2600 "http://templeos.org/" "Mozilla/5.0 (Windows NT 10.0; Win64; x64) AppleWebKit/537.36 (KHTML, like Gecko) Iridium/58.0 Safari/537.36 Chrome/58.0.3029.81" "www.templeos.org"
145.58.156.168 - - [05/Jun/2017:00:34:41 -0700] "POST /SessionController.php?z3=SzRoQnAyLnBocA%3d%3d&z4=Lw%3d%3d HTTP/1.1" 404 89 "www.templeos.org" "Mozilla/5.0 (compatible; Googlebot/2.1; +http://www.google.com/bot.html)" "www.templeos.org"
145.58.156.168 - - [05/Jun/2017:00:34:42 -0700] "POST /maill.php?z3=SzRoQnAyLnBocA%3d%3d&z4=Lw%3d%3d HTTP/1.1" 404 89 "www.templeos.org" "Mozilla/5.0 (compatible; Googlebot/2.1; +http://www.google.com/bot.html)" "www.templeos.org"
234.179.223.145 - - [05/Jun/2017:00:34:43 -0700] "GET /Family3_86-99/PART5/ALB30-24.JPG HTTP/1.1" 404 89 "-" "Mozilla/5.0 (compatible; AhrefsBot/5.2; +http://ahrefs.com/robot/)" "templeos.org"
145.58.156.168 - - [05/Jun/2017:00:34:47 -0700] "POST /maill.php?z3=SzRoQnAyLnBocA%3d%3d&z4=Lw%3d%3d HTTP/1.1" 404 89 "www.templeos.org" "Mozilla/5.0 (compatible; Googlebot/2.1; +http://www.google.com/bot.html)" "www.templeos.org"
19.191.175.49 - - [05/Jun/2017:00:34:51 -0700] "GET /Family3_86-99/PART2/513-08.jpg HTTP/1.1" 404 89 "-" "Mozilla/5.0 (compatible; AhrefsBot/5.2; +http://ahrefs.com/robot/)" "templeos.org"
145.58.156.168 - - [05/Jun/2017:00:34:52 -0700] "POST /webconfig.txt.php.suspected?z3=SzRoQnAyLnBocA%3d%3d&z4=Lw%3d%3d HTTP/1.1" 404 89 "www.templeos.org" "Mozilla/5.0 (compatible; Googlebot/2.1; +http://www.google.com/bot.html)" "www.templeos.org"
145.58.156.168 - - [05/Jun/2017:00:34:53 -0700] "POST /webconfig.txt.php.suspected?z3=SzRoQnAyLnBocA%3d%3d&z4=Lw%3d%3d HTTP/1.1" 404 89 "www.templeos.org" "Mozilla/5.0 (compatible; Googlebot/2.1; +http://www.google.com/bot.html)" "www.templeos.org"
112.80.122.56 - - [05/Jun/2017:00:34:56 -0700] "GET / HTTP/1.1" 200 2171 "https://www.youtube.com/" "Mozilla/5.0 (Windows NT 6.3; WOW64; rv:53.0) Gecko/20100101 Firefox/53.0" "www.templeos.org"
145.58.156.168 - - [05/Jun/2017:00:35:00 -0700] "POST /error-log.php?z3=SzRoQnAyLnBocA%3d%3d&z4=Lw%3d%3d HTTP/1.1" 404 89 "www.templeos.org" "Mozilla/5.0 (compatible; Googlebot/2.1; +http://www.google.com/bot.html)" "www.templeos.org"
147.153.196.100 - - [05/Jun/2017:00:35:07 -0700] "GET /Wb/Demo/AcctExample/TOS/TOSToHtml.html HTTP/1.1" 404 89 "-" "Mozilla/5.0 (compatible; DeuSu/5.0.2; +https://deusu.de/robot.html)" "www.templeos.org"
145.58.156.168 - - [05/Jun/2017:00:35:07 -0700] "POST /error-log.php?z3=SzRoQnAyLnBocA%3d%3d&z4=Lw%3d%3d HTTP/1.1" 404 89 "www.templeos.org" "Mozilla/5.0 (compatible; Googlebot/2.1; +http://www.google.com/bot.html)" "www.templeos.org"
137.81.117.238 - - [05/Jun/2017:00:35:12 -0700] "GET /videos/' HTTP/1.1" 404 89 "-" "Mozilla/5.0 (Windows NT 10.0; Win64; x64) AppleWebKit/537.36 (KHTML, like Gecko) Chrome/59.0.3071.82 Safari/537.36" "www.templeos.org"
145.58.156.168 - - [05/Jun/2017:00:35:16 -0700] "POST /authenticating.php?z3=SzRoQnAyLnBocA%3d%3d&z4=Lw%3d%3d HTTP/1.1" 404 89 "www.templeos.org" "Mozilla/5.0 (compatible; Googlebot/2.1; +http://www.google.com/bot.html)" "www.templeos.org"
137.81.117.238 - - [05/Jun/2017:00:35:17 -0700] "GET /videos/ HTTP/1.1" 200 2600 "http://www.templeos.org/" "Mozilla/5.0 (Windows NT 10.0; Win64; x64) AppleWebKit/537.36 (KHTML, like Gecko) Chrome/59.0.3071.82 Safari/537.36" "www.templeos.org"
137.81.117.238 - - [05/Jun/2017:00:35:23 -0700] "GET /videos/001HereIAmLord.MP4 HTTP/1.1" 200 5308416 "http://www.templeos.org/videos/" "Mozilla/5.0 (Windows NT 10.0; Win64; x64) AppleWebKit/537.36 (KHTML, like Gecko) Chrome/59.0.3071.82 Safari/537.36" "www.templeos.org"
137.81.117.238 - - [05/Jun/2017:00:35:26 -0700] "GET /videos/001HereIAmLord.MP4 HTTP/1.1" 206 1 "http://www.templeos.org/videos/" "Mozilla/5.0 (Windows NT 10.0; Win64; x64) AppleWebKit/537.36 (KHTML, like Gecko) Chrome/59.0.3071.82 Safari/537.36" "www.templeos.org"
137.81.117.238 - - [05/Jun/2017:00:35:28 -0700] "GET /videos/001HereIAmLord.MP4 HTTP/1.1" 206 3080192 "http://www.templeos.org/videos/" "Mozilla/5.0 (Windows NT 10.0; Win64; x64) AppleWebKit/537.36 (KHTML, like Gecko) Chrome/59.0.3071.82 Safari/537.36" "www.templeos.org"
208.226.180.248 - - [05/Jun/2017:00:35:28 -0700] "GET /videos/011GravelTriangle.MP4 HTTP/1.1" 206 48234496 "http://www.templeos.org/videos/" "Mozilla/5.0 (Windows NT 6.0; WOW64; rv:52.0) Gecko/20100101 Firefox/52.0" "www.templeos.org"
82.0.152.19 - - [05/Jun/2017:00:35:29 -0700] "GET /videos/001HereIAmLord.MP4 HTTP/1.1" 200 2686976 "http://www.templeos.org/videos/" "Mozilla/5.0 (Windows NT 10.0; Win64; x64) AppleWebKit/537.36 (KHTML, like Gecko) Iridium/58.0 Safari/537.36 Chrome/58.0.3029.81" "www.templeos.org"
137.81.117.238 - - [05/Jun/2017:00:35:31 -0700] "GET /videos/003CleanSink.JPG HTTP/1.1" 200 88929 "http://www.templeos.org/videos/" "Mozilla/5.0 (Windows NT 10.0; Win64; x64) AppleWebKit/537.36 (KHTML, like Gecko) Chrome/59.0.3071.82 Safari/537.36" "www.templeos.org"[0]
145.58.156.168 - - [05/Jun/2017:00:35:33 -0700] "POST /google-assist.php?z3=SzRoQnAyLnBocA%3d%3d&z4=Lw%3d%3d HTTP/1.1" 404 89 "www.templeos.org" "Mozilla/5.0 (compatible; Googlebot/2.1; +http://www.google.com/bot.html)" "www.templeos.org"
145.58.156.168 - - [05/Jun/2017:00:35:36 -0700] "POST /google-assist.php?z3=SzRoQnAyLnBocA%3d%3d&z4=Lw%3d%3d HTTP/1.1" 404 89 "www.templeos.org" "Mozilla/5.0 (compatible; Googlebot/2.1; +http://www.google.com/bot.html)" "www.templeos.org"
112.80.122.56 - - [05/Jun/2017:00:35:37 -0700] "GET /files HTTP/1.1" 301 93 "http://www.templeos.org/" "Mozilla/5.0 (Windows NT 6.3; WOW64; rv:53.0) Gecko/20100101 Firefox/53.0" "www.templeos.org"
112.80.122.56 - - [05/Jun/2017:00:35:38 -0700] "GET /files/ HTTP/1.1" 200 819 "http://www.templeos.org/" "Mozilla/5.0 (Windows NT 6.3; WOW64; rv:53.0) Gecko/20100101 Firefox/53.0" "www.templeos.org"
82.0.152.19 - - [05/Jun/2017:00:35:38 -0700] "GET /videos/006SpaghettiJew.MP4 HTTP/1.1" 206 1 "http://www.templeos.org/videos/" "Mozilla/5.0 (Windows NT 10.0; Win64; x64) AppleWebKit/537.36 (KHTML, like Gecko) Iridium/58.0 Safari/537.36 Chrome/58.0.3029.81" "www.templeos.org"
137.81.117.238 - - [05/Jun/2017:00:35:41 -0700] "GET /videos/009SurprisedButterfly.MP4 HTTP/1.1" 200 3080192 "http://www.templeos.org/videos/" "Mozilla/5.0 (Windows NT 10.0; Win64; x64) AppleWebKit/537.36 (KHTML, like Gecko) Chrome/59.0.3071.82 Safari/537.36" "www.templeos.org"
145.58.156.168 - - [05/Jun/2017:00:35:44 -0700] "POST /images/google-assist.php?z3=SzRoQnAyLnBocA%3d%3d&z4=L2ltYWdlcy8%3d HTTP/1.1" 404 89 "www.templeos.org" "Mozilla/5.0 (compatible; Googlebot/2.1; +http://www.google.com/bot.html)" "www.templeos.org"
112.80.122.56 - - [05/Jun/2017:00:35:44 -0700] "GET /videos HTTP/1.1" 301 94 "http://www.templeos.org/" "Mozilla/5.0 (Windows NT 6.3; WOW64; rv:53.0) Gecko/20100101 Firefox/53.0" "www.templeos.org"
112.80.122.56 - - [05/Jun/2017:00:35:44 -0700] "GET /videos/ HTTP/1.1" 200 2600 "http://www.templeos.org/" "Mozilla/5.0 (Windows NT 6.3; WOW64; rv:53.0) Gecko/20100101 Firefox/53.0" "www.templeos.org"
145.58.156.168 - - [05/Jun/2017:00:35:48 -0700] "POST /images/google-assist.php?z3=SzRoQnAyLnBocA%3d%3d&z4=L2ltYWdlcy8%3d HTTP/1.1" 404 89 "www.templeos.org" "Mozilla/5.0 (compatible; Googlebot/2.1; +http://www.google.com/bot.html)" "www.templeos.org"
