112.67.117.224 - - [04/Jun/2017:23:14:15 -0700] "GET /files/?M=A HTTP/1.1" 200 819 "http://www.templeos.org/files/?N=D" "Mozilla/5.0 (Windows NT 10.0; Win64; x64) AppleWebKit/537.36 (KHTML, like Gecko) Chrome/58.0.3029.110 Safari/537.36" "www.templeos.org"
172.124.118.221 - - [04/Jun/2017:23:14:24 -0700] "GET / HTTP/1.1" 200 2171 "-" "Mozilla/5.0 (X11; U; Linux i686; en-US; rv:1.9.1.7) Gecko/20091221 Firefox/53.0" "www.templeos.org"
147.246.40.231 - - [04/Jun/2017:23:14:25 -0700] "GET / HTTP/1.1" 200 2171 "https://www.google.fi/" "Mozilla/5.0 (Linux; Android 6.0.1; SM-G900F Build/MMB29M) AppleWebKit/537.36 (KHTML, like Gecko) Chrome/58.0.3029.83 Mobile Safari/537.36" "www.templeos.org"
147.246.40.231 - - [04/Jun/2017:23:14:42 -0700] "GET /files HTTP/1.1" 301 93 "http://www.templeos.org/" "Mozilla/5.0 (Linux; Android 6.0.1; SM-G900F Build/MMB29M) AppleWebKit/537.36 (KHTML, like Gecko) Chrome/58.0.3029.83 Mobile Safari/537.36" "www.templeos.org"
147.246.40.231 - - [04/Jun/2017:23:14:42 -0700] "GET /files/ HTTP/1.1" 200 819 "http://www.templeos.org/" "Mozilla/5.0 (Linux; Android 6.0.1; SM-G900F Build/MMB29M) AppleWebKit/537.36 (KHTML, like Gecko) Chrome/58.0.3029.83 Mobile Safari/537.36" "www.templeos.org"
149.209.59.185 - - [04/Jun/2017:23:14:45 -0700] "GET / HTTP/1.1" 200 2171 "-" "Mozilla/5.0 (Windows NT 6.1; Win64; x64) AppleWebKit/537.36 (KHTML, like Gecko) Chrome/58.0.3029.110 Safari/537.36" "templeos.org"
149.209.59.185 - - [04/Jun/2017:23:14:45 -0700] "GET /main.JPG HTTP/1.1" 200 160491 "http://templeos.org/" "Mozilla/5.0 (Windows NT 6.1; Win64; x64) AppleWebKit/537.36 (KHTML, like Gecko) Chrome/58.0.3029.110 Safari/537.36" "templeos.org"
111.12.93.181 - - [04/Jun/2017:23:14:49 -0700] "GET /files/History/121127/sparrowos/accts/user/?N=A HTTP/1.1" 404 89 "-" "Mozilla/5.0 (compatible; DotBot/1.1; http://www.opensiteexplorer.org/dotbot, help@moz.com)" "www.templeos.org"
111.12.93.181 - - [04/Jun/2017:23:14:50 -0700] "GET /files/History/121127/sparrowos/demo/autofile/?S=A HTTP/1.1" 404 89 "-" "Mozilla/5.0 (compatible; DotBot/1.1; http://www.opensiteexplorer.org/dotbot, help@moz.com)" "www.templeos.org"
96.220.70.177 - - [04/Jun/2017:23:14:50 -0700] "GET /Wb/Home/Web/TAD/BlogDir/2017April/TAD170411.DD.Z HTTP/1.1" 404 89 "-" "Mozilla/5.0 (compatible; AhrefsBot/5.2; +http://ahrefs.com/robot/)" "www.templeos.org"
82.107.179.239 - - [04/Jun/2017:23:14:57 -0700] "GET /Wb/Accts/TS/Wb2/Rants/TAD/TADRants.html HTTP/1.1" 404 89 "-" "Mozilla/5.0 (compatible; Yahoo! Slurp; http://help.yahoo.com/help/us/ysearch/slurp)" "www.templeos.org"
149.209.59.185 - - [04/Jun/2017:23:14:58 -0700] "GET /files/ HTTP/1.1" 200 819 "http://templeos.org/" "Mozilla/5.0 (Windows NT 6.1; Win64; x64) AppleWebKit/537.36 (KHTML, like Gecko) Chrome/58.0.3029.110 Safari/537.36" "www.templeos.org"
149.209.59.185 - - [04/Jun/2017:23:15:18 -0700] "GET /videos HTTP/1.1" 301 94 "http://templeos.org/" "Mozilla/5.0 (Windows NT 6.1; Win64; x64) AppleWebKit/537.36 (KHTML, like Gecko) Chrome/58.0.3029.110 Safari/537.36" "www.templeos.org"
149.209.59.185 - - [04/Jun/2017:23:15:18 -0700] "GET /videos/ HTTP/1.1" 200 2600 "http://templeos.org/" "Mozilla/5.0 (Windows NT 6.1; Win64; x64) AppleWebKit/537.36 (KHTML, like Gecko) Chrome/58.0.3029.110 Safari/537.36" "www.templeos.org"
208.226.180.248 - - [04/Jun/2017:23:15:23 -0700] "GET /videos/005BugleBoy.MP4 HTTP/1.1" 206 2390248 "http://www.templeos.org/videos/" "Mozilla/5.0 (Windows NT 6.0; WOW64; rv:52.0) Gecko/20100101 Firefox/52.0" "www.templeos.org"
116.96.21.105 - - [04/Jun/2017:23:15:23 -0700] "GET /videos/010TouchingBasis.MP4 HTTP/1.1" 200 589824 "http://www.templeos.org/videos/" "Mozilla/5.0 (X11; Ubuntu; Linux i686; rv:48.0) Gecko/20100101 Firefox/48.0" "www.templeos.org"
116.96.21.105 - - [04/Jun/2017:23:15:23 -0700] "GET /videos/010TouchingBasis.MP4 HTTP/1.1" 206 302671 "http://www.templeos.org/videos/010TouchingBasis.MP4" "Mozilla/5.0 (X11; Ubuntu; Linux i686; rv:48.0) Gecko/20100101 Firefox/48.0" "www.templeos.org"
116.96.21.105 - - [04/Jun/2017:23:15:24 -0700] "GET /videos/010TouchingBasis.MP4 HTTP/1.1" 206 655360 "http://www.templeos.org/videos/010TouchingBasis.MP4" "Mozilla/5.0 (X11; Ubuntu; Linux i686; rv:48.0) Gecko/20100101 Firefox/48.0" "www.templeos.org"
116.96.21.105 - - [04/Jun/2017:23:15:24 -0700] "GET /videos/010TouchingBasis.MP4 HTTP/1.1" 206 269903 "http://www.templeos.org/videos/010TouchingBasis.MP4" "Mozilla/5.0 (X11; Ubuntu; Linux i686; rv:48.0) Gecko/20100101 Firefox/48.0" "www.templeos.org"
116.96.21.105 - - [04/Jun/2017:23:15:24 -0700] "GET /videos/010TouchingBasis.MP4 HTTP/1.1" 206 589824 "http://www.templeos.org/videos/010TouchingBasis.MP4" "Mozilla/5.0 (X11; Ubuntu; Linux i686; rv:48.0) Gecko/20100101 Firefox/48.0" "www.templeos.org"
208.226.180.248 - - [04/Jun/2017:23:15:27 -0700] "GET /videos/005BugleBoy.MP4 HTTP/1.1" 206 3211264 "http://www.templeos.org/videos/" "Mozilla/5.0 (Windows NT 6.0; WOW64; rv:52.0) Gecko/20100101 Firefox/52.0" "www.templeos.org"
253.21.229.249 - - [04/Jun/2017:23:15:33 -0700] "GET /videos/004EvictSpaghetti.MP4 HTTP/1.1" 206 24791711 "http://www.templeos.org/videos/004EvictSpaghetti.MP4" "Mozilla/5.0 (Windows NT 6.3; WOW64; rv:37.0) Gecko/20100101 Firefox/37.0" "www.templeos.org"
208.226.180.248 - - [04/Jun/2017:23:15:34 -0700] "GET /videos/005BugleBoy.MP4 HTTP/1.1" 206 23396352 "http://www.templeos.org/videos/" "Mozilla/5.0 (Windows NT 6.0; WOW64; rv:52.0) Gecko/20100101 Firefox/52.0" "www.templeos.org"
208.226.180.248 - - [04/Jun/2017:23:15:35 -0700] "GET /videos/005BugleBoy.MP4 HTTP/1.1" 206 17301504 "http://www.templeos.org/videos/" "Mozilla/5.0 (Windows NT 6.0; WOW64; rv:52.0) Gecko/20100101 Firefox/52.0" "www.templeos.org"
111.12.93.181 - - [04/Jun/2017:23:15:41 -0700] "GET /Wb/Home/Web/TAD/BlogDir/2016August/https:/beacon.nist.gov/rest/record/1472139780 HTTP/1.1" 404 89 "-" "Mozilla/5.0 (compatible; DotBot/1.1; http://www.opensiteexplorer.org/dotbot, help@moz.com)" "www.templeos.org"
111.12.93.181 - - [04/Jun/2017:23:15:42 -0700] "GET /Wb/Home/Web/TAD/BlogDir/2016August/https:/beacon.nist.gov/rest/record/1471947780 HTTP/1.1" 404 89 "-" "Mozilla/5.0 (compatible; DotBot/1.1; http://www.opensiteexplorer.org/dotbot, help@moz.com)" "www.templeos.org"
111.12.93.181 - - [04/Jun/2017:23:15:42 -0700] "GET /Wb/Home/Web/TAD/BlogDir/2016August/https:/beacon.nist.gov/rest/record/1472489340 HTTP/1.1" 404 89 "-" "Mozilla/5.0 (compatible; DotBot/1.1; http://www.opensiteexplorer.org/dotbot, help@moz.com)" "www.templeos.org"
111.12.93.181 - - [04/Jun/2017:23:15:43 -0700] "GET /Wb/Home/Web/TAD/BlogDir/2016August/https:/beacon.nist.gov/rest/record/1470852420 HTTP/1.1" 404 89 "-" "Mozilla/5.0 (compatible; DotBot/1.1; http://www.opensiteexplorer.org/dotbot, help@moz.com)" "www.templeos.org"
111.12.93.181 - - [04/Jun/2017:23:15:43 -0700] "GET /Wb/Home/Web/TAD/BlogDir/2016August/https:/beacon.nist.gov/rest/record/1470886320 HTTP/1.1" 404 89 "-" "Mozilla/5.0 (compatible; DotBot/1.1; http://www.opensiteexplorer.org/dotbot, help@moz.com)" "www.templeos.org"
111.12.93.181 - - [04/Jun/2017:23:15:43 -0700] "GET /Wb/Home/Web/TAD/BlogDir/2016August/https:/beacon.nist.gov/rest/record/1470861120 HTTP/1.1" 404 89 "-" "Mozilla/5.0 (compatible; DotBot/1.1; http://www.opensiteexplorer.org/dotbot, help@moz.com)" "www.templeos.org"
111.12.93.181 - - [04/Jun/2017:23:15:44 -0700] "GET /Wb/Home/Web/TAD/BlogDir/2016September/https:/beacon.nist.gov/rest/record/1473716580 HTTP/1.1" 404 89 "-" "Mozilla/5.0 (compatible; DotBot/1.1; http://www.opensiteexplorer.org/dotbot, help@moz.com)" "www.templeos.org"
111.12.93.181 - - [04/Jun/2017:23:15:44 -0700] "GET /Wb/Home/Web/TAD/BlogDir/2016September/https:/beacon.nist.gov/rest/record/1473890040 HTTP/1.1" 404 89 "-" "Mozilla/5.0 (compatible; DotBot/1.1; http://www.opensiteexplorer.org/dotbot, help@moz.com)" "www.templeos.org"
111.12.93.181 - - [04/Jun/2017:23:15:45 -0700] "GET /Wb/Home/Web/TAD/BlogDir/2016September/https:/beacon.nist.gov/rest/record/1473918540 HTTP/1.1" 404 89 "-" "Mozilla/5.0 (compatible; DotBot/1.1; http://www.opensiteexplorer.org/dotbot, help@moz.com)" "www.templeos.org"
111.12.93.181 - - [04/Jun/2017:23:15:45 -0700] "GET /Wb/Home/Web/TAD/BlogDir/2016September/https:/beacon.nist.gov/rest/record/1473880560 HTTP/1.1" 404 89 "-" "Mozilla/5.0 (compatible; DotBot/1.1; http://www.opensiteexplorer.org/dotbot, help@moz.com)" "www.templeos.org"
208.226.180.248 - - [04/Jun/2017:23:16:10 -0700] "GET /videos/006SpaghettiJew.MP4 HTTP/1.1" 206 5832704 "http://www.templeos.org/videos/" "Mozilla/5.0 (Windows NT 6.0; WOW64; rv:52.0) Gecko/20100101 Firefox/52.0" "www.templeos.org"
48.74.170.156 - - [04/Jun/2017:23:16:10 -0700] "GET / HTTP/1.1" 200 2171 "https://search.yahoo.com/" "Mozilla/5.0 (Windows NT 6.1; WOW64; rv:53.0) Gecko/20100101 Firefox/53.0" "templeos.org"
208.226.180.248 - - [04/Jun/2017:23:16:11 -0700] "GET /videos/006SpaghettiJew.MP4 HTTP/1.1" 200 5767168 "http://www.templeos.org/videos/" "Mozilla/5.0 (Windows NT 6.0; WOW64; rv:52.0) Gecko/20100101 Firefox/52.0" "www.templeos.org"
208.226.180.248 - - [04/Jun/2017:23:16:14 -0700] "GET /videos/006SpaghettiJew.MP4 HTTP/1.1" 206 5177344 "http://www.templeos.org/videos/" "Mozilla/5.0 (Windows NT 6.0; WOW64; rv:52.0) Gecko/20100101 Firefox/52.0" "www.templeos.org"
208.226.180.248 - - [04/Jun/2017:23:16:14 -0700] "GET /videos/006SpaghettiJew.MP4 HTTP/1.1" 206 748739 "http://www.templeos.org/videos/" "Mozilla/5.0 (Windows NT 6.0; WOW64; rv:52.0) Gecko/20100101 Firefox/52.0" "www.templeos.org"
208.226.180.248 - - [04/Jun/2017:23:16:14 -0700] "GET /videos/006SpaghettiJew.MP4 HTTP/1.1" 206 5046272 "http://www.templeos.org/videos/" "Mozilla/5.0 (Windows NT 6.0; WOW64; rv:52.0) Gecko/20100101 Firefox/52.0" "www.templeos.org"[38]
48.74.170.156 - - [04/Jun/2017:23:16:15 -0700] "GET /files HTTP/1.1" 301 93 "http://templeos.org/" "Mozilla/5.0 (Windows NT 6.1; WOW64; rv:53.0) Gecko/20100101 Firefox/53.0" "www.templeos.org"
48.74.170.156 - - [04/Jun/2017:23:16:15 -0700] "GET /files/ HTTP/1.1" 200 819 "http://templeos.org/" "Mozilla/5.0 (Windows NT 6.1; WOW64; rv:53.0) Gecko/20100101 Firefox/53.0" "www.templeos.org"
208.226.180.248 - - [04/Jun/2017:23:16:18 -0700] "GET /videos/006SpaghettiJew.MP4 HTTP/1.1" 206 1179648 "http://www.templeos.org/videos/" "Mozilla/5.0 (Windows NT 6.0; WOW64; rv:52.0) Gecko/20100101 Firefox/52.0" "www.templeos.org"
250.37.222.251 - - [04/Jun/2017:23:16:20 -0700] "GET /files/ HTTP/1.1" 200 819 "-" "Wget/1.17.1 (linux-gnu)" "www.templeos.org"
250.37.222.251 - - [04/Jun/2017:23:16:20 -0700] "GET /robots.txt HTTP/1.1" 404 89 "-" "Wget/1.17.1 (linux-gnu)" "www.templeos.org"
250.37.222.251 - - [04/Jun/2017:23:16:20 -0700] "GET /files/?N=D HTTP/1.1" 200 819 "http://www.templeos.org/files/" "Wget/1.17.1 (linux-gnu)" "www.templeos.org"
250.37.222.251 - - [04/Jun/2017:23:16:20 -0700] "GET /files/?M=A HTTP/1.1" 200 819 "http://www.templeos.org/files/" "Wget/1.17.1 (linux-gnu)" "www.templeos.org"
250.37.222.251 - - [04/Jun/2017:23:16:20 -0700] "GET /files/?S=A HTTP/1.1" 200 819 "http://www.templeos.org/files/" "Wget/1.17.1 (linux-gnu)" "www.templeos.org"
250.37.222.251 - - [04/Jun/2017:23:16:20 -0700] "GET /files/?D=A HTTP/1.1" 200 819 "http://www.templeos.org/files/" "Wget/1.17.1 (linux-gnu)" "www.templeos.org"
250.37.222.251 - - [04/Jun/2017:23:16:20 -0700] "GET /files/TOS_Distro.ISO HTTP/1.1" 200 196608 "http://www.templeos.org/files/" "Wget/1.17.1 (linux-gnu)" "www.templeos.org"
250.37.222.251 - - [04/Jun/2017:23:16:20 -0700] "GET /files/TOS_Supplemental1.ISO.C HTTP/1.1" 200 65536 "http://www.templeos.org/files/" "Wget/1.17.1 (linux-gnu)" "www.templeos.org"
250.37.222.251 - - [04/Jun/2017:23:16:20 -0700] "GET /files/?N=A HTTP/1.1" 200 819 "http://www.templeos.org/files/?N=D" "Wget/1.17.1 (linux-gnu)" "www.templeos.org"
250.37.222.251 - - [04/Jun/2017:23:16:20 -0700] "GET /files/?M=D HTTP/1.1" 200 819 "http://www.templeos.org/files/?M=A" "Wget/1.17.1 (linux-gnu)" "www.templeos.org"
250.37.222.251 - - [04/Jun/2017:23:16:21 -0700] "GET /files/?S=D HTTP/1.1" 200 819 "http://www.templeos.org/files/?S=A" "Wget/1.17.1 (linux-gnu)" "www.templeos.org"
250.37.222.251 - - [04/Jun/2017:23:16:21 -0700] "GET /files/?D=D HTTP/1.1" 200 819 "http://www.templeos.org/files/?D=A" "Wget/1.17.1 (linux-gnu)" "www.templeos.org"
250.37.222.251 - - [04/Jun/2017:23:16:21 -0700] "GET /videos/ HTTP/1.1" 200 2600 "-" "Wget/1.17.1 (linux-gnu)" "www.templeos.org"
250.37.222.251 - - [04/Jun/2017:23:16:21 -0700] "GET /robots.txt HTTP/1.1" 404 89 "-" "Wget/1.17.1 (linux-gnu)" "www.templeos.org"
250.37.222.251 - - [04/Jun/2017:23:16:21 -0700] "GET /videos/?N=D HTTP/1.1" 200 2600 "http://www.templeos.org/videos/" "Wget/1.17.1 (linux-gnu)" "www.templeos.org"
250.37.222.251 - - [04/Jun/2017:23:16:21 -0700] "GET /videos/?M=A HTTP/1.1" 200 2600 "http://www.templeos.org/videos/" "Wget/1.17.1 (linux-gnu)" "www.templeos.org"
250.37.222.251 - - [04/Jun/2017:23:16:21 -0700] "GET /videos/?S=A HTTP/1.1" 200 2600 "http://www.templeos.org/videos/" "Wget/1.17.1 (linux-gnu)" "www.templeos.org"
250.37.222.251 - - [04/Jun/2017:23:16:21 -0700] "GET /videos/?D=A HTTP/1.1" 200 2600 "http://www.templeos.org/videos/" "Wget/1.17.1 (linux-gnu)" "www.templeos.org"
250.37.222.251 - - [04/Jun/2017:23:16:21 -0700] "GET /videos/001HereIAmLord.MP4 HTTP/1.1" 200 196608 "http://www.templeos.org/videos/" "Wget/1.17.1 (linux-gnu)" "www.templeos.org"
250.37.222.251 - - [04/Jun/2017:23:16:21 -0700] "GET /videos/002SinkCleaning.MP4 HTTP/1.1" 200 196608 "http://www.templeos.org/videos/" "Wget/1.17.1 (linux-gnu)" "www.templeos.org"
250.37.222.251 - - [04/Jun/2017:23:16:21 -0700] "GET /videos/004EvictSpaghetti.MP4 HTTP/1.1" 200 196608 "http://www.templeos.org/videos/" "Wget/1.17.1 (linux-gnu)" "www.templeos.org"
250.37.222.251 - - [04/Jun/2017:23:16:21 -0700] "GET /videos/005BugleBoy.MP4 HTTP/1.1" 200 196608 "http://www.templeos.org/videos/" "Wget/1.17.1 (linux-gnu)" "www.templeos.org"
250.37.222.251 - - [04/Jun/2017:23:16:21 -0700] "GET /videos/006SpaghettiJew.MP4 HTTP/1.1" 200 196608 "http://www.templeos.org/videos/" "Wget/1.17.1 (linux-gnu)" "www.templeos.org"
250.37.222.251 - - [04/Jun/2017:23:16:21 -0700] "GET /videos/007SolidFoundation.MP4 HTTP/1.1" 200 196608 "http://www.templeos.org/videos/" "Wget/1.17.1 (linux-gnu)" "www.templeos.org"[0]
250.37.222.251 - - [04/Jun/2017:23:16:21 -0700] "GET /videos/008GraciousSpoilage.MP4 HTTP/1.1" 200 196608 "http://www.templeos.org/videos/" "Wget/1.17.1 (linux-gnu)" "www.templeos.org"
250.37.222.251 - - [04/Jun/2017:23:16:21 -0700] "GET /videos/009SurprisedButterfly.MP4 HTTP/1.1" 200 196608 "http://www.templeos.org/videos/" "Wget/1.17.1 (linux-gnu)" "www.templeos.org"
250.37.222.251 - - [04/Jun/2017:23:16:21 -0700] "GET /videos/011GravelTriangle.MP4 HTTP/1.1" 200 196608 "http://www.templeos.org/videos/" "Wget/1.17.1 (linux-gnu)" "www.templeos.org"
250.37.222.251 - - [04/Jun/2017:23:16:21 -0700] "GET /videos/012Cinderella.MP4 HTTP/1.1" 200 65536 "http://www.templeos.org/videos/" "Wget/1.17.1 (linux-gnu)" "www.templeos.org"
250.37.222.251 - - [04/Jun/2017:23:16:21 -0700] "GET /videos/010TouchingBasis.MP4 HTTP/1.1" 200 196608 "http://www.templeos.org/videos/" "Wget/1.17.1 (linux-gnu)" "www.templeos.org"
250.37.222.251 - - [04/Jun/2017:23:16:21 -0700] "GET /videos/013RomanMeal.MP4 HTTP/1.1" 200 196608 "http://www.templeos.org/videos/" "Wget/1.17.1 (linux-gnu)" "www.templeos.org"
250.37.222.251 - - [04/Jun/2017:23:16:21 -0700] "GET /videos/014HalfMan.MP4 HTTP/1.1" 200 196608 "http://www.templeos.org/videos/" "Wget/1.17.1 (linux-gnu)" "www.templeos.org"
250.37.222.251 - - [04/Jun/2017:23:16:21 -0700] "GET /videos/?N=A HTTP/1.1" 200 2600 "http://www.templeos.org/videos/?N=D" "Wget/1.17.1 (linux-gnu)" "www.templeos.org"
250.37.222.251 - - [04/Jun/2017:23:16:21 -0700] "GET /videos/?M=D HTTP/1.1" 200 2600 "http://www.templeos.org/videos/?M=A" "Wget/1.17.1 (linux-gnu)" "www.templeos.org"
250.37.222.251 - - [04/Jun/2017:23:16:21 -0700] "GET /videos/?S=D HTTP/1.1" 200 2600 "http://www.templeos.org/videos/?S=A" "Wget/1.17.1 (linux-gnu)" "www.templeos.org"
250.37.222.251 - - [04/Jun/2017:23:16:21 -0700] "GET /videos/?D=D HTTP/1.1" 200 2600 "http://www.templeos.org/videos/?D=A" "Wget/1.17.1 (linux-gnu)" "www.templeos.org"
48.74.170.156 - - [04/Jun/2017:23:16:22 -0700] "GET /TempleOS.html HTTP/1.1" 404 89 "https://search.yahoo.com/" "Mozilla/5.0 (Windows NT 6.1; WOW64; rv:53.0) Gecko/20100101 Firefox/53.0" "www.templeos.org"
250.37.222.251 - - [04/Jun/2017:23:16:22 -0700] "GET /robots.txt HTTP/1.1" 404 89 "-" "Wget/1.17.1 (linux-gnu)" "www.templeos.org"
250.37.222.251 - - [04/Jun/2017:23:16:22 -0700] "GET / HTTP/1.1" 200 2171 "-" "Wget/1.17.1 (linux-gnu)" "www.templeos.org"
250.37.222.251 - - [04/Jun/2017:23:16:22 -0700] "GET /main.JPG.html HTTP/1.1" 404 89 "http://www.templeos.org/" "Wget/1.17.1 (linux-gnu)" "www.templeos.org"
250.37.222.251 - - [04/Jun/2017:23:16:22 -0700] "GET /videos.1.html HTTP/1.1" 404 89 "http://www.templeos.org/" "Wget/1.17.1 (linux-gnu)" "www.templeos.org"
56.202.165.204 - - [04/Jun/2017:23:16:53 -0700] "GET /Wb/Adam/DolDoc/DocWidgetWiz.html HTTP/1.1" 404 89 "-" "Mozilla/5.0 (compatible; YandexBot/3.0; +http://yandex.com/bots)" "www.templeos.org"
100.16.47.17 - - [04/Jun/2017:23:16:53 -0700] "GET / HTTP/1.1" 200 2171 "-" "Mozilla/5.0 (Windows NT 10.0; WOW64; rv:53.0) Gecko/20100101 Firefox/53.0" "templeos.org"
100.16.47.17 - - [04/Jun/2017:23:16:53 -0700] "GET /main.JPG HTTP/1.1" 200 160491 "http://templeos.org/" "Mozilla/5.0 (Windows NT 10.0; WOW64; rv:53.0) Gecko/20100101 Firefox/53.0" "templeos.org"
100.16.47.17 - - [04/Jun/2017:23:16:54 -0700] "GET /favicon.ico HTTP/1.1" 200 9918 "-" "Mozilla/5.0 (Windows NT 10.0; WOW64; rv:53.0) Gecko/20100101 Firefox/53.0" "templeos.org"
73.163.39.243 - - [04/Jun/2017:23:17:06 -0700] "GET / HTTP/1.1" 200 2171 "https://en.wikipedia.org/" "Mozilla/5.0 (Windows NT 10.0; Win64; x64) AppleWebKit/537.36 (KHTML, like Gecko) Chrome/58.0.3029.110 Safari/537.36" "www.templeos.org"
62.49.18.149 - - [04/Jun/2017:23:17:06 -0700] "GET /files/ISO_IEC_13490-2 HTTP/1.1" 404 89 "-" "Mozilla/5.0 (compatible; bingbot/2.0; +http://www.bing.com/bingbot.htm)" "templeos.org"
111.12.93.181 - - [04/Jun/2017:23:17:08 -0700] "GET /Wb/Apps/Strut/?D=D HTTP/1.1" 404 89 "-" "Mozilla/5.0 (compatible; DotBot/1.1; http://www.opensiteexplorer.org/dotbot, help@moz.com)" "www.templeos.org"
172.124.118.195 - - [04/Jun/2017:23:17:15 -0700] "GET /files HTTP/1.1" 301 93 "-" "Mozilla/5.0 (X11; U; Linux i686; en-US; rv:1.9.1.7) Gecko/20091221 Firefox/53.0" "www.templeos.org"
172.124.118.195 - - [04/Jun/2017:23:17:15 -0700] "GET /files/ HTTP/1.1" 200 819 "-" "Mozilla/5.0 (X11; U; Linux i686; en-US; rv:1.9.1.7) Gecko/20091221 Firefox/53.0" "www.templeos.org"
172.124.118.195 - - [04/Jun/2017:23:17:18 -0700] "GET / HTTP/1.1" 200 2171 "-" "Mozilla/5.0 (X11; U; Linux i686; en-US; rv:1.9.1.7) Gecko/20091221 Firefox/53.0" "www.templeos.org"
172.124.118.195 - - [04/Jun/2017:23:17:21 -0700] "GET /videos HTTP/1.1" 301 94 "-" "Mozilla/5.0 (X11; U; Linux i686; en-US; rv:1.9.1.7) Gecko/20091221 Firefox/53.0" "www.templeos.org"
172.124.118.195 - - [04/Jun/2017:23:17:21 -0700] "GET /videos/ HTTP/1.1" 200 2600 "-" "Mozilla/5.0 (X11; U; Linux i686; en-US; rv:1.9.1.7) Gecko/20091221 Firefox/53.0" "www.templeos.org"
73.163.39.243 - - [04/Jun/2017:23:17:22 -0700] "GET /videos HTTP/1.1" 301 94 "http://www.templeos.org/" "Mozilla/5.0 (Windows NT 10.0; Win64; x64) AppleWebKit/537.36 (KHTML, like Gecko) Chrome/58.0.3029.110 Safari/537.36" "www.templeos.org"
73.163.39.243 - - [04/Jun/2017:23:17:22 -0700] "GET /videos/ HTTP/1.1" 200 2600 "http://www.templeos.org/" "Mozilla/5.0 (Windows NT 10.0; Win64; x64) AppleWebKit/537.36 (KHTML, like Gecko) Chrome/58.0.3029.110 Safari/537.36" "www.templeos.org"
100.16.47.17 - - [04/Jun/2017:23:17:26 -0700] "GET /files HTTP/1.1" 301 93 "http://templeos.org/" "Mozilla/5.0 (Windows NT 10.0; WOW64; rv:53.0) Gecko/20100101 Firefox/53.0" "www.templeos.org"
100.16.47.17 - - [04/Jun/2017:23:17:26 -0700] "GET /files/ HTTP/1.1" 200 819 "http://templeos.org/" "Mozilla/5.0 (Windows NT 10.0; WOW64; rv:53.0) Gecko/20100101 Firefox/53.0" "www.templeos.org"
73.163.39.243 - - [04/Jun/2017:23:17:27 -0700] "GET /files HTTP/1.1" 301 93 "http://www.templeos.org/" "Mozilla/5.0 (Windows NT 10.0; Win64; x64) AppleWebKit/537.36 (KHTML, like Gecko) Chrome/58.0.3029.110 Safari/537.36" "www.templeos.org"
73.163.39.243 - - [04/Jun/2017:23:17:28 -0700] "GET /files/ HTTP/1.1" 200 819 "http://www.templeos.org/" "Mozilla/5.0 (Windows NT 10.0; Win64; x64) AppleWebKit/537.36 (KHTML, like Gecko) Chrome/58.0.3029.110 Safari/537.36" "www.templeos.org"
100.16.47.17 - - [04/Jun/2017:23:17:33 -0700] "GET /videos HTTP/1.1" 301 94 "http://templeos.org/" "Mozilla/5.0 (Windows NT 10.0; WOW64; rv:53.0) Gecko/20100101 Firefox/53.0" "www.templeos.org"
100.16.47.17 - - [04/Jun/2017:23:17:33 -0700] "GET /videos/ HTTP/1.1" 200 2600 "http://templeos.org/" "Mozilla/5.0 (Windows NT 10.0; WOW64; rv:53.0) Gecko/20100101 Firefox/53.0" "www.templeos.org"
111.12.93.181 - - [04/Jun/2017:23:17:49 -0700] "GET /files/History/121127/sparrowos/apps/?D=A HTTP/1.1" 404 89 "-" "Mozilla/5.0 (compatible; DotBot/1.1; http://www.opensiteexplorer.org/dotbot, help@moz.com)" "www.templeos.org"
111.12.93.181 - - [04/Jun/2017:23:17:49 -0700] "GET /files/History/060720/lt/accounts/install/?N=A HTTP/1.1" 404 89 "-" "Mozilla/5.0 (compatible; DotBot/1.1; http://www.opensiteexplorer.org/dotbot, help@moz.com)" "www.templeos.org"
111.12.93.181 - - [04/Jun/2017:23:17:50 -0700] "GET /files/History/040207/HOPPY/VC/?S=D HTTP/1.1" 404 89 "-" "Mozilla/5.0 (compatible; DotBot/1.1; http://www.opensiteexplorer.org/dotbot, help@moz.com)" "www.templeos.org"
19.191.175.131 - - [04/Jun/2017:23:17:50 -0700] "GET /Family3_86-99/PART3/561-20.jpg HTTP/1.1" 404 89 "-" "Mozilla/5.0 (compatible; AhrefsBot/5.2; +http://ahrefs.com/robot/)" "www.templeos.org"
111.12.93.181 - - [04/Jun/2017:23:17:51 -0700] "GET /files/History/040207/HOPPY/BC45/?D=D HTTP/1.1" 404 89 "-" "Mozilla/5.0 (compatible; DotBot/1.1; http://www.opensiteexplorer.org/dotbot, help@moz.com)" "www.templeos.org"
111.12.93.181 - - [04/Jun/2017:23:17:51 -0700] "GET /files/History/070816/lt/adam/wordstat/?S=A HTTP/1.1" 404 89 "-" "Mozilla/5.0 (compatible; DotBot/1.1; http://www.opensiteexplorer.org/dotbot, help@moz.com)" "www.templeos.org"
111.12.93.181 - - [04/Jun/2017:23:17:51 -0700] "GET /Wb/Home/Sup1/Sup1Videos/ HTTP/1.1" 404 89 "-" "Mozilla/5.0 (compatible; DotBot/1.1; http://www.opensiteexplorer.org/dotbot, help@moz.com)" "www.templeos.org"
111.12.93.181 - - [04/Jun/2017:23:17:52 -0700] "GET /Wb/Home/Sup1/Sup1Graphics/?D=A HTTP/1.1" 404 89 "-" "Mozilla/5.0 (compatible; DotBot/1.1; http://www.opensiteexplorer.org/dotbot, help@moz.com)" "www.templeos.org"
111.12.93.181 - - [04/Jun/2017:23:17:53 -0700] "GET /files/History/121127/sparrowos/demo/lectures/?S=A HTTP/1.1" 404 89 "-" "Mozilla/5.0 (compatible; DotBot/1.1; http://www.opensiteexplorer.org/dotbot, help@moz.com)" "www.templeos.org"
111.12.93.181 - - [04/Jun/2017:23:17:53 -0700] "GET /Wb/Home/Sup1/Sup1Distro/?N=D HTTP/1.1" 404 89 "-" "Mozilla/5.0 (compatible; DotBot/1.1; http://www.opensiteexplorer.org/dotbot, help@moz.com)" "www.templeos.org"
111.12.93.181 - - [04/Jun/2017:23:17:54 -0700] "GET /Family3_86-99/part4/?D=A HTTP/1.1" 404 89 "-" "Mozilla/5.0 (compatible; DotBot/1.1; http://www.opensiteexplorer.org/dotbot, help@moz.com)" "www.templeos.org"
111.12.93.181 - - [04/Jun/2017:23:17:54 -0700] "GET /files/History/060718/lt/apps/?S=A HTTP/1.1" 404 89 "-" "Mozilla/5.0 (compatible; DotBot/1.1; http://www.opensiteexplorer.org/dotbot, help@moz.com)" "www.templeos.org"
111.12.93.181 - - [04/Jun/2017:23:17:54 -0700] "GET /files/History/060720/lt/?D=A HTTP/1.1" 404 89 "-" "Mozilla/5.0 (compatible; DotBot/1.1; http://www.opensiteexplorer.org/dotbot, help@moz.com)" "www.templeos.org"
111.12.93.181 - - [04/Jun/2017:23:17:55 -0700] "GET /files/History/060719/lt/adam/?M=A HTTP/1.1" 404 89 "-" "Mozilla/5.0 (compatible; DotBot/1.1; http://www.opensiteexplorer.org/dotbot, help@moz.com)" "www.templeos.org"
111.12.93.181 - - [04/Jun/2017:23:17:55 -0700] "GET /Wb/Demo/MultiCore/ HTTP/1.1" 404 89 "-" "Mozilla/5.0 (compatible; DotBot/1.1; http://www.opensiteexplorer.org/dotbot, help@moz.com)" "www.templeos.org"
111.12.93.181 - - [04/Jun/2017:23:17:55 -0700] "GET /Wb/Apps/?M=A HTTP/1.1" 404 89 "-" "Mozilla/5.0 (compatible; DotBot/1.1; http://www.opensiteexplorer.org/dotbot, help@moz.com)" "www.templeos.org"
111.12.93.181 - - [04/Jun/2017:23:17:56 -0700] "GET /Wb/Home/Sup1/Sup1HDAudio/Examples/?M=D HTTP/1.1" 404 89 "-" "Mozilla/5.0 (compatible; DotBot/1.1; http://www.opensiteexplorer.org/dotbot, help@moz.com)" "www.templeos.org"
116.96.21.105 - - [04/Jun/2017:23:17:57 -0700] "GET /videos/010TouchingBasis.MP4 HTTP/1.1" 206 314744399 "http://www.templeos.org/videos/010TouchingBasis.MP4" "Mozilla/5.0 (X11; Ubuntu; Linux i686; rv:48.0) Gecko/20100101 Firefox/48.0" "www.templeos.org"[153]
111.12.93.181 - - [04/Jun/2017:23:18:09 -0700] "GET /Wb/Demo/Graphics/?N=D HTTP/1.1" 404 89 "-" "Mozilla/5.0 (compatible; DotBot/1.1; http://www.opensiteexplorer.org/dotbot, help@moz.com)" "www.templeos.org"
111.12.93.181 - - [04/Jun/2017:23:18:09 -0700] "GET /files/History/060720/lt/demo/autofile/ HTTP/1.1" 404 89 "-" "Mozilla/5.0 (compatible; DotBot/1.1; http://www.opensiteexplorer.org/dotbot, help@moz.com)" "www.templeos.org"
111.12.93.181 - - [04/Jun/2017:23:18:12 -0700] "GET /Wb/Demo/Graphics/3DPoly.html HTTP/1.1" 404 89 "-" "Mozilla/5.0 (compatible; DotBot/1.1; http://www.opensiteexplorer.org/dotbot, help@moz.com)" "www.templeos.org"
73.141.96.26 - - [04/Jun/2017:23:18:26 -0700] "GET /videos/001HereIAmLord.MP4 HTTP/1.1" 200 5439488 "http://www.templeos.org/videos/" "Mozilla/5.0 (Windows NT 6.1; Win64; x64; rv:49.0) Gecko/20100101 Firefox/49.0" "www.templeos.org"
111.12.93.181 - - [04/Jun/2017:23:18:34 -0700] "GET /Family1_58-78/part2/?S=D HTTP/1.1" 404 89 "-" "Mozilla/5.0 (compatible; DotBot/1.1; http://www.opensiteexplorer.org/dotbot, help@moz.com)" "www.templeos.org"
208.226.180.248 - - [04/Jun/2017:23:18:56 -0700] "GET /videos/007SolidFoundation.MP4 HTTP/1.1" 206 25559040 "http://www.templeos.org/videos/" "Mozilla/5.0 (Windows NT 6.0; WOW64; rv:52.0) Gecko/20100101 Firefox/52.0" "www.templeos.org"
208.226.180.248 - - [04/Jun/2017:23:19:06 -0700] "GET /videos/007SolidFoundation.MP4 HTTP/1.1" 200 23396352 "http://www.templeos.org/videos/" "Mozilla/5.0 (Windows NT 6.0; WOW64; rv:52.0) Gecko/20100101 Firefox/52.0" "www.templeos.org"
208.226.180.248 - - [04/Jun/2017:23:19:11 -0700] "GET /videos/007SolidFoundation.MP4 HTTP/1.1" 206 24313856 "http://www.templeos.org/videos/" "Mozilla/5.0 (Windows NT 6.0; WOW64; rv:52.0) Gecko/20100101 Firefox/52.0" "www.templeos.org"[172]
208.226.180.248 - - [04/Jun/2017:23:19:15 -0700] "GET /videos/007SolidFoundation.MP4 HTTP/1.1" 206 1088643 "http://www.templeos.org/videos/" "Mozilla/5.0 (Windows NT 6.0; WOW64; rv:52.0) Gecko/20100101 Firefox/52.0" "www.templeos.org"
208.226.180.248 - - [04/Jun/2017:23:19:15 -0700] "GET /videos/007SolidFoundation.MP4 HTTP/1.1" 206 24707072 "http://www.templeos.org/videos/" "Mozilla/5.0 (Windows NT 6.0; WOW64; rv:52.0) Gecko/20100101 Firefox/52.0" "www.templeos.org"
208.226.180.248 - - [04/Jun/2017:23:19:18 -0700] "GET /videos/007SolidFoundation.MP4 HTTP/1.1" 206 2752512 "http://www.templeos.org/videos/" "Mozilla/5.0 (Windows NT 6.0; WOW64; rv:52.0) Gecko/20100101 Firefox/52.0" "www.templeos.org"
208.226.180.248 - - [04/Jun/2017:23:19:19 -0700] "GET /videos/007SolidFoundation.MP4 HTTP/1.1" 206 1310720 "http://www.templeos.org/videos/" "Mozilla/5.0 (Windows NT 6.0; WOW64; rv:52.0) Gecko/20100101 Firefox/52.0" "www.templeos.org"
234.179.223.149 - - [04/Jun/2017:23:19:38 -0700] "GET /Family2_78-86/part1/250-15.JPG HTTP/1.1" 404 89 "-" "Mozilla/5.0 (compatible; AhrefsBot/5.2; +http://ahrefs.com/robot/)" "templeos.org"
56.202.165.204 - - [04/Jun/2017:23:19:50 -0700] "GET /Wb/Home/Sup1/Sup1Blog/Elephant.html HTTP/1.1" 404 89 "-" "Mozilla/5.0 (compatible; YandexBot/3.0; +http://yandex.com/bots)" "www.templeos.org"
91.226.81.183 - - [04/Jun/2017:23:19:57 -0700] "GET / HTTP/1.1" 200 2171 "https://www.youtube.com/" "Mozilla/5.0 (Windows NT 10.0; Win64; x64) AppleWebKit/537.36 (KHTML, like Gecko) Chrome/58.0.3029.110 Safari/537.36" "templeos.org"
234.179.223.213 - - [04/Jun/2017:23:19:57 -0700] "GET /Family4_99/part4/Alc48-07.jpg HTTP/1.1" 404 89 "-" "Mozilla/5.0 (compatible; AhrefsBot/5.2; +http://ahrefs.com/robot/)" "www.templeos.org"
91.226.81.183 - - [04/Jun/2017:23:20:02 -0700] "GET /videos HTTP/1.1" 301 94 "http://templeos.org/" "Mozilla/5.0 (Windows NT 10.0; Win64; x64) AppleWebKit/537.36 (KHTML, like Gecko) Chrome/58.0.3029.110 Safari/537.36" "www.templeos.org"
91.226.81.183 - - [04/Jun/2017:23:20:02 -0700] "GET /videos/ HTTP/1.1" 200 2600 "http://templeos.org/" "Mozilla/5.0 (Windows NT 10.0; Win64; x64) AppleWebKit/537.36 (KHTML, like Gecko) Chrome/58.0.3029.110 Safari/537.36" "www.templeos.org"
250.108.98.88 - - [04/Jun/2017:23:20:29 -0700] "GET /Wb/Home/Web/TAD/TAD.html HTTP/1.1" 404 89 "-" "Mozilla/5.0 (compatible; bingbot/2.0; +http://www.bing.com/bingbot.htm)" "www.templeos.org"
136.149.148.33 - - [04/Jun/2017:23:20:38 -0700] "GET /files/ HTTP/1.1" 200 819 "http://templeos.org/" "Mozilla/5.0 (Windows NT 10.0; Win64; x64) AppleWebKit/537.36 (KHTML, like Gecko) Chrome/58.0.3029.110 Safari/537.36" "www.templeos.org"
136.149.148.33 - - [04/Jun/2017:23:20:47 -0700] "GET / HTTP/1.1" 200 2171 "http://www.templeos.org/files/" "Mozilla/5.0 (Windows NT 10.0; Win64; x64) AppleWebKit/537.36 (KHTML, like Gecko) Chrome/58.0.3029.110 Safari/537.36" "www.templeos.org"
136.149.148.33 - - [04/Jun/2017:23:20:49 -0700] "GET /files/ HTTP/1.1" 200 819 "http://www.templeos.org/" "Mozilla/5.0 (Windows NT 10.0; Win64; x64) AppleWebKit/537.36 (KHTML, like Gecko) Chrome/58.0.3029.110 Safari/537.36" "www.templeos.org"
136.149.148.33 - - [04/Jun/2017:23:20:55 -0700] "GET /files/TOS_Distro.ISO HTTP/1.1" 200 13500416 "http://www.templeos.org/files/" "Mozilla/5.0 (Windows NT 10.0; Win64; x64) AppleWebKit/537.36 (KHTML, like Gecko) Chrome/58.0.3029.110 Safari/537.36" "www.templeos.org"
240.19.33.237 - - [04/Jun/2017:23:21:18 -0700] "GET /Wb/Home/Sup1/Sup1Blog/NumWords10k.html HTTP/1.1" 404 89 "-" "Mozilla/5.0 (Windows; U; Windows NT 5.1; ru; rv:1.8.1.11) Gecko/20071127 Firefox/2.0.0.11" "www.templeos.org"
166.38.38.2 - - [04/Jun/2017:23:21:32 -0700] "GET /wp-login.php HTTP/1.1" 200 73 "-" "Mozilla/5.0 (Windows NT 6.1; WOW64; rv:40.0) Gecko/20100101 Firefox/40.1" "www.templeos.org"
166.38.38.2 - - [04/Jun/2017:23:21:32 -0700] "GET / HTTP/1.1" 200 2171 "-" "Mozilla/5.0 (Windows NT 6.1; WOW64; rv:40.0) Gecko/20100101 Firefox/40.1" "www.templeos.org"
137.252.7.167 - - [04/Jun/2017:23:21:42 -0700] "GET / HTTP/1.1" 200 2171 "https://www.google.com/" "Mozilla/5.0 (Linux; Android 6.0.1; SM-G930V Build/MMB29M) AppleWebKit/537.36 (KHTML, like Gecko) Chrome/58.0.3029.83 Mobile Safari/537.36" "www.templeos.org"
137.252.7.167 - - [04/Jun/2017:23:22:03 -0700] "GET /files HTTP/1.1" 301 93 "http://www.templeos.org/" "Mozilla/5.0 (Linux; Android 6.0.1; SM-G930V Build/MMB29M) AppleWebKit/537.36 (KHTML, like Gecko) Chrome/58.0.3029.83 Mobile Safari/537.36" "www.templeos.org"
137.252.7.167 - - [04/Jun/2017:23:22:03 -0700] "GET /files/ HTTP/1.1" 200 819 "http://www.templeos.org/" "Mozilla/5.0 (Linux; Android 6.0.1; SM-G930V Build/MMB29M) AppleWebKit/537.36 (KHTML, like Gecko) Chrome/58.0.3029.83 Mobile Safari/537.36" "www.templeos.org"
137.252.7.167 - - [04/Jun/2017:23:22:12 -0700] "GET /Wb/Doc/Demands.html HTTP/1.1" 404 89 "https://www.google.com/" "Mozilla/5.0 (Linux; Android 6.0.1; SM-G930V Build/MMB29M) AppleWebKit/537.36 (KHTML, like Gecko) Chrome/58.0.3029.83 Mobile Safari/537.36" "www.templeos.org"
244.208.95.81 - - [04/Jun/2017:23:22:33 -0700] "GET /videos/007SolidFoundation.MP4 HTTP/1.1" 200 524288 "http://www.templeos.org/videos/" "Mozilla/5.0 (Windows NT 6.3; Win64; x64; rv:53.0) Gecko/20100101 Firefox/53.0" "www.templeos.org"
244.208.95.81 - - [04/Jun/2017:23:22:33 -0700] "GET /videos/007SolidFoundation.MP4 HTTP/1.1" 206 655360 "http://www.templeos.org/videos/007SolidFoundation.MP4" "Mozilla/5.0 (Windows NT 6.3; Win64; x64; rv:53.0) Gecko/20100101 Firefox/53.0" "www.templeos.org"
244.208.95.81 - - [04/Jun/2017:23:22:33 -0700] "GET /videos/007SolidFoundation.MP4 HTTP/1.1" 206 655360 "http://www.templeos.org/videos/007SolidFoundation.MP4" "Mozilla/5.0 (Windows NT 6.3; Win64; x64; rv:53.0) Gecko/20100101 Firefox/53.0" "www.templeos.org"
244.208.95.81 - - [04/Jun/2017:23:22:34 -0700] "GET /videos/007SolidFoundation.MP4 HTTP/1.1" 206 720896 "http://www.templeos.org/videos/007SolidFoundation.MP4" "Mozilla/5.0 (Windows NT 6.3; Win64; x64; rv:53.0) Gecko/20100101 Firefox/53.0" "www.templeos.org"
244.208.95.81 - - [04/Jun/2017:23:22:34 -0700] "GET /videos/007SolidFoundation.MP4 HTTP/1.1" 206 524288 "http://www.templeos.org/videos/007SolidFoundation.MP4" "Mozilla/5.0 (Windows NT 6.3; Win64; x64; rv:53.0) Gecko/20100101 Firefox/53.0" "www.templeos.org"
253.143.238.18 - - [04/Jun/2017:23:22:34 -0700] "GET /Wb/Doc/AboutTempleOS.html HTTP/1.1" 404 89 "http://www.codersnotes.com/notes/a-constructive-look-at-templeos/" "Mozilla/5.0 (Macintosh; Intel Mac OS X 10_12_6) AppleWebKit/603.3.3 (KHTML, like Gecko) Version/10.1.2 Safari/603.3.3" "www.templeos.org"
244.208.95.81 - - [04/Jun/2017:23:22:35 -0700] "GET /videos/007SolidFoundation.MP4 HTTP/1.1" 206 1639006 "http://www.templeos.org/videos/007SolidFoundation.MP4" "Mozilla/5.0 (Windows NT 6.3; Win64; x64; rv:53.0) Gecko/20100101 Firefox/53.0" "www.templeos.org"
56.202.165.108 - - [04/Jun/2017:23:22:56 -0700] "GET /Wb/Adam/WallPaper.html HTTP/1.1" 404 89 "-" "Mozilla/5.0 (compatible; YandexBot/3.0; +http://yandex.com/bots)" "www.templeos.org"
244.208.95.81 - - [04/Jun/2017:23:23:13 -0700] "GET /videos/007SolidFoundation.MP4 HTTP/1.1" 206 98730590 "http://www.templeos.org/videos/007SolidFoundation.MP4" "Mozilla/5.0 (Windows NT 6.3; Win64; x64; rv:53.0) Gecko/20100101 Firefox/53.0" "www.templeos.org"
96.220.70.182 - - [04/Jun/2017:23:23:46 -0700] "GET /Family1_58-78/part1/019-18.jpg HTTP/1.1" 404 89 "-" "Mozilla/5.0 (compatible; AhrefsBot/5.2; +http://ahrefs.com/robot/)" "www.templeos.org"
162.140.120.52 - - [04/Jun/2017:23:24:06 -0700] "GET /videos/SoldierTrim.MP4, HTTP/1.1" 404 89 "-" "Mozilla/5.0 (Linux; Android 7.0; VS995 Build/NRD90M) AppleWebKit/537.36 (KHTML, like Gecko) Chrome/58.0.3029.83 Mobile Safari/537.36" "www.templeos.org"
162.140.120.52 - - [04/Jun/2017:23:24:15 -0700] "GET /videos/SoldierTrim.MP4, HTTP/1.1" 404 89 "-" "Mozilla/5.0 (Linux; Android 7.0; VS995 Build/NRD90M) AppleWebKit/537.36 (KHTML, like Gecko) Chrome/58.0.3029.83 Mobile Safari/537.36" "www.templeos.org"
162.140.120.52 - - [04/Jun/2017:23:24:18 -0700] "GET /videos/SoldierTrim.MP4 HTTP/1.1" 404 89 "-" "Mozilla/5.0 (Linux; Android 7.0; VS995 Build/NRD90M) AppleWebKit/537.36 (KHTML, like Gecko) Chrome/58.0.3029.83 Mobile Safari/537.36" "www.templeos.org"
162.140.120.52 - - [04/Jun/2017:23:24:24 -0700] "GET /videos HTTP/1.1" 301 94 "-" "Mozilla/5.0 (Linux; Android 7.0; VS995 Build/NRD90M) AppleWebKit/537.36 (KHTML, like Gecko) Chrome/58.0.3029.83 Mobile Safari/537.36" "www.templeos.org"
162.140.120.52 - - [04/Jun/2017:23:24:24 -0700] "GET /videos/ HTTP/1.1" 200 2600 "-" "Mozilla/5.0 (Linux; Android 7.0; VS995 Build/NRD90M) AppleWebKit/537.36 (KHTML, like Gecko) Chrome/58.0.3029.83 Mobile Safari/537.36" "www.templeos.org"
19.191.175.12 - - [04/Jun/2017:23:24:27 -0700] "GET /Family2_78-86/part4/455-14.jpg HTTP/1.1" 404 89 "-" "Mozilla/5.0 (compatible; AhrefsBot/5.2; +http://ahrefs.com/robot/)" "templeos.org"
234.179.223.119 - - [04/Jun/2017:23:24:31 -0700] "GET /files/History/060719/lt/adam/?S=D HTTP/1.1" 404 89 "-" "Mozilla/5.0 (compatible; AhrefsBot/5.2; +http://ahrefs.com/robot/)" "www.templeos.org"
162.140.120.52 - - [04/Jun/2017:23:24:49 -0700] "GET / HTTP/1.1" 200 2171 "-" "Mozilla/5.0 (Linux; Android 7.0; VS995 Build/NRD90M) AppleWebKit/537.36 (KHTML, like Gecko) Chrome/58.0.3029.83 Mobile Safari/537.36" "www.templeos.org"
208.226.180.248 - - [04/Jun/2017:23:24:58 -0700] "GET / HTTP/1.1" 200 2171 "-" "Mozilla/5.0 (Windows NT 6.0; WOW64; rv:52.0) Gecko/20100101 Firefox/52.0" "www.templeos.org"
162.140.120.52 - - [04/Jun/2017:23:25:07 -0700] "GET /files HTTP/1.1" 301 93 "http://www.templeos.org/" "Mozilla/5.0 (Linux; Android 7.0; VS995 Build/NRD90M) AppleWebKit/537.36 (KHTML, like Gecko) Chrome/58.0.3029.83 Mobile Safari/537.36" "www.templeos.org"
162.140.120.52 - - [04/Jun/2017:23:25:07 -0700] "GET /files/ HTTP/1.1" 200 819 "http://www.templeos.org/" "Mozilla/5.0 (Linux; Android 7.0; VS995 Build/NRD90M) AppleWebKit/537.36 (KHTML, like Gecko) Chrome/58.0.3029.83 Mobile Safari/537.36" "www.templeos.org"
234.179.223.187 - - [04/Jun/2017:23:25:20 -0700] "GET /Family4_99/part4/Alc31-19.jpg HTTP/1.1" 404 89 "-" "Mozilla/5.0 (compatible; AhrefsBot/5.2; +http://ahrefs.com/robot/)" "www.templeos.org"
96.220.209.81 - - [04/Jun/2017:23:25:24 -0700] "GET /Family3_86-99/PART6/ALB69-24.JPG HTTP/1.1" 404 89 "-" "Mozilla/5.0 (compatible; AhrefsBot/5.2; +http://ahrefs.com/robot/)" "www.templeos.org"
13.174.7.176 - - [04/Jun/2017:23:25:40 -0700] "GET /wp-login.php HTTP/1.1" 200 73 "-" "Mozilla/5.0 (Windows NT 6.1; WOW64; rv:40.0) Gecko/20100101 Firefox/40.1" "www.templeos.org"
13.174.7.176 - - [04/Jun/2017:23:25:40 -0700] "GET / HTTP/1.1" 200 2171 "-" "Mozilla/5.0 (Windows NT 6.1; WOW64; rv:40.0) Gecko/20100101 Firefox/40.1" "www.templeos.org"
162.140.120.52 - - [04/Jun/2017:23:25:49 -0700] "GET /videos/014HalfMan.MP4 HTTP/1.1" 200 176550866 "http://www.templeos.org/videos/" "Mozilla/5.0 (Linux; Android 7.0; VS995 Build/NRD90M) AppleWebKit/537.36 (KHTML, like Gecko) Chrome/58.0.3029.83 Mobile Safari/537.36" "www.templeos.org"
56.202.165.204 - - [04/Jun/2017:23:26:12 -0700] "GET /Wb/Adam/DolDoc/DocCodeTools.html HTTP/1.1" 404 89 "-" "Mozilla/5.0 (compatible; YandexBot/3.0; +http://yandex.com/bots)" "www.templeos.org"
250.37.222.251 - - [04/Jun/2017:23:26:22 -0700] "GET /files/ HTTP/1.1" 200 819 "-" "Wget/1.17.1 (linux-gnu)" "www.templeos.org"
250.37.222.251 - - [04/Jun/2017:23:26:22 -0700] "GET /robots.txt HTTP/1.1" 404 89 "-" "Wget/1.17.1 (linux-gnu)" "www.templeos.org"
250.37.222.251 - - [04/Jun/2017:23:26:22 -0700] "GET /files/?N=D HTTP/1.1" 200 819 "http://www.templeos.org/files/" "Wget/1.17.1 (linux-gnu)" "www.templeos.org"
250.37.222.251 - - [04/Jun/2017:23:26:22 -0700] "GET /files/TOS_Distro.ISO HTTP/1.1" 200 65536 "http://www.templeos.org/files/" "Wget/1.17.1 (linux-gnu)" "www.templeos.org"
250.37.222.251 - - [04/Jun/2017:23:26:22 -0700] "GET /files/TOS_Supplemental1.ISO.C HTTP/1.1" 200 65536 "http://www.templeos.org/files/" "Wget/1.17.1 (linux-gnu)" "www.templeos.org"
250.37.222.251 - - [04/Jun/2017:23:26:22 -0700] "GET /files/?N=A HTTP/1.1" 200 819 "http://www.templeos.org/files/?N=D" "Wget/1.17.1 (linux-gnu)" "www.templeos.org"
250.37.222.251 - - [04/Jun/2017:23:26:22 -0700] "GET /files/?M=D HTTP/1.1" 200 819 "http://www.templeos.org/files/?M=A" "Wget/1.17.1 (linux-gnu)" "www.templeos.org"
250.37.222.251 - - [04/Jun/2017:23:26:22 -0700] "GET /files/?S=D HTTP/1.1" 200 819 "http://www.templeos.org/files/?S=A" "Wget/1.17.1 (linux-gnu)" "www.templeos.org"
250.37.222.251 - - [04/Jun/2017:23:26:23 -0700] "GET /videos/?N=D HTTP/1.1" 200 2600 "http://www.templeos.org/videos/" "Wget/1.17.1 (linux-gnu)" "www.templeos.org"
250.37.222.251 - - [04/Jun/2017:23:26:23 -0700] "GET /videos/?M=A HTTP/1.1" 200 2600 "http://www.templeos.org/videos/" "Wget/1.17.1 (linux-gnu)" "www.templeos.org"
250.37.222.251 - - [04/Jun/2017:23:26:23 -0700] "GET /videos/?S=A HTTP/1.1" 200 2600 "http://www.templeos.org/videos/" "Wget/1.17.1 (linux-gnu)" "www.templeos.org"
250.37.222.251 - - [04/Jun/2017:23:26:23 -0700] "GET /videos/?D=A HTTP/1.1" 200 2600 "http://www.templeos.org/videos/" "Wget/1.17.1 (linux-gnu)" "www.templeos.org"
250.37.222.251 - - [04/Jun/2017:23:26:23 -0700] "GET /videos/001HereIAmLord.MP4 HTTP/1.1" 200 196608 "http://www.templeos.org/videos/" "Wget/1.17.1 (linux-gnu)" "www.templeos.org"
250.37.222.251 - - [04/Jun/2017:23:26:23 -0700] "GET /videos/002SinkCleaning.MP4 HTTP/1.1" 200 196608 "http://www.templeos.org/videos/" "Wget/1.17.1 (linux-gnu)" "www.templeos.org"
250.37.222.251 - - [04/Jun/2017:23:26:23 -0700] "GET /videos/004EvictSpaghetti.MP4 HTTP/1.1" 200 196608 "http://www.templeos.org/videos/" "Wget/1.17.1 (linux-gnu)" "www.templeos.org"
250.37.222.251 - - [04/Jun/2017:23:26:23 -0700] "GET /videos/005BugleBoy.MP4 HTTP/1.1" 200 65536 "http://www.templeos.org/videos/" "Wget/1.17.1 (linux-gnu)" "www.templeos.org"
250.37.222.251 - - [04/Jun/2017:23:26:23 -0700] "GET /videos/006SpaghettiJew.MP4 HTTP/1.1" 200 196608 "http://www.templeos.org/videos/" "Wget/1.17.1 (linux-gnu)" "www.templeos.org"
250.37.222.251 - - [04/Jun/2017:23:26:23 -0700] "GET /videos/007SolidFoundation.MP4 HTTP/1.1" 200 196608 "http://www.templeos.org/videos/" "Wget/1.17.1 (linux-gnu)" "www.templeos.org"
250.37.222.251 - - [04/Jun/2017:23:26:23 -0700] "GET /videos/008GraciousSpoilage.MP4 HTTP/1.1" 200 196608 "http://www.templeos.org/videos/" "Wget/1.17.1 (linux-gnu)" "www.templeos.org"
250.37.222.251 - - [04/Jun/2017:23:26:23 -0700] "GET /videos/009SurprisedButterfly.MP4 HTTP/1.1" 200 196608 "http://www.templeos.org/videos/" "Wget/1.17.1 (linux-gnu)" "www.templeos.org"
250.37.222.251 - - [04/Jun/2017:23:26:23 -0700] "GET /videos/010TouchingBasis.MP4 HTTP/1.1" 200 196608 "http://www.templeos.org/videos/" "Wget/1.17.1 (linux-gnu)" "www.templeos.org"
250.37.222.251 - - [04/Jun/2017:23:26:23 -0700] "GET /videos/011GravelTriangle.MP4 HTTP/1.1" 200 131072 "http://www.templeos.org/videos/" "Wget/1.17.1 (linux-gnu)" "www.templeos.org"
250.37.222.251 - - [04/Jun/2017:23:26:23 -0700] "GET /videos/012Cinderella.MP4 HTTP/1.1" 200 196608 "http://www.templeos.org/videos/" "Wget/1.17.1 (linux-gnu)" "www.templeos.org"
250.37.222.251 - - [04/Jun/2017:23:26:23 -0700] "GET /videos/013RomanMeal.MP4 HTTP/1.1" 200 196608 "http://www.templeos.org/videos/" "Wget/1.17.1 (linux-gnu)" "www.templeos.org"
250.37.222.251 - - [04/Jun/2017:23:26:24 -0700] "GET /videos/014HalfMan.MP4 HTTP/1.1" 200 196608 "http://www.templeos.org/videos/" "Wget/1.17.1 (linux-gnu)" "www.templeos.org"[1]
250.37.222.251 - - [04/Jun/2017:23:26:24 -0700] "GET /videos/?M=D HTTP/1.1" 200 2600 "http://www.templeos.org/videos/?M=A" "Wget/1.17.1 (linux-gnu)" "www.templeos.org"
250.37.222.251 - - [04/Jun/2017:23:26:24 -0700] "GET /videos/?S=D HTTP/1.1" 200 2600 "http://www.templeos.org/videos/?S=A" "Wget/1.17.1 (linux-gnu)" "www.templeos.org"
250.37.222.251 - - [04/Jun/2017:23:26:24 -0700] "GET /videos/?D=D HTTP/1.1" 200 2600 "http://www.templeos.org/videos/?D=A" "Wget/1.17.1 (linux-gnu)" "www.templeos.org"
250.37.222.251 - - [04/Jun/2017:23:26:25 -0700] "GET /main.JPG.html HTTP/1.1" 404 89 "http://www.templeos.org/" "Wget/1.17.1 (linux-gnu)" "www.templeos.org"
250.37.222.251 - - [04/Jun/2017:23:26:25 -0700] "GET /files.1.html HTTP/1.1" 404 89 "http://www.templeos.org/" "Wget/1.17.1 (linux-gnu)" "www.templeos.org"
250.37.222.251 - - [04/Jun/2017:23:26:25 -0700] "GET /videos.1.html HTTP/1.1" 404 89 "http://www.templeos.org/" "Wget/1.17.1 (linux-gnu)" "www.templeos.org"[0]
96.220.209.100 - - [04/Jun/2017:23:26:30 -0700] "GET /Wb/Home/Web/TAD/Blog/2016March/TAD160318.html HTTP/1.1" 404 89 "-" "Mozilla/5.0 (compatible; AhrefsBot/5.2; +http://ahrefs.com/robot/)" "www.templeos.org"
19.191.175.56 - - [04/Jun/2017:23:26:49 -0700] "GET /Family3_86-99/PART6/ALB70-11.JPG HTTP/1.1" 404 89 "-" "Mozilla/5.0 (compatible; AhrefsBot/5.2; +http://ahrefs.com/robot/)" "templeos.org"
234.179.223.232 - - [04/Jun/2017:23:26:59 -0700] "GET /Family4_99/part4/Alc32-07.jpg HTTP/1.1" 404 89 "-" "Mozilla/5.0 (compatible; AhrefsBot/5.2; +http://ahrefs.com/robot/)" "www.templeos.org"
208.226.180.248 - - [04/Jun/2017:23:27:07 -0700] "GET /videos/ HTTP/1.1" 200 2600 "http://www.templeos.org/" "Mozilla/5.0 (Windows NT 6.0; WOW64; rv:52.0) Gecko/20100101 Firefox/52.0" "www.templeos.org"
96.220.209.112 - - [04/Jun/2017:23:27:25 -0700] "GET /Wb/Home/Web/TAD/BlogDir/2017May/TAD170526.DD.Z HTTP/1.1" 404 89 "-" "Mozilla/5.0 (compatible; AhrefsBot/5.2; +http://ahrefs.com/robot/)" "www.templeos.org"
234.179.223.81 - - [04/Jun/2017:23:27:26 -0700] "GET /Family4_99/part4/Alc41-02.jpg HTTP/1.1" 404 89 "-" "Mozilla/5.0 (compatible; AhrefsBot/5.2; +http://ahrefs.com/robot/)" "www.templeos.org"
19.191.175.131 - - [04/Jun/2017:23:28:14 -0700] "GET /Wb/Home/Sup1/Sup1Hymns/gutenberg.html HTTP/1.1" 404 89 "-" "Mozilla/5.0 (compatible; AhrefsBot/5.2; +http://ahrefs.com/robot/)" "www.templeos.org"
234.159.124.248 - - [04/Jun/2017:23:28:21 -0700] "GET /videos/ HTTP/1.1" 200 2600 "http://templeos.org/" "Mozilla/5.0 (Android 5.1.1; Mobile; rv:50.0) Gecko/50.0 Firefox/50.0" "www.templeos.org"
57.220.136.59 - - [04/Jun/2017:23:28:34 -0700] "GET /Wb/Home/Sup1/Sup1CodeScraps/FileSysISO3.html HTTP/1.1" 404 89 "-" "Mozilla/5.0 (compatible; YandexBot/3.0; +http://yandex.com/bots)" "www.templeos.org"
234.159.124.248 - - [04/Jun/2017:23:28:38 -0700] "GET /videos/006SpaghettiJew.MP4 HTTP/1.1" 206 342406 "http://www.templeos.org/videos/006SpaghettiJew.MP4" "Mozilla/5.0 (Android 5.1.1; Mobile; rv:50.0) Gecko/50.0 Firefox/50.0" "www.templeos.org"
96.220.70.157 - - [04/Jun/2017:23:28:39 -0700] "GET /Family1_58-78/part4/170-07.jpg HTTP/1.1" 404 89 "-" "Mozilla/5.0 (compatible; AhrefsBot/5.2; +http://ahrefs.com/robot/)" "templeos.org"
228.139.132.231 - - [04/Jun/2017:23:28:47 -0700] "GET /videos/?N=A HTTP/1.1" 200 2600 "http://templeos.org/videos/?M=A" "Mozilla/5.0 (X11; Ubuntu; Linux x86_64; rv:53.0) Gecko/20100101 Firefox/53.0" "templeos.org"
67.28.229.226 - - [04/Jun/2017:23:28:52 -0700] "GET //phpMyAdmin HTTP/1.1" 404 89 "http://www.templeos.org//phpMyAdmin" "Mozilla/4.0 (compatible; MSIE 9.0; Windows NT 6.1)" "www.templeos.org"
19.191.175.174 - - [04/Jun/2017:23:28:55 -0700] "GET /Wb/Demo/Dsk/SerializeTree.html HTTP/1.1" 404 89 "-" "Mozilla/5.0 (compatible; AhrefsBot/5.2; +http://ahrefs.com/robot/)" "www.templeos.org"
116.96.21.105 - - [04/Jun/2017:23:29:04 -0700] "GET /videos/009SurprisedButterfly.MP4 HTTP/1.1" 200 589824 "http://www.templeos.org/videos/" "Mozilla/5.0 (X11; Ubuntu; Linux i686; rv:48.0) Gecko/20100101 Firefox/48.0" "www.templeos.org"
116.96.21.105 - - [04/Jun/2017:23:29:05 -0700] "GET /videos/009SurprisedButterfly.MP4 HTTP/1.1" 206 655360 "http://www.templeos.org/videos/009SurprisedButterfly.MP4" "Mozilla/5.0 (X11; Ubuntu; Linux i686; rv:48.0) Gecko/20100101 Firefox/48.0" "www.templeos.org"[1]
234.159.124.248 - - [04/Jun/2017:23:29:08 -0700] "GET /videos/006SpaghettiJew.MP4 HTTP/1.1" 200 720896 "http://www.templeos.org/videos/" "Mozilla/5.0 (Android 5.1.1; Mobile; rv:50.0) Gecko/50.0 Firefox/50.0" "www.templeos.org"
208.226.180.248 - - [04/Jun/2017:23:29:19 -0700] "GET /videos/008GraciousSpoilage.MP4 HTTP/1.1" 200 27262976 "http://www.templeos.org/videos/" "Mozilla/5.0 (Windows NT 6.0; WOW64; rv:52.0) Gecko/20100101 Firefox/52.0" "www.templeos.org"
208.226.180.248 - - [04/Jun/2017:23:29:20 -0700] "GET /videos/008GraciousSpoilage.MP4 HTTP/1.1" 206 22609920 "http://www.templeos.org/videos/" "Mozilla/5.0 (Windows NT 6.0; WOW64; rv:52.0) Gecko/20100101 Firefox/52.0" "www.templeos.org"
208.226.180.248 - - [04/Jun/2017:23:29:20 -0700] "GET /videos/008GraciousSpoilage.MP4 HTTP/1.1" 206 28311552 "http://www.templeos.org/videos/" "Mozilla/5.0 (Windows NT 6.0; WOW64; rv:52.0) Gecko/20100101 Firefox/52.0" "www.templeos.org"
208.226.180.248 - - [04/Jun/2017:23:29:20 -0700] "GET /videos/008GraciousSpoilage.MP4 HTTP/1.1" 206 31981568 "http://www.templeos.org/videos/" "Mozilla/5.0 (Windows NT 6.0; WOW64; rv:52.0) Gecko/20100101 Firefox/52.0" "www.templeos.org"
127.167.78.223 - - [04/Jun/2017:23:29:40 -0700] "GET / HTTP/1.1" 200 2171 "https://www.google.com/" "Mozilla/5.0 (Windows NT 6.1; WOW64; rv:53.0) Gecko/20100101 Firefox/53.0" "www.templeos.org"
234.159.124.248 - - [04/Jun/2017:23:29:41 -0700] "GET /videos/006SpaghettiJew.MP4 HTTP/1.1" 206 8010118 "http://www.templeos.org/videos/006SpaghettiJew.MP4" "Mozilla/5.0 (Android 5.1.1; Mobile; rv:50.0) Gecko/50.0 Firefox/50.0" "www.templeos.org"
116.96.21.105 - - [04/Jun/2017:23:29:47 -0700] "GET /videos/009SurprisedButterfly.MP4 HTTP/1.1" 206 87179423 "http://www.templeos.org/videos/009SurprisedButterfly.MP4" "Mozilla/5.0 (X11; Ubuntu; Linux i686; rv:48.0) Gecko/20100101 Firefox/48.0" "www.templeos.org"
96.220.202.148 - - [04/Jun/2017:23:29:54 -0700] "GET /robots.txt HTTP/1.1" 404 89 "-" "Mozilla/5.0 (compatible; MJ12bot/v1.4.7; http://mj12bot.com/)" "www.templeos.org"
96.220.202.148 - - [04/Jun/2017:23:29:55 -0700] "GET /Wb/Adam/God/?D=A HTTP/1.1" 404 89 "-" "Mozilla/5.0 (compatible; MJ12bot/v1.4.7; http://mj12bot.com/)" "www.templeos.org"
96.220.202.148 - - [04/Jun/2017:23:29:57 -0700] "GET /Wb/Adam/God/?M=A HTTP/1.1" 404 89 "-" "Mozilla/5.0 (compatible; MJ12bot/v1.4.7; http://mj12bot.com/)" "www.templeos.org"
96.220.202.148 - - [04/Jun/2017:23:29:59 -0700] "GET /Wb/Adam/God/?S=A HTTP/1.1" 404 89 "-" "Mozilla/5.0 (compatible; MJ12bot/v1.4.7; http://mj12bot.com/)" "www.templeos.org"
96.220.202.148 - - [04/Jun/2017:23:30:01 -0700] "GET /Wb/Apps/Psalmody/?D=D HTTP/1.1" 404 89 "-" "Mozilla/5.0 (compatible; MJ12bot/v1.4.7; http://mj12bot.com/)" "www.templeos.org"
96.220.202.148 - - [04/Jun/2017:23:30:03 -0700] "GET /Wb/Apps/Psalmody/?N=A HTTP/1.1" 404 89 "-" "Mozilla/5.0 (compatible; MJ12bot/v1.4.7; http://mj12bot.com/)" "www.templeos.org"
96.220.202.148 - - [04/Jun/2017:23:30:07 -0700] "GET /Wb/Demo/DolDoc/?D=D HTTP/1.1" 404 89 "-" "Mozilla/5.0 (compatible; MJ12bot/v1.4.7; http://mj12bot.com/)" "www.templeos.org"
96.220.202.148 - - [04/Jun/2017:23:30:09 -0700] "GET /Wb/Demo/DolDoc/?M=D HTTP/1.1" 404 89 "-" "Mozilla/5.0 (compatible; MJ12bot/v1.4.7; http://mj12bot.com/)" "www.templeos.org"
