250.37.222.251 - - [04/Jun/2017:23:56:33 -0700] "GET /videos/008GraciousSpoilage.MP4 HTTP/1.1" 200 196608 "http://www.templeos.org/videos/" "Wget/1.17.1 (linux-gnu)" "www.templeos.org"
250.37.222.251 - - [04/Jun/2017:23:56:33 -0700] "GET /videos/009SurprisedButterfly.MP4 HTTP/1.1" 200 196608 "http://www.templeos.org/videos/" "Wget/1.17.1 (linux-gnu)" "www.templeos.org"
250.37.222.251 - - [04/Jun/2017:23:56:33 -0700] "GET /videos/010TouchingBasis.MP4 HTTP/1.1" 200 65536 "http://www.templeos.org/videos/" "Wget/1.17.1 (linux-gnu)" "www.templeos.org"
250.37.222.251 - - [04/Jun/2017:23:56:33 -0700] "GET /videos/011GravelTriangle.MP4 HTTP/1.1" 200 196608 "http://www.templeos.org/videos/" "Wget/1.17.1 (linux-gnu)" "www.templeos.org"
250.37.222.251 - - [04/Jun/2017:23:56:33 -0700] "GET /videos/012Cinderella.MP4 HTTP/1.1" 200 196608 "http://www.templeos.org/videos/" "Wget/1.17.1 (linux-gnu)" "www.templeos.org"
250.37.222.251 - - [04/Jun/2017:23:56:33 -0700] "GET /videos/013RomanMeal.MP4 HTTP/1.1" 200 196608 "http://www.templeos.org/videos/" "Wget/1.17.1 (linux-gnu)" "www.templeos.org"
250.37.222.251 - - [04/Jun/2017:23:56:33 -0700] "GET /videos/014HalfMan.MP4 HTTP/1.1" 200 196608 "http://www.templeos.org/videos/" "Wget/1.17.1 (linux-gnu)" "www.templeos.org"[0]
250.37.222.251 - - [04/Jun/2017:23:56:33 -0700] "GET /videos/?N=A HTTP/1.1" 200 2600 "http://www.templeos.org/videos/?N=D" "Wget/1.17.1 (linux-gnu)" "www.templeos.org"
250.37.222.251 - - [04/Jun/2017:23:56:34 -0700] "GET /videos/?M=D HTTP/1.1" 200 2600 "http://www.templeos.org/videos/?M=A" "Wget/1.17.1 (linux-gnu)" "www.templeos.org"
250.37.222.251 - - [04/Jun/2017:23:56:34 -0700] "GET /videos/?S=D HTTP/1.1" 200 2600 "http://www.templeos.org/videos/?S=A" "Wget/1.17.1 (linux-gnu)" "www.templeos.org"
250.37.222.251 - - [04/Jun/2017:23:56:34 -0700] "GET /videos/?D=D HTTP/1.1" 200 2600 "http://www.templeos.org/videos/?D=A" "Wget/1.17.1 (linux-gnu)" "www.templeos.org"
250.37.222.251 - - [04/Jun/2017:23:56:34 -0700] "GET / HTTP/1.1" 200 2171 "-" "Wget/1.17.1 (linux-gnu)" "www.templeos.org"
250.37.222.251 - - [04/Jun/2017:23:56:34 -0700] "GET /robots.txt HTTP/1.1" 404 89 "-" "Wget/1.17.1 (linux-gnu)" "www.templeos.org"
250.37.222.251 - - [04/Jun/2017:23:56:35 -0700] "GET /main.JPG.html HTTP/1.1" 404 89 "http://www.templeos.org/" "Wget/1.17.1 (linux-gnu)" "www.templeos.org"
250.37.222.251 - - [04/Jun/2017:23:56:35 -0700] "GET /files.1.html HTTP/1.1" 404 89 "http://www.templeos.org/" "Wget/1.17.1 (linux-gnu)" "www.templeos.org"
22.53.182.236 - - [04/Jun/2017:23:56:39 -0700] "GET / HTTP/1.1" 200 2171 "https://www.google.com.ua/" "Mozilla/5.0 (X11; Linux x86_64) AppleWebKit/537.36 (KHTML, like Gecko) Chrome/58.0.3029.110 Safari/537.36 OPR/45.0.2552.881" "www.templeos.org"
117.228.69.219 - - [04/Jun/2017:23:56:40 -0700] "GET /files HTTP/1.1" 301 93 "http://templeos.org/" "Mozilla/5.0 (Windows NT 10.0; Win64; x64) AppleWebKit/537.36 (KHTML, like Gecko) Chrome/58.0.3029.110 Safari/537.36" "www.templeos.org"
117.228.69.219 - - [04/Jun/2017:23:56:40 -0700] "GET /files/ HTTP/1.1" 200 819 "http://templeos.org/" "Mozilla/5.0 (Windows NT 10.0; Win64; x64) AppleWebKit/537.36 (KHTML, like Gecko) Chrome/58.0.3029.110 Safari/537.36" "www.templeos.org"
246.233.73.56 - - [04/Jun/2017:23:56:45 -0700] "GET / HTTP/1.1" 200 2171 "-" "Mozilla/5.0 (Windows NT 6.3; WOW64; rv:36.0) Gecko/20100101 Firefox/36.0" "templeos.org"
159.163.77.190 - - [04/Jun/2017:23:56:48 -0700] "GET /videos/004EvictSpaghetti.MP4 HTTP/1.1" 206 446548639 "http://www.templeos.org/videos/004EvictSpaghetti.MP4" "Mozilla/5.0 (Windows NT 6.1; WOW64; rv:53.0) Gecko/20100101 Firefox/53.0" "www.templeos.org"[240]
117.228.69.219 - - [04/Jun/2017:23:56:49 -0700] "GET /videos HTTP/1.1" 301 94 "http://templeos.org/" "Mozilla/5.0 (Windows NT 10.0; Win64; x64) AppleWebKit/537.36 (KHTML, like Gecko) Chrome/58.0.3029.110 Safari/537.36" "www.templeos.org"
117.228.69.219 - - [04/Jun/2017:23:56:50 -0700] "GET /videos/ HTTP/1.1" 200 2600 "http://templeos.org/" "Mozilla/5.0 (Windows NT 10.0; Win64; x64) AppleWebKit/537.36 (KHTML, like Gecko) Chrome/58.0.3029.110 Safari/537.36" "www.templeos.org"
246.233.73.56 - - [04/Jun/2017:23:56:53 -0700] "GET /files HTTP/1.1" 301 93 "http://templeos.org/" "Mozilla/5.0 (Windows NT 6.3; WOW64; rv:36.0) Gecko/20100101 Firefox/36.0" "www.templeos.org"
246.233.73.56 - - [04/Jun/2017:23:56:53 -0700] "GET /files/ HTTP/1.1" 200 819 "http://templeos.org/" "Mozilla/5.0 (Windows NT 6.3; WOW64; rv:36.0) Gecko/20100101 Firefox/36.0" "www.templeos.org"
208.226.180.248 - - [04/Jun/2017:23:56:59 -0700] "GET /videos/010TouchingBasis.MP4 HTTP/1.1" 206 79495168 "http://www.templeos.org/videos/" "Mozilla/5.0 (Windows NT 6.0; WOW64; rv:52.0) Gecko/20100101 Firefox/52.0" "www.templeos.org"[598]
208.226.180.248 - - [04/Jun/2017:23:57:00 -0700] "GET /videos/010TouchingBasis.MP4 HTTP/1.1" 200 32571392 "http://www.templeos.org/videos/" "Mozilla/5.0 (Windows NT 6.0; WOW64; rv:52.0) Gecko/20100101 Firefox/52.0" "www.templeos.org"
208.226.180.248 - - [04/Jun/2017:23:57:01 -0700] "GET /videos/010TouchingBasis.MP4 HTTP/1.1" 206 30605312 "http://www.templeos.org/videos/" "Mozilla/5.0 (Windows NT 6.0; WOW64; rv:52.0) Gecko/20100101 Firefox/52.0" "www.templeos.org"
208.226.180.248 - - [04/Jun/2017:23:57:01 -0700] "GET /videos/010TouchingBasis.MP4 HTTP/1.1" 206 57147392 "http://www.templeos.org/videos/" "Mozilla/5.0 (Windows NT 6.0; WOW64; rv:52.0) Gecko/20100101 Firefox/52.0" "www.templeos.org"
124.166.2.224 - - [04/Jun/2017:23:57:10 -0700] "GET /Wb/Doc/HolyC.html HTTP/1.1" 404 89 "https://www.google.ru/" "Mozilla/5.0 (X11; Linux i686) AppleWebKit/537.36 (KHTML, like Gecko) Chrome/58.0.3029.110 Safari/537.36 OPR/45.0.2552.881" "www.templeos.org"
117.228.69.219 - - [04/Jun/2017:23:57:15 -0700] "GET / HTTP/1.1" 200 2171 "http://www.templeos.org/videos/" "Mozilla/5.0 (Windows NT 10.0; Win64; x64) AppleWebKit/537.36 (KHTML, like Gecko) Chrome/58.0.3029.110 Safari/537.36" "www.templeos.org"
22.53.182.236 - - [04/Jun/2017:23:57:18 -0700] "GET /files HTTP/1.1" 301 93 "http://www.templeos.org/" "Mozilla/5.0 (X11; Linux x86_64) AppleWebKit/537.36 (KHTML, like Gecko) Chrome/58.0.3029.110 Safari/537.36 OPR/45.0.2552.881" "www.templeos.org"
117.228.69.219 - - [04/Jun/2017:23:57:18 -0700] "GET /files/ HTTP/1.1" 200 819 "http://www.templeos.org/" "Mozilla/5.0 (Windows NT 10.0; Win64; x64) AppleWebKit/537.36 (KHTML, like Gecko) Chrome/58.0.3029.110 Safari/537.36" "www.templeos.org"
22.53.182.236 - - [04/Jun/2017:23:57:18 -0700] "GET /files/ HTTP/1.1" 200 819 "http://www.templeos.org/" "Mozilla/5.0 (X11; Linux x86_64) AppleWebKit/537.36 (KHTML, like Gecko) Chrome/58.0.3029.110 Safari/537.36 OPR/45.0.2552.881" "www.templeos.org"
56.202.165.23 - - [04/Jun/2017:23:57:25 -0700] "GET /Wb/Home/Books2/Plato.TXT HTTP/1.1" 404 89 "-" "Mozilla/5.0 (compatible; YandexBot/3.0; +http://yandex.com/bots)" "www.templeos.org"
117.228.69.219 - - [04/Jun/2017:23:57:26 -0700] "GET /videos/ HTTP/1.1" 200 2600 "http://www.templeos.org/" "Mozilla/5.0 (Windows NT 10.0; Win64; x64) AppleWebKit/537.36 (KHTML, like Gecko) Chrome/58.0.3029.110 Safari/537.36" "www.templeos.org"
201.82.163.33 - - [04/Jun/2017:23:57:32 -0700] "GET /videos/2017May/170523/ConceiveTorment.MP4 HTTP/1.1" 404 89 "-" "Mozilla/5.0 (Windows NT 10.0; Win64; x64) AppleWebKit/537.36 (KHTML, like Gecko) Chrome/58.0.3029.110 Safari/537.36" "www.templeos.org"
96.220.209.102 - - [04/Jun/2017:23:57:45 -0700] "GET /Family2_78-86/part4/454-06.jpg HTTP/1.1" 404 89 "-" "Mozilla/5.0 (compatible; AhrefsBot/5.2; +http://ahrefs.com/robot/)" "www.templeos.org"
11.237.66.153 - - [04/Jun/2017:23:58:01 -0700] "GET /robots.txt HTTP/1.1" 404 89 "-" "Mozilla/5.0 (compatible; bingbot/2.0; +http://www.bing.com/bingbot.htm)" "www.templeos.org"
96.220.209.210 - - [04/Jun/2017:23:58:09 -0700] "GET /Family3_86-99/part5/ALB39-11.JPG HTTP/1.1" 404 89 "-" "Mozilla/5.0 (compatible; AhrefsBot/5.2; +http://ahrefs.com/robot/)" "templeos.org"
62.49.18.149 - - [04/Jun/2017:23:58:29 -0700] "GET /Wb/Home/Downloads/Text/Walden.TXT HTTP/1.1" 404 89 "-" "Mozilla/5.0 (compatible; bingbot/2.0; +http://www.bing.com/bingbot.htm)" "www.templeos.org"
56.202.165.108 - - [04/Jun/2017:23:58:39 -0700] "GET /Wb/Home/Sup1/Sup1Bin/VirtualBox/ HTTP/1.1" 404 89 "-" "Mozilla/5.0 (compatible; YandexBot/3.0; +http://yandex.com/bots)" "www.templeos.org"
100.67.189.140 - - [04/Jun/2017:23:58:57 -0700] "GET / HTTP/1.1" 200 2171 "-" "Mozilla/5.0 (X11; Ubuntu; Linux x86_64; rv:53.0) Gecko/20100101 Firefox/53.0" "templeos.org"
100.67.189.140 - - [04/Jun/2017:23:59:00 -0700] "GET /videos HTTP/1.1" 301 94 "http://templeos.org/" "Mozilla/5.0 (X11; Ubuntu; Linux x86_64; rv:53.0) Gecko/20100101 Firefox/53.0" "www.templeos.org"
100.67.189.140 - - [04/Jun/2017:23:59:00 -0700] "GET /videos/ HTTP/1.1" 200 2600 "http://templeos.org/" "Mozilla/5.0 (X11; Ubuntu; Linux x86_64; rv:53.0) Gecko/20100101 Firefox/53.0" "www.templeos.org"
100.67.189.140 - - [04/Jun/2017:23:59:14 -0700] "GET /videos/ HTTP/1.1" 200 2600 "http://templeos.org/" "Mozilla/5.0 (X11; Ubuntu; Linux x86_64; rv:53.0) Gecko/20100101 Firefox/53.0" "www.templeos.org"
100.67.189.140 - - [04/Jun/2017:23:59:16 -0700] "GET /videos/ HTTP/1.1" 200 2600 "http://templeos.org/" "Mozilla/5.0 (X11; Ubuntu; Linux x86_64; rv:53.0) Gecko/20100101 Firefox/53.0" "www.templeos.org"
35.87.54.40 - - [04/Jun/2017:23:59:33 -0700] "GET /videos/011GravelTriangle.MP4 HTTP/1.1" 206 12605952 "-" "AndroidDownloadManager/6.0.1 (Linux; U; Android 6.0.1; SM-J700T Build/MMB29K)" "www.templeos.org"
35.87.54.40 - - [04/Jun/2017:23:59:44 -0700] "GET /videos/011GravelTriangle.MP4 HTTP/1.1" 206 5832704 "-" "AndroidDownloadManager/6.0.1 (Linux; U; Android 6.0.1; SM-J700T Build/MMB29K)" "www.templeos.org"
234.179.223.110 - - [04/Jun/2017:23:59:52 -0700] "GET /Family4_99/part4/Alc43-24.jpg HTTP/1.1" 404 89 "-" "Mozilla/5.0 (compatible; AhrefsBot/5.2; +http://ahrefs.com/robot/)" "www.templeos.org"
215.159.195.139 - - [04/Jun/2017:23:59:55 -0700] "GET /Wb/Accts/TS/Wb2/TempleOS.html HTTP/1.1" 404 89 "-" "Iframely/1.0.3 (+http://iframely.com/;)" "www.templeos.org"
144.93.217.3 - - [04/Jun/2017:23:59:57 -0700] "GET /Wb/Home/Sup1/Sup1Blog/Paintings100.html HTTP/1.1" 404 89 "-" "Mozilla/5.0 (compatible; YandexBot/3.0; +http://yandex.com/bots)" "www.templeos.org"
47.105.230.89 - - [05/Jun/2017:00:00:00 -0700] "GET /Wb/Home/Web/TAD/DailyBlog.html HTTP/1.1" 404 89 "-" "Wget/1.19 (freebsd11.0)" "www.templeos.org"
47.87.74.3 - - [05/Jun/2017:00:00:01 -0700] "GET /Wb/Home/Wb2/TADRant.html HTTP/1.1" 404 89 "-" "curl/7.19.7 (x86_64-redhat-linux-gnu) libcurl/7.51.0-DEV NSS/3.21 Basic ECC zlib/1.2.3 libidn/1.18 libssh2/1.4.2 librtmp/2.3" "www.templeos.org"
221.105.14.9 - - [05/Jun/2017:00:00:16 -0700] "GET /Wb/Demo/Games/RocketScience.html HTTP/1.1" 404 89 "-" "Mozilla/5.0 (Macintosh; Intel Mac OS X 10_12_5) AppleWebKit/603.2.4 (KHTML, like Gecko)" "www.templeos.org"
221.105.14.9 - - [05/Jun/2017:00:00:16 -0700] "GET /apple-touch-icon-precomposed.png HTTP/1.1" 404 89 "-" "Safari/12603.2.4 CFNetwork/811.5.4 Darwin/16.6.0 (x86_64)" "www.templeos.org"
221.105.14.9 - - [05/Jun/2017:00:00:17 -0700] "GET /apple-touch-icon.png HTTP/1.1" 404 89 "-" "Safari/12603.2.4 CFNetwork/811.5.4 Darwin/16.6.0 (x86_64)" "www.templeos.org"[0]
221.105.14.9 - - [05/Jun/2017:00:00:17 -0700] "GET /Wb/Demo/Games/RocketScience.html HTTP/1.1" 404 89 "-" "Mozilla/5.0 (iPhone; CPU iPhone OS 10_0 like Mac OS X) AppleWebKit/602.1.38 (KHTML, like Gecko) Version/10.0 Mobile/14A300 Safari/602.1" "www.templeos.org"
221.105.14.9 - - [05/Jun/2017:00:00:18 -0700] "GET /apple-touch-icon-precomposed.png HTTP/1.1" 404 89 "-" "Safari/12603.2.4 CFNetwork/811.5.4 Darwin/16.6.0 (x86_64)" "www.templeos.org"
221.105.14.9 - - [05/Jun/2017:00:00:18 -0700] "GET /apple-touch-icon.png HTTP/1.1" 404 89 "-" "Safari/12603.2.4 CFNetwork/811.5.4 Darwin/16.6.0 (x86_64)" "www.templeos.org"
19.191.175.229 - - [05/Jun/2017:00:00:57 -0700] "GET /Wb/Home/Downloads/Comics/Moses072.html HTTP/1.1" 404 89 "-" "Mozilla/5.0 (compatible; AhrefsBot/5.2; +http://ahrefs.com/robot/)" "www.templeos.org"
17.229.148.40 - - [05/Jun/2017:00:00:59 -0700] "GET /images/Machine.jpg HTTP/1.1" 404 89 "-" "Mozilla/5.0 (X11; Linux x86_64) AppleWebKit/537.36 (KHTML, like Gecko) Chrome/58.0.3029.110 Safari/537.36" "templeos.org"
17.229.148.40 - - [05/Jun/2017:00:01:04 -0700] "GET /images/Machine.jpg HTTP/1.1" 404 89 "-" "Mozilla/5.0 (X11; Linux x86_64) AppleWebKit/537.36 (KHTML, like Gecko) Chrome/58.0.3029.110 Safari/537.36" "templeos.org"
56.202.165.23 - - [05/Jun/2017:00:01:15 -0700] "GET /Wb/Doc/HolyC.html HTTP/1.1" 404 89 "-" "Mozilla/5.0 (compatible; YandexBot/3.0; +http://yandex.com/bots)" "www.templeos.org"
19.191.175.253 - - [05/Jun/2017:00:01:15 -0700] "GET /Family3_86-99/PART5/Alb25-14g.jpg HTTP/1.1" 404 89 "-" "Mozilla/5.0 (compatible; AhrefsBot/5.2; +http://ahrefs.com/robot/)" "templeos.org"
221.105.14.9 - - [05/Jun/2017:00:01:20 -0700] "GET /Wb/Demo/Games/RocketScience.html HTTP/1.1" 404 89 "-" "Mozilla/5.0 (Macintosh; Intel Mac OS X 10_12_5) AppleWebKit/603.2.4 (KHTML, like Gecko)" "www.templeos.org"
221.105.14.9 - - [05/Jun/2017:00:01:20 -0700] "GET /apple-touch-icon-precomposed.png HTTP/1.1" 404 89 "-" "Safari/12603.2.4 CFNetwork/811.5.4 Darwin/16.6.0 (x86_64)" "www.templeos.org"
221.105.14.9 - - [05/Jun/2017:00:01:21 -0700] "GET /apple-touch-icon.png HTTP/1.1" 404 89 "-" "Safari/12603.2.4 CFNetwork/811.5.4 Darwin/16.6.0 (x86_64)" "www.templeos.org"
221.105.14.9 - - [05/Jun/2017:00:01:21 -0700] "GET /Wb/Demo/Games/RocketScience.html HTTP/1.1" 404 89 "-" "Mozilla/5.0 (iPhone; CPU iPhone OS 10_0 like Mac OS X) AppleWebKit/602.1.38 (KHTML, like Gecko) Version/10.0 Mobile/14A300 Safari/602.1" "www.templeos.org"
221.105.14.9 - - [05/Jun/2017:00:01:22 -0700] "GET /apple-touch-icon-precomposed.png HTTP/1.1" 404 89 "-" "Safari/12603.2.4 CFNetwork/811.5.4 Darwin/16.6.0 (x86_64)" "www.templeos.org"
221.105.14.9 - - [05/Jun/2017:00:01:22 -0700] "GET /apple-touch-icon.png HTTP/1.1" 404 89 "-" "Safari/12603.2.4 CFNetwork/811.5.4 Darwin/16.6.0 (x86_64)" "www.templeos.org"
100.67.189.140 - - [05/Jun/2017:00:01:32 -0700] "GET /videos/014HalfMan.MP4 HTTP/1.1" 200 176550866 "http://www.templeos.org/videos/" "Mozilla/5.0 (X11; Ubuntu; Linux x86_64; rv:53.0) Gecko/20100101 Firefox/53.0" "www.templeos.org"
201.82.163.33 - - [05/Jun/2017:00:01:33 -0700] "GET /videos/SoldierTrim.MP4 HTTP/1.1" 404 89 "-" "Mozilla/5.0 (Windows NT 10.0; Win64; x64) AppleWebKit/537.36 (KHTML, like Gecko) Chrome/58.0.3029.110 Safari/537.36" "www.templeos.org"
253.145.77.184 - - [05/Jun/2017:00:01:35 -0700] "GET /videos/ HTTP/1.1" 200 2600 "-" "Mozilla/5.0 (Windows NT 10.0; WOW64; rv:53.0) Gecko/20100101 Firefox/53.0" "www.templeos.org"
253.145.77.184 - - [05/Jun/2017:00:01:43 -0700] "GET /videos/011GravelTriangle.MP4 HTTP/1.1" 200 524288 "http://www.templeos.org/videos/" "Mozilla/5.0 (Windows NT 10.0; WOW64; rv:53.0) Gecko/20100101 Firefox/53.0" "www.templeos.org"
253.145.77.184 - - [05/Jun/2017:00:01:43 -0700] "GET /videos/011GravelTriangle.MP4 HTTP/1.1" 206 309017 "http://www.templeos.org/videos/011GravelTriangle.MP4" "Mozilla/5.0 (Windows NT 10.0; WOW64; rv:53.0) Gecko/20100101 Firefox/53.0" "www.templeos.org"
253.145.77.184 - - [05/Jun/2017:00:01:43 -0700] "GET /videos/011GravelTriangle.MP4 HTTP/1.1" 206 524288 "http://www.templeos.org/videos/011GravelTriangle.MP4" "Mozilla/5.0 (Windows NT 10.0; WOW64; rv:53.0) Gecko/20100101 Firefox/53.0" "www.templeos.org"[0]
253.145.77.184 - - [05/Jun/2017:00:01:44 -0700] "GET /videos/011GravelTriangle.MP4 HTTP/1.1" 206 309017 "http://www.templeos.org/videos/011GravelTriangle.MP4" "Mozilla/5.0 (Windows NT 10.0; WOW64; rv:53.0) Gecko/20100101 Firefox/53.0" "www.templeos.org"
253.145.77.184 - - [05/Jun/2017:00:01:44 -0700] "GET /videos/011GravelTriangle.MP4 HTTP/1.1" 206 309017 "http://www.templeos.org/videos/011GravelTriangle.MP4" "Mozilla/5.0 (Windows NT 10.0; WOW64; rv:53.0) Gecko/20100101 Firefox/53.0" "www.templeos.org"
253.145.77.184 - - [05/Jun/2017:00:01:45 -0700] "GET /videos/011GravelTriangle.MP4 HTTP/1.1" 206 458752 "http://www.templeos.org/videos/011GravelTriangle.MP4" "Mozilla/5.0 (Windows NT 10.0; WOW64; rv:53.0) Gecko/20100101 Firefox/53.0" "www.templeos.org"
253.145.77.184 - - [05/Jun/2017:00:01:47 -0700] "GET /videos/011GravelTriangle.MP4 HTTP/1.1" 206 589824 "http://www.templeos.org/videos/011GravelTriangle.MP4" "Mozilla/5.0 (Windows NT 10.0; WOW64; rv:53.0) Gecko/20100101 Firefox/53.0" "www.templeos.org"
253.145.77.184 - - [05/Jun/2017:00:01:49 -0700] "GET /videos/011GravelTriangle.MP4 HTTP/1.1" 206 3473408 "http://www.templeos.org/videos/011GravelTriangle.MP4" "Mozilla/5.0 (Windows NT 10.0; WOW64; rv:53.0) Gecko/20100101 Firefox/53.0" "www.templeos.org"
244.208.95.81 - - [05/Jun/2017:00:02:01 -0700] "GET /videos/008GraciousSpoilage.MP4 HTTP/1.1" 200 524288 "http://www.templeos.org/videos/" "Mozilla/5.0 (Windows NT 6.3; Win64; x64; rv:53.0) Gecko/20100101 Firefox/53.0" "www.templeos.org"
244.208.95.81 - - [05/Jun/2017:00:02:01 -0700] "GET /videos/008GraciousSpoilage.MP4 HTTP/1.1" 206 329702 "http://www.templeos.org/videos/008GraciousSpoilage.MP4" "Mozilla/5.0 (Windows NT 6.3; Win64; x64; rv:53.0) Gecko/20100101 Firefox/53.0" "www.templeos.org"
244.208.95.81 - - [05/Jun/2017:00:02:01 -0700] "GET /videos/008GraciousSpoilage.MP4 HTTP/1.1" 206 458752 "http://www.templeos.org/videos/008GraciousSpoilage.MP4" "Mozilla/5.0 (Windows NT 6.3; Win64; x64; rv:53.0) Gecko/20100101 Firefox/53.0" "www.templeos.org"
244.208.95.81 - - [05/Jun/2017:00:02:01 -0700] "GET /videos/008GraciousSpoilage.MP4 HTTP/1.1" 206 329702 "http://www.templeos.org/videos/008GraciousSpoilage.MP4" "Mozilla/5.0 (Windows NT 6.3; Win64; x64; rv:53.0) Gecko/20100101 Firefox/53.0" "www.templeos.org"
244.208.95.81 - - [05/Jun/2017:00:02:02 -0700] "GET /videos/008GraciousSpoilage.MP4 HTTP/1.1" 206 524288 "http://www.templeos.org/videos/008GraciousSpoilage.MP4" "Mozilla/5.0 (Windows NT 6.3; Win64; x64; rv:53.0) Gecko/20100101 Firefox/53.0" "www.templeos.org"
221.105.14.9 - - [05/Jun/2017:00:02:30 -0700] "GET /Wb/Demo/Games/RocketScience.html HTTP/1.1" 404 89 "-" "Mozilla/5.0 (Macintosh; Intel Mac OS X 10_12_5) AppleWebKit/603.2.4 (KHTML, like Gecko)" "www.templeos.org"
221.105.14.9 - - [05/Jun/2017:00:02:31 -0700] "GET /apple-touch-icon-precomposed.png HTTP/1.1" 404 89 "-" "Safari/12603.2.4 CFNetwork/811.5.4 Darwin/16.6.0 (x86_64)" "www.templeos.org"
221.105.14.9 - - [05/Jun/2017:00:02:32 -0700] "GET /apple-touch-icon-precomposed.png HTTP/1.1" 404 89 "-" "Safari/12603.2.4 CFNetwork/811.5.4 Darwin/16.6.0 (x86_64)" "www.templeos.org"
221.105.14.9 - - [05/Jun/2017:00:02:32 -0700] "GET /apple-touch-icon.png HTTP/1.1" 404 89 "-" "Safari/12603.2.4 CFNetwork/811.5.4 Darwin/16.6.0 (x86_64)" "www.templeos.org"
161.105.230.4 - - [05/Jun/2017:00:02:47 -0700] "GET /videos/013RomanMeal.MP4 HTTP/1.1" 206 172425216 "-" "mpv 0.25.0" "www.templeos.org"
147.163.87.104 - - [05/Jun/2017:00:02:55 -0700] "GET /Wb/Accts/TS/Wb2/TempleOS.html HTTP/1.1" 404 89 "-" "Mozilla/5.0 (Macintosh; Intel Mac OS X 10_12_5) AppleWebKit/603.2.4 (KHTML, like Gecko)" "www.templeos.org"
96.220.209.46 - - [05/Jun/2017:00:03:34 -0700] "GET /Family1_58-78/part5/201-04.jpg HTTP/1.1" 404 89 "-" "Mozilla/5.0 (compatible; AhrefsBot/5.2; +http://ahrefs.com/robot/)" "templeos.org"
221.105.14.9 - - [05/Jun/2017:00:03:41 -0700] "GET /apple-touch-icon-precomposed.png HTTP/1.1" 404 89 "-" "Safari/12603.2.4 CFNetwork/811.5.4 Darwin/16.6.0 (x86_64)" "www.templeos.org"
221.105.14.9 - - [05/Jun/2017:00:03:41 -0700] "GET /apple-touch-icon.png HTTP/1.1" 404 89 "-" "Safari/12603.2.4 CFNetwork/811.5.4 Darwin/16.6.0 (x86_64)" "www.templeos.org"
221.105.14.9 - - [05/Jun/2017:00:03:42 -0700] "GET /Wb/Demo/Games/RocketScience.html HTTP/1.1" 404 89 "-" "Mozilla/5.0 (iPhone; CPU iPhone OS 10_0 like Mac OS X) AppleWebKit/602.1.38 (KHTML, like Gecko) Version/10.0 Mobile/14A300 Safari/602.1" "www.templeos.org"
221.105.14.9 - - [05/Jun/2017:00:03:42 -0700] "GET /apple-touch-icon-precomposed.png HTTP/1.1" 404 89 "-" "Safari/12603.2.4 CFNetwork/811.5.4 Darwin/16.6.0 (x86_64)" "www.templeos.org"
31.70.121.29 - - [05/Jun/2017:00:03:48 -0700] "GET / HTTP/1.1" 200 2171 "https://www.google.co.uk/" "Mozilla/5.0 (Macintosh; Intel Mac OS X 10_11_6) AppleWebKit/537.36 (KHTML, like Gecko) Chrome/58.0.3029.110 Safari/537.36" "www.templeos.org"
175.79.16.0 - - [05/Jun/2017:00:04:07 -0700] "GET /videos/SoldierTrim.MP4 HTTP/1.1" 404 89 "http://boards.4chan.org/" "Mozilla/5.0 (X11; CrOS x86_64 9334.72.0) AppleWebKit/537.36 (KHTML, like Gecko) Chrome/58.0.3029.140 Safari/537.36" "www.templeos.org"
96.220.209.126 - - [05/Jun/2017:00:04:10 -0700] "GET /Family4_99/part4/Alc52-23.jpg HTTP/1.1" 404 89 "-" "Mozilla/5.0 (compatible; AhrefsBot/5.2; +http://ahrefs.com/robot/)" "www.templeos.org"
244.208.95.81 - - [05/Jun/2017:00:04:17 -0700] "GET /videos/008GraciousSpoilage.MP4 HTTP/1.1" 206 338069478 "http://www.templeos.org/videos/008GraciousSpoilage.MP4" "Mozilla/5.0 (Windows NT 6.3; Win64; x64; rv:53.0) Gecko/20100101 Firefox/53.0" "www.templeos.org"
31.70.121.29 - - [05/Jun/2017:00:04:22 -0700] "GET /Wb/Doc/AboutTempleOS.html HTTP/1.1" 404 89 "https://www.google.co.uk/" "Mozilla/5.0 (Macintosh; Intel Mac OS X 10_11_6) AppleWebKit/537.36 (KHTML, like Gecko) Chrome/58.0.3029.110 Safari/537.36" "www.templeos.org"
107.71.225.69 - - [05/Jun/2017:00:04:35 -0700] "GET /files HTTP/1.1" 301 93 "http://www.templeos.org/" "Mozilla/5.0 (Windows NT 6.1; Win64; x64) AppleWebKit/537.36 (KHTML, like Gecko) Chrome/58.0.3029.110 Safari/537.36" "www.templeos.org"
107.71.225.69 - - [05/Jun/2017:00:04:36 -0700] "GET /files/ HTTP/1.1" 200 819 "http://www.templeos.org/" "Mozilla/5.0 (Windows NT 6.1; Win64; x64) AppleWebKit/537.36 (KHTML, like Gecko) Chrome/58.0.3029.110 Safari/537.36" "www.templeos.org"
107.71.225.69 - - [05/Jun/2017:00:04:37 -0700] "GET /videos HTTP/1.1" 301 94 "http://www.templeos.org/" "Mozilla/5.0 (Windows NT 6.1; Win64; x64) AppleWebKit/537.36 (KHTML, like Gecko) Chrome/58.0.3029.110 Safari/537.36" "www.templeos.org"
234.179.223.24 - - [05/Jun/2017:00:04:41 -0700] "GET /Family4_99/part1/ALB87-17.JPG HTTP/1.1" 404 89 "-" "Mozilla/5.0 (compatible; AhrefsBot/5.2; +http://ahrefs.com/robot/)" "www.templeos.org"
208.226.180.248 - - [05/Jun/2017:00:04:42 -0700] "GET /videos/010TouchingBasis.MP4 HTTP/1.1" 206 22136765 "http://www.templeos.org/videos/" "Mozilla/5.0 (Windows NT 6.0; WOW64; rv:52.0) Gecko/20100101 Firefox/52.0" "www.templeos.org"
56.202.165.12 - - [05/Jun/2017:00:05:08 -0700] "GET /Wb/Apps/ToTheFront/ HTTP/1.1" 404 89 "-" "Mozilla/5.0 (compatible; YandexBot/3.0; +http://yandex.com/bots)" "www.templeos.org"
218.232.177.2 - - [05/Jun/2017:00:05:18 -0700] "HEAD / HTTP/1.1" 200 0 "-" "Mozilla/5.0 (Linux; U; Android-4.0.3; en-us; Galaxy Nexus Build/IML74K) AppleWebKit/535.7 (KHTML, like Gecko) CrMo/16.0.912.75 Mobile Safari/535.7" "templeos.org"
127.152.198.194 - - [05/Jun/2017:00:05:42 -0700] "GET / HTTP/1.1" 200 2171 "-" "Mozilla/5.0 (X11; Linux x86_64) AppleWebKit/537.36 (KHTML, like Gecko) Chrome/49.0.2623.75 Safari/537.36 Google Favicon" "www.templeos.org"
103.55.183.178 - - [05/Jun/2017:00:06:09 -0700] "HEAD /videos/014HalfMan.MP4 HTTP/1.1" 200 0 "-" "Mozilla/5.0 (X11; Linux x86_64; rv:10.0) Gecko/20150101 Firefox/47.0 CE54D86)" "www.templeos.org"[0]
35.87.54.40 - - [05/Jun/2017:00:06:13 -0700] "GET /videos/011GravelTriangle.MP4 HTTP/1.1" 206 8402713 "-" "AndroidDownloadManager/6.0.1 (Linux; U; Android 6.0.1; SM-J700T Build/MMB29K)" "www.templeos.org"
103.55.183.178 - - [05/Jun/2017:00:06:13 -0700] "GET /videos/014HalfMan.MP4 HTTP/1.1" 200 589824 "-" "Mozilla/5.0 (X11; Linux x86_64; rv:10.0) Gecko/20150101 Firefox/47.0 CE54D86)" "www.templeos.org"
137.252.7.167 - - [05/Jun/2017:00:06:20 -0700] "GET /Wb/Home/Web/TAD/TAD.html HTTP/1.1" 404 89 "https://www.google.com/" "Mozilla/5.0 (Linux; Android 6.0.1; SM-G930V Build/MMB29M) AppleWebKit/537.36 (KHTML, like Gecko) Chrome/58.0.3029.83 Mobile Safari/537.36" "www.templeos.org"
137.252.7.167 - - [05/Jun/2017:00:06:32 -0700] "GET / HTTP/1.1" 200 2171 "https://www.google.com/" "Mozilla/5.0 (Linux; Android 6.0.1; SM-G930V Build/MMB29M) AppleWebKit/537.36 (KHTML, like Gecko) Chrome/58.0.3029.83 Mobile Safari/537.36" "www.templeos.org"
250.37.222.251 - - [05/Jun/2017:00:06:35 -0700] "GET /files/?M=A HTTP/1.1" 200 819 "http://www.templeos.org/files/" "Wget/1.17.1 (linux-gnu)" "www.templeos.org"
250.37.222.251 - - [05/Jun/2017:00:06:35 -0700] "GET /files/TOS_Distro.ISO HTTP/1.1" 200 65536 "http://www.templeos.org/files/" "Wget/1.17.1 (linux-gnu)" "www.templeos.org"
250.37.222.251 - - [05/Jun/2017:00:06:36 -0700] "GET /files/?N=A HTTP/1.1" 200 819 "http://www.templeos.org/files/?N=D" "Wget/1.17.1 (linux-gnu)" "www.templeos.org"
250.37.222.251 - - [05/Jun/2017:00:06:36 -0700] "GET /files/?S=D HTTP/1.1" 200 819 "http://www.templeos.org/files/?S=A" "Wget/1.17.1 (linux-gnu)" "www.templeos.org"
250.37.222.251 - - [05/Jun/2017:00:06:36 -0700] "GET /files/?D=D HTTP/1.1" 200 819 "http://www.templeos.org/files/?D=A" "Wget/1.17.1 (linux-gnu)" "www.templeos.org"
250.37.222.251 - - [05/Jun/2017:00:06:36 -0700] "GET /videos/ HTTP/1.1" 200 2600 "-" "Wget/1.17.1 (linux-gnu)" "www.templeos.org"
250.37.222.251 - - [05/Jun/2017:00:06:36 -0700] "GET /robots.txt HTTP/1.1" 404 89 "-" "Wget/1.17.1 (linux-gnu)" "www.templeos.org"
250.37.222.251 - - [05/Jun/2017:00:06:36 -0700] "GET /videos/?N=D HTTP/1.1" 200 2600 "http://www.templeos.org/videos/" "Wget/1.17.1 (linux-gnu)" "www.templeos.org"
250.37.222.251 - - [05/Jun/2017:00:06:36 -0700] "GET /videos/?M=A HTTP/1.1" 200 2600 "http://www.templeos.org/videos/" "Wget/1.17.1 (linux-gnu)" "www.templeos.org"
250.37.222.251 - - [05/Jun/2017:00:06:36 -0700] "GET /videos/?S=A HTTP/1.1" 200 2600 "http://www.templeos.org/videos/" "Wget/1.17.1 (linux-gnu)" "www.templeos.org"
250.37.222.251 - - [05/Jun/2017:00:06:36 -0700] "GET /videos/?D=A HTTP/1.1" 200 2600 "http://www.templeos.org/videos/" "Wget/1.17.1 (linux-gnu)" "www.templeos.org"
250.37.222.251 - - [05/Jun/2017:00:06:36 -0700] "GET /videos/001HereIAmLord.MP4 HTTP/1.1" 200 196608 "http://www.templeos.org/videos/" "Wget/1.17.1 (linux-gnu)" "www.templeos.org"
250.37.222.251 - - [05/Jun/2017:00:06:36 -0700] "GET /videos/002SinkCleaning.MP4 HTTP/1.1" 200 196608 "http://www.templeos.org/videos/" "Wget/1.17.1 (linux-gnu)" "www.templeos.org"
250.37.222.251 - - [05/Jun/2017:00:06:36 -0700] "GET /videos/004EvictSpaghetti.MP4 HTTP/1.1" 200 196608 "http://www.templeos.org/videos/" "Wget/1.17.1 (linux-gnu)" "www.templeos.org"
250.37.222.251 - - [05/Jun/2017:00:06:36 -0700] "GET /videos/005BugleBoy.MP4 HTTP/1.1" 200 196608 "http://www.templeos.org/videos/" "Wget/1.17.1 (linux-gnu)" "www.templeos.org"
250.37.222.251 - - [05/Jun/2017:00:06:36 -0700] "GET /videos/006SpaghettiJew.MP4 HTTP/1.1" 200 196608 "http://www.templeos.org/videos/" "Wget/1.17.1 (linux-gnu)" "www.templeos.org"
250.37.222.251 - - [05/Jun/2017:00:06:36 -0700] "GET /videos/007SolidFoundation.MP4 HTTP/1.1" 200 196608 "http://www.templeos.org/videos/" "Wget/1.17.1 (linux-gnu)" "www.templeos.org"
250.37.222.251 - - [05/Jun/2017:00:06:36 -0700] "GET /videos/008GraciousSpoilage.MP4 HTTP/1.1" 200 196608 "http://www.templeos.org/videos/" "Wget/1.17.1 (linux-gnu)" "www.templeos.org"[0]
250.37.222.251 - - [05/Jun/2017:00:06:36 -0700] "GET /videos/009SurprisedButterfly.MP4 HTTP/1.1" 200 196608 "http://www.templeos.org/videos/" "Wget/1.17.1 (linux-gnu)" "www.templeos.org"
250.37.222.251 - - [05/Jun/2017:00:06:36 -0700] "GET /videos/010TouchingBasis.MP4 HTTP/1.1" 200 196608 "http://www.templeos.org/videos/" "Wget/1.17.1 (linux-gnu)" "www.templeos.org"
250.37.222.251 - - [05/Jun/2017:00:06:36 -0700] "GET /videos/011GravelTriangle.MP4 HTTP/1.1" 200 196608 "http://www.templeos.org/videos/" "Wget/1.17.1 (linux-gnu)" "www.templeos.org"
250.37.222.251 - - [05/Jun/2017:00:06:37 -0700] "GET /videos/012Cinderella.MP4 HTTP/1.1" 200 65536 "http://www.templeos.org/videos/" "Wget/1.17.1 (linux-gnu)" "www.templeos.org"
250.37.222.251 - - [05/Jun/2017:00:06:37 -0700] "GET /videos/?M=D HTTP/1.1" 200 2600 "http://www.templeos.org/videos/?M=A" "Wget/1.17.1 (linux-gnu)" "www.templeos.org"
250.37.222.251 - - [05/Jun/2017:00:06:37 -0700] "GET / HTTP/1.1" 200 2171 "-" "Wget/1.17.1 (linux-gnu)" "www.templeos.org"
250.37.222.251 - - [05/Jun/2017:00:06:38 -0700] "GET /robots.txt HTTP/1.1" 404 89 "-" "Wget/1.17.1 (linux-gnu)" "www.templeos.org"
250.37.222.251 - - [05/Jun/2017:00:06:38 -0700] "GET /files.1.html HTTP/1.1" 404 89 "http://www.templeos.org/" "Wget/1.17.1 (linux-gnu)" "www.templeos.org"
250.37.222.251 - - [05/Jun/2017:00:06:38 -0700] "GET /videos.1.html HTTP/1.1" 404 89 "http://www.templeos.org/" "Wget/1.17.1 (linux-gnu)" "www.templeos.org"
137.252.7.167 - - [05/Jun/2017:00:06:41 -0700] "GET /videos HTTP/1.1" 301 94 "http://www.templeos.org/" "Mozilla/5.0 (Linux; Android 6.0.1; SM-G930V Build/MMB29M) AppleWebKit/537.36 (KHTML, like Gecko) Chrome/58.0.3029.83 Mobile Safari/537.36" "www.templeos.org"
137.252.7.167 - - [05/Jun/2017:00:06:41 -0700] "GET /videos/ HTTP/1.1" 200 2600 "http://www.templeos.org/" "Mozilla/5.0 (Linux; Android 6.0.1; SM-G930V Build/MMB29M) AppleWebKit/537.36 (KHTML, like Gecko) Chrome/58.0.3029.83 Mobile Safari/537.36" "www.templeos.org"
228.139.132.231 - - [05/Jun/2017:00:06:47 -0700] "GET /videos/?N=A HTTP/1.1" 200 2600 "http://templeos.org/videos/?M=A" "Mozilla/5.0 (X11; Ubuntu; Linux x86_64; rv:53.0) Gecko/20100101 Firefox/53.0" "templeos.org"
208.226.180.248 - - [05/Jun/2017:00:07:04 -0700] "GET /videos/010TouchingBasis.MP4 HTTP/1.1" 206 26148864 "http://www.templeos.org/videos/" "Mozilla/5.0 (Windows NT 6.0; WOW64; rv:52.0) Gecko/20100101 Firefox/52.0" "www.templeos.org"
208.226.180.248 - - [05/Jun/2017:00:07:06 -0700] "GET /videos/010TouchingBasis.MP4 HTTP/1.1" 206 24379392 "http://www.templeos.org/videos/" "Mozilla/5.0 (Windows NT 6.0; WOW64; rv:52.0) Gecko/20100101 Firefox/52.0" "www.templeos.org"
147.153.196.100 - - [05/Jun/2017:00:07:22 -0700] "GET /Wb/Demo/AcctExample/TOS/TOSNIST.html HTTP/1.1" 404 89 "-" "Mozilla/5.0 (compatible; DeuSu/5.0.2; +https://deusu.de/robot.html)" "www.templeos.org"
103.55.183.178 - - [05/Jun/2017:00:07:24 -0700] "GET /videos/014HalfMan.MP4 HTTP/1.1" 206 1966080 "-" "mpv 0.25.0" "www.templeos.org"[50]
241.43.63.30 - - [05/Jun/2017:00:07:57 -0700] "GET /videos/006SpaghettiJew.MP4 HTTP/1.1" 200 524288 "http://www.templeos.org/videos/" "Mozilla/5.0 (Windows NT 6.3; Win64; x64) AppleWebKit/537.36 (KHTML, like Gecko) Chrome/58.0.3029.110 Safari/537.36" "www.templeos.org"
82.164.255.40 - - [05/Jun/2017:00:08:09 -0700] "GET / HTTP/1.1" 200 2171 "-" "Mozilla/5.0 (X11; Ubuntu; Linux x86_64; rv:53.0) Gecko/20100101 Firefox/53.0" "www.templeos.org"
241.43.63.30 - - [05/Jun/2017:00:08:13 -0700] "GET /videos/006SpaghettiJew.MP4 HTTP/1.1" 200 20363654 "http://www.templeos.org/videos/" "Mozilla/5.0 (Windows NT 6.3; Win64; x64) AppleWebKit/537.36 (KHTML, like Gecko) Chrome/58.0.3029.110 Safari/537.36" "www.templeos.org"
107.71.225.69 - - [05/Jun/2017:00:08:36 -0700] "GET /videos/006SpaghettiJew.MP4 HTTP/1.1" 200 20363654 "http://www.templeos.org/videos/" "Mozilla/5.0 (Windows NT 6.1; Win64; x64) AppleWebKit/537.36 (KHTML, like Gecko) Chrome/58.0.3029.110 Safari/537.36" "www.templeos.org"
208.226.180.248 - - [05/Jun/2017:00:09:04 -0700] "GET /videos/010TouchingBasis.MP4 HTTP/1.1" 206 4653056 "http://www.templeos.org/videos/" "Mozilla/5.0 (Windows NT 6.0; WOW64; rv:52.0) Gecko/20100101 Firefox/52.0" "www.templeos.org"
56.202.165.108 - - [05/Jun/2017:00:09:15 -0700] "GET /Wb/Home/Sup1/Sup1Hymns/reliance.html HTTP/1.1" 404 89 "-" "Mozilla/5.0 (compatible; YandexBot/3.0; +http://yandex.com/bots)" "www.templeos.org"
96.220.70.230 - - [05/Jun/2017:00:09:19 -0700] "GET /Family4_99/part1/ALB92-08.JPG HTTP/1.1" 404 89 "-" "Mozilla/5.0 (compatible; AhrefsBot/5.2; +http://ahrefs.com/robot/)" "www.templeos.org"
19.191.175.46 - - [05/Jun/2017:00:09:37 -0700] "GET /Wb/Home/Web/TAD/BlogDir/2017January/?S=A HTTP/1.1" 404 89 "-" "Mozilla/5.0 (compatible; AhrefsBot/5.2; +http://ahrefs.com/robot/)" "www.templeos.org"
123.48.172.10 - - [05/Jun/2017:00:09:42 -0700] "HEAD /videos/014HalfMan.MP4 HTTP/1.1" 200 0 "-" "Mozilla/5.0 (X11; Linux x86_64; rv:10.0) Gecko/20150101 Firefox/47.0 B7F50DC)" "www.templeos.org"
208.226.180.248 - - [05/Jun/2017:00:09:49 -0700] "GET /videos/010TouchingBasis.MP4 HTTP/1.1" 206 12320768 "http://www.templeos.org/videos/" "Mozilla/5.0 (Windows NT 6.0; WOW64; rv:52.0) Gecko/20100101 Firefox/52.0" "www.templeos.org"[286]
123.48.172.10 - - [05/Jun/2017:00:09:50 -0700] "GET /videos/014HalfMan.MP4 HTTP/1.1" 200 589824 "-" "Mozilla/5.0 (X11; Linux x86_64; rv:10.0) Gecko/20150101 Firefox/47.0 B7F50DC)" "www.templeos.org"
123.48.172.10 - - [05/Jun/2017:00:09:55 -0700] "GET /videos/014HalfMan.MP4 HTTP/1.1" 206 159265 "-" "mpv 0.25.0" "www.templeos.org"
123.48.172.10 - - [05/Jun/2017:00:09:55 -0700] "GET /videos/014HalfMan.MP4 HTTP/1.1" 206 589824 "-" "mpv 0.25.0" "www.templeos.org"
208.226.180.248 - - [05/Jun/2017:00:10:06 -0700] "GET /videos/010TouchingBasis.MP4 HTTP/1.1" 206 2555904 "http://www.templeos.org/videos/" "Mozilla/5.0 (Windows NT 6.0; WOW64; rv:52.0) Gecko/20100101 Firefox/52.0" "www.templeos.org"
56.202.165.108 - - [05/Jun/2017:00:10:30 -0700] "GET /Wb/Doc/Credits.html HTTP/1.1" 404 89 "-" "Mozilla/5.0 (compatible; YandexBot/3.0; +http://yandex.com/bots)" "www.templeos.org"
118.159.217.48 - - [05/Jun/2017:00:11:29 -0700] "GET /videos HTTP/1.1" 301 94 "http://www.templeos.org/" "Mozilla/5.0 (Windows NT 10.0; Win64; x64) AppleWebKit/537.36 (KHTML, like Gecko) Chrome/58.0.3029.110 Safari/537.36" "www.templeos.org"
118.159.217.48 - - [05/Jun/2017:00:11:29 -0700] "GET /videos/ HTTP/1.1" 200 2600 "http://www.templeos.org/" "Mozilla/5.0 (Windows NT 10.0; Win64; x64) AppleWebKit/537.36 (KHTML, like Gecko) Chrome/58.0.3029.110 Safari/537.36" "www.templeos.org"
215.159.195.139 - - [05/Jun/2017:00:11:45 -0700] "GET /Wb/Accts/TS/Wb2/TempleOS.html HTTP/1.1" 404 89 "-" "Iframely/1.0.3 (+http://iframely.com/;)" "www.templeos.org"
74.82.76.128 - - [05/Jun/2017:00:11:51 -0700] "GET /files/ HTTP/1.1" 200 819 "http://www.templeos.org/" "Mozilla/5.0 (Windows NT 6.1; WOW64; rv:53.0) Gecko/20100101 Firefox/53.0" "www.templeos.org"
74.82.76.128 - - [05/Jun/2017:00:11:53 -0700] "GET /videos/ HTTP/1.1" 200 2600 "http://www.templeos.org/" "Mozilla/5.0 (Windows NT 6.1; WOW64; rv:53.0) Gecko/20100101 Firefox/53.0" "www.templeos.org"
114.137.144.113 - - [05/Jun/2017:00:12:26 -0700] "GET / HTTP/1.1" 200 2171 "http://www.templeos.org/videos/?M=A" "Mozilla/5.0 (Windows NT 10.0; Win64; x64; rv:52.0) Gecko/20100101 Firefox/52.0" "www.templeos.org"
107.71.225.69 - - [05/Jun/2017:00:12:46 -0700] "GET /videos/002SinkCleaning.MP4 HTTP/1.1" 200 289378066 "http://www.templeos.org/videos/" "Mozilla/5.0 (Windows NT 6.1; Win64; x64) AppleWebKit/537.36 (KHTML, like Gecko) Chrome/58.0.3029.110 Safari/537.36" "www.templeos.org"
234.179.223.229 - - [05/Jun/2017:00:13:33 -0700] "GET /Family4_99/part4/Alc32-15.jpg HTTP/1.1" 404 89 "-" "Mozilla/5.0 (compatible; AhrefsBot/5.2; +http://ahrefs.com/robot/)" "www.templeos.org"
25.83.119.75 - - [05/Jun/2017:00:13:58 -0700] "GET /wp-login.php HTTP/1.1" 200 73 "-" "Mozilla/5.0 (Windows NT 6.1; WOW64; rv:40.0) Gecko/20100101 Firefox/40.1" "www.templeos.org"
114.137.144.113 - - [05/Jun/2017:00:14:30 -0700] "GET / HTTP/1.1" 200 2171 "http://www.templeos.org/videos/?M=A" "Mozilla/5.0 (Windows NT 10.0; Win64; x64; rv:52.0) Gecko/20100101 Firefox/52.0" "www.templeos.org"
107.71.225.69 - - [05/Jun/2017:00:14:35 -0700] "GET /videos/008GraciousSpoilage.MP4 HTTP/1.1" 200 338069478 "http://www.templeos.org/videos/" "Mozilla/5.0 (Windows NT 6.1; Win64; x64) AppleWebKit/537.36 (KHTML, like Gecko) Chrome/58.0.3029.110 Safari/537.36" "www.templeos.org"
114.137.144.113 - - [05/Jun/2017:00:14:43 -0700] "GET /videos HTTP/1.1" 301 94 "http://www.templeos.org/" "Mozilla/5.0 (Windows NT 10.0; Win64; x64; rv:52.0) Gecko/20100101 Firefox/52.0" "www.templeos.org"
114.137.144.113 - - [05/Jun/2017:00:14:44 -0700] "GET /files HTTP/1.1" 301 93 "http://www.templeos.org/" "Mozilla/5.0 (Windows NT 10.0; Win64; x64; rv:52.0) Gecko/20100101 Firefox/52.0" "www.templeos.org"
114.137.144.113 - - [05/Jun/2017:00:14:47 -0700] "GET /files/ HTTP/1.1" 200 819 "http://www.templeos.org/" "Mozilla/5.0 (Windows NT 10.0; Win64; x64; rv:52.0) Gecko/20100101 Firefox/52.0" "www.templeos.org"
107.71.225.69 - - [05/Jun/2017:00:15:23 -0700] "GET /videos/004EvictSpaghetti.MP4 HTTP/1.1" 200 446548639 "http://www.templeos.org/videos/" "Mozilla/5.0 (Windows NT 6.1; Win64; x64) AppleWebKit/537.36 (KHTML, like Gecko) Chrome/58.0.3029.110 Safari/537.36" "www.templeos.org"
114.137.144.113 - - [05/Jun/2017:00:15:35 -0700] "GET /files/TOS_Distro.ISO HTTP/1.1" 200 16936960 "http://www.templeos.org/files/" "Mozilla/5.0 (Windows NT 10.0; Win64; x64; rv:52.0) Gecko/20100101 Firefox/52.0" "www.templeos.org"
114.137.144.113 - - [05/Jun/2017:00:15:37 -0700] "GET /files/TOS_Supplemental1.ISO.C HTTP/1.1" 200 2668875 "http://www.templeos.org/files/" "Mozilla/5.0 (Windows NT 10.0; Win64; x64; rv:52.0) Gecko/20100101 Firefox/52.0" "www.templeos.org"
234.179.223.108 - - [05/Jun/2017:00:15:44 -0700] "GET /Wb/Home/Web/TAD/BlogDir/2016August/TAD160818.TXT.Z HTTP/1.1" 404 89 "-" "Mozilla/5.0 (compatible; AhrefsBot/5.2; +http://ahrefs.com/robot/)" "www.templeos.org"
118.159.217.48 - - [05/Jun/2017:00:16:37 -0700] "GET /videos/004EvictSpaghetti.MP4 HTTP/1.1" 200 446548639 "http://www.templeos.org/videos/" "Mozilla/5.0 (Windows NT 10.0; Win64; x64) AppleWebKit/537.36 (KHTML, like Gecko) Chrome/58.0.3029.110 Safari/537.36" "www.templeos.org"
250.37.222.251 - - [05/Jun/2017:00:16:38 -0700] "GET /files/ HTTP/1.1" 200 819 "-" "Wget/1.17.1 (linux-gnu)" "www.templeos.org"
250.37.222.251 - - [05/Jun/2017:00:16:38 -0700] "GET /robots.txt HTTP/1.1" 404 89 "-" "Wget/1.17.1 (linux-gnu)" "www.templeos.org"
250.37.222.251 - - [05/Jun/2017:00:16:38 -0700] "GET /files/?M=A HTTP/1.1" 200 819 "http://www.templeos.org/files/" "Wget/1.17.1 (linux-gnu)" "www.templeos.org"
250.37.222.251 - - [05/Jun/2017:00:16:38 -0700] "GET /files/?S=A HTTP/1.1" 200 819 "http://www.templeos.org/files/" "Wget/1.17.1 (linux-gnu)" "www.templeos.org"
250.37.222.251 - - [05/Jun/2017:00:16:38 -0700] "GET /files/?D=A HTTP/1.1" 200 819 "http://www.templeos.org/files/" "Wget/1.17.1 (linux-gnu)" "www.templeos.org"
250.37.222.251 - - [05/Jun/2017:00:16:40 -0700] "GET /files/TOS_Distro.ISO HTTP/1.1" 200 16936960 "http://www.templeos.org/files/" "Wget/1.17.1 (linux-gnu)" "www.templeos.org"
250.37.222.251 - - [05/Jun/2017:00:16:40 -0700] "GET /files/TOS_Supplemental1.ISO.C HTTP/1.1" 200 2668875 "http://www.templeos.org/files/" "Wget/1.17.1 (linux-gnu)" "www.templeos.org"
250.37.222.251 - - [05/Jun/2017:00:16:40 -0700] "GET /files/?N=A HTTP/1.1" 200 819 "http://www.templeos.org/files/?N=D" "Wget/1.17.1 (linux-gnu)" "www.templeos.org"
250.37.222.251 - - [05/Jun/2017:00:16:41 -0700] "GET /videos/ HTTP/1.1" 200 2600 "-" "Wget/1.17.1 (linux-gnu)" "www.templeos.org"
250.37.222.251 - - [05/Jun/2017:00:16:41 -0700] "GET /robots.txt HTTP/1.1" 404 89 "-" "Wget/1.17.1 (linux-gnu)" "www.templeos.org"
250.37.222.251 - - [05/Jun/2017:00:16:41 -0700] "GET /videos/?N=D HTTP/1.1" 200 2600 "http://www.templeos.org/videos/" "Wget/1.17.1 (linux-gnu)" "www.templeos.org"
250.37.222.251 - - [05/Jun/2017:00:16:41 -0700] "GET /videos/?M=A HTTP/1.1" 200 2600 "http://www.templeos.org/videos/" "Wget/1.17.1 (linux-gnu)" "www.templeos.org"
250.37.222.251 - - [05/Jun/2017:00:16:41 -0700] "GET /videos/?D=A HTTP/1.1" 200 2600 "http://www.templeos.org/videos/" "Wget/1.17.1 (linux-gnu)" "www.templeos.org"
250.37.222.251 - - [05/Jun/2017:00:16:41 -0700] "GET /videos/002SinkCleaning.MP4 HTTP/1.1" 200 196608 "http://www.templeos.org/videos/" "Wget/1.17.1 (linux-gnu)" "www.templeos.org"
250.37.222.251 - - [05/Jun/2017:00:16:41 -0700] "GET /videos/004EvictSpaghetti.MP4 HTTP/1.1" 200 196608 "http://www.templeos.org/videos/" "Wget/1.17.1 (linux-gnu)" "www.templeos.org"
250.37.222.251 - - [05/Jun/2017:00:16:41 -0700] "GET /videos/005BugleBoy.MP4 HTTP/1.1" 200 196608 "http://www.templeos.org/videos/" "Wget/1.17.1 (linux-gnu)" "www.templeos.org"
250.37.222.251 - - [05/Jun/2017:00:16:41 -0700] "GET /videos/006SpaghettiJew.MP4 HTTP/1.1" 200 196608 "http://www.templeos.org/videos/" "Wget/1.17.1 (linux-gnu)" "www.templeos.org"
250.37.222.251 - - [05/Jun/2017:00:16:41 -0700] "GET /videos/007SolidFoundation.MP4 HTTP/1.1" 200 196608 "http://www.templeos.org/videos/" "Wget/1.17.1 (linux-gnu)" "www.templeos.org"[0]
250.37.222.251 - - [05/Jun/2017:00:16:41 -0700] "GET /videos/008GraciousSpoilage.MP4 HTTP/1.1" 200 196608 "http://www.templeos.org/videos/" "Wget/1.17.1 (linux-gnu)" "www.templeos.org"
250.37.222.251 - - [05/Jun/2017:00:16:41 -0700] "GET /videos/009SurprisedButterfly.MP4 HTTP/1.1" 200 196608 "http://www.templeos.org/videos/" "Wget/1.17.1 (linux-gnu)" "www.templeos.org"
250.37.222.251 - - [05/Jun/2017:00:16:41 -0700] "GET /videos/010TouchingBasis.MP4 HTTP/1.1" 200 196608 "http://www.templeos.org/videos/" "Wget/1.17.1 (linux-gnu)" "www.templeos.org"
250.37.222.251 - - [05/Jun/2017:00:16:42 -0700] "GET /videos/011GravelTriangle.MP4 HTTP/1.1" 200 196608 "http://www.templeos.org/videos/" "Wget/1.17.1 (linux-gnu)" "www.templeos.org"
250.37.222.251 - - [05/Jun/2017:00:16:42 -0700] "GET /videos/012Cinderella.MP4 HTTP/1.1" 200 131072 "http://www.templeos.org/videos/" "Wget/1.17.1 (linux-gnu)" "www.templeos.org"
250.37.222.251 - - [05/Jun/2017:00:16:42 -0700] "GET /videos/013RomanMeal.MP4 HTTP/1.1" 200 196608 "http://www.templeos.org/videos/" "Wget/1.17.1 (linux-gnu)" "www.templeos.org"
250.37.222.251 - - [05/Jun/2017:00:16:42 -0700] "GET /videos/014HalfMan.MP4 HTTP/1.1" 200 196608 "http://www.templeos.org/videos/" "Wget/1.17.1 (linux-gnu)" "www.templeos.org"
250.37.222.251 - - [05/Jun/2017:00:16:42 -0700] "GET /videos/?S=D HTTP/1.1" 200 2600 "http://www.templeos.org/videos/?S=A" "Wget/1.17.1 (linux-gnu)" "www.templeos.org"
250.37.222.251 - - [05/Jun/2017:00:16:42 -0700] "GET /videos/?D=D HTTP/1.1" 200 2600 "http://www.templeos.org/videos/?D=A" "Wget/1.17.1 (linux-gnu)" "www.templeos.org"
250.37.222.251 - - [05/Jun/2017:00:16:43 -0700] "GET / HTTP/1.1" 200 2171 "-" "Wget/1.17.1 (linux-gnu)" "www.templeos.org"
250.37.222.251 - - [05/Jun/2017:00:16:43 -0700] "GET /robots.txt HTTP/1.1" 404 89 "-" "Wget/1.17.1 (linux-gnu)" "www.templeos.org"
250.37.222.251 - - [05/Jun/2017:00:16:43 -0700] "GET /main.JPG.html HTTP/1.1" 404 89 "http://www.templeos.org/" "Wget/1.17.1 (linux-gnu)" "www.templeos.org"
228.139.132.231 - - [05/Jun/2017:00:17:07 -0700] "GET /videos/?N=A HTTP/1.1" 200 2600 "http://templeos.org/videos/?M=A" "Mozilla/5.0 (X11; Ubuntu; Linux x86_64; rv:53.0) Gecko/20100101 Firefox/53.0" "templeos.org"
107.71.225.69 - - [05/Jun/2017:00:17:19 -0700] "GET /videos/010TouchingBasis.MP4 HTTP/1.1" 200 314744399 "http://www.templeos.org/videos/" "Mozilla/5.0 (Windows NT 6.1; Win64; x64) AppleWebKit/537.36 (KHTML, like Gecko) Chrome/58.0.3029.110 Safari/537.36" "www.templeos.org"[297]
96.220.70.230 - - [05/Jun/2017:00:17:59 -0700] "GET /Family4_99/part4/Alc38-19.jpg HTTP/1.1" 404 89 "-" "Mozilla/5.0 (compatible; AhrefsBot/5.2; +http://ahrefs.com/robot/)" "www.templeos.org"
19.191.175.121 - - [05/Jun/2017:00:18:54 -0700] "GET /Family2_78-86/part1/246-15.JPG HTTP/1.1" 404 89 "-" "Mozilla/5.0 (compatible; AhrefsBot/5.2; +http://ahrefs.com/robot/)" "www.templeos.org"
107.71.225.69 - - [05/Jun/2017:00:19:53 -0700] "GET / HTTP/1.1" 200 2171 "-" "Mozilla/5.0 (Windows NT 6.1; Win64; x64) AppleWebKit/537.36 (KHTML, like Gecko) Chrome/58.0.3029.110 Safari/537.36" "www.templeos.org"
123.48.172.10 - - [05/Jun/2017:00:20:02 -0700] "GET /videos/014HalfMan.MP4 HTTP/1.1" 206 122224640 "-" "mpv 0.25.0" "www.templeos.org"
123.48.172.10 - - [05/Jun/2017:00:20:06 -0700] "GET /videos/014HalfMan.MP4 HTTP/1.1" 206 655360 "-" "mpv 0.25.0" "www.templeos.org"[2]
208.226.180.248 - - [05/Jun/2017:00:20:07 -0700] "GET /videos/011GravelTriangle.MP4 HTTP/1.1" 200 25296896 "http://www.templeos.org/videos/" "Mozilla/5.0 (Windows NT 6.0; WOW64; rv:52.0) Gecko/20100101 Firefox/52.0" "www.templeos.org"
208.226.180.248 - - [05/Jun/2017:00:20:07 -0700] "GET /videos/011GravelTriangle.MP4 HTTP/1.1" 206 27262976 "http://www.templeos.org/videos/" "Mozilla/5.0 (Windows NT 6.0; WOW64; rv:52.0) Gecko/20100101 Firefox/52.0" "www.templeos.org"
208.226.180.248 - - [05/Jun/2017:00:20:08 -0700] "GET /videos/011GravelTriangle.MP4 HTTP/1.1" 206 20905984 "http://www.templeos.org/videos/" "Mozilla/5.0 (Windows NT 6.0; WOW64; rv:52.0) Gecko/20100101 Firefox/52.0" "www.templeos.org"
208.226.180.248 - - [05/Jun/2017:00:20:08 -0700] "GET /videos/011GravelTriangle.MP4 HTTP/1.1" 206 17760256 "http://www.templeos.org/videos/" "Mozilla/5.0 (Windows NT 6.0; WOW64; rv:52.0) Gecko/20100101 Firefox/52.0" "www.templeos.org"
123.48.172.10 - - [05/Jun/2017:00:20:12 -0700] "GET /videos/014HalfMan.MP4 HTTP/1.1" 206 655360 "-" "mpv 0.25.0" "www.templeos.org"
72.185.57.249 - - [05/Jun/2017:00:20:24 -0700] "GET /Wb/Home/Downloads/Psalmody/mildly.CPP.Z HTTP/1.1" 404 89 "-" "Mozilla/5.0 (compatible; AhrefsBot/5.2; +http://ahrefs.com/robot/)" "www.templeos.org"[0]
103.55.183.178 - - [05/Jun/2017:00:20:36 -0700] "GET /videos/ HTTP/1.1" 200 2600 "http://www.templeos.org/" "Mozilla/5.0 (X11; Linux i686) AppleWebKit/537.36 (KHTML, like Gecko) Chrome/58.0.3029.110 Safari/F203AF" "www.templeos.org"
44.64.69.207 - - [05/Jun/2017:00:20:41 -0700] "GET /Wb/Misc/PCIDevices.html HTTP/1.1" 404 89 "-" "-" "www.templeos.org"
44.64.69.207 - - [05/Jun/2017:00:20:42 -0700] "GET /Wb/Misc/PCIDevices.html HTTP/1.1" 404 89 "-" "-" "www.templeos.org"
19.191.175.246 - - [05/Jun/2017:00:21:13 -0700] "GET /Family4_99/part4/Alc45-20.jpg HTTP/1.1" 404 89 "-" "Mozilla/5.0 (compatible; AhrefsBot/5.2; +http://ahrefs.com/robot/)" "www.templeos.org"
108.17.121.210 - - [05/Jun/2017:00:21:39 -0700] "GET /wp-login.php HTTP/1.1" 200 73 "-" "Mozilla/5.0 (Windows NT 6.1; WOW64; rv:40.0) Gecko/20100101 Firefox/40.1" "www.templeos.org"
108.17.121.210 - - [05/Jun/2017:00:21:39 -0700] "GET / HTTP/1.1" 200 2171 "-" "Mozilla/5.0 (Windows NT 6.1; WOW64; rv:40.0) Gecko/20100101 Firefox/40.1" "www.templeos.org"
103.55.183.178 - - [05/Jun/2017:00:22:10 -0700] "GET /files HTTP/1.1" 301 93 "http://www.templeos.org/" "Mozilla/5.0 (X11; Linux i686) AppleWebKit/537.36 (KHTML, like Gecko) Chrome/58.0.3029.110 Safari/F203AF" "www.templeos.org"
103.55.183.178 - - [05/Jun/2017:00:22:10 -0700] "GET /files/ HTTP/1.1" 200 819 "http://www.templeos.org/" "Mozilla/5.0 (X11; Linux i686) AppleWebKit/537.36 (KHTML, like Gecko) Chrome/58.0.3029.110 Safari/F203AF" "www.templeos.org"
19.191.175.102 - - [05/Jun/2017:00:22:11 -0700] "GET /Family4_99/part3/Alc26-10.jpg HTTP/1.1" 404 89 "-" "Mozilla/5.0 (compatible; AhrefsBot/5.2; +http://ahrefs.com/robot/)" "www.templeos.org"
82.164.28.114 - - [05/Jun/2017:00:22:13 -0700] "GET / HTTP/1.1" 200 2171 "-" "Mozilla/5.0 (X11; Ubuntu; Linux x86_64; rv:53.0) Gecko/20100101 Firefox/53.0" "www.templeos.org"
114.213.36.134 - - [05/Jun/2017:00:22:32 -0700] "GET /Wb/Home/Web/ALM/ HTTP/1.1" 404 89 "-" "Mozilla/5.0 (Windows NT 10.0; Win64; x64) AppleWebKit/537.36 (KHTML, like Gecko) Chrome/59.0.3071.83 Safari/537.36 Vivaldi/1.91.862.6" "www.templeos.org"
82.164.28.114 - - [05/Jun/2017:00:22:34 -0700] "GET /videos/014HalfMan.MP4 HTTP/1.1" 206 160722 "http://www.templeos.org/videos/014HalfMan.MP4" "Mozilla/5.0 (X11; Ubuntu; Linux x86_64; rv:53.0) Gecko/20100101 Firefox/53.0" "www.templeos.org"
82.164.28.114 - - [05/Jun/2017:00:22:35 -0700] "GET /videos/014HalfMan.MP4 HTTP/1.1" 206 160722 "http://www.templeos.org/videos/014HalfMan.MP4" "Mozilla/5.0 (X11; Ubuntu; Linux x86_64; rv:53.0) Gecko/20100101 Firefox/53.0" "www.templeos.org"
82.164.28.114 - - [05/Jun/2017:00:22:35 -0700] "GET /videos/014HalfMan.MP4 HTTP/1.1" 206 160722 "http://www.templeos.org/videos/014HalfMan.MP4" "Mozilla/5.0 (X11; Ubuntu; Linux x86_64; rv:53.0) Gecko/20100101 Firefox/53.0" "www.templeos.org"
62.49.18.154 - - [05/Jun/2017:00:22:40 -0700] "GET /Wb/Home/Sup1/Sup1Hymns/reposes.html HTTP/1.1" 404 89 "-" "Mozilla/5.0 (compatible; bingbot/2.0; +http://www.bing.com/bingbot.htm)" "www.templeos.org"
92.235.184.246 - - [05/Jun/2017:00:22:44 -0700] "GET /videos/ HTTP/1.1" 200 2600 "https://www.youtube.com/" "Mozilla/5.0 (X11; Linux x86_64) AppleWebKit/537.36 (KHTML, like Gecko) Chrome/58.0.3029.110 Safari/537.36" "www.templeos.org"
225.23.100.94 - - [05/Jun/2017:00:22:50 -0700] "GET /wp-login.php HTTP/1.1" 200 73 "-" "Mozilla/5.0 (Windows NT 6.1; WOW64; rv:40.0) Gecko/20100101 Firefox/40.1" "www.templeos.org"
225.23.100.94 - - [05/Jun/2017:00:22:50 -0700] "GET / HTTP/1.1" 200 2171 "-" "Mozilla/5.0 (Windows NT 6.1; WOW64; rv:40.0) Gecko/20100101 Firefox/40.1" "www.templeos.org"
96.220.209.219 - - [05/Jun/2017:00:22:57 -0700] "GET /Family3_86-99/PART6/ALB72-17.JPG HTTP/1.1" 404 89 "-" "Mozilla/5.0 (compatible; AhrefsBot/5.2; +http://ahrefs.com/robot/)" "www.templeos.org"
82.164.28.114 - - [05/Jun/2017:00:23:05 -0700] "GET /videos/014HalfMan.MP4 HTTP/1.1" 200 524288 "http://www.templeos.org/videos/" "Mozilla/5.0 (X11; Ubuntu; Linux x86_64; rv:53.0) Gecko/20100101 Firefox/53.0" "www.templeos.org"
82.164.28.114 - - [05/Jun/2017:00:23:05 -0700] "GET /videos/014HalfMan.MP4 HTTP/1.1" 206 589824 "http://www.templeos.org/videos/014HalfMan.MP4" "Mozilla/5.0 (X11; Ubuntu; Linux x86_64; rv:53.0) Gecko/20100101 Firefox/53.0" "www.templeos.org"
82.164.28.114 - - [05/Jun/2017:00:23:05 -0700] "GET /videos/014HalfMan.MP4 HTTP/1.1" 206 720896 "http://www.templeos.org/videos/014HalfMan.MP4" "Mozilla/5.0 (X11; Ubuntu; Linux x86_64; rv:53.0) Gecko/20100101 Firefox/53.0" "www.templeos.org"
