251.75.185.90 - - [08/May/2009:06:19:32 -0700] "GET /images/Header.JPG HTTP/1.1" 200 2982 "http://www.templeos.org/" "Mozilla/4.0 (compatible; MSIE 8.0; Windows NT 6.0; WOW64; Trident/4.0; GTB6; SLCC1; .NET CLR 2.0.50727; Media Center PC 5.0; Media Center PC 5.1; .NET CLR 3.5.21022; .NET CLR 3.5.30729; .NET CLR 3.0.30618; .NET CLR 1.1.4322; InfoPath.2)" "www.templeos.org"
251.75.185.90 - - [08/May/2009:06:19:34 -0700] "GET /media/Demo1.wmv HTTP/1.1" 200 196608 "-" "contype" "www.templeos.org"
251.75.185.90 - - [08/May/2009:06:19:47 -0700] "GET /favicon.ico HTTP/1.1" 404 275 "-" "Mozilla/4.0 (compatible; MSIE 8.0; Windows NT 6.0; WOW64; Trident/4.0; GTB6; SLCC1; .NET CLR 2.0.50727; Media Center PC 5.0; Media Center PC 5.1; .NET CLR 3.5.21022; .NET CLR 3.5.30729; .NET CLR 3.0.30618; .NET CLR 1.1.4322; InfoPath.2)" "www.templeos.org"
251.75.185.90 - - [08/May/2009:06:20:05 -0700] "GET /favicon.ico HTTP/1.1" 404 275 "-" "Mozilla/4.0 (compatible; MSIE 8.0; Windows NT 6.0; WOW64; Trident/4.0; GTB6; SLCC1; .NET CLR 2.0.50727; Media Center PC 5.0; Media Center PC 5.1; .NET CLR 3.5.21022; .NET CLR 3.5.30729; .NET CLR 3.0.30618; .NET CLR 1.1.4322; InfoPath.2)" "www.templeos.org"
251.75.185.90 - - [08/May/2009:06:20:07 -0700] "GET /media/Demo1.wmv HTTP/1.1" 200 720896 "-" "NSPlayer/11.00.6001.7001 WMFSDK/11.00.6001.7001" "www.templeos.org"
18.17.74.96 - - [08/May/2009:06:27:26 -0700] "GET /flightsim.html HTTP/1.0" 200 50990 "-" "Gaisbot/3.0+(robot06@gais.cs.ccu.edu.tw;+http://gais.cs.ccu.edu.tw/robot.php)" "www.templeos.org"
18.17.74.18 - - [08/May/2009:06:27:29 -0700] "GET /squirt.html HTTP/1.0" 200 33028 "-" "Gaisbot/3.0+(robot06@gais.cs.ccu.edu.tw;+http://gais.cs.ccu.edu.tw/robot.php)" "www.templeos.org"
18.17.74.147 - - [08/May/2009:06:27:38 -0700] "GET /tanks.html HTTP/1.0" 200 3917 "-" "Gaisbot/3.0+(robot06@gais.cs.ccu.edu.tw;+http://gais.cs.ccu.edu.tw/robot.php)" "www.templeos.org"
18.17.74.122 - - [08/May/2009:06:27:50 -0700] "GET /fps.html HTTP/1.0" 200 33359 "-" "Gaisbot/3.0+(robot06@gais.cs.ccu.edu.tw;+http://gais.cs.ccu.edu.tw/robot.php)" "www.templeos.org"
233.20.138.227 - - [08/May/2009:06:34:35 -0700] "GET /v502.html HTTP/1.1" 404 275 "http://www.semantic.hn/" "AppEngine-Google; (+http://code.google.com/appengine)" "www.templeos.org"
233.20.138.227 - - [08/May/2009:06:51:36 -0700] "GET /v502.html HTTP/1.1" 404 275 "http://www.semantic.hn/" "AppEngine-Google; (+http://code.google.com/appengine)" "www.templeos.org"
55.229.56.100 - - [08/May/2009:06:55:57 -0700] "GET /robots.txt HTTP/1.1" 404 275 "-" "T-Mobile Dash Mozilla/4.0 (compatible; MSIE 4.01; Windows CE; Smartphone; 320x240; MSNBOT-MOBILE/1.1; +http://search.msn.com/msnbot.htm)" "www.templeos.org"
55.229.56.100 - - [08/May/2009:06:55:58 -0700] "GET / HTTP/1.1" 200 81188 "-" "T-Mobile Dash Mozilla/4.0 (compatible; MSIE 4.01; Windows CE; Smartphone; 320x240; MSNBOT-MOBILE/1.1; +http://search.msn.com/msnbot.htm)" "www.templeos.org"
6.101.117.245 - - [08/May/2009:07:00:20 -0700] "GET / HTTP/1.1" 304 - "-" "Mozilla/4.0 (compatible; MSIE 7.0; Windows NT 6.0; WOW64; SU 3.21; SLCC1; .NET CLR 2.0.50727; .NET CLR 3.0.04506; Media Center PC 5.0)" "www.templeos.org"
6.101.117.245 - - [08/May/2009:07:00:20 -0700] "GET /images/Header.JPG HTTP/1.1" 304 - "http://www.templeos.org/" "Mozilla/4.0 (compatible; MSIE 7.0; Windows NT 6.0; WOW64; SU 3.21; SLCC1; .NET CLR 2.0.50727; .NET CLR 3.0.04506; Media Center PC 5.0)" "www.templeos.org"
65.179.102.199 - - [08/May/2009:07:00:31 -0700] "GET /v502.html HTTP/1.1" 404 275 "http://www.semantic.hn/" "AppEngine-Google; (+http://code.google.com/appengine)" "www.templeos.org"
6.101.117.245 - - [08/May/2009:07:00:44 -0700] "GET /media/Demo1.wmv HTTP/1.1" 200 7471104 "-" "NSPlayer/11.00.6001.7001 WMFSDK/11.00.6001.7001" "www.templeos.org"
209.50.52.113 - - [08/May/2009:07:07:17 -0700] "GET /TempleOSCD.ISO HTTP/1.1" 304 - "-" "Mediapartners-Google" "www.templeos.org"
160.87.212.223 - - [08/May/2009:07:07:25 -0700] "GET /TempleOSCD.ISO HTTP/1.1" 200 262144 "-" "Mozilla/5.0 (Windows; U; Windows NT 5.1; en-US; rv:1.9.0.10) Gecko/2009042316 Firefox/3.0.10" "www.templeos.org"
160.87.212.223 - - [08/May/2009:07:08:01 -0700] "GET /TempleOSCD.ISO HTTP/1.1" 200 720896 "-" "Mozilla/5.0 (Windows; U; Windows NT 5.1; en-US; rv:1.9.0.10) Gecko/2009042316 Firefox/3.0.10" "www.templeos.org"
55.229.238.191 - - [08/May/2009:07:13:11 -0700] "GET /screenshots.html HTTP/1.0" 304 - "-" "msnbot/2.0b (+http://search.msn.com/msnbot.htm)" "www.templeos.org"
174.144.254.2 - - [08/May/2009:07:13:43 -0700] "GET / HTTP/1.1" 200 81188 "http://www.google.com/search?source=ig&hl=en&rlz=1G1GGLQ_ENUS274&q=64+bit+operating+system&aq=f&oq=" "Mozilla/4.0 (compatible; MSIE 6.0; Windows NT 5.1; SV1; DHSI60SP1001; .NET CLR 2.0.50727; InfoPath.1; .NET CLR 1.1.4322)" "www.templeos.org"
174.144.254.2 - - [08/May/2009:07:13:43 -0700] "GET /images/Header.JPG HTTP/1.1" 200 2982 "http://www.templeos.org/" "Mozilla/4.0 (compatible; MSIE 6.0; Windows NT 5.1; SV1; DHSI60SP1001; .NET CLR 2.0.50727; InfoPath.1; .NET CLR 1.1.4322)" "www.templeos.org"
174.144.254.2 - - [08/May/2009:07:14:43 -0700] "GET /media/Demo1.wmv HTTP/1.1" 200 66292058 "http://www.templeos.org/" "Mozilla/4.0 (compatible; MSIE 6.0; Windows NT 5.1; SV1; DHSI60SP1001; .NET CLR 2.0.50727; InfoPath.1; .NET CLR 1.1.4322)" "www.templeos.org"
233.20.138.227 - - [08/May/2009:07:17:27 -0700] "GET /v502.html HTTP/1.1" 404 275 "http://www.semantic.hn/" "AppEngine-Google; (+http://code.google.com/appengine)" "www.templeos.org"
32.251.68.101 - - [08/May/2009:07:19:24 -0700] "GET /v502.html HTTP/1.1" 404 275 "-" "Yanga WorldSearch Bot v1.1/beta (http://www.yanga.co.uk/)" "www.templeos.org"
65.181.170.162 - - [08/May/2009:07:28:34 -0700] "GET /TempleOSCD.ISO HTTP/1.0" 304 - "-" "Mozilla/5.0 (compatible; Yahoo! Slurp/3.0; http://help.yahoo.com/help/us/ysearch/slurp)" "www.templeos.org"
233.20.138.223 - - [08/May/2009:07:34:31 -0700] "GET /v502.html HTTP/1.1" 404 275 "http://www.semantic.hn/" "AppEngine-Google; (+http://code.google.com/appengine)" "www.templeos.org"
238.72.115.95 - - [08/May/2009:07:39:10 -0700] "GET /TempleOSCD.ISO HTTP/1.1" 200 327680 "http://www.globalfreeware.com/Freeware-PDF-Unlocker-v104-download.html" "Mozilla/4.0 (compatible; MSIE 7.0; Windows NT 5.1; GTB6; .NET CLR 1.1.4322; InfoPath.2; .NET CLR 2.0.50727; .NET CLR 3.0.04506.30; .NET CLR 3.0.04506.648)" "www.templeos.org"
22.177.40.19 - - [08/May/2009:07:49:24 -0700] "GET /TempleOSCD.ISO HTTP/1.1" 200 4704256 "http://fileforum.betanews.com/sendfile/1183618683/1/1241785810.5c969ec306d9c2484851a1e4f778d66b66f7bae7/" "Download Master" "www.templeos.org"
65.179.102.141 - - [08/May/2009:07:51:32 -0700] "GET /v502.html HTTP/1.1" 404 275 "http://www.semantic.hn/" "AppEngine-Google; (+http://code.google.com/appengine)" "www.templeos.org"
209.64.102.137 - - [08/May/2009:07:58:18 -0700] "GET /index.html HTTP/1.1" 200 81188 "http://search.yahoo.com/search?p=download+c+source+files&ei=UTF-8&fr=yfp-t-501&fr2=rs-bottom&rs=0&xargs=0&pstart=1&b=11&xa=QbssPtUmwXWKlURq0.LOMA--,1241880988" "Mozilla/5.0 (Windows; U; Windows NT 5.1; en-US; rv:1.9.0.10) Gecko/2009042316 Firefox/3.0.10" "templeos.org"
209.64.102.137 - - [08/May/2009:07:58:18 -0700] "GET /images/Header.JPG HTTP/1.1" 200 2982 "http://templeos.org/index.html" "Mozilla/5.0 (Windows; U; Windows NT 5.1; en-US; rv:1.9.0.10) Gecko/2009042316 Firefox/3.0.10" "templeos.org"
209.64.102.137 - - [08/May/2009:07:58:22 -0700] "GET /media/Demo1.wmv HTTP/1.1" 200 1310720 "http://templeos.org/index.html" "Mozilla/5.0 (Windows; U; Windows NT 5.1; en-US; rv:1.9.0.10) Gecko/2009042316 Firefox/3.0.10" "templeos.org"
209.64.102.137 - - [08/May/2009:07:58:22 -0700] "GET /favicon.ico HTTP/1.1" 404 275 "-" "Mozilla/5.0 (Windows; U; Windows NT 5.1; en-US; rv:1.9.0.10) Gecko/2009042316 Firefox/3.0.10" "templeos.org"
209.64.102.137 - - [08/May/2009:07:58:23 -0700] "GET /media/Demo1.wmv HTTP/1.1" 200 786432 "-" "NSPlayer/11.0.5721.5251" "templeos.org"
209.64.102.137 - - [08/May/2009:07:58:25 -0700] "GET /favicon.ico HTTP/1.1" 404 275 "-" "Mozilla/5.0 (Windows; U; Windows NT 5.1; en-US; rv:1.9.0.10) Gecko/2009042316 Firefox/3.0.10" "templeos.org"
233.20.138.241 - - [08/May/2009:08:00:27 -0700] "GET /v502.html HTTP/1.1" 404 275 "http://www.semantic.hn/" "AppEngine-Google; (+http://code.google.com/appengine)" "www.templeos.org"
165.58.160.227 - - [08/May/2009:08:06:49 -0700] "GET /favicon.ico HTTP/1.1" 404 275 "-" "Mozilla/5.0 (Windows; U; Windows NT 6.0; zh-TW; rv:1.9.0.10) Gecko/2009042316 Firefox/3.0.10 GTB5" "www.templeos.org"
65.78.92.131 - - [08/May/2009:08:12:09 -0700] "GET /TempleOSCD.ISO HTTP/1.1" 200 589824 "-" "Mozilla/5.0 (Windows; U; Windows NT 5.1; en-US; rv:1.9.0.10) Gecko/2009042316 Firefox/3.0.10 (.NET CLR 3.5.30729)" "www.templeos.org"
209.50.52.113 - - [08/May/2009:08:16:40 -0700] "GET /TempleOSCD.ISO HTTP/1.1" 304 - "-" "Mediapartners-Google" "www.templeos.org"
146.164.123.66 - - [08/May/2009:08:16:58 -0700] "GET /TempleOSCD.ISO HTTP/1.1" 200 3211264 "-" "Mozilla/5.0 (Windows; U; Windows NT 5.1; sk; rv:1.9.0.10) Gecko/2009042316 Firefox/3.0.10" "www.templeos.org"
65.179.102.141 - - [08/May/2009:08:17:30 -0700] "GET /v502.html HTTP/1.1" 404 275 "http://www.semantic.hn/" "AppEngine-Google; (+http://code.google.com/appengine)" "www.templeos.org"
104.111.44.125 - - [08/May/2009:08:19:11 -0700] "GET /TempleOSCD.ISO HTTP/1.0" 200 1114112 "http://www.globalfreeware.com/NETEagle-550-download.html" "Mozilla/4.0 WebTV/2.6 (compatible; MSIE 4.0)" "www.templeos.org"
65.179.102.241 - - [08/May/2009:08:34:35 -0700] "GET /v502.html HTTP/1.1" 404 275 "http://www.semantic.hn/" "AppEngine-Google; (+http://code.google.com/appengine)" "www.templeos.org"
65.181.170.162 - - [08/May/2009:08:34:39 -0700] "GET /logs/access_081111.log HTTP/1.0" 401 395 "-" "Mozilla/5.0 (compatible; Yahoo! Slurp/3.0; http://help.yahoo.com/help/us/ysearch/slurp)" "www.templeos.org"
146.63.0.242 - - [08/May/2009:08:44:27 -0700] "GET / HTTP/1.0" 200 81188 "http://www.google.de/search?q=64+bit+opensource+kernel&ie=utf-8&oe=utf-8&aq=t&rls=org.mozilla:de:official&client=firefox-a" "Mozilla/5.0 (Windows; U; Windows NT 5.1; de; rv:1.8.1.6) Gecko/20070725 Firefox/2.0.0.6" "www.templeos.org"
146.63.0.242 - - [08/May/2009:08:44:29 -0700] "GET /images/Header.JPG HTTP/1.0" 200 2982 "http://www.templeos.org/" "Mozilla/5.0 (Windows; U; Windows NT 5.1; de; rv:1.8.1.6) Gecko/20070725 Firefox/2.0.0.6" "www.templeos.org"
146.63.0.242 - - [08/May/2009:08:44:34 -0700] "GET /favicon.ico HTTP/1.0" 404 275 "-" "Mozilla/5.0 (Windows; U; Windows NT 5.1; de; rv:1.8.1.6) Gecko/20070725 Firefox/2.0.0.6" "www.templeos.org"
146.63.0.242 - - [08/May/2009:08:44:36 -0700] "GET /screenshots.html HTTP/1.0" 200 11591 "http://www.templeos.org/" "Mozilla/5.0 (Windows; U; Windows NT 5.1; de; rv:1.8.1.6) Gecko/20070725 Firefox/2.0.0.6" "www.templeos.org"
146.63.0.242 - - [08/May/2009:08:44:36 -0700] "GET /images/Collision.JPG HTTP/1.0" 200 77496 "http://www.templeos.org/screenshots.html" "Mozilla/5.0 (Windows; U; Windows NT 5.1; de; rv:1.8.1.6) Gecko/20070725 Firefox/2.0.0.6" "www.templeos.org"
146.63.0.242 - - [08/May/2009:08:44:36 -0700] "GET /images/CTrace.JPG HTTP/1.0" 200 72254 "http://www.templeos.org/screenshots.html" "Mozilla/5.0 (Windows; U; Windows NT 5.1; de; rv:1.8.1.6) Gecko/20070725 Firefox/2.0.0.6" "www.templeos.org"
146.63.0.242 - - [08/May/2009:08:44:36 -0700] "GET /images/Dollar.JPG HTTP/1.0" 200 92536 "http://www.templeos.org/screenshots.html" "Mozilla/5.0 (Windows; U; Windows NT 5.1; de; rv:1.8.1.6) Gecko/20070725 Firefox/2.0.0.6" "www.templeos.org"
146.63.0.242 - - [08/May/2009:08:44:36 -0700] "GET /images/DotNet.JPG HTTP/1.0" 200 77806 "http://www.templeos.org/screenshots.html" "Mozilla/5.0 (Windows; U; Windows NT 5.1; de; rv:1.8.1.6) Gecko/20070725 Firefox/2.0.0.6" "www.templeos.org"
146.63.0.242 - - [08/May/2009:08:44:38 -0700] "GET /images/Rocks.JPG HTTP/1.0" 200 38304 "http://www.templeos.org/screenshots.html" "Mozilla/5.0 (Windows; U; Windows NT 5.1; de; rv:1.8.1.6) Gecko/20070725 Firefox/2.0.0.6" "www.templeos.org"
146.63.0.242 - - [08/May/2009:08:44:38 -0700] "GET /images/Tanks.JPG HTTP/1.0" 200 110155 "http://www.templeos.org/screenshots.html" "Mozilla/5.0 (Windows; U; Windows NT 5.1; de; rv:1.8.1.6) Gecko/20070725 Firefox/2.0.0.6" "www.templeos.org"
146.63.0.242 - - [08/May/2009:08:44:39 -0700] "GET /images/FlightSim2.JPG HTTP/1.0" 200 58066 "http://www.templeos.org/screenshots.html" "Mozilla/5.0 (Windows; U; Windows NT 5.1; de; rv:1.8.1.6) Gecko/20070725 Firefox/2.0.0.6" "www.templeos.org"
146.63.0.242 - - [08/May/2009:08:44:39 -0700] "GET /images/FPS.JPG HTTP/1.0" 200 18883 "http://www.templeos.org/screenshots.html" "Mozilla/5.0 (Windows; U; Windows NT 5.1; de; rv:1.8.1.6) Gecko/20070725 Firefox/2.0.0.6" "www.templeos.org"
146.63.0.242 - - [08/May/2009:08:44:39 -0700] "GET /images/Span.JPG HTTP/1.0" 200 30960 "http://www.templeos.org/screenshots.html" "Mozilla/5.0 (Windows; U; Windows NT 5.1; de; rv:1.8.1.6) Gecko/20070725 Firefox/2.0.0.6" "www.templeos.org"
146.63.0.242 - - [08/May/2009:08:44:40 -0700] "GET /images/Squirt.JPG HTTP/1.0" 200 17481 "http://www.templeos.org/screenshots.html" "Mozilla/5.0 (Windows; U; Windows NT 5.1; de; rv:1.8.1.6) Gecko/20070725 Firefox/2.0.0.6" "www.templeos.org"
146.63.0.242 - - [08/May/2009:08:44:40 -0700] "GET /images/XCaliber.jpg HTTP/1.0" 200 20758 "http://www.templeos.org/screenshots.html" "Mozilla/5.0 (Windows; U; Windows NT 5.1; de; rv:1.8.1.6) Gecko/20070725 Firefox/2.0.0.6" "www.templeos.org"
146.63.0.242 - - [08/May/2009:08:44:40 -0700] "GET /images/Organ.jpg HTTP/1.0" 200 38835 "http://www.templeos.org/screenshots.html" "Mozilla/5.0 (Windows; U; Windows NT 5.1; de; rv:1.8.1.6) Gecko/20070725 Firefox/2.0.0.6" "www.templeos.org"
146.63.0.242 - - [08/May/2009:08:44:40 -0700] "GET /images/TempleOSV505.jpg HTTP/1.0" 200 80248 "http://www.templeos.org/screenshots.html" "Mozilla/5.0 (Windows; U; Windows NT 5.1; de; rv:1.8.1.6) Gecko/20070725 Firefox/2.0.0.6" "www.templeos.org"
146.63.0.242 - - [08/May/2009:08:45:08 -0700] "GET /media/Demo1.wmv HTTP/1.0" 200 7995392 "http://www.templeos.org/" "Mozilla/5.0 (Windows; U; Windows NT 5.1; de; rv:1.8.1.6) Gecko/20070725 Firefox/2.0.0.6" "www.templeos.org"
239.221.165.251 - - [08/May/2009:08:48:37 -0700] "GET /favicon.ico HTTP/1.1" 404 275 "-" "Mozilla/5.0 (Windows; U; Windows NT 5.1; en-US; rv:1.9.0.10) Gecko/2009042316 Firefox/3.0.10 GTB5 (.NET CLR 3.5.30729)" "templeos.org"
233.20.138.241 - - [08/May/2009:08:51:27 -0700] "GET /v502.html HTTP/1.1" 404 275 "http://www.semantic.hn/" "AppEngine-Google; (+http://code.google.com/appengine)" "www.templeos.org"
209.50.52.113 - - [08/May/2009:08:52:26 -0700] "GET /TempleOSCD.ISO HTTP/1.1" 304 - "-" "Mediapartners-Google" "www.templeos.org"
49.214.219.204 - - [08/May/2009:08:53:18 -0700] "GET /TempleOSCD.ISO HTTP/1.1" 200 1310720 "-" "Mozilla/5.0 (Windows; U; Windows NT 5.1; en-US; rv:1.9) Gecko/2008052906 Firefox/3.0" "www.templeos.org"
55.229.238.33 - - [08/May/2009:08:56:50 -0700] "GET /codesamples.html HTTP/1.0" 404 275 "-" "msnbot/2.0b (+http://search.msn.com/msnbot.htm)" "www.templeos.org"
233.20.138.101 - - [08/May/2009:09:00:32 -0700] "GET /v502.html HTTP/1.1" 404 275 "http://www.semantic.hn/" "AppEngine-Google; (+http://code.google.com/appengine)" "www.templeos.org"
209.50.52.113 - - [08/May/2009:09:01:25 -0700] "GET /TempleOSCD.ISO HTTP/1.1" 304 - "-" "Mediapartners-Google" "www.templeos.org"
179.203.182.229 - - [08/May/2009:09:01:32 -0700] "GET /TempleOSCD.ISO HTTP/1.1" 200 327680 "-" "Mozilla/4.0 (compatible; MSIE 7.0; Windows NT 6.0; Trident/4.0; GTB6; SLCC1; .NET CLR 2.0.50727; Media Center PC 5.0; .NET CLR 3.5.30729; .NET CLR 3.0.30618; MSN Optimized;US)" "www.templeos.org"
179.203.182.229 - - [08/May/2009:09:02:25 -0700] "GET /TempleOSCD.ISO HTTP/1.1" 200 4704256 "http://www.globalfreeware.com/ChemBalance-Wizard-32--v10-download.html" "Mozilla/4.0 (compatible; MSIE 7.0; Windows NT 6.0; Trident/4.0; GTB6; SLCC1; .NET CLR 2.0.50727; Media Center PC 5.0; .NET CLR 3.5.30729; .NET CLR 3.0.30618; MSN Optimized;US)" "www.templeos.org"
124.84.164.161 - - [08/May/2009:09:08:10 -0700] "GET /TempleOSCD.ISO HTTP/1.1" 200 4704256 "http://www.globalfreeware.com/DEV-C-4992-download.html" "Mozilla/4.0 (compatible; MSIE 6.0; Windows NT 5.1; SV1)" "www.templeos.org"
203.248.53.15 - - [08/May/2009:09:08:23 -0700] "GET /TempleOSCD.ISO HTTP/1.1" 200 4704256 "http://74.125.39.132/translate_c?hl=ru&ie=UTF-8&sl=en&tl=ru&u=http://fileforum.betanews.com/download/1183618683/1&prev=_t&rurl=translate.google.ru&usg=ALkJrhj8elHUBMktUUuK-DaW0dLVkRJ9og" "Opera/9.64 (Windows NT 6.1; U; ru) Presto/2.1.1" "www.templeos.org"
65.179.102.60 - - [08/May/2009:09:17:34 -0700] "GET /v502.html HTTP/1.1" 404 275 "http://www.semantic.hn/" "AppEngine-Google; (+http://code.google.com/appengine)" "www.templeos.org"
236.173.255.192 - - [08/May/2009:09:19:00 -0700] "GET /TempleOSCD.ISO HTTP/1.1" 200 589824 "-" "Mozilla/5.0 (Windows; U; Windows NT 5.1; en-GB; rv:1.9.0.10) Gecko/2009042316 Firefox/3.0.10" "www.templeos.org"
65.179.102.88 - - [08/May/2009:09:34:30 -0700] "GET /v502.html HTTP/1.1" 404 275 "http://www.semantic.hn/" "AppEngine-Google; (+http://code.google.com/appengine)" "www.templeos.org"
135.185.119.63 - - [08/May/2009:09:36:04 -0700] "GET / HTTP/1.1" 200 81188 "http://www.google.sk/search?hl=sk&q=PC+64bit+operating+system&btnG=H%C4%BEada%C5%A5+v+Google&meta=&aq=o&oq=" "Mozilla/5.0 (Windows; U; Windows NT 5.2; en-GB; rv:1.8.1.6) Gecko/20070725 Firefox/2.0.0.6" "www.templeos.org"
135.185.119.63 - - [08/May/2009:09:38:00 -0700] "GET /images/Header.JPG HTTP/1.1" 200 2982 "http://www.templeos.org/" "Mozilla/5.0 (Windows; U; Windows NT 5.2; en-GB; rv:1.8.1.6) Gecko/20070725 Firefox/2.0.0.6" "www.templeos.org"
48.224.104.183 - - [08/May/2009:09:38:00 -0700] "GET /TempleOSCD.ISO HTTP/1.1" 200 4704256 "http://www.globalfreeware.com/DirectX-90c-Redistributable-March-2009-download.html" "Mozilla/5.0 (Windows; U; Windows NT 5.1; en-US; rv:1.9.0.10) Gecko/2009042316 Firefox/3.0.10" "www.templeos.org"
135.185.119.63 - - [08/May/2009:09:38:06 -0700] "GET /media/Demo1.wmv HTTP/1.1" 200 458752 "http://www.templeos.org/" "Mozilla/5.0 (Windows; U; Windows NT 5.2; en-GB; rv:1.8.1.6) Gecko/20070725 Firefox/2.0.0.6" "www.templeos.org"
135.185.119.63 - - [08/May/2009:09:38:34 -0700] "GET /favicon.ico HTTP/1.1" 404 275 "-" "Mozilla/5.0 (Windows; U; Windows NT 5.2; en-GB; rv:1.8.1.6) Gecko/20070725 Firefox/2.0.0.6" "www.templeos.org"
65.181.170.162 - - [08/May/2009:09:40:29 -0700] "GET /TempleOSCD.ISO HTTP/1.0" 304 - "-" "Mozilla/5.0 (compatible; Yahoo! Slurp/3.0; http://help.yahoo.com/help/us/ysearch/slurp)" "www.templeos.org"
135.185.119.63 - - [08/May/2009:09:43:39 -0700] "GET /favicon.ico HTTP/1.1" 404 275 "-" "Mozilla/5.0 (Windows; U; Windows NT 5.2; en-GB; rv:1.8.1.6) Gecko/20070725 Firefox/2.0.0.6" "www.templeos.org"
135.185.119.63 - - [08/May/2009:09:48:27 -0700] "GET /favicon.ico HTTP/1.1" 404 275 "-" "Mozilla/5.0 (Windows; U; Windows NT 5.2; en-GB; rv:1.8.1.6) Gecko/20070725 Firefox/2.0.0.6" "www.templeos.org"
249.213.23.113 - - [08/May/2009:09:49:52 -0700] "GET /TempleOSCD.ISO HTTP/1.1" 200 262144 "-" "Mozilla/5.0 (Windows; U; Windows NT 5.1; en-US; rv:1.9.0.10) Gecko/2009042316 Firefox/3.0.10" "www.templeos.org"
233.20.138.223 - - [08/May/2009:09:51:29 -0700] "GET /v502.html HTTP/1.1" 404 275 "http://www.semantic.hn/" "AppEngine-Google; (+http://code.google.com/appengine)" "www.templeos.org"
82.152.113.223 - - [08/May/2009:09:55:32 -0700] "GET /favicon.ico HTTP/1.1" 404 275 "-" "Mozilla/4.0 (compatible; GoogleToolbar 5.0.2000.5344-big; Windows 6.0; MSIE 7.0.6001.18000)" "www.templeos.org"
82.152.113.223 - - [08/May/2009:09:55:32 -0700] "GET /favicon.gif HTTP/1.1" 404 275 "-" "Mozilla/4.0 (compatible; GoogleToolbar 5.0.2000.5344-big; Windows 6.0; MSIE 7.0.6001.18000)" "www.templeos.org"
198.243.225.29 - - [08/May/2009:10:00:03 -0700] "GET /robots.txt HTTP/1.1" 404 275 "-" "S2Bot/1.0 (http://search2.net; bot[at]search2[dot]net)" "www.templeos.org"
198.243.225.29 - - [08/May/2009:10:00:05 -0700] "GET / HTTP/1.1" 200 81188 "-" "S2Bot/1.0 (http://search2.net; bot[at]search2[dot]net)" "www.templeos.org"
233.20.138.223 - - [08/May/2009:10:00:34 -0700] "GET /v502.html HTTP/1.1" 404 275 "http://www.semantic.hn/" "AppEngine-Google; (+http://code.google.com/appengine)" "www.templeos.org"
55.229.238.93 - - [08/May/2009:10:10:26 -0700] "GET /robots.txt HTTP/1.1" 404 275 "-" "msnbot/2.0b (+http://search.msn.com/msnbot.htm)" "www.templeos.org"
209.50.52.113 - - [08/May/2009:10:14:53 -0700] "GET /TempleOSCD.ISO HTTP/1.1" 304 - "-" "Mediapartners-Google" "www.templeos.org"
51.253.16.191 - - [08/May/2009:10:15:33 -0700] "GET /TempleOSCD.ISO HTTP/1.0" 200 262144 "-" "Mozilla/4.0 (compatible; MSIE 6.0; Windows NT 5.1; SV1; .NET CLR 1.1.4322)" "www.templeos.org"
51.253.16.191 - - [08/May/2009:10:16:16 -0700] "GET /TempleOSCD.ISO HTTP/1.0" 200 458752 "-" "Mozilla/4.0 (compatible; MSIE 6.0; Windows NT 5.1; SV1; .NET CLR 1.1.4322)" "www.templeos.org"
51.253.16.191 - - [08/May/2009:10:17:06 -0700] "GET /TempleOSCD.ISO HTTP/1.0" 200 262144 "-" "Mozilla/4.0 (compatible; MSIE 6.0; Windows NT 5.1; SV1; .NET CLR 1.1.4322)" "www.templeos.org"
65.179.102.60 - - [08/May/2009:10:17:43 -0700] "GET /v502.html HTTP/1.1" 404 275 "http://www.semantic.hn/" "AppEngine-Google; (+http://code.google.com/appengine)" "www.templeos.org"
55.221.207.7 - - [08/May/2009:10:22:08 -0700] "GET /TempleOSCD.ISO HTTP/1.0" 200 4704256 "-" "Mozilla/4.0 (compatible; MSIE 7.0; Windows NT 5.1; Trident/4.0; .NET CLR 1.1.4322; .NET CLR 2.0.50727; MSN 9.0;MSN 9.1;MSN 9.6; MSNbMSNI; MSNmen-us; MSNcIA)" "www.templeos.org"
51.253.16.191 - - [08/May/2009:10:22:56 -0700] "GET /TempleOSCD.ISO HTTP/1.0" 200 4704256 "-" "Mozilla/4.0 (compatible; MSIE 6.0; Windows NT 5.1; SV1; .NET CLR 1.1.4322)" "www.templeos.org"
65.181.170.162 - - [08/May/2009:10:29:21 -0700] "GET /v316.html HTTP/1.0" 404 275 "-" "Mozilla/5.0 (compatible; Yahoo! Slurp/3.0; http://help.yahoo.com/help/us/ysearch/slurp)" "www.templeos.org"
65.179.102.60 - - [08/May/2009:10:34:41 -0700] "GET /v502.html HTTP/1.1" 404 275 "http://www.semantic.hn/" "AppEngine-Google; (+http://code.google.com/appengine)" "www.templeos.org"
251.255.56.52 - - [08/May/2009:10:36:46 -0700] "GET /TempleOSCD.ISO HTTP/1.1" 200 262144 "-" "Mozilla/4.0 (compatible; MSIE 8.0; Windows NT 5.1; Trident/4.0; .NET CLR 1.1.4322; yie8)" "www.templeos.org"
251.255.56.52 - - [08/May/2009:10:37:14 -0700] "GET /TempleOSCD.ISO HTTP/1.1" 200 4704256 "-" "Mozilla/4.0 (compatible; MSIE 8.0; Windows NT 5.1; Trident/4.0; .NET CLR 1.1.4322; yie8)" "www.templeos.org"
209.50.52.113 - - [08/May/2009:10:38:12 -0700] "GET /TempleOSCD.ISO HTTP/1.1" 304 - "-" "Mediapartners-Google" "www.templeos.org"
251.255.56.52 - - [08/May/2009:10:38:15 -0700] "GET /TempleOSCD.ISO HTTP/1.1" 304 - "-" "Mozilla/4.0 (compatible; MSIE 8.0; Windows NT 5.1; Trident/4.0; .NET CLR 1.1.4322; yie8)" "www.templeos.org"
251.255.56.52 - - [08/May/2009:10:38:23 -0700] "GET /TempleOSCD.ISO HTTP/1.1" 304 - "-" "Mozilla/4.0 (compatible; MSIE 8.0; Windows NT 5.1; Trident/4.0; .NET CLR 1.1.4322; yie8)" "www.templeos.org"
82.152.113.223 - - [08/May/2009:10:48:59 -0700] "GET /favicon.ico HTTP/1.1" 404 275 "-" "Mozilla/4.0 (compatible; GoogleToolbar 5.0.2000.5344-big; Windows 6.0; MSIE 7.0.6001.18000)" "www.templeos.org"
82.152.113.223 - - [08/May/2009:10:49:00 -0700] "GET /favicon.gif HTTP/1.1" 404 275 "-" "Mozilla/4.0 (compatible; GoogleToolbar 5.0.2000.5344-big; Windows 6.0; MSIE 7.0.6001.18000)" "www.templeos.org"
233.20.138.227 - - [08/May/2009:10:51:36 -0700] "GET /v502.html HTTP/1.1" 404 275 "http://www.semantic.hn/" "AppEngine-Google; (+http://code.google.com/appengine)" "www.templeos.org"
233.20.138.199 - - [08/May/2009:11:00:30 -0700] "GET /v502.html HTTP/1.1" 404 275 "http://www.semantic.hn/" "AppEngine-Google; (+http://code.google.com/appengine)" "www.templeos.org"
131.98.85.64 - - [08/May/2009:11:07:26 -0700] "GET /images/TempleOS421.JPG HTTP/1.1" 404 275 "http://forum.osdev.org/viewtopic.php?f=1&t=12087&start=255" "Mozilla/4.0 (compatible; MSIE 7.0; Windows NT 5.1; .NET CLR 2.0.50727; .NET CLR 3.0.04506.648; .NET CLR 3.5.21022; .NET CLR 3.0.4506.2152; .NET CLR 3.5.30729; .NET CLR 1.1.4322)" "www.templeos.org"
166.241.48.100 - - [08/May/2009:11:09:10 -0700] "GET / HTTP/1.1" 200 81188 "http://www.google.co.uk/search?q=64bit+file+browser+open+source&ie=utf-8&oe=utf-8&aq=t&rls=org.mozilla:en-GB:official&client=firefox-a" "Mozilla/5.0 (Windows; U; Windows NT 5.2; en-GB; rv:1.9.0.10) Gecko/2009042316 Firefox/3.0.10" "www.templeos.org"
166.241.48.100 - - [08/May/2009:11:09:11 -0700] "GET /images/Header.JPG HTTP/1.1" 200 2982 "http://www.templeos.org/" "Mozilla/5.0 (Windows; U; Windows NT 5.2; en-GB; rv:1.9.0.10) Gecko/2009042316 Firefox/3.0.10" "www.templeos.org"
166.241.48.100 - - [08/May/2009:11:09:11 -0700] "GET /media/Demo1.wmv HTTP/1.1" 200 196608 "http://www.templeos.org/" "Mozilla/5.0 (Windows; U; Windows NT 5.2; en-GB; rv:1.9.0.10) Gecko/2009042316 Firefox/3.0.10" "www.templeos.org"
166.241.48.100 - - [08/May/2009:11:09:12 -0700] "GET /favicon.ico HTTP/1.1" 404 275 "-" "Mozilla/5.0 (Windows; U; Windows NT 5.2; en-GB; rv:1.9.0.10) Gecko/2009042316 Firefox/3.0.10" "www.templeos.org"
166.241.48.100 - - [08/May/2009:11:09:15 -0700] "GET /favicon.ico HTTP/1.1" 404 275 "-" "Mozilla/5.0 (Windows; U; Windows NT 5.2; en-GB; rv:1.9.0.10) Gecko/2009042316 Firefox/3.0.10" "www.templeos.org"
233.20.138.199 - - [08/May/2009:11:17:30 -0700] "GET /v502.html HTTP/1.1" 404 275 "http://www.semantic.hn/" "AppEngine-Google; (+http://code.google.com/appengine)" "www.templeos.org"
209.50.52.113 - - [08/May/2009:11:21:59 -0700] "GET /TempleOSCD.ISO HTTP/1.1" 304 - "-" "Mediapartners-Google" "www.templeos.org"
223.173.214.11 - - [08/May/2009:11:22:08 -0700] "GET /TempleOSCD.ISO HTTP/1.1" 200 327680 "-" "Mozilla/4.0 (compatible; MSIE 7.0; Windows NT 5.1; Mozilla/4.0 (compatible; MSIE 6.0; Windows NT 5.1; SV1) )" "www.templeos.org"
55.229.56.100 - - [08/May/2009:11:22:16 -0700] "GET /trouble.html HTTP/1.1" 200 25395 "-" "T-Mobile Dash Mozilla/4.0 (compatible; MSIE 4.01; Windows CE; Smartphone; 320x240; MSNBOT-MOBILE/1.1; +http://search.msn.com/msnbot.htm)" "www.templeos.org"
223.173.214.11 - - [08/May/2009:11:22:41 -0700] "GET /TempleOSCD.ISO HTTP/1.1" 200 393216 "-" "Mozilla/4.0 (compatible; MSIE 7.0; Windows NT 5.1; Mozilla/4.0 (compatible; MSIE 6.0; Windows NT 5.1; SV1) )" "www.templeos.org"
55.229.2.242 - - [08/May/2009:11:22:59 -0700] "GET /robots.txt HTTP/1.1" 404 275 "-" "msnbot/1.1 (+http://search.msn.com/msnbot.htm)" "www.templeos.org"
55.229.2.242 - - [08/May/2009:11:22:59 -0700] "GET /v505.html HTTP/1.1" 404 275 "-" "msnbot/1.1 (+http://search.msn.com/msnbot.htm)" "www.templeos.org"
233.20.138.199 - - [08/May/2009:11:34:37 -0700] "GET /v502.html HTTP/1.1" 404 275 "http://www.semantic.hn/" "AppEngine-Google; (+http://code.google.com/appengine)" "www.templeos.org"
65.181.170.162 - - [08/May/2009:11:34:54 -0700] "GET /v503a.html HTTP/1.0" 404 275 "-" "Mozilla/5.0 (compatible; Yahoo! Slurp/3.0; http://help.yahoo.com/help/us/ysearch/slurp)" "www.templeos.org"
65.181.170.162 - - [08/May/2009:11:48:23 -0700] "GET /TempleOSCD.ISO HTTP/1.0" 304 - "-" "Mozilla/5.0 (compatible; Yahoo! Slurp/3.0; http://help.yahoo.com/help/us/ysearch/slurp)" "www.templeos.org"
41.124.66.161 - - [08/May/2009:11:49:17 -0700] "GET / HTTP/1.1" 200 81188 "http://www.google.co.uk/search?q=free+cd+operating+systems&hl=en&start=10&sa=N" "Mozilla/5.0 (X11; U; Linux i686; en-GB; rv:1.9.0.10) Gecko/2009042708 Fedora/3.0.10-1.fc10 Firefox/3.0.10" "www.templeos.org"
41.124.66.161 - - [08/May/2009:11:49:17 -0700] "GET /images/Header.JPG HTTP/1.1" 200 2982 "http://www.templeos.org/" "Mozilla/5.0 (X11; U; Linux i686; en-GB; rv:1.9.0.10) Gecko/2009042708 Fedora/3.0.10-1.fc10 Firefox/3.0.10" "www.templeos.org"
41.124.66.161 - - [08/May/2009:11:49:18 -0700] "GET /media/Demo1.wmv HTTP/1.1" 200 196608 "http://www.templeos.org/" "Mozilla/5.0 (X11; U; Linux i686; en-GB; rv:1.9.0.10) Gecko/2009042708 Fedora/3.0.10-1.fc10 Firefox/3.0.10" "www.templeos.org"
41.124.66.161 - - [08/May/2009:11:49:19 -0700] "GET /favicon.ico HTTP/1.1" 404 275 "-" "Mozilla/5.0 (X11; U; Linux i686; en-GB; rv:1.9.0.10) Gecko/2009042708 Fedora/3.0.10-1.fc10 Firefox/3.0.10" "www.templeos.org"
41.124.66.161 - - [08/May/2009:11:49:22 -0700] "GET /favicon.ico HTTP/1.1" 404 275 "-" "Mozilla/5.0 (X11; U; Linux i686; en-GB; rv:1.9.0.10) Gecko/2009042708 Fedora/3.0.10-1.fc10 Firefox/3.0.10" "www.templeos.org"
209.50.52.113 - - [08/May/2009:11:50:59 -0700] "GET /TempleOSCD.ISO HTTP/1.1" 304 - "-" "Mediapartners-Google" "www.templeos.org"
220.164.80.170 - - [08/May/2009:11:51:07 -0700] "GET /TempleOSCD.ISO HTTP/1.1" 200 196608 "-" "Mozilla/4.0 (compatible; MSIE 7.0; Windows NT 5.1; Mozilla/4.0 (compatible; MSIE 6.0; Windows NT 5.1; SV1) ; .NET CLR 2.0.50727)" "www.templeos.org"
220.164.80.170 - - [08/May/2009:11:51:16 -0700] "GET /TempleOSCD.ISO HTTP/1.1" 200 262144 "http://www.globalfreeware.com/SynthFont-1081-download.html" "Mozilla/4.0 (compatible; MSIE 7.0; Windows NT 5.1; Mozilla/4.0 (compatible; MSIE 6.0; Windows NT 5.1; SV1) ; .NET CLR 2.0.50727)" "www.templeos.org"
65.179.102.141 - - [08/May/2009:11:51:35 -0700] "GET /v502.html HTTP/1.1" 404 275 "http://www.semantic.hn/" "AppEngine-Google; (+http://code.google.com/appengine)" "www.templeos.org"
203.126.208.225 - - [08/May/2009:11:52:00 -0700] "GET /images/TempleOS421.JPG HTTP/1.1" 404 275 "http://forum.osdev.org/viewtopic.php?f=1&t=12087&start=255" "Mozilla/5.0 (Windows; U; Windows NT 5.1; en-GB; rv:1.9.0.10) Gecko/2009042316 Firefox/3.0.10 (.NET CLR 3.5.30729)" "www.templeos.org"
203.126.208.225 - - [08/May/2009:11:56:38 -0700] "GET /screenshots.html HTTP/1.1" 200 11591 "http://forum.osdev.org/viewtopic.php?f=1&t=12087&start=255" "Mozilla/5.0 (Windows; U; Windows NT 5.1; en-GB; rv:1.9.0.10) Gecko/2009042316 Firefox/3.0.10 (.NET CLR 3.5.30729)" "www.templeos.org"
203.126.208.225 - - [08/May/2009:11:56:38 -0700] "GET /images/Header.JPG HTTP/1.1" 200 2982 "http://www.templeos.org/screenshots.html" "Mozilla/5.0 (Windows; U; Windows NT 5.1; en-GB; rv:1.9.0.10) Gecko/2009042316 Firefox/3.0.10 (.NET CLR 3.5.30729)" "www.templeos.org"
203.126.208.225 - - [08/May/2009:11:56:39 -0700] "GET /images/Dollar.JPG HTTP/1.1" 200 92536 "http://www.templeos.org/screenshots.html" "Mozilla/5.0 (Windows; U; Windows NT 5.1; en-GB; rv:1.9.0.10) Gecko/2009042316 Firefox/3.0.10 (.NET CLR 3.5.30729)" "www.templeos.org"
203.126.208.225 - - [08/May/2009:11:56:39 -0700] "GET /images/Collision.JPG HTTP/1.1" 200 77496 "http://www.templeos.org/screenshots.html" "Mozilla/5.0 (Windows; U; Windows NT 5.1; en-GB; rv:1.9.0.10) Gecko/2009042316 Firefox/3.0.10 (.NET CLR 3.5.30729)" "www.templeos.org"
203.126.208.225 - - [08/May/2009:11:56:39 -0700] "GET /images/CTrace.JPG HTTP/1.1" 200 72254 "http://www.templeos.org/screenshots.html" "Mozilla/5.0 (Windows; U; Windows NT 5.1; en-GB; rv:1.9.0.10) Gecko/2009042316 Firefox/3.0.10 (.NET CLR 3.5.30729)" "www.templeos.org"
203.126.208.225 - - [08/May/2009:11:56:39 -0700] "GET /images/Span.JPG HTTP/1.1" 200 30960 "http://www.templeos.org/screenshots.html" "Mozilla/5.0 (Windows; U; Windows NT 5.1; en-GB; rv:1.9.0.10) Gecko/2009042316 Firefox/3.0.10 (.NET CLR 3.5.30729)" "www.templeos.org"
203.126.208.225 - - [08/May/2009:11:56:40 -0700] "GET /images/DotNet.JPG HTTP/1.1" 200 77806 "http://www.templeos.org/screenshots.html" "Mozilla/5.0 (Windows; U; Windows NT 5.1; en-GB; rv:1.9.0.10) Gecko/2009042316 Firefox/3.0.10 (.NET CLR 3.5.30729)" "www.templeos.org"
203.126.208.225 - - [08/May/2009:11:56:40 -0700] "GET /images/Rocks.JPG HTTP/1.1" 200 38304 "http://www.templeos.org/screenshots.html" "Mozilla/5.0 (Windows; U; Windows NT 5.1; en-GB; rv:1.9.0.10) Gecko/2009042316 Firefox/3.0.10 (.NET CLR 3.5.30729)" "www.templeos.org"
203.126.208.225 - - [08/May/2009:11:56:40 -0700] "GET /images/Tanks.JPG HTTP/1.1" 200 110155 "http://www.templeos.org/screenshots.html" "Mozilla/5.0 (Windows; U; Windows NT 5.1; en-GB; rv:1.9.0.10) Gecko/2009042316 Firefox/3.0.10 (.NET CLR 3.5.30729)" "www.templeos.org"
203.126.208.225 - - [08/May/2009:11:56:40 -0700] "GET /images/FlightSim2.JPG HTTP/1.1" 200 58066 "http://www.templeos.org/screenshots.html" "Mozilla/5.0 (Windows; U; Windows NT 5.1; en-GB; rv:1.9.0.10) Gecko/2009042316 Firefox/3.0.10 (.NET CLR 3.5.30729)" "www.templeos.org"
203.126.208.225 - - [08/May/2009:11:56:41 -0700] "GET /images/FPS.JPG HTTP/1.1" 200 18883 "http://www.templeos.org/screenshots.html" "Mozilla/5.0 (Windows; U; Windows NT 5.1; en-GB; rv:1.9.0.10) Gecko/2009042316 Firefox/3.0.10 (.NET CLR 3.5.30729)" "www.templeos.org"
203.126.208.225 - - [08/May/2009:11:56:41 -0700] "GET /images/Squirt.JPG HTTP/1.1" 200 17481 "http://www.templeos.org/screenshots.html" "Mozilla/5.0 (Windows; U; Windows NT 5.1; en-GB; rv:1.9.0.10) Gecko/2009042316 Firefox/3.0.10 (.NET CLR 3.5.30729)" "www.templeos.org"
203.126.208.225 - - [08/May/2009:11:56:41 -0700] "GET /images/XCaliber.jpg HTTP/1.1" 200 20758 "http://www.templeos.org/screenshots.html" "Mozilla/5.0 (Windows; U; Windows NT 5.1; en-GB; rv:1.9.0.10) Gecko/2009042316 Firefox/3.0.10 (.NET CLR 3.5.30729)" "www.templeos.org"
203.126.208.225 - - [08/May/2009:11:56:41 -0700] "GET /images/Organ.jpg HTTP/1.1" 200 38835 "http://www.templeos.org/screenshots.html" "Mozilla/5.0 (Windows; U; Windows NT 5.1; en-GB; rv:1.9.0.10) Gecko/2009042316 Firefox/3.0.10 (.NET CLR 3.5.30729)" "www.templeos.org"
203.126.208.225 - - [08/May/2009:11:56:42 -0700] "GET /images/TempleOSV505.jpg HTTP/1.1" 200 80248 "http://www.templeos.org/screenshots.html" "Mozilla/5.0 (Windows; U; Windows NT 5.1; en-GB; rv:1.9.0.10) Gecko/2009042316 Firefox/3.0.10 (.NET CLR 3.5.30729)" "www.templeos.org"
203.126.208.225 - - [08/May/2009:11:56:43 -0700] "GET /favicon.ico HTTP/1.1" 404 275 "-" "Mozilla/5.0 (Windows; U; Windows NT 5.1; en-GB; rv:1.9.0.10) Gecko/2009042316 Firefox/3.0.10 (.NET CLR 3.5.30729)" "www.templeos.org"
203.126.208.225 - - [08/May/2009:11:56:46 -0700] "GET /favicon.ico HTTP/1.1" 404 275 "-" "Mozilla/5.0 (Windows; U; Windows NT 5.1; en-GB; rv:1.9.0.10) Gecko/2009042316 Firefox/3.0.10 (.NET CLR 3.5.30729)" "www.templeos.org"
167.90.124.172 - - [08/May/2009:11:59:56 -0700] "GET /index.html HTTP/1.1" 200 81188 "-" "Mozilla/5.0 (compatible; YoudaoBot/1.0; http://www.youdao.com/help/webmaster/spider/; )" "www.templeos.org"
233.20.138.227 - - [08/May/2009:12:00:29 -0700] "GET /v502.html HTTP/1.1" 404 275 "http://www.semantic.hn/" "AppEngine-Google; (+http://code.google.com/appengine)" "www.templeos.org"
233.20.138.227 - - [08/May/2009:12:17:28 -0700] "GET /v502.html HTTP/1.1" 404 275 "http://www.semantic.hn/" "AppEngine-Google; (+http://code.google.com/appengine)" "www.templeos.org"
120.28.227.23 - - [08/May/2009:12:18:12 -0700] "GET /TempleOSCD.ISO HTTP/1.1" 200 4704256 "http://www.globalfreeware.com/TempleOS-503-download.html" "Mozilla/5.0 (Windows; U; Windows NT 5.1; en-US) AppleWebKit/528.8 (KHTML, like Gecko) Chrome/2.0.156.1 Safari/528.8" "www.templeos.org"
142.243.149.50 - - [08/May/2009:12:25:23 -0700] "GET /screenshots.html HTTP/1.1" 200 11591 "http://www.qr.cz/index.php?recordStart=7" "Mozilla/4.0 (compatible; MSIE 7.0; Windows NT 6.1; Trident/4.0; SLCC2; .NET CLR 2.0.50727; .NET CLR 3.5.30729; .NET CLR 3.0.30729; Media Center PC 6.0; MAXTHON 2.0)" "www.templeos.org"
142.243.149.50 - - [08/May/2009:12:25:23 -0700] "GET /images/Collision.JPG HTTP/1.1" 200 77496 "http://www.templeos.org/screenshots.html" "Mozilla/4.0 (compatible; MSIE 7.0; Windows NT 6.1; Trident/4.0; SLCC2; .NET CLR 2.0.50727; .NET CLR 3.5.30729; .NET CLR 3.0.30729; Media Center PC 6.0; MAXTHON 2.0)" "www.templeos.org"
142.243.149.50 - - [08/May/2009:12:25:23 -0700] "GET /images/Header.JPG HTTP/1.1" 200 2982 "http://www.templeos.org/screenshots.html" "Mozilla/4.0 (compatible; MSIE 7.0; Windows NT 6.1; Trident/4.0; SLCC2; .NET CLR 2.0.50727; .NET CLR 3.5.30729; .NET CLR 3.0.30729; Media Center PC 6.0; MAXTHON 2.0)" "www.templeos.org"
142.243.149.50 - - [08/May/2009:12:25:24 -0700] "GET /images/CTrace.JPG HTTP/1.1" 200 72254 "http://www.templeos.org/screenshots.html" "Mozilla/4.0 (compatible; MSIE 7.0; Windows NT 6.1; Trident/4.0; SLCC2; .NET CLR 2.0.50727; .NET CLR 3.5.30729; .NET CLR 3.0.30729; Media Center PC 6.0; MAXTHON 2.0)" "www.templeos.org"
142.243.149.50 - - [08/May/2009:12:25:25 -0700] "GET /images/Dollar.JPG HTTP/1.1" 200 92536 "http://www.templeos.org/screenshots.html" "Mozilla/4.0 (compatible; MSIE 7.0; Windows NT 6.1; Trident/4.0; SLCC2; .NET CLR 2.0.50727; .NET CLR 3.5.30729; .NET CLR 3.0.30729; Media Center PC 6.0; MAXTHON 2.0)" "www.templeos.org"
142.243.149.50 - - [08/May/2009:12:25:25 -0700] "GET /images/DotNet.JPG HTTP/1.1" 200 77806 "http://www.templeos.org/screenshots.html" "Mozilla/4.0 (compatible; MSIE 7.0; Windows NT 6.1; Trident/4.0; SLCC2; .NET CLR 2.0.50727; .NET CLR 3.5.30729; .NET CLR 3.0.30729; Media Center PC 6.0; MAXTHON 2.0)" "www.templeos.org"
142.243.149.50 - - [08/May/2009:12:25:27 -0700] "GET /images/Rocks.JPG HTTP/1.1" 200 38304 "http://www.templeos.org/screenshots.html" "Mozilla/4.0 (compatible; MSIE 7.0; Windows NT 6.1; Trident/4.0; SLCC2; .NET CLR 2.0.50727; .NET CLR 3.5.30729; .NET CLR 3.0.30729; Media Center PC 6.0; MAXTHON 2.0)" "www.templeos.org"
142.243.149.50 - - [08/May/2009:12:25:27 -0700] "GET /images/Tanks.JPG HTTP/1.1" 200 110155 "http://www.templeos.org/screenshots.html" "Mozilla/4.0 (compatible; MSIE 7.0; Windows NT 6.1; Trident/4.0; SLCC2; .NET CLR 2.0.50727; .NET CLR 3.5.30729; .NET CLR 3.0.30729; Media Center PC 6.0; MAXTHON 2.0)" "www.templeos.org"
142.243.149.50 - - [08/May/2009:12:25:28 -0700] "GET /images/FlightSim2.JPG HTTP/1.1" 200 58066 "http://www.templeos.org/screenshots.html" "Mozilla/4.0 (compatible; MSIE 7.0; Windows NT 6.1; Trident/4.0; SLCC2; .NET CLR 2.0.50727; .NET CLR 3.5.30729; .NET CLR 3.0.30729; Media Center PC 6.0; MAXTHON 2.0)" "www.templeos.org"
142.243.149.50 - - [08/May/2009:12:25:29 -0700] "GET /images/FPS.JPG HTTP/1.1" 200 18883 "http://www.templeos.org/screenshots.html" "Mozilla/4.0 (compatible; MSIE 7.0; Windows NT 6.1; Trident/4.0; SLCC2; .NET CLR 2.0.50727; .NET CLR 3.5.30729; .NET CLR 3.0.30729; Media Center PC 6.0; MAXTHON 2.0)" "www.templeos.org"
142.243.149.50 - - [08/May/2009:12:25:29 -0700] "GET /images/Span.JPG HTTP/1.1" 200 30960 "http://www.templeos.org/screenshots.html" "Mozilla/4.0 (compatible; MSIE 7.0; Windows NT 6.1; Trident/4.0; SLCC2; .NET CLR 2.0.50727; .NET CLR 3.5.30729; .NET CLR 3.0.30729; Media Center PC 6.0; MAXTHON 2.0)" "www.templeos.org"
142.243.149.50 - - [08/May/2009:12:25:30 -0700] "GET /images/Squirt.JPG HTTP/1.1" 200 17481 "http://www.templeos.org/screenshots.html" "Mozilla/4.0 (compatible; MSIE 7.0; Windows NT 6.1; Trident/4.0; SLCC2; .NET CLR 2.0.50727; .NET CLR 3.5.30729; .NET CLR 3.0.30729; Media Center PC 6.0; MAXTHON 2.0)" "www.templeos.org"
142.243.149.50 - - [08/May/2009:12:25:31 -0700] "GET /images/XCaliber.jpg HTTP/1.1" 200 20758 "http://www.templeos.org/screenshots.html" "Mozilla/4.0 (compatible; MSIE 7.0; Windows NT 6.1; Trident/4.0; SLCC2; .NET CLR 2.0.50727; .NET CLR 3.5.30729; .NET CLR 3.0.30729; Media Center PC 6.0; MAXTHON 2.0)" "www.templeos.org"
142.243.149.50 - - [08/May/2009:12:25:32 -0700] "GET /images/Organ.jpg HTTP/1.1" 200 38835 "http://www.templeos.org/screenshots.html" "Mozilla/4.0 (compatible; MSIE 7.0; Windows NT 6.1; Trident/4.0; SLCC2; .NET CLR 2.0.50727; .NET CLR 3.5.30729; .NET CLR 3.0.30729; Media Center PC 6.0; MAXTHON 2.0)" "www.templeos.org"
142.243.149.50 - - [08/May/2009:12:25:32 -0700] "GET /images/TempleOSV505.jpg HTTP/1.1" 200 80248 "http://www.templeos.org/screenshots.html" "Mozilla/4.0 (compatible; MSIE 7.0; Windows NT 6.1; Trident/4.0; SLCC2; .NET CLR 2.0.50727; .NET CLR 3.5.30729; .NET CLR 3.0.30729; Media Center PC 6.0; MAXTHON 2.0)" "www.templeos.org"
142.243.149.50 - - [08/May/2009:12:25:40 -0700] "GET /favicon.ico HTTP/1.1" 404 275 "-" "Mozilla/4.0 (compatible; MSIE 7.0; Windows NT 6.1; Trident/4.0; SLCC2; .NET CLR 2.0.50727; .NET CLR 3.5.30729; .NET CLR 3.0.30729; Media Center PC 6.0; MAXTHON 2.0)" "www.templeos.org"
55.229.126.10 - - [08/May/2009:12:26:51 -0700] "GET /organ.html HTTP/1.1" 200 3938 "-" "WinHttp" "www.templeos.org"
132.253.125.13 - - [08/May/2009:12:27:21 -0700] "GET /favicon.ico HTTP/1.1" 404 275 "-" "Mozilla/4.0 (compatible; MSIE 7.0; Windows NT 6.0; SLCC1; .NET CLR 2.0.50727; Media Center PC 5.0; .NET CLR 1.1.4322; .NET CLR 3.5.30729; .NET CLR 3.0.30618)" "www.templeos.org"
132.253.125.13 - - [08/May/2009:12:27:22 -0700] "GET / HTTP/1.1" 200 81188 "http://www.google.com/custom?hl=en&safe=off&client=pub-3646272212055959&cof=FORID%3A1%3BGL%3A1%3BS%3Ahttp%3A%2F%2Fwww.googlelightoff.com%2F%3BL%3Ahttp%3A%2F%2Fwww.googlelightoff.com%2Flogo2.gif%3BLH%3A100%3BLW%3A490%3BLBGC%3A000000%3BLP%3A1%3BBGC%3A%23000000%3BT%3A%23a9a15c%3BLC%3A%23ffffff%3BVLC%3A%23fcf190%3BALC%3A%23caf192%3BGALT%3A%23F8DF0C%3B&q=os+64+bits" "Mozilla/4.0 (compatible; MSIE 7.0; Windows NT 6.0; SLCC1; .NET CLR 2.0.50727; Media Center PC 5.0; .NET CLR 1.1.4322; .NET CLR 3.5.30729; .NET CLR 3.0.30618)" "www.templeos.org"
132.253.125.13 - - [08/May/2009:12:27:23 -0700] "GET /images/Header.JPG HTTP/1.1" 200 2982 "http://www.templeos.org/" "Mozilla/4.0 (compatible; MSIE 7.0; Windows NT 6.0; SLCC1; .NET CLR 2.0.50727; Media Center PC 5.0; .NET CLR 1.1.4322; .NET CLR 3.5.30729; .NET CLR 3.0.30618)" "www.templeos.org"
132.253.125.13 - - [08/May/2009:12:28:58 -0700] "GET /media/Demo1.wmv HTTP/1.1" 200 8192000 "-" "NSPlayer/11.00.6001.7001 WMFSDK/11.00.6001.7001" "www.templeos.org"
167.90.126.126 - - [08/May/2009:12:32:44 -0700] "GET /robots.txt HTTP/1.1" 404 275 "-" "Mozilla/5.0 (compatible; YodaoBot/1.0; http://www.youdao.com/help/webmaster/spider/; )" "www.templeos.org"
167.90.126.126 - - [08/May/2009:12:32:44 -0700] "GET /media/Demo1.wmv HTTP/1.1" 206 512 "-" "Mozilla/5.0 (compatible; YodaoBot/1.0; http://www.youdao.com/help/webmaster/spider/; )" "www.templeos.org"
167.90.126.126 - - [08/May/2009:12:32:49 -0700] "HEAD /media/Demo1.wmv HTTP/1.1" 200 0 "-" "Mozilla/5.0 (compatible; YodaoBot/1.0; http://www.youdao.com/help/webmaster/spider/; )" "www.templeos.org"
125.33.144.39 - - [08/May/2009:12:33:18 -0700] "GET / HTTP/1.1" 200 81188 "http://www.cs.toronto.edu/~ad/news/item?id=116" "Mozilla/5.0 (Macintosh; U; Intel Mac OS X 10_5_6; en-us) AppleWebKit/525.27.1 (KHTML, like Gecko) Version/3.2.1 Safari/525.27.1" "www.templeos.org"
125.33.144.39 - - [08/May/2009:12:33:18 -0700] "GET /images/Header.JPG HTTP/1.1" 200 2982 "http://www.templeos.org/" "Mozilla/5.0 (Macintosh; U; Intel Mac OS X 10_5_6; en-us) AppleWebKit/525.27.1 (KHTML, like Gecko) Version/3.2.1 Safari/525.27.1" "www.templeos.org"
125.33.144.39 - - [08/May/2009:12:33:19 -0700] "GET /favicon.ico HTTP/1.1" 404 275 "http://www.templeos.org/" "Mozilla/5.0 (Macintosh; U; Intel Mac OS X 10_5_6; en-us) AppleWebKit/525.27.1 (KHTML, like Gecko) Version/3.2.1 Safari/525.27.1" "www.templeos.org"
125.33.144.39 - - [08/May/2009:12:33:20 -0700] "GET /media/Demo1.wmv HTTP/1.1" 200 196608 "-" "Safari5525.27.1 CFNetwork/422.15.2 Darwin/9.6.0 (i386) (MacPro1%2C1)" "www.templeos.org"
125.33.144.39 - - [08/May/2009:12:34:02 -0700] "GET /media/Demo1.wmv HTTP/1.1" 200 66292058 "-" "QuickTime/7.6 (qtver=7.6;cpu=IA32;os=Mac 10.5.6)" "www.templeos.org"
233.20.138.223 - - [08/May/2009:12:34:25 -0700] "GET /v502.html HTTP/1.1" 404 275 "http://www.semantic.hn/" "AppEngine-Google; (+http://code.google.com/appengine)" "www.templeos.org"
111.105.174.60 - - [08/May/2009:12:50:02 -0700] "GET /TempleOSCD.ISO HTTP/1.0" 200 196608 "-" "Mozilla/5.0 (Windows; U; Windows NT 5.1; en-US; rv:1.7.12) Gecko/20050915 Firefox/1.0.7" "www.templeos.org"
233.20.138.227 - - [08/May/2009:12:51:28 -0700] "GET /v502.html HTTP/1.1" 404 275 "http://www.semantic.hn/" "AppEngine-Google; (+http://code.google.com/appengine)" "www.templeos.org"
142.245.98.183 - - [08/May/2009:12:52:16 -0700] "GET /files/TempleOSCDV305.ISO HTTP/1.1" 401 395 "http://www.all-freeware.com/download/38114/the-templeos-operating-system.html" "Mozilla/4.0 (compatible; MSIE 8.0; Windows NT 6.0; Trident/4.0; FunWebProducts; SLCC1; .NET CLR 2.0.50727; Media Center PC 5.0; eSobiSubscriber 2.0.4.16; .NET CLR 3.5.30729; .NET CLR 3.0.30618; OfficeLiveConnector.1.3; OfficeLivePatch.0.0)" "www.templeos.org"
142.245.98.183 - "" [08/May/2009:12:52:24 -0700] "GET /files/TempleOSCDV305.ISO HTTP/1.1" 401 395 "http://www.all-freeware.com/download/38114/the-templeos-operating-system.html" "Mozilla/4.0 (compatible; MSIE 8.0; Windows NT 6.0; Trident/4.0; FunWebProducts; SLCC1; .NET CLR 2.0.50727; Media Center PC 5.0; eSobiSubscriber 2.0.4.16; .NET CLR 3.5.30729; .NET CLR 3.0.30618; OfficeLiveConnector.1.3; OfficeLivePatch.0.0)" "www.templeos.org"
142.245.98.183 - - [08/May/2009:12:52:27 -0700] "GET /favicon.ico HTTP/1.1" 404 275 "-" "Mozilla/4.0 (compatible; MSIE 8.0; Windows NT 6.0; Trident/4.0; FunWebProducts; SLCC1; .NET CLR 2.0.50727; Media Center PC 5.0; eSobiSubscriber 2.0.4.16; .NET CLR 3.5.30729; .NET CLR 3.0.30618; OfficeLiveConnector.1.3; OfficeLivePatch.0.0)" "www.templeos.org"
142.245.98.183 - - [08/May/2009:12:52:39 -0700] "GET /files/TempleOSCDV305.ISO HTTP/1.1" 401 395 "http://www.all-freeware.com/download/38114/the-templeos-operating-system.html" "Mozilla/4.0 (compatible; MSIE 8.0; Windows NT 6.0; Trident/4.0; FunWebProducts; SLCC1; .NET CLR 2.0.50727; Media Center PC 5.0; eSobiSubscriber 2.0.4.16; .NET CLR 3.5.30729; .NET CLR 3.0.30618; OfficeLiveConnector.1.3; OfficeLivePatch.0.0)" "www.templeos.org"
142.245.98.183 - "" [08/May/2009:12:52:40 -0700] "GET /files/TempleOSCDV305.ISO HTTP/1.1" 401 395 "http://www.all-freeware.com/download/38114/the-templeos-operating-system.html" "Mozilla/4.0 (compatible; MSIE 8.0; Windows NT 6.0; Trident/4.0; FunWebProducts; SLCC1; .NET CLR 2.0.50727; Media Center PC 5.0; eSobiSubscriber 2.0.4.16; .NET CLR 3.5.30729; .NET CLR 3.0.30618; OfficeLiveConnector.1.3; OfficeLivePatch.0.0)" "www.templeos.org"
142.245.98.183 - admin [08/May/2009:12:52:51 -0700] "GET /files/TempleOSCDV305.ISO HTTP/1.1" 401 395 "http://www.all-freeware.com/download/38114/the-templeos-operating-system.html" "Mozilla/4.0 (compatible; MSIE 8.0; Windows NT 6.0; Trident/4.0; FunWebProducts; SLCC1; .NET CLR 2.0.50727; Media Center PC 5.0; eSobiSubscriber 2.0.4.16; .NET CLR 3.5.30729; .NET CLR 3.0.30618; OfficeLiveConnector.1.3; OfficeLivePatch.0.0)" "www.templeos.org"
142.245.98.183 - user [08/May/2009:12:53:06 -0700] "GET /files/TempleOSCDV305.ISO HTTP/1.1" 401 395 "http://www.all-freeware.com/download/38114/the-templeos-operating-system.html" "Mozilla/4.0 (compatible; MSIE 8.0; Windows NT 6.0; Trident/4.0; FunWebProducts; SLCC1; .NET CLR 2.0.50727; Media Center PC 5.0; eSobiSubscriber 2.0.4.16; .NET CLR 3.5.30729; .NET CLR 3.0.30618; OfficeLiveConnector.1.3; OfficeLivePatch.0.0)" "www.templeos.org"
142.245.98.183 - - [08/May/2009:12:53:09 -0700] "GET /favicon.ico HTTP/1.1" 404 275 "-" "Mozilla/4.0 (compatible; MSIE 8.0; Windows NT 6.0; Trident/4.0; FunWebProducts; SLCC1; .NET CLR 2.0.50727; Media Center PC 5.0; eSobiSubscriber 2.0.4.16; .NET CLR 3.5.30729; .NET CLR 3.0.30618; OfficeLiveConnector.1.3; OfficeLivePatch.0.0)" "www.templeos.org"
209.175.142.224 - - [08/May/2009:12:58:07 -0700] "GET / HTTP/1.1" 200 81188 "http://royal.pingdom.com/2008/09/26/10-amazingly-alternative-operating-systems-and-what-they-could-mean-for-the-future/" "Mozilla/5.0 (Windows; U; Windows NT 5.1; en-US; rv:1.9.0.10) Gecko/2009042316 Firefox/3.0.10" "www.templeos.org"
209.175.142.224 - - [08/May/2009:12:58:07 -0700] "GET /images/Header.JPG HTTP/1.1" 200 2982 "http://www.templeos.org/" "Mozilla/5.0 (Windows; U; Windows NT 5.1; en-US; rv:1.9.0.10) Gecko/2009042316 Firefox/3.0.10" "www.templeos.org"
209.175.142.224 - - [08/May/2009:12:58:09 -0700] "GET /media/Demo1.wmv HTTP/1.1" 200 262144 "-" "NSPlayer/11.0.5721.5251" "www.templeos.org"
209.175.142.224 - - [08/May/2009:12:58:12 -0700] "GET /media/Demo1.wmv HTTP/1.1" 200 1441792 "http://www.templeos.org/" "Mozilla/5.0 (Windows; U; Windows NT 5.1; en-US; rv:1.9.0.10) Gecko/2009042316 Firefox/3.0.10" "www.templeos.org"
209.175.142.224 - - [08/May/2009:12:58:12 -0700] "GET /favicon.ico HTTP/1.1" 404 275 "-" "Mozilla/5.0 (Windows; U; Windows NT 5.1; en-US; rv:1.9.0.10) Gecko/2009042316 Firefox/3.0.10" "www.templeos.org"
209.175.142.224 - - [08/May/2009:12:58:12 -0700] "GET /screenshots.html HTTP/1.1" 200 11591 "http://www.templeos.org/" "Mozilla/5.0 (Windows; U; Windows NT 5.1; en-US; rv:1.9.0.10) Gecko/2009042316 Firefox/3.0.10" "www.templeos.org"
209.175.142.224 - - [08/May/2009:12:58:12 -0700] "GET /images/CTrace.JPG HTTP/1.1" 200 72254 "http://www.templeos.org/screenshots.html" "Mozilla/5.0 (Windows; U; Windows NT 5.1; en-US; rv:1.9.0.10) Gecko/2009042316 Firefox/3.0.10" "www.templeos.org"
209.175.142.224 - - [08/May/2009:12:58:12 -0700] "GET /images/Collision.JPG HTTP/1.1" 200 77496 "http://www.templeos.org/screenshots.html" "Mozilla/5.0 (Windows; U; Windows NT 5.1; en-US; rv:1.9.0.10) Gecko/2009042316 Firefox/3.0.10" "www.templeos.org"
209.175.142.224 - - [08/May/2009:12:58:12 -0700] "GET /images/Rocks.JPG HTTP/1.1" 200 38304 "http://www.templeos.org/screenshots.html" "Mozilla/5.0 (Windows; U; Windows NT 5.1; en-US; rv:1.9.0.10) Gecko/2009042316 Firefox/3.0.10" "www.templeos.org"
209.175.142.224 - - [08/May/2009:12:58:12 -0700] "GET /images/DotNet.JPG HTTP/1.1" 200 77806 "http://www.templeos.org/screenshots.html" "Mozilla/5.0 (Windows; U; Windows NT 5.1; en-US; rv:1.9.0.10) Gecko/2009042316 Firefox/3.0.10" "www.templeos.org"
209.175.142.224 - - [08/May/2009:12:58:12 -0700] "GET /images/Dollar.JPG HTTP/1.1" 200 92536 "http://www.templeos.org/screenshots.html" "Mozilla/5.0 (Windows; U; Windows NT 5.1; en-US; rv:1.9.0.10) Gecko/2009042316 Firefox/3.0.10" "www.templeos.org"
