233.20.138.241 - - [09/May/2009:01:00:26 -0700] "GET /v502.html HTTP/1.1" 404 275 "http://www.semantic.hn/" "AppEngine-Google; (+http://code.google.com/appengine)" "www.templeos.org"
233.20.138.227 - - [09/May/2009:01:17:28 -0700] "GET /v502.html HTTP/1.1" 404 275 "http://www.semantic.hn/" "AppEngine-Google; (+http://code.google.com/appengine)" "www.templeos.org"
25.145.140.197 - - [09/May/2009:01:20:38 -0700] "GET / HTTP/1.1" 200 81188 "http://sourceforge.net/projects/templeos4/" "Mozilla/5.0 (Windows; U; Windows NT 5.1; zh-CN; rv:1.9.0.10) Gecko/2009042316 Firefox/3.0.10" "www.templeos.org"
25.145.140.197 - - [09/May/2009:01:20:48 -0700] "GET /media/Demo1.wmv HTTP/1.1" 200 393216 "-" "NSPlayer/10.0.0.4066" "www.templeos.org"
25.145.140.197 - - [09/May/2009:01:21:02 -0700] "GET /images/Header.JPG HTTP/1.1" 200 2982 "http://www.templeos.org/" "Mozilla/5.0 (Windows; U; Windows NT 5.1; zh-CN; rv:1.9.0.10) Gecko/2009042316 Firefox/3.0.10" "www.templeos.org"
171.219.143.228 - - [09/May/2009:01:22:07 -0700] "GET /SlurpConfirm404/briefs.htm HTTP/1.0" 404 275 "-" "Mozilla/5.0 (compatible; Yahoo! Slurp/3.0; http://help.yahoo.com/help/us/ysearch/slurp)" "www.templeos.org"
25.145.140.197 - - [09/May/2009:01:24:29 -0700] "GET /media/Demo1.wmv HTTP/1.1" 200 37814272 "-" "NSPlayer/10.0.0.4066 WMFSDK/10.0" "www.templeos.org"
25.145.140.197 - - [09/May/2009:01:24:29 -0700] "GET /media/Demo1.wmv HTTP/1.1" 200 35323904 "http://www.templeos.org/" "Mozilla/5.0 (Windows; U; Windows NT 5.1; zh-CN; rv:1.9.0.10) Gecko/2009042316 Firefox/3.0.10" "www.templeos.org"
171.219.143.228 - - [09/May/2009:01:31:55 -0700] "GET /files/?M=D HTTP/1.0" 401 395 "-" "Mozilla/5.0 (compatible; Yahoo! Slurp/3.0; http://help.yahoo.com/help/us/ysearch/slurp)" "www.templeos.org"
65.179.102.141 - - [09/May/2009:01:34:24 -0700] "GET /v502.html HTTP/1.1" 404 275 "http://www.semantic.hn/" "AppEngine-Google; (+http://code.google.com/appengine)" "www.templeos.org"
63.5.155.196 - - [09/May/2009:01:41:46 -0700] "GET /TempleOSCD.ISO HTTP/1.1" 200 720896 "-" "Mozilla/5.0 (Windows; U; Windows NT 5.1; ja; rv:1.9.0.10) Gecko/2009042316 Firefox/3.0.10" "www.templeos.org"
209.50.52.113 - - [09/May/2009:01:42:02 -0700] "GET /TempleOSCD.ISO HTTP/1.1" 200 327680 "-" "Mediapartners-Google" "www.templeos.org"
51.49.128.66 - - [09/May/2009:01:42:08 -0700] "GET /TempleOSCD.ISO HTTP/1.1" 200 4704256 "http://www.brothersoft.com/the-templeos-operating-system-download-67591.html" "Mozilla/4.0 (compatible; MSIE 6.0; Windows NT 5.1; SV1; GTB6; HbTools 4.7.2)" "www.templeos.org"
223.19.223.4 - - [09/May/2009:01:42:20 -0700] "GET /TempleOSCD.ISO HTTP/1.1" 200 4704256 "-" "Mozilla/5.0 (Windows; U; Windows NT 5.1; de; rv:1.9.0.10) Gecko/2009042316 Firefox/3.0.10" "www.templeos.org"
186.215.242.85 - - [09/May/2009:01:47:46 -0700] "GET /robots.txt HTTP/1.1" 404 275 "-" "-" "www.templeos.org"
171.219.143.228 - - [09/May/2009:01:50:25 -0700] "GET /sitebuilder/?M=A HTTP/1.0" 200 796 "-" "Mozilla/5.0 (compatible; Yahoo! Slurp/3.0; http://help.yahoo.com/help/us/ysearch/slurp)" "www.templeos.org"
233.20.138.101 - - [09/May/2009:01:51:29 -0700] "GET /v502.html HTTP/1.1" 404 275 "http://www.semantic.hn/" "AppEngine-Google; (+http://code.google.com/appengine)" "www.templeos.org"
179.80.169.72 - - [09/May/2009:01:59:12 -0700] "GET /TempleOSCD.ISO HTTP/1.1" 200 4704256 "-" "Mozilla/5.0 (Windows; U; Windows NT 6.0; en-US; rv:1.9.0.10) Gecko/2009042316 Firefox/3.0.10 (.NET CLR 3.5.30729)" "www.templeos.org"
233.20.138.227 - - [09/May/2009:02:00:27 -0700] "GET /v502.html HTTP/1.1" 404 275 "http://www.semantic.hn/" "AppEngine-Google; (+http://code.google.com/appengine)" "www.templeos.org"
165.179.21.110 - - [09/May/2009:02:08:01 -0700] "GET / HTTP/1.1" 304 - "-" "Baiduspider+(+http://www.baidu.com/search/spider.htm)" "www.templeos.org"
49.148.97.63 - - [09/May/2009:02:09:07 -0700] "GET / HTTP/1.1" 200 81188 "http://www.google.co.in/search?hl=en&q=C%2B%2B+for+64+bit+operating+system&btnG=Google+Search&meta=&aq=f&oq=" "Opera/9.27 (Windows NT 6.0; U; en)" "www.templeos.org"
49.148.97.63 - - [09/May/2009:02:09:09 -0700] "GET /images/Header.JPG HTTP/1.1" 200 2982 "http://www.templeos.org/" "Opera/9.27 (Windows NT 6.0; U; en)" "www.templeos.org"
49.148.97.63 - - [09/May/2009:02:09:11 -0700] "GET /media/Demo1.wmv HTTP/1.1" 200 262144 "http://www.templeos.org/" "Opera/9.27 (Windows NT 6.0; U; en)" "www.templeos.org"
49.148.97.63 - - [09/May/2009:02:09:12 -0700] "GET /favicon.ico HTTP/1.1" 404 275 "http://www.templeos.org/" "Opera/9.27 (Windows NT 6.0; U; en)" "www.templeos.org"
114.7.42.247 - - [09/May/2009:02:10:26 -0700] "GET /robots.txt HTTP/1.1" 404 275 "-" "Mozilla/4.0 (compatible; MSIE 6.0; Windows NT 5.1; .NET CLR 1.0.3705)" "templeos.org"
114.7.42.247 - - [09/May/2009:02:10:26 -0700] "GET / HTTP/1.1" 200 81188 "-" "Mozilla/4.0 (compatible; MSIE 6.0; Windows NT 5.1; .NET CLR 1.0.3705)" "templeos.org"
114.7.42.247 - - [09/May/2009:02:10:27 -0700] "GET /TempleOSCD.ISO HTTP/1.1" 200 196608 "-" "Mozilla/4.0 (compatible; MSIE 6.0; Windows NT 5.1; .NET CLR 1.0.3705)" "www.templeos.org"
49.148.97.63 - - [09/May/2009:02:11:03 -0700] "GET /media/Demo1.wmv HTTP/1.1" 200 262144 "http://www.templeos.org/" "Opera/9.27 (Windows NT 6.0; U; en)" "www.templeos.org"
49.148.97.63 - - [09/May/2009:02:11:03 -0700] "GET /favicon.ico HTTP/1.1" 404 275 "http://www.templeos.org/" "Opera/9.27 (Windows NT 6.0; U; en)" "www.templeos.org"
65.179.102.241 - - [09/May/2009:02:17:23 -0700] "GET /v502.html HTTP/1.1" 404 275 "http://www.semantic.hn/" "AppEngine-Google; (+http://code.google.com/appengine)" "www.templeos.org"
55.229.31.76 - - [09/May/2009:02:26:24 -0700] "GET /robots.txt HTTP/1.1" 404 275 "-" "T-Mobile Dash Mozilla/4.0 (compatible; MSIE 4.01; Windows CE; Smartphone; 320x240; MSNBOT-MOBILE/1.1; +http://search.msn.com/msnbot.htm)" "www.templeos.org"
55.229.31.76 - - [09/May/2009:02:26:25 -0700] "GET /contact.html HTTP/1.1" 200 5360 "-" "T-Mobile Dash Mozilla/4.0 (compatible; MSIE 4.01; Windows CE; Smartphone; 320x240; MSNBOT-MOBILE/1.1; +http://search.msn.com/msnbot.htm)" "www.templeos.org"
65.179.102.241 - - [09/May/2009:02:34:23 -0700] "GET /v502.html HTTP/1.1" 404 275 "http://www.semantic.hn/" "AppEngine-Google; (+http://code.google.com/appengine)" "www.templeos.org"
179.142.254.170 - - [09/May/2009:02:49:52 -0700] "GET / HTTP/1.1" 200 81188 "http://www.google.com/search?sourceid=navclient&ie=UTF-8&rlz=1T4GGLL_enUS323US323&q=64bit+operating+system+free+download" "Mozilla/4.0 (compatible; MSIE 8.0; Windows NT 5.1; Trident/4.0; GTB6; Mozilla/4.0 (compatible; MSIE 6.0; Windows NT 5.1; SV1) ; MySpace;; MySpace;)" "www.templeos.org"
179.142.254.170 - - [09/May/2009:02:49:54 -0700] "GET /images/Header.JPG HTTP/1.1" 200 2982 "http://www.templeos.org/" "Mozilla/4.0 (compatible; MSIE 8.0; Windows NT 5.1; Trident/4.0; GTB6; Mozilla/4.0 (compatible; MSIE 6.0; Windows NT 5.1; SV1) ; MySpace;; MySpace;)" "www.templeos.org"
179.142.254.170 - - [09/May/2009:02:49:59 -0700] "GET /media/Demo1.wmv HTTP/1.1" 200 196608 "-" "contype" "www.templeos.org"
179.142.254.170 - - [09/May/2009:02:50:15 -0700] "GET /favicon.ico HTTP/1.1" 404 275 "-" "Mozilla/4.0 (compatible; MSIE 8.0; Windows NT 5.1; Trident/4.0; GTB6; Mozilla/4.0 (compatible; MSIE 6.0; Windows NT 5.1; SV1) ; MySpace;; MySpace;)" "www.templeos.org"
171.219.143.228 - - [09/May/2009:02:50:36 -0700] "GET /TempleOSCD.ISO HTTP/1.0" 304 - "-" "Mozilla/5.0 (compatible; Yahoo! Slurp/3.0; http://help.yahoo.com/help/us/ysearch/slurp)" "www.templeos.org"
65.179.102.141 - - [09/May/2009:02:51:24 -0700] "GET /v502.html HTTP/1.1" 404 275 "http://www.semantic.hn/" "AppEngine-Google; (+http://code.google.com/appengine)" "www.templeos.org"
84.122.249.249 - - [09/May/2009:02:51:41 -0700] "GET / HTTP/1.1" 200 81188 "http://sourceforge.net/projects/templeos4/" "Mozilla/5.0 (Windows; U; Windows NT 5.1; en-US; rv:1.9.0.10) Gecko/2009042316 Firefox/3.0.10 (.NET CLR 3.5.30729)" "www.templeos.org"
84.122.249.249 - - [09/May/2009:02:51:42 -0700] "GET /images/Header.JPG HTTP/1.1" 200 2982 "http://www.templeos.org/" "Mozilla/5.0 (Windows; U; Windows NT 5.1; en-US; rv:1.9.0.10) Gecko/2009042316 Firefox/3.0.10 (.NET CLR 3.5.30729)" "www.templeos.org"
84.122.249.249 - - [09/May/2009:02:51:44 -0700] "GET /media/Demo1.wmv HTTP/1.0" 200 196608 "-" "NSPlayer/10.0.0.4066" "www.templeos.org"
84.122.249.249 - - [09/May/2009:02:52:54 -0700] "GET /media/Demo1.wmv HTTP/1.1" 200 10354688 "http://www.templeos.org/" "Mozilla/5.0 (Windows; U; Windows NT 5.1; en-US; rv:1.9.0.10) Gecko/2009042316 Firefox/3.0.10 (.NET CLR 3.5.30729)" "www.templeos.org"
84.122.249.249 - - [09/May/2009:02:52:54 -0700] "GET /media/Demo1.wmv HTTP/1.0" 200 42926080 "-" "NSPlayer/10.0.0.4066 WMFSDK/10.0" "www.templeos.org"
135.35.91.54 - - [09/May/2009:02:53:50 -0700] "GET / HTTP/1.1" 200 81188 "http://www.google.be/search?hl=nl&ei=UVIFStXTO4LE-Ab_ooSSAw&sa=X&oi=spell&resnum=1&ct=result&cd=1&q=64+bit+os&spell=1" "Mozilla/5.0 (Windows; U; Windows NT 5.1; en-US; rv:1.8.1.19) Gecko/20081217 K-Meleon/1.5.2" "www.templeos.org"
135.35.91.54 - - [09/May/2009:02:53:50 -0700] "GET /images/Header.JPG HTTP/1.1" 200 2982 "http://www.templeos.org/" "Mozilla/5.0 (Windows; U; Windows NT 5.1; en-US; rv:1.8.1.19) Gecko/20081217 K-Meleon/1.5.2" "www.templeos.org"
135.35.91.54 - - [09/May/2009:02:53:59 -0700] "GET /media/Demo1.wmv HTTP/1.1" 200 196608 "-" "NSPlayer/11.0.5721.5251" "www.templeos.org"
135.35.91.54 - - [09/May/2009:02:54:02 -0700] "GET /media/Demo1.smi HTTP/1.1" 404 275 "-" "Windows-Media-Player/11.0.5721.5260" "www.templeos.org"
135.35.91.54 - - [09/May/2009:02:54:08 -0700] "GET /media/Demo1.wmv HTTP/1.1" 200 7929856 "http://www.templeos.org/" "Mozilla/5.0 (Windows; U; Windows NT 5.1; en-US; rv:1.8.1.19) Gecko/20081217 K-Meleon/1.5.2" "www.templeos.org"
135.35.91.54 - - [09/May/2009:02:54:09 -0700] "GET /screenshots.html HTTP/1.1" 200 11591 "http://www.templeos.org/" "Mozilla/5.0 (Windows; U; Windows NT 5.1; en-US; rv:1.8.1.19) Gecko/20081217 K-Meleon/1.5.2" "www.templeos.org"
135.35.91.54 - - [09/May/2009:02:54:09 -0700] "GET /images/CTrace.JPG HTTP/1.1" 200 72254 "http://www.templeos.org/screenshots.html" "Mozilla/5.0 (Windows; U; Windows NT 5.1; en-US; rv:1.8.1.19) Gecko/20081217 K-Meleon/1.5.2" "www.templeos.org"
135.35.91.54 - - [09/May/2009:02:54:09 -0700] "GET /images/Collision.JPG HTTP/1.1" 200 77496 "http://www.templeos.org/screenshots.html" "Mozilla/5.0 (Windows; U; Windows NT 5.1; en-US; rv:1.8.1.19) Gecko/20081217 K-Meleon/1.5.2" "www.templeos.org"
135.35.91.54 - - [09/May/2009:02:54:10 -0700] "GET /media/Demo1.wmv HTTP/1.1" 200 4521984 "-" "NSPlayer/11.0.5721.5251 WMFSDK/11.0" "www.templeos.org"
135.35.91.54 - - [09/May/2009:02:54:10 -0700] "GET /images/Organ.jpg HTTP/1.1" 200 38835 "http://www.templeos.org/screenshots.html" "Mozilla/5.0 (Windows; U; Windows NT 5.1; en-US; rv:1.8.1.19) Gecko/20081217 K-Meleon/1.5.2" "www.templeos.org"
135.35.91.54 - - [09/May/2009:02:54:10 -0700] "GET /images/XCaliber.jpg HTTP/1.1" 200 20758 "http://www.templeos.org/screenshots.html" "Mozilla/5.0 (Windows; U; Windows NT 5.1; en-US; rv:1.8.1.19) Gecko/20081217 K-Meleon/1.5.2" "www.templeos.org"
135.35.91.54 - - [09/May/2009:02:54:10 -0700] "GET /images/Dollar.JPG HTTP/1.1" 200 92536 "http://www.templeos.org/screenshots.html" "Mozilla/5.0 (Windows; U; Windows NT 5.1; en-US; rv:1.8.1.19) Gecko/20081217 K-Meleon/1.5.2" "www.templeos.org"
135.35.91.54 - - [09/May/2009:02:54:11 -0700] "GET /images/DotNet.JPG HTTP/1.1" 200 77806 "http://www.templeos.org/screenshots.html" "Mozilla/5.0 (Windows; U; Windows NT 5.1; en-US; rv:1.8.1.19) Gecko/20081217 K-Meleon/1.5.2" "www.templeos.org"
135.35.91.54 - - [09/May/2009:02:54:11 -0700] "GET /images/Rocks.JPG HTTP/1.1" 200 38304 "http://www.templeos.org/screenshots.html" "Mozilla/5.0 (Windows; U; Windows NT 5.1; en-US; rv:1.8.1.19) Gecko/20081217 K-Meleon/1.5.2" "www.templeos.org"
135.35.91.54 - - [09/May/2009:02:54:11 -0700] "GET /images/Tanks.JPG HTTP/1.1" 200 110155 "http://www.templeos.org/screenshots.html" "Mozilla/5.0 (Windows; U; Windows NT 5.1; en-US; rv:1.8.1.19) Gecko/20081217 K-Meleon/1.5.2" "www.templeos.org"
135.35.91.54 - - [09/May/2009:02:54:11 -0700] "GET /images/FlightSim2.JPG HTTP/1.1" 200 58066 "http://www.templeos.org/screenshots.html" "Mozilla/5.0 (Windows; U; Windows NT 5.1; en-US; rv:1.8.1.19) Gecko/20081217 K-Meleon/1.5.2" "www.templeos.org"
135.35.91.54 - - [09/May/2009:02:54:12 -0700] "GET /images/FPS.JPG HTTP/1.1" 200 18883 "http://www.templeos.org/screenshots.html" "Mozilla/5.0 (Windows; U; Windows NT 5.1; en-US; rv:1.8.1.19) Gecko/20081217 K-Meleon/1.5.2" "www.templeos.org"
135.35.91.54 - - [09/May/2009:02:54:12 -0700] "GET /images/Span.JPG HTTP/1.1" 200 30960 "http://www.templeos.org/screenshots.html" "Mozilla/5.0 (Windows; U; Windows NT 5.1; en-US; rv:1.8.1.19) Gecko/20081217 K-Meleon/1.5.2" "www.templeos.org"
135.35.91.54 - - [09/May/2009:02:54:13 -0700] "GET /images/Squirt.JPG HTTP/1.1" 200 17481 "http://www.templeos.org/screenshots.html" "Mozilla/5.0 (Windows; U; Windows NT 5.1; en-US; rv:1.8.1.19) Gecko/20081217 K-Meleon/1.5.2" "www.templeos.org"
135.35.91.54 - - [09/May/2009:02:54:13 -0700] "GET /images/TempleOSV505.jpg HTTP/1.1" 200 80248 "http://www.templeos.org/screenshots.html" "Mozilla/5.0 (Windows; U; Windows NT 5.1; en-US; rv:1.8.1.19) Gecko/20081217 K-Meleon/1.5.2" "www.templeos.org"
135.35.91.54 - - [09/May/2009:02:54:48 -0700] "GET /index.html HTTP/1.1" 200 81188 "http://www.templeos.org/screenshots.html" "Mozilla/5.0 (Windows; U; Windows NT 5.1; en-US; rv:1.8.1.19) Gecko/20081217 K-Meleon/1.5.2" "www.templeos.org"
135.35.91.54 - - [09/May/2009:02:54:49 -0700] "GET /media/Demo1.wmv HTTP/1.1" 200 196608 "-" "NSPlayer/11.0.5721.5251" "www.templeos.org"
135.35.91.54 - - [09/May/2009:02:54:50 -0700] "GET /media/Demo1.smi HTTP/1.1" 404 275 "-" "Windows-Media-Player/11.0.5721.5260" "www.templeos.org"
135.35.91.54 - - [09/May/2009:02:55:34 -0700] "GET /media/Demo1.wmv HTTP/1.1" 206 23658496 "http://www.templeos.org/index.html" "Mozilla/5.0 (Windows; U; Windows NT 5.1; en-US; rv:1.8.1.19) Gecko/20081217 K-Meleon/1.5.2" "www.templeos.org"
135.35.91.54 - - [09/May/2009:02:55:34 -0700] "GET /media/Demo1.wmv HTTP/1.1" 200 22151168 "-" "NSPlayer/11.0.5721.5251 WMFSDK/11.0" "www.templeos.org"
6.101.117.245 - - [09/May/2009:02:58:30 -0700] "GET / HTTP/1.1" 304 - "-" "Mozilla/4.0 (compatible; MSIE 7.0; Windows NT 6.0; WOW64; SU 3.21; SLCC1; .NET CLR 2.0.50727; .NET CLR 3.0.04506; Media Center PC 5.0)" "www.templeos.org"
6.101.117.245 - - [09/May/2009:02:58:30 -0700] "GET /images/Header.JPG HTTP/1.1" 304 - "http://www.templeos.org/" "Mozilla/4.0 (compatible; MSIE 7.0; Windows NT 6.0; WOW64; SU 3.21; SLCC1; .NET CLR 2.0.50727; .NET CLR 3.0.04506; Media Center PC 5.0)" "www.templeos.org"
6.101.117.245 - - [09/May/2009:02:58:36 -0700] "GET /media/Demo1.wmv HTTP/1.1" 200 2359296 "-" "NSPlayer/11.00.6001.7001 WMFSDK/11.00.6001.7001" "www.templeos.org"
65.179.102.199 - - [09/May/2009:03:00:24 -0700] "GET /v502.html HTTP/1.1" 404 275 "http://www.semantic.hn/" "AppEngine-Google; (+http://code.google.com/appengine)" "www.templeos.org"
6.101.117.245 - - [09/May/2009:03:03:16 -0700] "GET /media/Demo1.wmv HTTP/1.1" 206 2359296 "-" "NSPlayer/11.00.6001.7001 WMFSDK/11.00.6001.7001" "www.templeos.org"
66.111.99.108 - - [09/May/2009:03:11:15 -0700] "GET /TempleOSCD.ISO HTTP/1.1" 200 1572864 "-" "Mozilla/5.0 (Windows; U; Windows NT 5.1; cs; rv:1.9.0.10) Gecko/2009042316 Firefox/3.0.10" "www.templeos.org"
65.179.102.241 - - [09/May/2009:03:17:32 -0700] "GET /v502.html HTTP/1.1" 404 275 "http://www.semantic.hn/" "AppEngine-Google; (+http://code.google.com/appengine)" "www.templeos.org"
65.179.102.241 - - [09/May/2009:03:34:31 -0700] "GET /v502.html HTTP/1.1" 404 275 "http://www.semantic.hn/" "AppEngine-Google; (+http://code.google.com/appengine)" "www.templeos.org"
146.164.114.241 - - [09/May/2009:03:39:15 -0700] "GET /TempleOSCD.ISO HTTP/1.1" 200 4704256 "-" "Mozilla/4.0 (compatible; MSIE 6.0; Windows NT 5.1)" "www.templeos.org"
55.229.31.76 - - [09/May/2009:03:44:05 -0700] "GET /flightsim.html HTTP/1.1" 200 50990 "-" "T-Mobile Dash Mozilla/4.0 (compatible; MSIE 4.01; Windows CE; Smartphone; 320x240; MSNBOT-MOBILE/1.1; +http://search.msn.com/msnbot.htm)" "www.templeos.org"
149.179.50.34 - - [09/May/2009:03:45:47 -0700] "GET /robots.txt HTTP/1.1" 404 275 "-" "Mozilla/5.0 (compatible; MSIE or Firefox mutant; not on Windows server; +http://ws.daum.net/aboutWebSearch.html) Daumoa/2.0" "www.templeos.org"
149.179.50.34 - - [09/May/2009:03:45:47 -0700] "GET / HTTP/1.1" 200 81188 "http://www.templeos.org" "Mozilla/5.0 (compatible; Firefox compatible; MS IE compatible; not on Windows server; +http://cs.daum.net/faq/site/15.html) Daumoa-feedfetcher/2.0" "www.templeos.org"
55.229.31.76 - - [09/May/2009:03:46:10 -0700] "GET / HTTP/1.1" 200 81188 "-" "T-Mobile Dash Mozilla/4.0 (compatible; MSIE 4.01; Windows CE; Smartphone; 320x240; MSNBOT-MOBILE/1.1; +http://search.msn.com/msnbot.htm)" "www.templeos.org"
200.155.160.228 - - [09/May/2009:03:49:53 -0700] "GET /robots.txt HTTP/1.1" 404 275 "-" "SeznamBot/2.0 (+http://fulltext.sblog.cz/robot/)" "www.templeos.org"
200.155.160.228 - - [09/May/2009:03:49:54 -0700] "GET / HTTP/1.1" 200 81188 "-" "SeznamBot/2.0 (+http://fulltext.sblog.cz/robot/)" "www.templeos.org"
233.20.138.227 - - [09/May/2009:03:51:27 -0700] "GET /v502.html HTTP/1.1" 404 275 "http://www.semantic.hn/" "AppEngine-Google; (+http://code.google.com/appengine)" "www.templeos.org"
165.94.246.65 - - [09/May/2009:03:54:45 -0700] "GET /TempleOSCD.ISO HTTP/1.1" 200 196608 "-" "Mozilla/4.0 (compatible; MSIE 6.0; Windows NT 5.1; SV1)" "www.templeos.org"
65.179.102.199 - - [09/May/2009:04:00:26 -0700] "GET /v502.html HTTP/1.1" 404 275 "http://www.semantic.hn/" "AppEngine-Google; (+http://code.google.com/appengine)" "www.templeos.org"
34.175.253.82 - - [09/May/2009:04:02:55 -0700] "GET /TempleOSCD.ISO HTTP/1.1" 206 520678 "http://www.globalfreeware.com/LimeWire-4180-Beta--4167-download.html" "Mozilla/4.0 (compatible; MSIE 7.0; Windows NT 6.0; SLCC1; .NET CLR 2.0.50727; Media Center PC 5.0; .NET CLR 3.0.04506; .NET CLR 1.1.4322; OfficeLiveConnector.1.3; OfficeLivePatch.0.0; InfoPath.1)" "www.templeos.org"
34.175.253.82 - - [09/May/2009:04:02:56 -0700] "GET /TempleOSCD.ISO HTTP/1.1" 206 917504 "http://www.globalfreeware.com/LimeWire-4180-Beta--4167-download.html" "Mozilla/4.0 (compatible; MSIE 7.0; Windows NT 6.0; SLCC1; .NET CLR 2.0.50727; Media Center PC 5.0; .NET CLR 3.0.04506; .NET CLR 1.1.4322; OfficeLiveConnector.1.3; OfficeLivePatch.0.0; InfoPath.1)" "www.templeos.org"
34.175.253.82 - - [09/May/2009:04:02:56 -0700] "GET /TempleOSCD.ISO HTTP/1.1" 206 193841 "http://www.globalfreeware.com/LimeWire-4180-Beta--4167-download.html" "Mozilla/4.0 (compatible; MSIE 7.0; Windows NT 6.0; SLCC1; .NET CLR 2.0.50727; Media Center PC 5.0; .NET CLR 3.0.04506; .NET CLR 1.1.4322; OfficeLiveConnector.1.3; OfficeLivePatch.0.0; InfoPath.1)" "www.templeos.org"
34.175.253.82 - - [09/May/2009:04:02:58 -0700] "GET /TempleOSCD.ISO HTTP/1.1" 206 511644 "http://www.globalfreeware.com/LimeWire-4180-Beta--4167-download.html" "Mozilla/4.0 (compatible; MSIE 7.0; Windows NT 6.0; SLCC1; .NET CLR 2.0.50727; Media Center PC 5.0; .NET CLR 3.0.04506; .NET CLR 1.1.4322; OfficeLiveConnector.1.3; OfficeLivePatch.0.0; InfoPath.1)" "www.templeos.org"
34.175.253.82 - - [09/May/2009:04:02:59 -0700] "GET /TempleOSCD.ISO HTTP/1.1" 206 562286 "http://www.globalfreeware.com/LimeWire-4180-Beta--4167-download.html" "Mozilla/4.0 (compatible; MSIE 7.0; Windows NT 6.0; SLCC1; .NET CLR 2.0.50727; Media Center PC 5.0; .NET CLR 3.0.04506; .NET CLR 1.1.4322; OfficeLiveConnector.1.3; OfficeLivePatch.0.0; InfoPath.1)" "www.templeos.org"
34.175.253.82 - - [09/May/2009:04:03:03 -0700] "GET /TempleOSCD.ISO HTTP/1.1" 206 786432 "http://www.globalfreeware.com/LimeWire-4180-Beta--4167-download.html" "Mozilla/4.0 (compatible; MSIE 7.0; Windows NT 6.0; SLCC1; .NET CLR 2.0.50727; Media Center PC 5.0; .NET CLR 3.0.04506; .NET CLR 1.1.4322; OfficeLiveConnector.1.3; OfficeLivePatch.0.0; InfoPath.1)" "www.templeos.org"
34.175.253.82 - - [09/May/2009:04:03:04 -0700] "GET /TempleOSCD.ISO HTTP/1.1" 206 851968 "http://www.globalfreeware.com/LimeWire-4180-Beta--4167-download.html" "Mozilla/4.0 (compatible; MSIE 7.0; Windows NT 6.0; SLCC1; .NET CLR 2.0.50727; Media Center PC 5.0; .NET CLR 3.0.04506; .NET CLR 1.1.4322; OfficeLiveConnector.1.3; OfficeLivePatch.0.0; InfoPath.1)" "www.templeos.org"
34.175.253.82 - - [09/May/2009:04:03:06 -0700] "GET /TempleOSCD.ISO HTTP/1.1" 206 550985 "http://www.globalfreeware.com/LimeWire-4180-Beta--4167-download.html" "Mozilla/4.0 (compatible; MSIE 7.0; Windows NT 6.0; SLCC1; .NET CLR 2.0.50727; Media Center PC 5.0; .NET CLR 3.0.04506; .NET CLR 1.1.4322; OfficeLiveConnector.1.3; OfficeLivePatch.0.0; InfoPath.1)" "www.templeos.org"
34.175.253.82 - - [09/May/2009:04:03:08 -0700] "GET /TempleOSCD.ISO HTTP/1.1" 206 39622 "http://www.globalfreeware.com/LimeWire-4180-Beta--4167-download.html" "Mozilla/4.0 (compatible; MSIE 7.0; Windows NT 6.0; SLCC1; .NET CLR 2.0.50727; Media Center PC 5.0; .NET CLR 3.0.04506; .NET CLR 1.1.4322; OfficeLiveConnector.1.3; OfficeLivePatch.0.0; InfoPath.1)" "www.templeos.org"
34.175.253.82 - - [09/May/2009:04:03:09 -0700] "GET /TempleOSCD.ISO HTTP/1.1" 206 720896 "http://www.globalfreeware.com/LimeWire-4180-Beta--4167-download.html" "Mozilla/4.0 (compatible; MSIE 7.0; Windows NT 6.0; SLCC1; .NET CLR 2.0.50727; Media Center PC 5.0; .NET CLR 3.0.04506; .NET CLR 1.1.4322; OfficeLiveConnector.1.3; OfficeLivePatch.0.0; InfoPath.1)" "www.templeos.org"
32.251.68.101 - - [09/May/2009:04:05:28 -0700] "GET /V421.html HTTP/1.1" 404 275 "-" "Yanga WorldSearch Bot v1.1/beta (http://www.yanga.co.uk/)" "www.templeos.org"
55.229.238.111 - - [09/May/2009:04:09:51 -0700] "GET /requirements.html HTTP/1.0" 304 - "-" "msnbot/2.0b (+http://search.msn.com/msnbot.htm)" "www.templeos.org"
160.184.18.26 - - [09/May/2009:04:14:35 -0700] "GET /TempleOSCD.ISO HTTP/1.1" 200 4704256 "-" "Mozilla/5.0 (Windows; U; Windows NT 6.0; pl; rv:1.9.0.6) Gecko/2009011913 Firefox/3.0.6" "www.templeos.org"
171.219.143.228 - - [09/May/2009:04:15:28 -0700] "GET /sitebuilder/images/?S=A HTTP/1.0" 200 3273 "-" "Mozilla/5.0 (compatible; Yahoo! Slurp/3.0; http://help.yahoo.com/help/us/ysearch/slurp)" "www.templeos.org"
233.20.138.227 - - [09/May/2009:04:17:26 -0700] "GET /v502.html HTTP/1.1" 404 275 "http://www.semantic.hn/" "AppEngine-Google; (+http://code.google.com/appengine)" "www.templeos.org"
233.20.138.241 - - [09/May/2009:04:34:24 -0700] "GET /v502.html HTTP/1.1" 404 275 "http://www.semantic.hn/" "AppEngine-Google; (+http://code.google.com/appengine)" "www.templeos.org"
41.163.98.5 - - [09/May/2009:04:35:46 -0700] "GET / HTTP/1.1" 200 81188 "http://www.google.co.uk/search?q=operating+systems+free+request+cd&hl=en&start=10&sa=N" "Mozilla/5.0 (X11; U; Linux i686; en-GB; rv:1.9.0.10) Gecko/2009042708 Fedora/3.0.10-1.fc10 Firefox/3.0.10" "www.templeos.org"
41.163.98.5 - - [09/May/2009:04:35:52 -0700] "GET /images/Header.JPG HTTP/1.1" 200 2982 "http://www.templeos.org/" "Mozilla/5.0 (X11; U; Linux i686; en-GB; rv:1.9.0.10) Gecko/2009042708 Fedora/3.0.10-1.fc10 Firefox/3.0.10" "www.templeos.org"
41.163.98.5 - - [09/May/2009:04:35:57 -0700] "GET /media/Demo1.wmv HTTP/1.1" 200 196608 "http://www.templeos.org/" "Mozilla/5.0 (X11; U; Linux i686; en-GB; rv:1.9.0.10) Gecko/2009042708 Fedora/3.0.10-1.fc10 Firefox/3.0.10" "www.templeos.org"
160.59.249.145 - - [09/May/2009:04:36:48 -0700] "GET /TempleOSCD.ISO HTTP/1.1" 206 996583 "http://www.globalfreeware.com/CPU-Z-1442-download.html" "Mozilla/4.0 (compatible; MSIE 6.0; Windows NT 5.1; SV1)" "www.templeos.org"
160.59.249.74 - - [09/May/2009:04:36:48 -0700] "GET /TempleOSCD.ISO HTTP/1.1" 206 245291 "http://www.globalfreeware.com/CPU-Z-1442-download.html" "Mozilla/4.0 (compatible; MSIE 6.0; Windows NT 5.1; SV1)" "www.templeos.org"
160.59.249.145 - - [09/May/2009:04:36:49 -0700] "GET /TempleOSCD.ISO HTTP/1.1" 206 294711 "http://www.globalfreeware.com/CPU-Z-1442-download.html" "Mozilla/4.0 (compatible; MSIE 6.0; Windows NT 5.1; SV1)" "www.templeos.org"
41.163.98.5 - - [09/May/2009:04:36:50 -0700] "GET /favicon.ico HTTP/1.1" 404 275 "-" "Mozilla/5.0 (X11; U; Linux i686; en-GB; rv:1.9.0.10) Gecko/2009042708 Fedora/3.0.10-1.fc10 Firefox/3.0.10" "www.templeos.org"
160.59.249.221 - - [09/May/2009:04:36:52 -0700] "GET /TempleOSCD.ISO HTTP/1.1" 206 126496 "http://www.globalfreeware.com/CPU-Z-1442-download.html" "Mozilla/4.0 (compatible; MSIE 6.0; Windows NT 5.1; SV1)" "www.templeos.org"
160.59.249.246 - - [09/May/2009:04:36:53 -0700] "GET /TempleOSCD.ISO HTTP/1.1" 206 620324 "http://www.globalfreeware.com/CPU-Z-1442-download.html" "Mozilla/4.0 (compatible; MSIE 6.0; Windows NT 5.1; SV1)" "www.templeos.org"
160.59.249.145 - - [09/May/2009:04:36:55 -0700] "GET /TempleOSCD.ISO HTTP/1.1" 206 1572864 "http://www.globalfreeware.com/CPU-Z-1442-download.html" "Mozilla/4.0 (compatible; MSIE 6.0; Windows NT 5.1; SV1)" "www.templeos.org"
160.59.249.71 - - [09/May/2009:04:36:55 -0700] "GET /TempleOSCD.ISO HTTP/1.1" 206 63249 "http://www.globalfreeware.com/CPU-Z-1442-download.html" "Mozilla/4.0 (compatible; MSIE 6.0; Windows NT 5.1; SV1)" "www.templeos.org"
160.59.249.145 - - [09/May/2009:04:36:57 -0700] "GET /TempleOSCD.ISO HTTP/1.1" 206 2097152 "http://www.globalfreeware.com/CPU-Z-1442-download.html" "Mozilla/4.0 (compatible; MSIE 6.0; Windows NT 5.1; SV1)" "www.templeos.org"
160.59.249.145 - - [09/May/2009:04:36:58 -0700] "GET /TempleOSCD.ISO HTTP/1.1" 206 31705 "http://www.globalfreeware.com/CPU-Z-1442-download.html" "Mozilla/4.0 (compatible; MSIE 6.0; Windows NT 5.1; SV1)" "www.templeos.org"
160.59.249.145 - - [09/May/2009:04:36:58 -0700] "GET /TempleOSCD.ISO HTTP/1.1" 206 21376 "http://www.globalfreeware.com/CPU-Z-1442-download.html" "Mozilla/4.0 (compatible; MSIE 6.0; Windows NT 5.1; SV1)" "www.templeos.org"
186.215.242.85 - - [09/May/2009:04:38:13 -0700] "GET /index.html HTTP/1.1" 304 - "-" "Sogou web spider/4.0(+http://www.sogou.com/docs/help/webmasters.htm#07)" "www.templeos.org"
171.219.143.228 - - [09/May/2009:04:46:37 -0700] "GET /sitebuilder/?S=D HTTP/1.0" 200 796 "-" "Mozilla/5.0 (compatible; Yahoo! Slurp/3.0; http://help.yahoo.com/help/us/ysearch/slurp)" "www.templeos.org"
18.209.144.199 - - [09/May/2009:04:50:23 -0700] "GET /TempleOSCD.ISO HTTP/1.1" 200 196608 "-" "Mozilla/4.0 (compatible; MSIE 8.0; Windows NT 6.0; WOW64; Trident/4.0; SLCC1; .NET CLR 2.0.50727; Media Center PC 5.0; .NET CLR 3.5.21022; .NET CLR 1.1.4322; .NET CLR 3.5.30729; .NET CLR 3.0.30618; OfficeLiveConnector.1.3; OfficeLivePatch.0.0)" "www.templeos.org"
233.20.138.241 - - [09/May/2009:04:51:24 -0700] "GET /v502.html HTTP/1.1" 404 275 "http://www.semantic.hn/" "AppEngine-Google; (+http://code.google.com/appengine)" "www.templeos.org"
55.229.82.210 - - [09/May/2009:04:56:15 -0700] "GET /robots.txt HTTP/1.1" 404 275 "-" "msnbot/2.0b (+http://search.msn.com/msnbot.htm)" "www.templeos.org"
55.229.82.210 - - [09/May/2009:04:58:20 -0700] "GET /contact.html HTTP/1.0" 304 - "-" "msnbot/2.0b (+http://search.msn.com/msnbot.htm)" "www.templeos.org"
233.20.138.101 - - [09/May/2009:05:00:34 -0700] "GET /v502.html HTTP/1.1" 404 275 "http://www.semantic.hn/" "AppEngine-Google; (+http://code.google.com/appengine)" "www.templeos.org"
55.229.238.22 - - [09/May/2009:05:01:19 -0700] "GET /history.html HTTP/1.0" 404 275 "-" "msnbot/2.0b (+http://search.msn.com/msnbot.htm)" "www.templeos.org"
171.219.143.228 - - [09/May/2009:05:03:38 -0700] "GET /TempleOSCD.ISO HTTP/1.0" 304 - "-" "Mozilla/5.0 (compatible; Yahoo! Slurp/3.0; http://help.yahoo.com/help/us/ysearch/slurp)" "www.templeos.org"
215.1.77.113 - - [09/May/2009:05:06:53 -0700] "GET /v505.html HTTP/1.1" 404 275 "-" "Mozilla/5.0 (compatible; woriobot support [at] worio [dot] com +http://worio.com)" "www.templeos.org"
41.170.30.194 - - [09/May/2009:05:12:04 -0700] "GET /TempleOSCD.ISO HTTP/1.1" 200 262144 "http://images.google.ro/imgres?imgurl=http://www.globalfreeware.com/productImg/39/YouTube-Downloader-216/youtubednldr11.gif&imgrefurl=http://www.globalfreeware.com/YouTube-Downloader-216.html&usg=__oTEVmin8KCl46ET7llSU7NxmGFU=&h=326&w=378&sz=11&hl=ro&start=2&um=1&tbnid=q04pwDLVt9sGgM:&tbnh=105&tbnw=122&prev=/images%3Fq%3Ddownload%2Bfree%2Byoutube%2Bdownloader%26hl%3Dro%26sa%3DN%26um%3D1" "Mozilla/4.0 (compatible; MSIE 6.0; Windows NT 5.1; SV1)" "www.templeos.org"
173.37.27.66 - - [09/May/2009:05:15:44 -0700] "HEAD /TempleOSCD.ISO HTTP/1.1" 206 0 "-" "Mozilla/5.0 (Windows; U; Windows NT 5.1; pt-BR; rv:1.8.0.1) Gecko/20060111 Firefox/1.5.0.174.5361328125" "www.templeos.org"
65.179.102.141 - - [09/May/2009:05:17:26 -0700] "GET /v502.html HTTP/1.1" 404 275 "http://www.semantic.hn/" "AppEngine-Google; (+http://code.google.com/appengine)" "www.templeos.org"
233.20.138.227 - - [09/May/2009:05:34:24 -0700] "GET /v502.html HTTP/1.1" 404 275 "http://www.semantic.hn/" "AppEngine-Google; (+http://code.google.com/appengine)" "www.templeos.org"
20.213.18.107 - - [09/May/2009:05:45:22 -0700] "GET /robots.txt HTTP/1.0" 404 275 "-" "Mozilla/5.0 (compatible; Yahoo! Slurp China; http://misc.yahoo.com.cn/help.html)" "www.templeos.org"
20.213.168.230 - - [09/May/2009:05:46:10 -0700] "GET / HTTP/1.0" 200 81188 "-" "Mozilla/5.0 (compatible; Yahoo! Slurp China; http://misc.yahoo.com.cn/help.html)" "www.templeos.org"
233.20.138.88 - - [09/May/2009:05:51:25 -0700] "GET /v502.html HTTP/1.1" 404 275 "http://www.semantic.hn/" "AppEngine-Google; (+http://code.google.com/appengine)" "www.templeos.org"
236.162.138.97 - - [09/May/2009:05:57:41 -0700] "GET /images/Span.JPG HTTP/1.1" 304 - "-" "Mozilla/4.0 (compatible;)" "www.templeos.org"
54.211.99.239 - - [09/May/2009:05:57:43 -0700] "GET /TempleOSCD.ISO HTTP/1.1" 200 262144 "-" "Mozilla/4.0 (compatible; MSIE 6.0; Windows NT 5.1; SV1; (R1 1.6); .NET CLR 2.0.50727)" "www.templeos.org"
236.162.138.97 - - [09/May/2009:05:57:45 -0700] "GET /images/Squirt.JPG HTTP/1.1" 304 - "-" "Mozilla/4.0 (compatible;)" "www.templeos.org"
236.162.138.97 - - [09/May/2009:05:58:09 -0700] "GET /images/Tanks.JPG HTTP/1.1" 200 110155 "-" "Mozilla/4.0 (compatible;)" "www.templeos.org"
236.162.138.97 - - [09/May/2009:05:58:37 -0700] "GET /images/FPS.JPG HTTP/1.1" 304 - "-" "Mozilla/4.0 (compatible;)" "www.templeos.org"
233.20.138.227 - - [09/May/2009:06:00:27 -0700] "GET /v502.html HTTP/1.1" 404 275 "http://www.semantic.hn/" "AppEngine-Google; (+http://code.google.com/appengine)" "www.templeos.org"
54.211.99.239 - - [09/May/2009:06:00:34 -0700] "GET /TempleOSCD.ISO HTTP/1.1" 200 358656 "-" "Mozilla/4.0 (compatible; MSIE 6.0; Windows NT 5.1; SV1; (R1 1.6); .NET CLR 2.0.50727)" "www.templeos.org"
54.211.99.239 - - [09/May/2009:06:01:01 -0700] "GET /TempleOSCD.ISO HTTP/1.1" 200 254896 "-" "Mozilla/4.0 (compatible; MSIE 6.0; Windows NT 5.1; SV1; (R1 1.6); .NET CLR 2.0.50727)" "www.templeos.org"
54.211.99.239 - - [09/May/2009:06:01:25 -0700] "GET /TempleOSCD.ISO HTTP/1.1" 200 530688 "http://www.globalfreeware.com/Nlite-Add-on-Maker-124-download.html" "Mozilla/4.0 (compatible; MSIE 6.0; Windows NT 5.1; SV1; (R1 1.6); .NET CLR 2.0.50727)" "www.templeos.org"
209.51.1.233 - - [09/May/2009:06:07:27 -0700] "GET / HTTP/1.1" 200 81188 "http://www.cs.toronto.edu/~ad/news/" "Mozilla/5.0 (Windows; U; Windows NT 5.1; en-US; rv:1.9.0.10) Gecko/2009042316 Firefox/3.0.10" "www.templeos.org"
209.51.1.233 - - [09/May/2009:06:07:27 -0700] "GET /images/Header.JPG HTTP/1.1" 200 2982 "http://www.templeos.org/" "Mozilla/5.0 (Windows; U; Windows NT 5.1; en-US; rv:1.9.0.10) Gecko/2009042316 Firefox/3.0.10" "www.templeos.org"
209.51.1.233 - - [09/May/2009:06:07:28 -0700] "GET /media/Demo1.wmv HTTP/1.1" 200 655360 "http://www.templeos.org/" "Mozilla/5.0 (Windows; U; Windows NT 5.1; en-US; rv:1.9.0.10) Gecko/2009042316 Firefox/3.0.10" "www.templeos.org"
209.51.1.233 - - [09/May/2009:06:07:28 -0700] "GET /favicon.ico HTTP/1.1" 404 275 "-" "Mozilla/5.0 (Windows; U; Windows NT 5.1; en-US; rv:1.9.0.10) Gecko/2009042316 Firefox/3.0.10" "www.templeos.org"
209.51.1.233 - - [09/May/2009:06:07:31 -0700] "GET /favicon.ico HTTP/1.1" 404 275 "-" "Mozilla/5.0 (Windows; U; Windows NT 5.1; en-US; rv:1.9.0.10) Gecko/2009042316 Firefox/3.0.10" "www.templeos.org"
233.20.138.101 - - [09/May/2009:06:17:31 -0700] "GET /v502.html HTTP/1.1" 404 275 "http://www.semantic.hn/" "AppEngine-Google; (+http://code.google.com/appengine)" "www.templeos.org"
54.95.60.121 - - [09/May/2009:06:30:41 -0700] "GET / HTTP/1.1" 200 81188 "http://www.google.com.kw/search?hl=ar&client=firefox-a&rls=org.mozilla:en-US:official&hs=nxm&ei=S4UFSvy6FMOR_QaPl5GlBw&sa=X&oi=spell&resnum=1&ct=result&cd=1&q=in+32+bit+os+i+want+to+use+virtual+64+bit+os&spell=1" "Mozilla/5.0 (Windows; U; Windows NT 5.1; en-US; rv:1.9.0.10) Gecko/2009042316 Firefox/3.0.10 (.NET CLR 1.1.4322; .NET CLR 2.0.50727; .NET CLR 3.0.4506.2152; .NET CLR 3.5.30729)" "www.templeos.org"
54.95.60.121 - - [09/May/2009:06:30:42 -0700] "GET /images/Header.JPG HTTP/1.1" 200 2982 "http://www.templeos.org/" "Mozilla/5.0 (Windows; U; Windows NT 5.1; en-US; rv:1.9.0.10) Gecko/2009042316 Firefox/3.0.10 (.NET CLR 1.1.4322; .NET CLR 2.0.50727; .NET CLR 3.0.4506.2152; .NET CLR 3.5.30729)" "www.templeos.org"
54.95.60.121 - - [09/May/2009:06:30:43 -0700] "GET /media/Demo1.wmv HTTP/1.1" 200 196608 "http://www.templeos.org/" "Mozilla/5.0 (Windows; U; Windows NT 5.1; en-US; rv:1.9.0.10) Gecko/2009042316 Firefox/3.0.10 (.NET CLR 1.1.4322; .NET CLR 2.0.50727; .NET CLR 3.0.4506.2152; .NET CLR 3.5.30729)" "www.templeos.org"
54.95.60.121 - - [09/May/2009:06:30:45 -0700] "GET /favicon.ico HTTP/1.1" 404 275 "-" "Mozilla/5.0 (Windows; U; Windows NT 5.1; en-US; rv:1.9.0.10) Gecko/2009042316 Firefox/3.0.10 (.NET CLR 1.1.4322; .NET CLR 2.0.50727; .NET CLR 3.0.4506.2152; .NET CLR 3.5.30729)" "www.templeos.org"
54.95.60.121 - - [09/May/2009:06:30:48 -0700] "GET /favicon.ico HTTP/1.1" 404 275 "-" "Mozilla/5.0 (Windows; U; Windows NT 5.1; en-US; rv:1.9.0.10) Gecko/2009042316 Firefox/3.0.10 (.NET CLR 1.1.4322; .NET CLR 2.0.50727; .NET CLR 3.0.4506.2152; .NET CLR 3.5.30729)" "www.templeos.org"
233.20.138.241 - - [09/May/2009:06:34:30 -0700] "GET /v502.html HTTP/1.1" 404 275 "http://www.semantic.hn/" "AppEngine-Google; (+http://code.google.com/appengine)" "www.templeos.org"
233.20.138.227 - - [09/May/2009:06:51:27 -0700] "GET /v502.html HTTP/1.1" 404 275 "http://www.semantic.hn/" "AppEngine-Google; (+http://code.google.com/appengine)" "www.templeos.org"
146.242.104.143 - - [09/May/2009:06:54:36 -0700] "GET / HTTP/1.1" 200 81188 "-" "Opera/9.64 (Windows NT 5.1; U; en) Presto/2.1.1" "www.templeos.org"
146.242.104.143 - - [09/May/2009:06:54:37 -0700] "GET /images/Header.JPG HTTP/1.1" 200 2982 "http://www.templeos.org/" "Opera/9.64 (Windows NT 5.1; U; en) Presto/2.1.1" "www.templeos.org"
146.242.104.143 - - [09/May/2009:06:54:38 -0700] "GET /media/Demo1.wmv HTTP/1.1" 200 196608 "http://www.templeos.org/" "Opera/9.64 (Windows NT 5.1; U; en) Presto/2.1.1" "www.templeos.org"
146.242.104.143 - - [09/May/2009:06:54:40 -0700] "GET /favicon.ico HTTP/1.1" 404 275 "http://www.templeos.org/" "Opera/9.64 (Windows NT 5.1; U; en) Presto/2.1.1" "www.templeos.org"
223.226.83.41 - - [09/May/2009:06:56:19 -0700] "GET / HTTP/1.1" 200 81188 "-" "Mozilla/5.0 (Windows; U; Windows NT 6.0; de; rv:1.9.0.10) Gecko/2009042316 Firefox/3.0.10" "www.templeos.org"
223.226.83.41 - - [09/May/2009:06:56:19 -0700] "GET /images/Header.JPG HTTP/1.1" 200 2982 "http://www.templeos.org/" "Mozilla/5.0 (Windows; U; Windows NT 6.0; de; rv:1.9.0.10) Gecko/2009042316 Firefox/3.0.10" "www.templeos.org"
223.54.109.191 - - [09/May/2009:06:56:27 -0700] "GET / HTTP/1.1" 200 81188 "-" "Java/1.6.0-beta2" "www.templeos.org"
9.142.199.183 - - [09/May/2009:06:57:06 -0700] "GET / HTTP/1.1" 200 81188 "-" "Mozilla/5.0 (Windows; U; Windows NT 6.0; en-US; rv:1.9.0.10) Gecko/2009042316 Firefox/3.0.10" "www.templeos.org"
9.142.199.183 - - [09/May/2009:06:57:07 -0700] "GET /images/Header.JPG HTTP/1.1" 200 2982 "http://www.templeos.org/" "Mozilla/5.0 (Windows; U; Windows NT 6.0; en-US; rv:1.9.0.10) Gecko/2009042316 Firefox/3.0.10" "www.templeos.org"
9.142.199.183 - - [09/May/2009:06:57:07 -0700] "GET /media/Demo1.wmv HTTP/1.1" 200 196608 "http://www.templeos.org/" "Mozilla/5.0 (Windows; U; Windows NT 6.0; en-US; rv:1.9.0.10) Gecko/2009042316 Firefox/3.0.10" "www.templeos.org"
9.142.199.183 - - [09/May/2009:06:57:08 -0700] "GET /favicon.ico HTTP/1.1" 404 275 "-" "Mozilla/5.0 (Windows; U; Windows NT 6.0; en-US; rv:1.9.0.10) Gecko/2009042316 Firefox/3.0.10" "www.templeos.org"
9.142.199.183 - - [09/May/2009:06:57:11 -0700] "GET /favicon.ico HTTP/1.1" 404 275 "-" "Mozilla/5.0 (Windows; U; Windows NT 6.0; en-US; rv:1.9.0.10) Gecko/2009042316 Firefox/3.0.10" "www.templeos.org"
223.226.83.41 - - [09/May/2009:06:57:17 -0700] "GET /favicon.ico HTTP/1.1" 404 275 "-" "Mozilla/5.0 (Windows; U; Windows NT 6.0; de; rv:1.9.0.10) Gecko/2009042316 Firefox/3.0.10" "www.templeos.org"
223.226.83.41 - - [09/May/2009:06:57:17 -0700] "GET /requirements.html HTTP/1.1" 200 3333 "http://www.templeos.org/" "Mozilla/5.0 (Windows; U; Windows NT 6.0; de; rv:1.9.0.10) Gecko/2009042316 Firefox/3.0.10" "www.templeos.org"
223.226.83.41 - - [09/May/2009:06:57:17 -0700] "GET /media/Demo1.wmv HTTP/1.1" 200 4653056 "http://www.templeos.org/" "Mozilla/5.0 (Windows; U; Windows NT 6.0; de; rv:1.9.0.10) Gecko/2009042316 Firefox/3.0.10" "www.templeos.org"
223.226.83.41 - - [09/May/2009:06:57:17 -0700] "GET /images/Requirements.jpg HTTP/1.1" 200 29287 "http://www.templeos.org/requirements.html" "Mozilla/5.0 (Windows; U; Windows NT 6.0; de; rv:1.9.0.10) Gecko/2009042316 Firefox/3.0.10" "www.templeos.org"
223.226.83.41 - - [09/May/2009:06:57:20 -0700] "GET /favicon.ico HTTP/1.1" 404 275 "-" "Mozilla/5.0 (Windows; U; Windows NT 6.0; de; rv:1.9.0.10) Gecko/2009042316 Firefox/3.0.10" "www.templeos.org"
223.226.83.41 - - [09/May/2009:06:57:21 -0700] "GET /favicon.ico HTTP/1.1" 404 275 "-" "Mozilla/5.0 (Windows; U; Windows NT 6.0; de; rv:1.9.0.10) Gecko/2009042316 Firefox/3.0.10" "www.templeos.org"
223.226.83.41 - - [09/May/2009:06:59:16 -0700] "GET /screenshots.html HTTP/1.1" 200 11591 "http://www.templeos.org/requirements.html" "Mozilla/5.0 (Windows; U; Windows NT 6.0; de; rv:1.9.0.10) Gecko/2009042316 Firefox/3.0.10" "www.templeos.org"
223.226.83.41 - - [09/May/2009:06:59:17 -0700] "GET /images/Collision.JPG HTTP/1.1" 200 77496 "http://www.templeos.org/screenshots.html" "Mozilla/5.0 (Windows; U; Windows NT 6.0; de; rv:1.9.0.10) Gecko/2009042316 Firefox/3.0.10" "www.templeos.org"
223.226.83.41 - - [09/May/2009:06:59:17 -0700] "GET /images/CTrace.JPG HTTP/1.1" 200 72254 "http://www.templeos.org/screenshots.html" "Mozilla/5.0 (Windows; U; Windows NT 6.0; de; rv:1.9.0.10) Gecko/2009042316 Firefox/3.0.10" "www.templeos.org"
223.226.83.41 - - [09/May/2009:06:59:17 -0700] "GET /images/Dollar.JPG HTTP/1.1" 200 92536 "http://www.templeos.org/screenshots.html" "Mozilla/5.0 (Windows; U; Windows NT 6.0; de; rv:1.9.0.10) Gecko/2009042316 Firefox/3.0.10" "www.templeos.org"
223.226.83.41 - - [09/May/2009:06:59:17 -0700] "GET /images/DotNet.JPG HTTP/1.1" 200 77806 "http://www.templeos.org/screenshots.html" "Mozilla/5.0 (Windows; U; Windows NT 6.0; de; rv:1.9.0.10) Gecko/2009042316 Firefox/3.0.10" "www.templeos.org"
223.226.83.41 - - [09/May/2009:06:59:17 -0700] "GET /images/Rocks.JPG HTTP/1.1" 200 38304 "http://www.templeos.org/screenshots.html" "Mozilla/5.0 (Windows; U; Windows NT 6.0; de; rv:1.9.0.10) Gecko/2009042316 Firefox/3.0.10" "www.templeos.org"
223.226.83.41 - - [09/May/2009:06:59:17 -0700] "GET /images/Tanks.JPG HTTP/1.1" 200 110155 "http://www.templeos.org/screenshots.html" "Mozilla/5.0 (Windows; U; Windows NT 6.0; de; rv:1.9.0.10) Gecko/2009042316 Firefox/3.0.10" "www.templeos.org"
223.226.83.41 - - [09/May/2009:06:59:18 -0700] "GET /images/FlightSim2.JPG HTTP/1.1" 200 58066 "http://www.templeos.org/screenshots.html" "Mozilla/5.0 (Windows; U; Windows NT 6.0; de; rv:1.9.0.10) Gecko/2009042316 Firefox/3.0.10" "www.templeos.org"
223.226.83.41 - - [09/May/2009:06:59:19 -0700] "GET /images/FPS.JPG HTTP/1.1" 200 18883 "http://www.templeos.org/screenshots.html" "Mozilla/5.0 (Windows; U; Windows NT 6.0; de; rv:1.9.0.10) Gecko/2009042316 Firefox/3.0.10" "www.templeos.org"
223.226.83.41 - - [09/May/2009:06:59:20 -0700] "GET /images/Span.JPG HTTP/1.1" 200 30960 "http://www.templeos.org/screenshots.html" "Mozilla/5.0 (Windows; U; Windows NT 6.0; de; rv:1.9.0.10) Gecko/2009042316 Firefox/3.0.10" "www.templeos.org"
223.226.83.41 - - [09/May/2009:06:59:20 -0700] "GET /images/Squirt.JPG HTTP/1.1" 200 17481 "http://www.templeos.org/screenshots.html" "Mozilla/5.0 (Windows; U; Windows NT 6.0; de; rv:1.9.0.10) Gecko/2009042316 Firefox/3.0.10" "www.templeos.org"
223.226.83.41 - - [09/May/2009:06:59:20 -0700] "GET /images/XCaliber.jpg HTTP/1.1" 200 20758 "http://www.templeos.org/screenshots.html" "Mozilla/5.0 (Windows; U; Windows NT 6.0; de; rv:1.9.0.10) Gecko/2009042316 Firefox/3.0.10" "www.templeos.org"
223.226.83.41 - - [09/May/2009:06:59:20 -0700] "GET /images/Organ.jpg HTTP/1.1" 200 38835 "http://www.templeos.org/screenshots.html" "Mozilla/5.0 (Windows; U; Windows NT 6.0; de; rv:1.9.0.10) Gecko/2009042316 Firefox/3.0.10" "www.templeos.org"
223.226.83.41 - - [09/May/2009:06:59:20 -0700] "GET /images/TempleOSV505.jpg HTTP/1.1" 200 80248 "http://www.templeos.org/screenshots.html" "Mozilla/5.0 (Windows; U; Windows NT 6.0; de; rv:1.9.0.10) Gecko/2009042316 Firefox/3.0.10" "www.templeos.org"
233.20.138.227 - - [09/May/2009:07:00:25 -0700] "GET /v502.html HTTP/1.1" 404 275 "http://www.semantic.hn/" "AppEngine-Google; (+http://code.google.com/appengine)" "www.templeos.org"
171.219.143.228 - - [09/May/2009:07:08:58 -0700] "GET /TempleOSCD.ISO HTTP/1.0" 304 - "-" "Mozilla/5.0 (compatible; Yahoo! Slurp/3.0; http://help.yahoo.com/help/us/ysearch/slurp)" "www.templeos.org"
9.142.225.207 - - [09/May/2009:07:10:13 -0700] "GET / HTTP/1.1" 200 81188 "-" "Mozilla/5.0 (X11; U; Linux i686; en-US; rv:1.9.0.10) Gecko/2009042523 Ubuntu/9.04 (jaunty) Firefox/3.0.10" "www.templeos.org"
9.142.225.207 - - [09/May/2009:07:10:13 -0700] "GET /images/Header.JPG HTTP/1.1" 200 2982 "http://www.templeos.org/" "Mozilla/5.0 (X11; U; Linux i686; en-US; rv:1.9.0.10) Gecko/2009042523 Ubuntu/9.04 (jaunty) Firefox/3.0.10" "www.templeos.org"
9.142.225.207 - - [09/May/2009:07:10:14 -0700] "GET /media/Demo1.wmv HTTP/1.1" 200 196608 "http://www.templeos.org/" "Mozilla/5.0 (X11; U; Linux i686; en-US; rv:1.9.0.10) Gecko/2009042523 Ubuntu/9.04 (jaunty) Firefox/3.0.10" "www.templeos.org"
9.142.225.207 - - [09/May/2009:07:10:15 -0700] "GET /favicon.ico HTTP/1.1" 404 275 "-" "Mozilla/5.0 (X11; U; Linux i686; en-US; rv:1.9.0.10) Gecko/2009042523 Ubuntu/9.04 (jaunty) Firefox/3.0.10" "www.templeos.org"
9.142.225.207 - - [09/May/2009:07:10:18 -0700] "GET /favicon.ico HTTP/1.1" 404 275 "-" "Mozilla/5.0 (X11; U; Linux i686; en-US; rv:1.9.0.10) Gecko/2009042523 Ubuntu/9.04 (jaunty) Firefox/3.0.10" "www.templeos.org"
41.183.222.7 - - [09/May/2009:07:11:26 -0700] "GET /TempleOSCD.ISO HTTP/1.1" 200 196608 "-" "Mozilla/4.0 (compatible; MSIE 7.0; Windows NT 5.1; Trident/4.0; .NET CLR 1.1.4322; MSN Optimized;US)" "www.templeos.org"
209.50.52.113 - - [09/May/2009:07:11:55 -0700] "GET /robots.txt HTTP/1.1" 404 275 "-" "Mediapartners-Google" "www.templeos.org"
15.4.251.124 - - [09/May/2009:07:12:07 -0700] "GET /TempleOSCD.ISO HTTP/1.1" 200 720896 "-" "Mozilla/5.0 (Windows; U; Windows NT 6.0; ro; rv:1.9.0.10) Gecko/2009042316 Firefox/3.0.10 (.NET CLR 3.5.30729)" "www.templeos.org"
15.4.251.124 - - [09/May/2009:07:12:12 -0700] "GET /TempleOSCD.ISO HTTP/1.1" 206 327680 "-" "Mozilla/5.0 (Windows; U; Windows NT 6.0; ro; rv:1.9.0.10) Gecko/2009042316 Firefox/3.0.10 (.NET CLR 3.5.30729)" "www.templeos.org"
41.183.222.7 - - [09/May/2009:07:13:23 -0700] "GET /TempleOSCD.ISO HTTP/1.1" 200 196608 "-" "Mozilla/4.0 (compatible; MSIE 7.0; Windows NT 5.1; Trident/4.0; .NET CLR 1.1.4322; MSN Optimized;US)" "www.templeos.org"
41.183.222.7 - - [09/May/2009:07:13:58 -0700] "GET /TempleOSCD.ISO HTTP/1.1" 200 393216 "-" "Mozilla/4.0 (compatible; MSIE 7.0; Windows NT 5.1; Trident/4.0; .NET CLR 1.1.4322; MSN Optimized;US)" "www.templeos.org"
41.183.222.7 - - [09/May/2009:07:14:22 -0700] "GET /TempleOSCD.ISO HTTP/1.1" 200 196608 "-" "Mozilla/4.0 (compatible; MSIE 7.0; Windows NT 5.1; Trident/4.0; .NET CLR 1.1.4322; MSN Optimized;US)" "www.templeos.org"
41.183.222.7 - - [09/May/2009:07:16:05 -0700] "GET /TempleOSCD.ISO HTTP/1.1" 200 4704256 "-" "Mozilla/4.0 (compatible; MSIE 7.0; Windows NT 5.1; Trident/4.0; .NET CLR 1.1.4322; MSN Optimized;US)" "www.templeos.org"
65.179.102.88 - - [09/May/2009:07:17:28 -0700] "GET /v502.html HTTP/1.1" 404 275 "http://www.semantic.hn/" "AppEngine-Google; (+http://code.google.com/appengine)" "www.templeos.org"
9.142.225.207 - - [09/May/2009:07:23:32 -0700] "GET /media/Demo1.wmv HTTP/1.1" 206 1063680 "-" "Mozilla/5.0 (X11; U; Linux i686; en-US; rv:1.9.0.10) Gecko/2009042523 Ubuntu/9.04 (jaunty) Firefox/3.0.10" "www.templeos.org"
65.246.166.82 - - [09/May/2009:07:24:05 -0700] "GET / HTTP/1.1" 200 81188 "-" "Mozilla/5.0 (X11; U; Linux i686; en-US; rv:1.9.0.10) Gecko/2009042523 Ubuntu/9.04 (jaunty) Firefox/3.0.10" "www.templeos.org"
65.246.166.82 - - [09/May/2009:07:24:05 -0700] "GET /images/Header.JPG HTTP/1.1" 200 2982 "http://www.templeos.org/" "Mozilla/5.0 (X11; U; Linux i686; en-US; rv:1.9.0.10) Gecko/2009042523 Ubuntu/9.04 (jaunty) Firefox/3.0.10" "www.templeos.org"
65.246.166.82 - - [09/May/2009:07:24:05 -0700] "GET /media/Demo1.wmv HTTP/1.1" 200 196608 "http://www.templeos.org/" "Mozilla/5.0 (X11; U; Linux i686; en-US; rv:1.9.0.10) Gecko/2009042523 Ubuntu/9.04 (jaunty) Firefox/3.0.10" "www.templeos.org"
65.246.166.82 - - [09/May/2009:07:24:06 -0700] "GET /favicon.ico HTTP/1.1" 404 275 "-" "Mozilla/5.0 (X11; U; Linux i686; en-US; rv:1.9.0.10) Gecko/2009042523 Ubuntu/9.04 (jaunty) Firefox/3.0.10" "www.templeos.org"
65.246.166.82 - - [09/May/2009:07:24:09 -0700] "GET /favicon.ico HTTP/1.1" 404 275 "-" "Mozilla/5.0 (X11; U; Linux i686; en-US; rv:1.9.0.10) Gecko/2009042523 Ubuntu/9.04 (jaunty) Firefox/3.0.10" "www.templeos.org"
233.20.138.241 - - [09/May/2009:07:34:27 -0700] "GET /v502.html HTTP/1.1" 404 275 "http://www.semantic.hn/" "AppEngine-Google; (+http://code.google.com/appengine)" "www.templeos.org"
166.205.54.255 - - [09/May/2009:07:48:15 -0700] "GET /media/FlightSim.wmv HTTP/1.0" 404 275 "http://www.templeos.org/flightsim.html" "Mozilla/4.0 (compatible; MSIE 6.0; Windows NT 5.1)" "www.templeos.org"
166.205.54.255 - - [09/May/2009:07:48:16 -0700] "GET /media/FlightSim.wmv HTTP/1.0" 404 275 "http://www.templeos.org/flightsim.html" "Mozilla/4.0 (compatible; MSIE 6.0; Windows NT 5.1)" "www.templeos.org"
233.20.138.199 - - [09/May/2009:07:51:23 -0700] "GET /v502.html HTTP/1.1" 404 275 "http://www.semantic.hn/" "AppEngine-Google; (+http://code.google.com/appengine)" "www.templeos.org"
146.40.136.180 - - [09/May/2009:07:56:04 -0700] "GET /images/TempleOS421.JPG HTTP/1.1" 404 275 "http://forum.osdev.org/viewtopic.php?f=1&t=12087&start=255" "Mozilla/5.0 (Windows; U; Windows NT 6.0; de; rv:1.9.0.10) Gecko/2009042316 Firefox/2.0.0.14 (de) (TL-FF) (.NET CLR 3.5.30729)" "www.templeos.org"
146.40.136.180 - - [09/May/2009:07:59:16 -0700] "GET /screenshots.html HTTP/1.1" 200 11591 "http://forum.osdev.org/viewtopic.php?f=1&t=12087&start=255" "Mozilla/5.0 (Windows; U; Windows NT 6.0; de; rv:1.9.0.10) Gecko/2009042316 Firefox/2.0.0.14 (de) (TL-FF) (.NET CLR 3.5.30729)" "www.templeos.org"
146.40.136.180 - - [09/May/2009:07:59:16 -0700] "GET /images/Header.JPG HTTP/1.1" 200 2982 "http://www.templeos.org/screenshots.html" "Mozilla/5.0 (Windows; U; Windows NT 6.0; de; rv:1.9.0.10) Gecko/2009042316 Firefox/2.0.0.14 (de) (TL-FF) (.NET CLR 3.5.30729)" "www.templeos.org"
146.40.136.180 - - [09/May/2009:07:59:16 -0700] "GET /images/Collision.JPG HTTP/1.1" 200 77496 "http://www.templeos.org/screenshots.html" "Mozilla/5.0 (Windows; U; Windows NT 6.0; de; rv:1.9.0.10) Gecko/2009042316 Firefox/2.0.0.14 (de) (TL-FF) (.NET CLR 3.5.30729)" "www.templeos.org"
146.40.136.180 - - [09/May/2009:07:59:16 -0700] "GET /images/CTrace.JPG HTTP/1.1" 200 72254 "http://www.templeos.org/screenshots.html" "Mozilla/5.0 (Windows; U; Windows NT 6.0; de; rv:1.9.0.10) Gecko/2009042316 Firefox/2.0.0.14 (de) (TL-FF) (.NET CLR 3.5.30729)" "www.templeos.org"
146.40.136.180 - - [09/May/2009:07:59:16 -0700] "GET /images/Dollar.JPG HTTP/1.1" 200 92536 "http://www.templeos.org/screenshots.html" "Mozilla/5.0 (Windows; U; Windows NT 6.0; de; rv:1.9.0.10) Gecko/2009042316 Firefox/2.0.0.14 (de) (TL-FF) (.NET CLR 3.5.30729)" "www.templeos.org"
146.40.136.180 - - [09/May/2009:07:59:16 -0700] "GET /images/DotNet.JPG HTTP/1.1" 200 77806 "http://www.templeos.org/screenshots.html" "Mozilla/5.0 (Windows; U; Windows NT 6.0; de; rv:1.9.0.10) Gecko/2009042316 Firefox/2.0.0.14 (de) (TL-FF) (.NET CLR 3.5.30729)" "www.templeos.org"
146.40.136.180 - - [09/May/2009:07:59:17 -0700] "GET /images/Rocks.JPG HTTP/1.1" 200 38304 "http://www.templeos.org/screenshots.html" "Mozilla/5.0 (Windows; U; Windows NT 6.0; de; rv:1.9.0.10) Gecko/2009042316 Firefox/2.0.0.14 (de) (TL-FF) (.NET CLR 3.5.30729)" "www.templeos.org"
146.40.136.180 - - [09/May/2009:07:59:17 -0700] "GET /images/Tanks.JPG HTTP/1.1" 200 110155 "http://www.templeos.org/screenshots.html" "Mozilla/5.0 (Windows; U; Windows NT 6.0; de; rv:1.9.0.10) Gecko/2009042316 Firefox/2.0.0.14 (de) (TL-FF) (.NET CLR 3.5.30729)" "www.templeos.org"
146.40.136.180 - - [09/May/2009:07:59:17 -0700] "GET /images/FlightSim2.JPG HTTP/1.1" 200 58066 "http://www.templeos.org/screenshots.html" "Mozilla/5.0 (Windows; U; Windows NT 6.0; de; rv:1.9.0.10) Gecko/2009042316 Firefox/2.0.0.14 (de) (TL-FF) (.NET CLR 3.5.30729)" "www.templeos.org"
