209.175.142.224 - - [08/May/2009:12:58:12 -0700] "GET /images/Tanks.JPG HTTP/1.1" 200 110155 "http://www.templeos.org/screenshots.html" "Mozilla/5.0 (Windows; U; Windows NT 5.1; en-US; rv:1.9.0.10) Gecko/2009042316 Firefox/3.0.10" "www.templeos.org"
209.175.142.224 - - [08/May/2009:12:58:12 -0700] "GET /images/FlightSim2.JPG HTTP/1.1" 200 58066 "http://www.templeos.org/screenshots.html" "Mozilla/5.0 (Windows; U; Windows NT 5.1; en-US; rv:1.9.0.10) Gecko/2009042316 Firefox/3.0.10" "www.templeos.org"
209.175.142.224 - - [08/May/2009:12:58:12 -0700] "GET /images/FPS.JPG HTTP/1.1" 200 18883 "http://www.templeos.org/screenshots.html" "Mozilla/5.0 (Windows; U; Windows NT 5.1; en-US; rv:1.9.0.10) Gecko/2009042316 Firefox/3.0.10" "www.templeos.org"
209.175.142.224 - - [08/May/2009:12:58:12 -0700] "GET /images/Span.JPG HTTP/1.1" 200 30960 "http://www.templeos.org/screenshots.html" "Mozilla/5.0 (Windows; U; Windows NT 5.1; en-US; rv:1.9.0.10) Gecko/2009042316 Firefox/3.0.10" "www.templeos.org"
209.175.142.224 - - [08/May/2009:12:58:13 -0700] "GET /images/Squirt.JPG HTTP/1.1" 200 17481 "http://www.templeos.org/screenshots.html" "Mozilla/5.0 (Windows; U; Windows NT 5.1; en-US; rv:1.9.0.10) Gecko/2009042316 Firefox/3.0.10" "www.templeos.org"
209.175.142.224 - - [08/May/2009:12:58:13 -0700] "GET /images/XCaliber.jpg HTTP/1.1" 200 20758 "http://www.templeos.org/screenshots.html" "Mozilla/5.0 (Windows; U; Windows NT 5.1; en-US; rv:1.9.0.10) Gecko/2009042316 Firefox/3.0.10" "www.templeos.org"
209.175.142.224 - - [08/May/2009:12:58:13 -0700] "GET /images/Organ.jpg HTTP/1.1" 200 38835 "http://www.templeos.org/screenshots.html" "Mozilla/5.0 (Windows; U; Windows NT 5.1; en-US; rv:1.9.0.10) Gecko/2009042316 Firefox/3.0.10" "www.templeos.org"
209.175.142.224 - - [08/May/2009:12:58:13 -0700] "GET /images/TempleOSV505.jpg HTTP/1.1" 200 80248 "http://www.templeos.org/screenshots.html" "Mozilla/5.0 (Windows; U; Windows NT 5.1; en-US; rv:1.9.0.10) Gecko/2009042316 Firefox/3.0.10" "www.templeos.org"
209.175.142.224 - - [08/May/2009:12:58:13 -0700] "GET /media/Demo1.wmv HTTP/1.1" 200 458752 "-" "NSPlayer/11.0.5721.5251 WMFSDK/11.0" "www.templeos.org"
209.175.142.224 - - [08/May/2009:12:58:14 -0700] "GET /favicon.ico HTTP/1.1" 404 275 "-" "Mozilla/5.0 (Windows; U; Windows NT 5.1; en-US; rv:1.9.0.10) Gecko/2009042316 Firefox/3.0.10" "www.templeos.org"
209.175.142.224 - - [08/May/2009:12:58:15 -0700] "GET /favicon.ico HTTP/1.1" 404 275 "-" "Mozilla/5.0 (Windows; U; Windows NT 5.1; en-US; rv:1.9.0.10) Gecko/2009042316 Firefox/3.0.10" "www.templeos.org"
209.175.142.224 - - [08/May/2009:12:58:15 -0700] "GET /favicon.ico HTTP/1.1" 404 275 "-" "Mozilla/5.0 (Windows; U; Windows NT 5.1; en-US; rv:1.9.0.10) Gecko/2009042316 Firefox/3.0.10" "www.templeos.org"
80.140.42.93 - - [08/May/2009:12:59:58 -0700] "GET / HTTP/1.1" 200 81188 "-" "Mozilla/4.0 (compatible; MSIE 7.0; Windows NT 5.1; .NET CLR 2.0.50727; .NET CLR 3.0.4506.2152; .NET CLR 3.5.30729)" "www.templeos.org"
80.140.42.93 - - [08/May/2009:13:00:00 -0700] "GET /images/Header.JPG HTTP/1.1" 200 2982 "http://www.templeos.org/" "Mozilla/4.0 (compatible; MSIE 7.0; Windows NT 5.1; .NET CLR 2.0.50727; .NET CLR 3.0.4506.2152; .NET CLR 3.5.30729)" "www.templeos.org"
80.140.42.93 - - [08/May/2009:13:00:06 -0700] "GET /favicon.ico HTTP/1.1" 404 275 "-" "Mozilla/4.0 (compatible; MSIE 7.0; Windows NT 5.1; .NET CLR 2.0.50727; .NET CLR 3.0.4506.2152; .NET CLR 3.5.30729)" "www.templeos.org"
80.140.42.93 - - [08/May/2009:13:00:08 -0700] "GET /media/Demo1.smi HTTP/1.1" 404 275 "http://www.templeos.org/" "Windows-Media-Player/11.0.5721.5260" "www.templeos.org"
80.140.42.93 - - [08/May/2009:13:00:11 -0700] "GET /media/Demo1.wmv HTTP/1.0" 200 458752 "-" "NSPlayer/11.0.5721.5251" "www.templeos.org"
80.140.42.93 - - [08/May/2009:13:00:11 -0700] "GET /media/Demo1.wmv HTTP/1.0" 200 458752 "-" "NSPlayer/11.0.5721.5251 WMFSDK/11.0" "www.templeos.org"
65.179.102.141 - - [08/May/2009:13:00:24 -0700] "GET /v502.html HTTP/1.1" 404 275 "http://www.semantic.hn/" "AppEngine-Google; (+http://code.google.com/appengine)" "www.templeos.org"
209.50.52.113 - - [08/May/2009:13:01:51 -0700] "GET /TempleOSCD.ISO HTTP/1.1" 304 - "-" "Mediapartners-Google" "www.templeos.org"
10.154.0.212 - - [08/May/2009:13:02:07 -0700] "GET /TempleOSCD.ISO HTTP/1.1" 200 327680 "-" "Mozilla/4.0 (compatible; MSIE 7.0; Windows NT 6.0; SLCC1; .NET CLR 2.0.50727; .NET CLR 3.0.04506; .NET CLR 1.1.4322; InfoPath.2; MS-RTC LM 8; .NET CLR 3.5.21022)" "www.templeos.org"
80.140.42.93 - - [08/May/2009:13:02:34 -0700] "GET /screenshots.html HTTP/1.1" 200 11591 "http://www.templeos.org/" "Mozilla/4.0 (compatible; MSIE 7.0; Windows NT 5.1; .NET CLR 2.0.50727; .NET CLR 3.0.4506.2152; .NET CLR 3.5.30729)" "www.templeos.org"
80.140.42.93 - - [08/May/2009:13:02:40 -0700] "GET /images/Collision.JPG HTTP/1.1" 200 77496 "http://www.templeos.org/screenshots.html" "Mozilla/4.0 (compatible; MSIE 7.0; Windows NT 5.1; .NET CLR 2.0.50727; .NET CLR 3.0.4506.2152; .NET CLR 3.5.30729)" "www.templeos.org"
80.140.42.93 - - [08/May/2009:13:02:40 -0700] "GET /images/DotNet.JPG HTTP/1.1" 200 77806 "http://www.templeos.org/screenshots.html" "Mozilla/4.0 (compatible; MSIE 7.0; Windows NT 5.1; .NET CLR 2.0.50727; .NET CLR 3.0.4506.2152; .NET CLR 3.5.30729)" "www.templeos.org"
80.140.42.93 - - [08/May/2009:13:02:41 -0700] "GET /images/Dollar.JPG HTTP/1.1" 200 92536 "http://www.templeos.org/screenshots.html" "Mozilla/4.0 (compatible; MSIE 7.0; Windows NT 5.1; .NET CLR 2.0.50727; .NET CLR 3.0.4506.2152; .NET CLR 3.5.30729)" "www.templeos.org"
80.140.42.93 - - [08/May/2009:13:02:41 -0700] "GET /images/Rocks.JPG HTTP/1.1" 200 38304 "http://www.templeos.org/screenshots.html" "Mozilla/4.0 (compatible; MSIE 7.0; Windows NT 5.1; .NET CLR 2.0.50727; .NET CLR 3.0.4506.2152; .NET CLR 3.5.30729)" "www.templeos.org"
80.140.42.93 - - [08/May/2009:13:02:41 -0700] "GET /images/CTrace.JPG HTTP/1.1" 200 72254 "http://www.templeos.org/screenshots.html" "Mozilla/4.0 (compatible; MSIE 7.0; Windows NT 5.1; .NET CLR 2.0.50727; .NET CLR 3.0.4506.2152; .NET CLR 3.5.30729)" "www.templeos.org"
80.140.42.93 - - [08/May/2009:13:02:42 -0700] "GET /images/Tanks.JPG HTTP/1.1" 200 110155 "http://www.templeos.org/screenshots.html" "Mozilla/4.0 (compatible; MSIE 7.0; Windows NT 5.1; .NET CLR 2.0.50727; .NET CLR 3.0.4506.2152; .NET CLR 3.5.30729)" "www.templeos.org"
80.140.42.93 - - [08/May/2009:13:02:43 -0700] "GET /images/FPS.JPG HTTP/1.1" 200 18883 "http://www.templeos.org/screenshots.html" "Mozilla/4.0 (compatible; MSIE 7.0; Windows NT 5.1; .NET CLR 2.0.50727; .NET CLR 3.0.4506.2152; .NET CLR 3.5.30729)" "www.templeos.org"
80.140.42.93 - - [08/May/2009:13:02:43 -0700] "GET /images/FlightSim2.JPG HTTP/1.1" 200 58066 "http://www.templeos.org/screenshots.html" "Mozilla/4.0 (compatible; MSIE 7.0; Windows NT 5.1; .NET CLR 2.0.50727; .NET CLR 3.0.4506.2152; .NET CLR 3.5.30729)" "www.templeos.org"
80.140.42.93 - - [08/May/2009:13:02:43 -0700] "GET /images/Span.JPG HTTP/1.1" 200 30960 "http://www.templeos.org/screenshots.html" "Mozilla/4.0 (compatible; MSIE 7.0; Windows NT 5.1; .NET CLR 2.0.50727; .NET CLR 3.0.4506.2152; .NET CLR 3.5.30729)" "www.templeos.org"
80.140.42.93 - - [08/May/2009:13:02:43 -0700] "GET /images/XCaliber.jpg HTTP/1.1" 200 20758 "http://www.templeos.org/screenshots.html" "Mozilla/4.0 (compatible; MSIE 7.0; Windows NT 5.1; .NET CLR 2.0.50727; .NET CLR 3.0.4506.2152; .NET CLR 3.5.30729)" "www.templeos.org"
80.140.42.93 - - [08/May/2009:13:03:12 -0700] "GET /media/Demo1.wmv HTTP/1.0" 200 489728 "-" "NSPlayer/11.0.5721.5251 WMFSDK/11.0" "www.templeos.org"
27.208.185.160 - - [08/May/2009:13:12:49 -0700] "GET / HTTP/1.1" 200 81188 "-" "Mozilla/5.0 (Windows; U; Windows NT 6.0; fr; rv:1.9.0.7) Gecko/2009021910 Firefox/3.0.7 (.NET CLR 3.5.30729)" "www.templeos.org"
27.208.185.160 - - [08/May/2009:13:12:50 -0700] "GET /images/Header.JPG HTTP/1.1" 200 2982 "-" "Mozilla/5.0 (Windows; U; Windows NT 6.0; fr; rv:1.9.0.7) Gecko/2009021910 Firefox/3.0.7 (.NET CLR 3.5.30729)" "www.templeos.org"
27.208.185.160 - - [08/May/2009:13:12:51 -0700] "GET /media/Demo1.wmv HTTP/1.1" 200 196608 "-" "Mozilla/5.0 (Windows; U; Windows NT 6.0; fr; rv:1.9.0.7) Gecko/2009021910 Firefox/3.0.7 (.NET CLR 3.5.30729)" "www.templeos.org"
27.208.185.160 - - [08/May/2009:13:12:51 -0700] "GET /favicon.ico HTTP/1.1" 404 275 "-" "Mozilla/5.0 (Windows; U; Windows NT 6.0; fr; rv:1.9.0.7) Gecko/2009021910 Firefox/3.0.7 (.NET CLR 3.5.30729)" "www.templeos.org"
124.11.44.248 - - [08/May/2009:13:15:40 -0700] "GET /TempleOSCD.ISO HTTP/1.1" 200 196608 "-" "Mozilla/4.0 (compatible; MSIE 7.0; Windows NT 6.0; SLCC1; .NET CLR 2.0.50727; .NET CLR 3.0.04506; InfoPath.1)" "www.templeos.org"
124.11.44.248 - - [08/May/2009:13:16:12 -0700] "GET /TempleOSCD.ISO HTTP/1.1" 200 262144 "-" "Mozilla/4.0 (compatible; MSIE 7.0; Windows NT 6.0; SLCC1; .NET CLR 2.0.50727; .NET CLR 3.0.04506; InfoPath.1)" "www.templeos.org"
233.20.138.101 - - [08/May/2009:13:17:27 -0700] "GET /v502.html HTTP/1.1" 404 275 "http://www.semantic.hn/" "AppEngine-Google; (+http://code.google.com/appengine)" "www.templeos.org"
27.208.185.160 - - [08/May/2009:13:25:21 -0700] "GET /favicon.ico HTTP/1.1" 404 275 "-" "Mozilla/5.0 (Windows; U; Windows NT 6.0; fr; rv:1.9.0.7) Gecko/2009021910 Firefox/3.0.7 (.NET CLR 3.5.30729)" "www.templeos.org"
27.208.185.160 - - [08/May/2009:13:27:39 -0700] "GET /favicon.ico HTTP/1.1" 404 275 "-" "Mozilla/5.0 (Windows; U; Windows NT 6.0; fr; rv:1.9.0.7) Gecko/2009021910 Firefox/3.0.7 (.NET CLR 3.5.30729)" "www.templeos.org"
27.208.185.160 - - [08/May/2009:13:27:42 -0700] "GET /LTsrc.zip HTTP/1.1" 200 942074 "-" "Mozilla/5.0 (Windows; U; Windows NT 6.0; fr; rv:1.9.0.7) Gecko/2009021910 Firefox/3.0.7 (.NET CLR 3.5.30729)" "www.templeos.org"
233.20.138.227 - - [08/May/2009:13:34:26 -0700] "GET /v502.html HTTP/1.1" 404 275 "http://www.semantic.hn/" "AppEngine-Google; (+http://code.google.com/appengine)" "www.templeos.org"
65.181.170.162 - - [08/May/2009:13:46:29 -0700] "GET /files/?S=A HTTP/1.0" 401 395 "-" "Mozilla/5.0 (compatible; Yahoo! Slurp/3.0; http://help.yahoo.com/help/us/ysearch/slurp)" "www.templeos.org"
233.20.138.101 - - [08/May/2009:13:51:32 -0700] "GET /v502.html HTTP/1.1" 404 275 "http://www.semantic.hn/" "AppEngine-Google; (+http://code.google.com/appengine)" "www.templeos.org"
65.181.170.162 - - [08/May/2009:13:55:48 -0700] "GET /TempleOSCD.ISO HTTP/1.0" 304 - "-" "Mozilla/5.0 (compatible; Yahoo! Slurp/3.0; http://help.yahoo.com/help/us/ysearch/slurp)" "www.templeos.org"
65.179.102.141 - - [08/May/2009:14:00:31 -0700] "GET /v502.html HTTP/1.1" 404 275 "http://www.semantic.hn/" "AppEngine-Google; (+http://code.google.com/appengine)" "www.templeos.org"
57.74.41.212 - - [08/May/2009:14:02:02 -0700] "GET /TempleOSCD.ISO HTTP/1.1" 200 196608 "-" "Mozilla/4.0 (compatible; MSIE 7.0; Windows NT 5.1; .NET CLR 2.0.50727; .NET CLR 3.0.04506.648; .NET CLR 3.5.21022; InfoPath.1)" "www.templeos.org"
57.74.41.212 - - [08/May/2009:14:05:15 -0700] "GET /TempleOSCD.ISO HTTP/1.1" 200 4704256 "-" "Mozilla/4.0 (compatible; MSIE 7.0; Windows NT 5.1; .NET CLR 2.0.50727; .NET CLR 3.0.04506.648; .NET CLR 3.5.21022; InfoPath.1)" "www.templeos.org"
57.74.41.212 - - [08/May/2009:14:08:06 -0700] "GET /TempleOSCD.ISO HTTP/1.1" 304 - "-" "Mozilla/4.0 (compatible; MSIE 7.0; Windows NT 5.1; .NET CLR 2.0.50727; .NET CLR 3.0.04506.648; .NET CLR 3.5.21022; InfoPath.1)" "www.templeos.org"
106.10.21.137 - - [08/May/2009:14:09:41 -0700] "GET /robots.txt HTTP/1.0" 404 275 "-" "Mozilla/5.0 (compatible; Butterfly/1.0; +http://labs.topsy.com/butterfly.html) Gecko/2009032608 Firefox/3.0.8" "www.templeos.org"
106.10.21.137 - - [08/May/2009:14:09:41 -0700] "GET /v502.html HTTP/1.0" 404 275 "-" "Mozilla/5.0 (compatible; Butterfly/1.0; +http://labs.topsy.com/butterfly.html) Gecko/2009032608 Firefox/3.0.8" "www.templeos.org"
233.20.138.223 - - [08/May/2009:14:17:27 -0700] "GET /v502.html HTTP/1.1" 404 275 "http://www.semantic.hn/" "AppEngine-Google; (+http://code.google.com/appengine)" "www.templeos.org"
57.74.41.212 - - [08/May/2009:14:21:38 -0700] "GET /TempleOSCD.ISO HTTP/1.1" 304 - "http://www.globalfreeware.com/Stress-Relief-20-download.html" "Mozilla/4.0 (compatible; MSIE 7.0; Windows NT 5.1; .NET CLR 2.0.50727; .NET CLR 3.0.04506.648; .NET CLR 3.5.21022; InfoPath.1)" "www.templeos.org"
57.74.41.212 - - [08/May/2009:14:23:41 -0700] "GET /TempleOSCD.ISO HTTP/1.1" 200 196608 "-" "Mozilla/4.0 (compatible; MSIE 7.0; Windows NT 5.1; .NET CLR 2.0.50727; .NET CLR 3.0.04506.648; .NET CLR 3.5.21022; InfoPath.1)" "www.templeos.org"
57.74.41.212 - - [08/May/2009:14:24:40 -0700] "GET /TempleOSCD.ISO HTTP/1.1" 200 196608 "-" "Mozilla/4.0 (compatible; MSIE 7.0; Windows NT 5.1; .NET CLR 2.0.50727; .NET CLR 3.0.04506.648; .NET CLR 3.5.21022; InfoPath.1)" "www.templeos.org"
233.20.138.223 - - [08/May/2009:14:34:27 -0700] "GET /v502.html HTTP/1.1" 404 275 "http://www.semantic.hn/" "AppEngine-Google; (+http://code.google.com/appengine)" "www.templeos.org"
55.229.92.64 - - [08/May/2009:14:46:09 -0700] "GET /robots.txt HTTP/1.1" 404 275 "-" "msnbot/1.1 (+http://search.msn.com/msnbot.htm)" "www.templeos.org"
55.229.92.64 - - [08/May/2009:14:46:09 -0700] "GET /detailedlinfo.html HTTP/1.1" 200 4005 "-" "msnbot/1.1 (+http://search.msn.com/msnbot.htm)" "www.templeos.org"
55.229.92.64 - - [08/May/2009:14:46:09 -0700] "GET /screenshots.html HTTP/1.1" 200 11591 "-" "msnbot/1.1 (+http://search.msn.com/msnbot.htm)" "www.templeos.org"
55.229.92.64 - - [08/May/2009:14:46:10 -0700] "GET /index.html HTTP/1.1" 200 81188 "-" "msnbot/1.1 (+http://search.msn.com/msnbot.htm)" "www.templeos.org"
199.76.177.96 - - [08/May/2009:14:47:36 -0700] "GET /V421.html HTTP/1.1" 404 275 "http://www.templeos.org/V421.html" "Mozilla/4.0 (compatible; MSIE 6.0; Windows NT 5.1)" "www.templeos.org"
233.20.138.223 - - [08/May/2009:14:51:30 -0700] "GET /v502.html HTTP/1.1" 404 275 "http://www.semantic.hn/" "AppEngine-Google; (+http://code.google.com/appengine)" "www.templeos.org"
171.177.242.132 - - [08/May/2009:14:54:39 -0700] "GET / HTTP/1.1" 200 81188 "http://royal.pingdom.com/2008/09/26/10-amazingly-alternative-operating-systems-and-what-they-could-mean-for-the-future/" "Mozilla/5.0 (X11; U; Linux i686; en-US; rv:1.9.1b4) Gecko/20090427 Fedora/3.5-0.20.beta4.fc11 Firefox/3.5b4" "www.templeos.org"
171.177.242.132 - - [08/May/2009:14:54:40 -0700] "GET /images/Header.JPG HTTP/1.1" 200 2982 "http://www.templeos.org/" "Mozilla/5.0 (X11; U; Linux i686; en-US; rv:1.9.1b4) Gecko/20090427 Fedora/3.5-0.20.beta4.fc11 Firefox/3.5b4" "www.templeos.org"
171.177.242.132 - - [08/May/2009:14:54:42 -0700] "GET /media/Demo1.wmv HTTP/1.1" 200 196608 "-" "Mozilla/5.0 (X11; U; Linux i686; en-US; rv:1.9.1b4) Gecko/20090427 Fedora/3.5-0.20.beta4.fc11 Firefox/3.5b4" "www.templeos.org"
171.177.242.132 - - [08/May/2009:14:54:43 -0700] "GET /media/Demo1.wmv HTTP/1.1" 206 196608 "http://www.templeos.org/" "Mozilla/5.0 (X11; U; Linux i686; en-US; rv:1.9.1b4) Gecko/20090427 Fedora/3.5-0.20.beta4.fc11 Firefox/3.5b4" "www.templeos.org"
171.177.242.132 - - [08/May/2009:14:54:44 -0700] "GET /media/Demo1.wmv HTTP/1.1" 200 196608 "-" "gvfs/1.2.2" "www.templeos.org"
171.177.242.132 - - [08/May/2009:14:54:44 -0700] "HEAD /media/Demo1.wmv HTTP/1.1" 200 0 "-" "gvfs/1.2.2" "www.templeos.org"
171.177.242.132 - - [08/May/2009:14:54:46 -0700] "GET /favicon.ico HTTP/1.1" 404 275 "-" "Mozilla/5.0 (X11; U; Linux i686; en-US; rv:1.9.1b4) Gecko/20090427 Fedora/3.5-0.20.beta4.fc11 Firefox/3.5b4" "www.templeos.org"
171.177.242.132 - - [08/May/2009:14:54:47 -0700] "GET /media/Demo1.wmv HTTP/1.1" 200 196608 "-" "GStreamer souphttpsrc libsoup/2.26.1" "www.templeos.org"
171.177.242.132 - - [08/May/2009:14:54:49 -0700] "GET /favicon.ico HTTP/1.1" 404 275 "-" "Mozilla/5.0 (X11; U; Linux i686; en-US; rv:1.9.1b4) Gecko/20090427 Fedora/3.5-0.20.beta4.fc11 Firefox/3.5b4" "www.templeos.org"
171.177.242.132 - - [08/May/2009:14:57:21 -0700] "GET /TempleOSCD.ISO HTTP/1.1" 200 4704256 "http://www.templeos.org/" "Mozilla/5.0 (X11; U; Linux i686; en-US; rv:1.9.1b4) Gecko/20090427 Fedora/3.5-0.20.beta4.fc11 Firefox/3.5b4" "www.templeos.org"
65.179.102.241 - - [08/May/2009:15:00:26 -0700] "GET /v502.html HTTP/1.1" 404 275 "http://www.semantic.hn/" "AppEngine-Google; (+http://code.google.com/appengine)" "www.templeos.org"
142.111.16.173 - - [08/May/2009:15:06:46 -0700] "GET /TempleOSCD.ISO HTTP/1.1" 200 262144 "-" "Mozilla/4.0 (compatible; MSIE 8.0; Windows NT 6.0; Trident/4.0; SLCC1; .NET CLR 2.0.50727; Media Center PC 5.0; OfficeLiveConnector.1.3; OfficeLivePatch.0.0; .NET CLR 3.5.30729; .NET CLR 3.0.30618)" "www.templeos.org"
142.111.16.173 - - [08/May/2009:15:07:10 -0700] "GET /TempleOSCD.ISO HTTP/1.1" 200 458752 "-" "Mozilla/4.0 (compatible; MSIE 8.0; Windows NT 6.0; Trident/4.0; SLCC1; .NET CLR 2.0.50727; Media Center PC 5.0; OfficeLiveConnector.1.3; OfficeLivePatch.0.0; .NET CLR 3.5.30729; .NET CLR 3.0.30618)" "www.templeos.org"
142.111.16.173 - - [08/May/2009:15:07:32 -0700] "GET /TempleOSCD.ISO HTTP/1.1" 200 262144 "-" "Mozilla/4.0 (compatible; MSIE 8.0; Windows NT 6.0; Trident/4.0; SLCC1; .NET CLR 2.0.50727; Media Center PC 5.0; OfficeLiveConnector.1.3; OfficeLivePatch.0.0; .NET CLR 3.5.30729; .NET CLR 3.0.30618)" "www.templeos.org"
106.205.58.41 - - [08/May/2009:15:16:59 -0700] "GET / HTTP/1.0" 200 81188 "-" "Mozilla/4.0 (compatible; MSIE 6.0; Windows NT 5.1; SV1; .NET CLR 2.0.50727)" "www.templeos.org"
233.20.138.227 - - [08/May/2009:15:17:26 -0700] "GET /v502.html HTTP/1.1" 404 275 "http://www.semantic.hn/" "AppEngine-Google; (+http://code.google.com/appengine)" "www.templeos.org"
106.205.58.20 - - [08/May/2009:15:20:55 -0700] "GET /trouble.html HTTP/1.0" 200 25395 "-" "Mozilla/4.0 (compatible; MSIE 6.0; Windows NT 5.1; SV1; .NET CLR 2.0.50727)" "www.templeos.org"
106.205.58.41 - - [08/May/2009:15:21:34 -0700] "GET /TempleOSCD.ISO HTTP/1.0" 200 4704256 "-" "Mozilla/4.0 (compatible; MSIE 6.0; Windows NT 5.1; SV1; .NET CLR 2.0.50727)" "www.templeos.org"
106.205.58.216 - - [08/May/2009:15:22:22 -0700] "GET /demo.html HTTP/1.0" 200 6327 "-" "Mozilla/4.0 (compatible; MSIE 6.0; Windows NT 5.1; SV1; .NET CLR 2.0.50727)" "www.templeos.org"
106.205.58.41 - - [08/May/2009:15:22:24 -0700] "GET /requirements.html HTTP/1.0" 200 3333 "-" "Mozilla/4.0 (compatible; MSIE 6.0; Windows NT 5.1; SV1; .NET CLR 2.0.50727)" "www.templeos.org"
173.37.27.66 - - [08/May/2009:15:22:50 -0700] "HEAD /TempleOSCD.ISO HTTP/1.1" 206 0 "-" "Mozilla/5.0 (Windows; U; Windows NT 5.1; pt-BR; rv:1.8.0.1) Gecko/20060111 Firefox/1.5.0.171.044921875" "www.templeos.org"
106.205.58.41 - - [08/May/2009:15:23:01 -0700] "GET /detailedlinfo.html HTTP/1.0" 200 4005 "-" "Mozilla/4.0 (compatible; MSIE 6.0; Windows NT 5.1; SV1; .NET CLR 2.0.50727)" "www.templeos.org"
106.205.58.216 - - [08/May/2009:15:23:23 -0700] "GET /contact.html HTTP/1.0" 200 5360 "-" "Mozilla/4.0 (compatible; MSIE 6.0; Windows NT 5.1; SV1; .NET CLR 2.0.50727)" "www.templeos.org"
106.205.58.20 - - [08/May/2009:15:23:32 -0700] "GET /screenshots.html HTTP/1.0" 200 11591 "-" "Mozilla/4.0 (compatible; MSIE 6.0; Windows NT 5.1; SV1; .NET CLR 2.0.50727)" "www.templeos.org"
106.205.58.20 - - [08/May/2009:15:23:51 -0700] "GET /index.html HTTP/1.0" 200 81188 "-" "Mozilla/4.0 (compatible; MSIE 6.0; Windows NT 5.1; SV1; .NET CLR 2.0.50727)" "www.templeos.org"
233.55.99.213 - - [08/May/2009:15:30:25 -0700] "GET / HTTP/1.1" 200 81188 "http://filext.com/file-extension/iso" "Mozilla/4.0 (compatible; MSIE 7.0; Windows NT 5.1; InfoPath.1; .NET CLR 1.1.4322; .NET CLR 2.0.50727; .NET CLR 3.0.4506.2152; .NET CLR 3.5.30729)" "templeos.org"
233.55.99.213 - - [08/May/2009:15:30:25 -0700] "GET /notified-PW_Notify_Time?aHR0cDovL2xvc2V0aG9zLmNvbS8= HTTP/1.1" 404 275 "http://filext.com/file-extension/iso" "Mozilla/4.0 (compatible; MSIE 7.0; Windows NT 5.1; InfoPath.1; .NET CLR 1.1.4322; .NET CLR 2.0.50727; .NET CLR 3.0.4506.2152; .NET CLR 3.5.30729)" "templeos.org"
233.55.99.213 - - [08/May/2009:15:30:25 -0700] "GET /verify-PW_Notify_Time?aHR0cDovL2xvc2V0aG9zLmNvbS8= HTTP/1.1" 404 275 "http://filext.com/file-extension/iso" "Mozilla/4.0 (compatible; MSIE 7.0; Windows NT 5.1; InfoPath.1; .NET CLR 1.1.4322; .NET CLR 2.0.50727; .NET CLR 3.0.4506.2152; .NET CLR 3.5.30729)" "templeos.org"
233.55.99.213 - - [08/May/2009:15:30:25 -0700] "GET / HTTP/1.1" 200 81188 "http://filext.com/file-extension/iso" "Mozilla/4.0 (compatible; MSIE 7.0; Windows NT 5.1; InfoPath.1; .NET CLR 1.1.4322; .NET CLR 2.0.50727; .NET CLR 3.0.4506.2152; .NET CLR 3.5.30729)" "templeos.org"
233.55.99.213 - - [08/May/2009:15:30:26 -0700] "GET /images/Header.JPG HTTP/1.1" 200 2982 "http://templeos.org/" "Mozilla/4.0 (compatible; MSIE 7.0; Windows NT 5.1; InfoPath.1; .NET CLR 1.1.4322; .NET CLR 2.0.50727; .NET CLR 3.0.4506.2152; .NET CLR 3.5.30729)" "templeos.org"
233.55.99.213 - - [08/May/2009:15:30:29 -0700] "GET /favicon.ico HTTP/1.1" 404 275 "-" "Mozilla/4.0 (compatible; MSIE 7.0; Windows NT 5.1; InfoPath.1; .NET CLR 1.1.4322; .NET CLR 2.0.50727; .NET CLR 3.0.4506.2152; .NET CLR 3.5.30729)" "templeos.org"
233.55.99.213 - - [08/May/2009:15:30:29 -0700] "GET /media/Demo1.wmv HTTP/1.1" 200 786432 "-" "contype" "templeos.org"
209.50.52.113 - - [08/May/2009:15:33:50 -0700] "GET /TempleOSCD.ISO HTTP/1.1" 304 - "-" "Mediapartners-Google" "www.templeos.org"
179.88.211.53 - - [08/May/2009:15:33:55 -0700] "GET /TempleOSCD.ISO HTTP/1.1" 200 196608 "-" "Mozilla/4.0 (compatible; MSIE 7.0; Windows NT 5.1; Mozilla/4.0 (compatible; MSIE 6.0; Windows NT 5.1; SV1) ; .NET CLR 1.1.4322; .NET CLR 2.0.50727; .NET CLR 3.0.4506.2152; .NET CLR 3.5.30729)" "www.templeos.org"
179.88.211.53 - - [08/May/2009:15:34:17 -0700] "GET /TempleOSCD.ISO HTTP/1.1" 200 4704256 "-" "Mozilla/4.0 (compatible; MSIE 7.0; Windows NT 5.1; Mozilla/4.0 (compatible; MSIE 6.0; Windows NT 5.1; SV1) ; .NET CLR 1.1.4322; .NET CLR 2.0.50727; .NET CLR 3.0.4506.2152; .NET CLR 3.5.30729)" "www.templeos.org"
233.20.138.241 - - [08/May/2009:15:34:29 -0700] "GET /v502.html HTTP/1.1" 404 275 "http://www.semantic.hn/" "AppEngine-Google; (+http://code.google.com/appengine)" "www.templeos.org"
209.19.252.250 - - [08/May/2009:15:49:24 -0700] "GET / HTTP/1.1" 200 81188 "-" "FeedHub MetaDataFetcher/1.0 (http://www.feedhub.com)" "www.templeos.org"
167.102.230.57 - - [08/May/2009:15:50:36 -0700] "GET /robots.txt HTTP/1.1" 404 275 "-" "Yeti/1.0 (NHN Corp.; http://help.naver.com/robots/)" "www.templeos.org"
167.102.230.57 - - [08/May/2009:15:50:36 -0700] "GET /demo4.html HTTP/1.1" 404 275 "-" "Yeti/1.0 (NHN Corp.; http://help.naver.com/robots/)" "www.templeos.org"
65.179.102.141 - - [08/May/2009:15:51:29 -0700] "GET /v502.html HTTP/1.1" 404 275 "http://www.semantic.hn/" "AppEngine-Google; (+http://code.google.com/appengine)" "www.templeos.org"
8.130.83.255 - - [08/May/2009:16:00:03 -0700] "GET /TempleOSCD.ISO HTTP/1.1" 200 262144 "-" "Mozilla/4.0 (compatible; MSIE 6.0; Windows NT 5.1; SV1; .NET CLR 2.0.50727; .NET CLR 3.0.04506.30)" "www.templeos.org"
65.181.170.162 - - [08/May/2009:16:00:10 -0700] "GET /TempleOSCD.ISO HTTP/1.0" 304 - "-" "Mozilla/5.0 (compatible; Yahoo! Slurp/3.0; http://help.yahoo.com/help/us/ysearch/slurp)" "www.templeos.org"
65.179.102.141 - - [08/May/2009:16:00:44 -0700] "GET /v502.html HTTP/1.1" 404 275 "http://www.semantic.hn/" "AppEngine-Google; (+http://code.google.com/appengine)" "www.templeos.org"
106.205.58.123 - - [08/May/2009:16:00:45 -0700] "GET /x-caliber.html HTTP/1.0" 200 3934 "-" "Mozilla/4.0 (compatible; MSIE 6.0; Windows NT 5.1; SV1; .NET CLR 2.0.50727)" "www.templeos.org"
27.236.229.179 - - [08/May/2009:16:14:32 -0700] "GET /favicon.ico HTTP/1.1" 404 275 "-" "Mozilla/5.0 (X11; U; Linux i686; tr; rv:1.9.0.10) Gecko/2009042523 Ubuntu/9.04 (jaunty) Firefox/3.0.10" "www.templeos.org"
233.20.138.223 - - [08/May/2009:16:17:27 -0700] "GET /v502.html HTTP/1.1" 404 275 "http://www.semantic.hn/" "AppEngine-Google; (+http://code.google.com/appengine)" "www.templeos.org"
131.184.191.42 - - [08/May/2009:16:23:08 -0700] "GET / HTTP/1.1" 200 81188 "http://www.trivialsolutions.biz/" "Mozilla/5.0 (Macintosh; U; Intel Mac OS X 10.5; en-US; rv:1.9.1b5pre) Gecko/20090507 Shiretoko/3.5b5pre" "www.templeos.org"
131.184.191.42 - - [08/May/2009:16:23:08 -0700] "GET /images/Header.JPG HTTP/1.1" 200 2982 "http://www.templeos.org/" "Mozilla/5.0 (Macintosh; U; Intel Mac OS X 10.5; en-US; rv:1.9.1b5pre) Gecko/20090507 Shiretoko/3.5b5pre" "www.templeos.org"
131.184.191.42 - - [08/May/2009:16:23:09 -0700] "GET /favicon.ico HTTP/1.1" 404 275 "-" "Mozilla/5.0 (Macintosh; U; Intel Mac OS X 10.5; en-US; rv:1.9.1b5pre) Gecko/20090507 Shiretoko/3.5b5pre" "www.templeos.org"
131.184.191.42 - - [08/May/2009:16:23:12 -0700] "GET /favicon.ico HTTP/1.1" 404 275 "-" "Mozilla/5.0 (Macintosh; U; Intel Mac OS X 10.5; en-US; rv:1.9.1b5pre) Gecko/20090507 Shiretoko/3.5b5pre" "www.templeos.org"
181.56.15.239 - - [08/May/2009:16:32:45 -0700] "GET / HTTP/1.0" 200 81188 "http://www.templeos.org" "Mozilla/5.0 (X11; U; Linux i686; en-US; rv:1.8.0.7) Gecko/20061011 Fedora/1.5.0.7-7.fc6 Firefox/1.5.0.7" "www.templeos.org"
233.20.138.241 - - [08/May/2009:16:34:28 -0700] "GET /v502.html HTTP/1.1" 404 275 "http://www.semantic.hn/" "AppEngine-Google; (+http://code.google.com/appengine)" "www.templeos.org"
209.50.52.113 - - [08/May/2009:16:45:21 -0700] "GET /TempleOSCD.ISO HTTP/1.1" 304 - "-" "Mediapartners-Google" "www.templeos.org"
205.37.218.149 - - [08/May/2009:16:45:33 -0700] "GET /TempleOSCD.ISO HTTP/1.1" 200 262144 "-" "Mozilla/4.0 (compatible; MSIE 8.0; Windows NT 6.1; Win64; x64; Trident/4.0; .NET CLR 2.0.50727; SLCC2; .NET CLR 3.5.30729; .NET CLR 3.0.30729; Media Center PC 6.0)" "www.templeos.org"
205.37.218.149 - - [08/May/2009:16:45:52 -0700] "GET /TempleOSCD.ISO HTTP/1.1" 200 458752 "-" "Mozilla/4.0 (compatible; MSIE 8.0; Windows NT 6.1; Win64; x64; Trident/4.0; .NET CLR 2.0.50727; SLCC2; .NET CLR 3.5.30729; .NET CLR 3.0.30729; Media Center PC 6.0)" "www.templeos.org"
204.101.40.19 - - [08/May/2009:16:50:59 -0700] "GET / HTTP/1.1" 200 81188 "http://www.freeware-guide.com/dir/softdev/codeutil/TempleOS.html" "Mozilla/5.0 (Windows; U; Windows NT 5.1; en-US; rv:1.9.0.10) Gecko/2009042316 Firefox/3.0.10" "www.templeos.org"
204.101.40.19 - - [08/May/2009:16:51:00 -0700] "GET /images/Header.JPG HTTP/1.1" 200 2982 "http://www.templeos.org/" "Mozilla/5.0 (Windows; U; Windows NT 5.1; en-US; rv:1.9.0.10) Gecko/2009042316 Firefox/3.0.10" "www.templeos.org"
204.101.40.19 - - [08/May/2009:16:51:13 -0700] "GET /media/Demo1.wmv HTTP/1.1" 200 196608 "-" "NSPlayer/10.0.0.3703" "www.templeos.org"
233.20.138.223 - - [08/May/2009:16:51:21 -0700] "GET /v502.html HTTP/1.1" 404 275 "http://www.semantic.hn/" "AppEngine-Google; (+http://code.google.com/appengine)" "www.templeos.org"
84.80.125.249 - - [08/May/2009:16:54:31 -0700] "GET /TempleOSCD.ISO HTTP/1.1" 200 262144 "-" "Mozilla/4.0 (compatible; MSIE 6.0; Windows NT 5.1; SV1; InfoPath.2)" "www.templeos.org"
204.101.40.19 - - [08/May/2009:16:57:03 -0700] "GET /media/Demo1.wmv HTTP/1.1" 200 1048576 "http://www.templeos.org/" "Mozilla/5.0 (Windows; U; Windows NT 5.1; en-US; rv:1.9.0.10) Gecko/2009042316 Firefox/3.0.10" "www.templeos.org"
204.101.40.19 - - [08/May/2009:16:57:04 -0700] "GET /media/Demo1.wmv HTTP/1.1" 200 983040 "-" "NSPlayer/10.0.0.3703 WMFSDK/10.0" "www.templeos.org"
238.128.184.198 - - [08/May/2009:16:57:42 -0700] "GET / HTTP/1.1" 200 81188 "http://www.google.com/search?source=ig&hl=en&rlz=&q=64+bit+operating+system&btnG=Google+Search&aq=f&oq=" "Mozilla/5.0 (Windows; U; Windows NT 6.0; en-US) AppleWebKit/525.19 (KHTML, like Gecko) Chrome/1.0.154.59 Safari/525.19" "www.templeos.org"
238.128.184.198 - - [08/May/2009:16:57:42 -0700] "GET /images/Header.JPG HTTP/1.1" 200 2982 "http://www.templeos.org/" "Mozilla/5.0 (Windows; U; Windows NT 6.0; en-US) AppleWebKit/525.19 (KHTML, like Gecko) Chrome/1.0.154.59 Safari/525.19" "www.templeos.org"
238.128.184.198 - - [08/May/2009:16:57:44 -0700] "GET /favicon.ico HTTP/1.1" 404 275 "-" "Mozilla/5.0 (Windows; U; Windows NT 6.0; en-US) AppleWebKit/525.19 (KHTML, like Gecko) Chrome/1.0.154.59 Safari/525.19" "www.templeos.org"
233.20.138.241 - - [08/May/2009:17:00:28 -0700] "GET /v502.html HTTP/1.1" 404 275 "http://www.semantic.hn/" "AppEngine-Google; (+http://code.google.com/appengine)" "www.templeos.org"
238.128.184.198 - - [08/May/2009:17:01:21 -0700] "GET /media/Demo1.wmv HTTP/1.1" 200 66292058 "-" "NSPlayer/11.00.6001.7001 WMFSDK/11.00.6001.7001" "www.templeos.org"
65.179.102.60 - - [08/May/2009:17:17:35 -0700] "GET /v502.html HTTP/1.1" 404 275 "http://www.semantic.hn/" "AppEngine-Google; (+http://code.google.com/appengine)" "www.templeos.org"
173.37.27.66 - - [08/May/2009:17:22:28 -0700] "HEAD /TempleOSCD.ISO HTTP/1.1" 206 0 "-" "Mozilla/5.0 (Windows; U; Windows NT 5.1; pt-BR; rv:1.8.0.1) Gecko/20060111 Firefox/1.5.0.125.4150390625" "www.templeos.org"
55.229.238.87 - - [08/May/2009:17:26:45 -0700] "GET /robots.txt HTTP/1.1" 404 275 "-" "msnbot/2.0b (+http://search.msn.com/msnbot.htm)" "www.templeos.org"
231.46.90.109 - - [08/May/2009:17:30:09 -0700] "GET /TempleOSCD.ISO HTTP/1.1" 200 4704256 "http://www.globalfreeware.com/Xoology-Coda-v251-download.html" "Mozilla/5.0 (Windows; U; Windows NT 5.1; en-US) AppleWebKit/525.19 (KHTML, like Gecko) Chrome/1.0.154.65 Safari/525.19" "www.templeos.org"
114.131.28.142 - - [08/May/2009:17:33:52 -0700] "GET /TempleOSCD.ISO HTTP/1.1" 200 262144 "-" "Mozilla/4.0 (compatible; MSIE 7.0; Windows NT 6.0; GoogleT5; SLCC1; .NET CLR 2.0.50727; Media Center PC 5.0; .NET CLR 3.0.04506)" "www.templeos.org"
65.179.102.60 - - [08/May/2009:17:34:27 -0700] "GET /v502.html HTTP/1.1" 404 275 "http://www.semantic.hn/" "AppEngine-Google; (+http://code.google.com/appengine)" "www.templeos.org"
65.252.65.161 - - [08/May/2009:17:35:14 -0700] "GET / HTTP/1.1" 200 81188 "http://cplus.about.com/b/2008/11/20/amazing-home-brew-operating-system.htm" "Mozilla/4.0 (compatible; MSIE 8.0; Windows NT 5.1; Trident/4.0; FunWebProducts; GTB6; .NET CLR 2.0.50727; .NET CLR 1.1.4322; InfoPath.1; yie8)" "templeos.org"
65.252.65.161 - - [08/May/2009:17:35:14 -0700] "GET /images/Header.JPG HTTP/1.1" 200 2982 "http://templeos.org/" "Mozilla/4.0 (compatible; MSIE 8.0; Windows NT 5.1; Trident/4.0; FunWebProducts; GTB6; .NET CLR 2.0.50727; .NET CLR 1.1.4322; InfoPath.1; yie8)" "templeos.org"
65.252.65.161 - - [08/May/2009:17:35:17 -0700] "GET /media/Demo1.wmv HTTP/1.1" 200 786432 "-" "contype" "templeos.org"
65.252.65.161 - - [08/May/2009:17:35:18 -0700] "GET /favicon.ico HTTP/1.1" 404 275 "-" "Mozilla/4.0 (compatible; MSIE 8.0; Windows NT 5.1; Trident/4.0; FunWebProducts; GTB6; .NET CLR 2.0.50727; .NET CLR 1.1.4322; InfoPath.1; yie8)" "templeos.org"
15.32.74.83 - - [08/May/2009:17:49:48 -0700] "HEAD /media/X-Caliber.wmv HTTP/1.1" 404 0 "-" "Mozilla/4.0 (compatible; MSIE 5.01; Windows NT 5.0)" "templeos.org"
15.32.74.83 - - [08/May/2009:17:51:00 -0700] "HEAD /media/MultiCore.wmv HTTP/1.1" 404 0 "-" "Mozilla/4.0 (compatible; MSIE 5.01; Windows NT 5.0)" "templeos.org"
65.179.102.241 - - [08/May/2009:17:51:26 -0700] "GET /v502.html HTTP/1.1" 404 275 "http://www.semantic.hn/" "AppEngine-Google; (+http://code.google.com/appengine)" "www.templeos.org"
15.32.74.83 - - [08/May/2009:17:51:32 -0700] "HEAD /media/Tanks.wmv HTTP/1.1" 200 0 "-" "Mozilla/4.0 (compatible; MSIE 5.01; Windows NT 5.0)" "templeos.org"
15.32.74.83 - - [08/May/2009:17:55:48 -0700] "HEAD /media/Demo2c.wmv HTTP/1.1" 404 0 "-" "Mozilla/4.0 (compatible; MSIE 5.01; Windows NT 5.0)" "templeos.org"
15.32.74.83 - - [08/May/2009:17:57:42 -0700] "HEAD /media/Demo1.wmv HTTP/1.1" 200 0 "-" "Mozilla/4.0 (compatible; MSIE 5.01; Windows NT 5.0)" "templeos.org"
15.32.74.83 - - [08/May/2009:17:58:59 -0700] "HEAD /media/BugBird.wmv HTTP/1.1" 404 0 "-" "Mozilla/4.0 (compatible; MSIE 5.01; Windows NT 5.0)" "templeos.org"
233.20.138.223 - - [08/May/2009:18:00:33 -0700] "GET /v502.html HTTP/1.1" 404 275 "http://www.semantic.hn/" "AppEngine-Google; (+http://code.google.com/appengine)" "www.templeos.org"
153.214.75.214 - - [08/May/2009:18:00:46 -0700] "GET / HTTP/1.1" 200 81188 "http://www.google.com/search?q=64-bit+operating+systems&rls=com.microsoft:en-us:IE-Address&ie=UTF-8&oe=UTF-8&sourceid=ie7&rlz=1I7GPCK_enUS320" "Mozilla/4.0 (compatible; MSIE 8.0; Windows NT 6.0; Win64; x64; Trident/4.0; .NET CLR 2.0.50727; SLCC1; Media Center PC 5.0; MDDC; .NET CLR 3.5.30729; .NET CLR 3.0.30618)" "www.templeos.org"
153.214.75.214 - - [08/May/2009:18:00:46 -0700] "GET /images/Header.JPG HTTP/1.1" 200 2982 "http://www.templeos.org/" "Mozilla/4.0 (compatible; MSIE 8.0; Windows NT 6.0; Win64; x64; Trident/4.0; .NET CLR 2.0.50727; SLCC1; Media Center PC 5.0; MDDC; .NET CLR 3.5.30729; .NET CLR 3.0.30618)" "www.templeos.org"
153.214.75.214 - - [08/May/2009:18:00:47 -0700] "GET /media/Demo1.wmv HTTP/1.1" 200 196608 "-" "contype" "www.templeos.org"
153.214.75.214 - - [08/May/2009:18:00:59 -0700] "GET /favicon.ico HTTP/1.1" 404 275 "-" "Mozilla/4.0 (compatible; MSIE 8.0; Windows NT 6.0; Win64; x64; Trident/4.0; .NET CLR 2.0.50727; SLCC1; Media Center PC 5.0; MDDC; .NET CLR 3.5.30729; .NET CLR 3.0.30618)" "www.templeos.org"
65.181.170.162 - - [08/May/2009:18:03:37 -0700] "GET /TempleOSCD.ISO HTTP/1.0" 304 - "-" "Mozilla/5.0 (compatible; Yahoo! Slurp/3.0; http://help.yahoo.com/help/us/ysearch/slurp)" "www.templeos.org"
153.214.75.214 - - [08/May/2009:18:05:31 -0700] "GET /favicon.ico HTTP/1.1" 404 275 "-" "Mozilla/4.0 (compatible; MSIE 8.0; Windows NT 6.0; Win64; x64; Trident/4.0; .NET CLR 2.0.50727; SLCC1; Media Center PC 5.0; MDDC; .NET CLR 3.5.30729; .NET CLR 3.0.30618)" "www.templeos.org"
223.26.160.51 - - [08/May/2009:18:06:35 -0700] "GET / HTTP/1.1" 200 81188 "http://www.templeos.org/" "Privoxy/1.0" "www.templeos.org"
223.26.160.51 - - [08/May/2009:18:06:42 -0700] "GET /images/Header.JPG HTTP/1.1" 200 2982 "http://www.templeos.org/" "Privoxy/1.0" "www.templeos.org"
173.37.27.66 - - [08/May/2009:18:06:43 -0700] "HEAD /TempleOSCD.ISO HTTP/1.1" 206 0 "-" "Mozilla/5.0 (Windows; U; Windows NT 5.1; pt-BR; rv:1.8.0.1) Gecko/20060111 Firefox/1.5.0.195.73974609375" "www.templeos.org"
223.26.160.51 - - [08/May/2009:18:06:44 -0700] "GET /media/Demo1.wmv HTTP/1.1" 200 589824 "http://www.templeos.org/" "Privoxy/1.0" "www.templeos.org"
106.162.223.25 - - [08/May/2009:18:06:48 -0700] "GET /robots.txt HTTP/1.1" 404 275 "-" "Mozilla/5.0 (compatible; DotBot/1.1; http://www.dotnetdotcom.org/, crawler@dotnetdotcom.org)" "www.templeos.org"
174.184.199.147 - - [08/May/2009:18:08:09 -0700] "GET /favicon.ico HTTP/1.1" 404 275 "-" "Privoxy/1.0" "www.templeos.org"
174.184.199.147 - - [08/May/2009:18:08:11 -0700] "GET /favicon.ico HTTP/1.1" 404 275 "-" "Privoxy/1.0" "www.templeos.org"
65.181.170.162 - - [08/May/2009:18:08:14 -0700] "GET /flightsim.html HTTP/1.0" 200 50990 "-" "Mozilla/5.0 (compatible; Yahoo! Slurp/3.0; http://help.yahoo.com/help/us/ysearch/slurp)" "www.templeos.org"
65.181.170.162 - - [08/May/2009:18:08:19 -0700] "GET /media/Flightsim.wmv HTTP/1.0" 200 8192000 "http://www.templeos.org/flightsim.html" "Mozilla/5.0 (compatible; Yahoo! Slurp/3.0; http://help.yahoo.com/help/us/ysearch/slurp)" "www.templeos.org"
174.184.199.147 - - [08/May/2009:18:13:48 -0700] "GET /favicon.ico HTTP/1.1" 404 275 "-" "Privoxy/1.0" "www.templeos.org"
144.55.84.65 - - [08/May/2009:18:16:55 -0700] "GET /favicon.ico HTTP/1.1" 404 275 "-" "Privoxy/1.0" "www.templeos.org"
65.179.102.199 - - [08/May/2009:18:17:28 -0700] "GET /v502.html HTTP/1.1" 404 275 "http://www.semantic.hn/" "AppEngine-Google; (+http://code.google.com/appengine)" "www.templeos.org"
167.90.126.192 - - [08/May/2009:18:23:57 -0700] "GET /media/Demo1.wmv HTTP/1.1" 200 196608 "-" "Mozilla/5.0 (Windows; U; Windows NT 5.1; zh-CN; rv:1.8.1.14) Gecko/20080404 (FoxPlus) Firefox/2.0.0.14" "www.templeos.org"
167.90.126.192 - - [08/May/2009:18:23:58 -0700] "GET /media/Demo1.wmv HTTP/1.1" 200 196608 "-" "Mozilla/4.0 (compatible; MSIE 6.0; Windows NT 5.1; SV1; InfoPath.2)" "www.templeos.org"
167.90.126.192 - - [08/May/2009:18:23:58 -0700] "GET /media/Demo1.wmv HTTP/1.1" 200 196608 "-" "NSPlayer/10.0.0.3646" "www.templeos.org"
167.90.126.192 - - [08/May/2009:18:23:59 -0700] "GET /media/Demo1.wmv HTTP/1.1" 200 196608 "-" "Mozilla/5.0 (compatible; YodaoBot/1.0; http://www.youdao.com/help/webmaster/spider/; )" "www.templeos.org"
167.90.126.192 - - [08/May/2009:18:23:59 -0700] "GET /media/Demo1.wmv HTTP/1.1" 200 196608 "http://youdao.com/search" "Mozilla/4.0 (compatible; MSIE 6.0; Windows NT 5.1; SV1; InfoPath.2)" "www.templeos.org"
167.90.126.192 - - [08/May/2009:18:23:59 -0700] "HEAD /media/Demo1.wmv HTTP/1.1" 200 0 "-" "Mozilla/5.0 (compatible; YodaoBot/1.0; http://www.youdao.com/help/webmaster/spider/; )" "www.templeos.org"
167.90.126.192 - - [08/May/2009:18:24:00 -0700] "GET /media/Demo1.wmv HTTP/1.1" 206 128 "-" "NSPlayer/10.0.0.3646" "www.templeos.org"
233.20.138.199 - - [08/May/2009:18:34:33 -0700] "GET /v502.html HTTP/1.1" 404 275 "http://www.semantic.hn/" "AppEngine-Google; (+http://code.google.com/appengine)" "www.templeos.org"
205.40.74.226 - - [08/May/2009:18:36:33 -0700] "GET /v422.html HTTP/1.1" 404 275 "-" "Mozilla/5.0 (Macintosh; U; Intel Mac OS X 10_5_6; en-us) AppleWebKit/525.27.1 (KHTML, like Gecko) NetNewsWire/3.1.7" "www.templeos.org"
205.40.74.226 - - [08/May/2009:18:36:33 -0700] "GET /favicon.ico HTTP/1.1" 404 275 "http://www.templeos.org/v422.html" "Mozilla/5.0 (Macintosh; U; Intel Mac OS X 10_5_6; en-us) AppleWebKit/525.27.1 (KHTML, like Gecko) NetNewsWire/3.1.7" "www.templeos.org"
205.40.74.226 - - [08/May/2009:18:36:50 -0700] "GET /v422.html HTTP/1.1" 404 275 "-" "Mozilla/5.0 (Macintosh; U; Intel Mac OS X 10_5_6; en-us) AppleWebKit/525.27.1 (KHTML, like Gecko) Version/3.2.1 Safari/525.27.1" "www.templeos.org"
205.40.74.226 - - [08/May/2009:18:36:50 -0700] "GET /favicon.ico HTTP/1.1" 404 275 "http://www.templeos.org/v422.html" "Mozilla/5.0 (Macintosh; U; Intel Mac OS X 10_5_6; en-us) AppleWebKit/525.27.1 (KHTML, like Gecko) Version/3.2.1 Safari/525.27.1" "www.templeos.org"
106.16.236.157 - - [08/May/2009:18:42:43 -0700] "GET / HTTP/1.0" 200 81188 "-" "Mozilla/4.0 (compatible; MSIE 7.0; Windows NT 5.1; FunWebProducts; .NET CLR 1.1.4322; SpamBlockerUtility 4.7.7; PeoplePal 3.0)" "www.templeos.org"
209.50.52.113 - - [08/May/2009:18:47:53 -0700] "GET /robots.txt HTTP/1.1" 404 275 "-" "Googlebot-Image/1.0" "www.templeos.org"
209.50.52.113 - - [08/May/2009:18:47:53 -0700] "GET /images/DotNet.JPG HTTP/1.1" 304 - "-" "Googlebot-Image/1.0" "www.templeos.org"
233.20.138.223 - - [08/May/2009:18:51:24 -0700] "GET /v502.html HTTP/1.1" 404 275 "http://www.semantic.hn/" "AppEngine-Google; (+http://code.google.com/appengine)" "www.templeos.org"
209.50.52.113 - - [08/May/2009:18:53:45 -0700] "GET / HTTP/1.1" 200 81188 "-" "Mozilla/5.0 (iPhone; U; CPU like Mac OS X; en) AppleWebKit/420+ (KHTML, like Gecko) Version/3.0 Mobile/1A543a Safari/419.3 (compatible; Googlebot-Mobile/2.1; +http://www.google.com/bot.html)" "www.templeos.org"
106.10.21.137 - - [08/May/2009:18:57:44 -0700] "GET /robots.txt HTTP/1.0" 404 275 "-" "Mozilla/5.0 (compatible; Butterfly/1.0; +http://labs.topsy.com/butterfly.html) Gecko/2009032608 Firefox/3.0.8" "www.templeos.org"
106.10.21.137 - - [08/May/2009:18:57:44 -0700] "GET /v501.html HTTP/1.0" 404 275 "-" "Mozilla/5.0 (compatible; Butterfly/1.0; +http://labs.topsy.com/butterfly.html) Gecko/2009032608 Firefox/3.0.8" "www.templeos.org"
209.50.52.113 - - [08/May/2009:18:57:47 -0700] "GET /index.html HTTP/1.1" 200 81188 "-" "Mozilla/5.0 (iPhone; U; CPU like Mac OS X; en) AppleWebKit/420+ (KHTML, like Gecko) Version/3.0 Mobile/1A543a Safari/419.3 (compatible; Googlebot-Mobile/2.1; +http://www.google.com/bot.html)" "www.templeos.org"
233.20.138.227 - - [08/May/2009:19:00:23 -0700] "GET /v502.html HTTP/1.1" 404 275 "http://www.semantic.hn/" "AppEngine-Google; (+http://code.google.com/appengine)" "www.templeos.org"
65.181.170.162 - - [08/May/2009:19:09:18 -0700] "GET /index.html HTTP/1.0" 200 81188 "-" "Mozilla/5.0 (compatible; Yahoo! Slurp/3.0; http://help.yahoo.com/help/us/ysearch/slurp)" "www.templeos.org"
65.181.170.162 - - [08/May/2009:19:09:19 -0700] "GET /media/Demo1.wmv HTTP/1.0" 200 196608 "http://www.templeos.org/index.html" "Mozilla/5.0 (compatible; Yahoo! Slurp/3.0; http://help.yahoo.com/help/us/ysearch/slurp)" "www.templeos.org"
173.37.27.66 - - [08/May/2009:19:09:49 -0700] "HEAD /TempleOSCD.ISO HTTP/1.1" 206 0 "-" "Mozilla/5.0 (Windows; U; Windows NT 5.1; pt-BR; rv:1.8.0.1) Gecko/20060111 Firefox/1.5.0.179.437255859375" "www.templeos.org"
233.20.138.241 - - [08/May/2009:19:17:31 -0700] "GET /v502.html HTTP/1.1" 404 275 "http://www.semantic.hn/" "AppEngine-Google; (+http://code.google.com/appengine)" "www.templeos.org"
65.181.170.162 - - [08/May/2009:19:22:01 -0700] "GET /sitebuilder/?N=A HTTP/1.0" 200 796 "-" "Mozilla/5.0 (compatible; Yahoo! Slurp/3.0; http://help.yahoo.com/help/us/ysearch/slurp)" "www.templeos.org"
233.20.138.199 - - [08/May/2009:19:34:34 -0700] "GET /v502.html HTTP/1.1" 404 275 "http://www.semantic.hn/" "AppEngine-Google; (+http://code.google.com/appengine)" "www.templeos.org"
124.143.108.1 - - [08/May/2009:19:38:24 -0700] "GET /TempleOSCD.ISO HTTP/1.1" 200 327680 "http://www.globalfreeware.com/Game-Maker-61-download.html" "Mozilla/4.0 (compatible; MSIE 7.0; Windows NT 5.1)" "www.templeos.org"
124.143.108.1 - - [08/May/2009:19:38:51 -0700] "GET /TempleOSCD.ISO HTTP/1.1" 200 196608 "-" "Mozilla/4.0 (compatible; MSIE 7.0; Windows NT 5.1)" "www.templeos.org"
124.143.108.1 - - [08/May/2009:19:45:09 -0700] "GET /TempleOSCD.ISO HTTP/1.1" 200 4704256 "-" "Mozilla/4.0 (compatible; MSIE 7.0; Windows NT 5.1)" "www.templeos.org"
233.20.138.223 - - [08/May/2009:19:51:27 -0700] "GET /v502.html HTTP/1.1" 404 275 "http://www.semantic.hn/" "AppEngine-Google; (+http://code.google.com/appengine)" "www.templeos.org"
233.20.138.227 - - [08/May/2009:20:00:26 -0700] "GET /v502.html HTTP/1.1" 404 275 "http://www.semantic.hn/" "AppEngine-Google; (+http://code.google.com/appengine)" "www.templeos.org"
132.234.23.29 - - [08/May/2009:20:06:26 -0700] "GET /TempleOSCD.ISO HTTP/1.1" 200 196608 "-" "Mozilla/5.0 (Windows; U; Windows NT 5.1; en-US; rv:1.9.0.10) Gecko/2009042316 Firefox/3.0.10" "www.templeos.org"
132.234.23.29 - - [08/May/2009:20:06:26 -0700] "GET /TempleOSCD.ISO HTTP/1.1" 200 196608 "-" "Mozilla/5.0 (Windows; U; Windows NT 5.1; en-US; rv:1.9.0.10) Gecko/2009042316 Firefox/3.0.10" "www.templeos.org"
132.234.23.29 - - [08/May/2009:20:06:35 -0700] "GET /TempleOSCD.ISO HTTP/1.1" 200 393216 "http://www.globalfreeware.com/Youtube-Grabber-1001-download.html" "Mozilla/5.0 (Windows; U; Windows NT 5.1; en-US; rv:1.9.0.10) Gecko/2009042316 Firefox/3.0.10" "www.templeos.org"
206.21.19.74 - - [08/May/2009:20:07:17 -0700] "GET /TempleOSCD.ISO HTTP/1.1" 200 393216 "-" "Mozilla/5.0 (Windows; U; Windows NT 5.1; en-US; rv:1.9.0.10) Gecko/2009042316 Firefox/3.0.10" "www.templeos.org"
37.238.27.191 - - [08/May/2009:20:08:12 -0700] "GET /TempleOSCD.ISO HTTP/1.1" 200 262144 "http://www.freewarefiles.com/downloads_counter.php?programid=26778" "Mozilla/5.0 (Windows; U; Windows NT 5.1; en-US) AppleWebKit/525.19 (KHTML, like Gecko) Chrome/1.0.154.59 Safari/525.19" "www.templeos.org"
236.162.138.97 - - [08/May/2009:20:09:33 -0700] "GET /media/Demo1.wmv HTTP/1.1" 304 - "-" "Mozilla/4.0 (compatible;)" "www.templeos.org"
233.20.138.241 - - [08/May/2009:20:17:28 -0700] "GET /v502.html HTTP/1.1" 404 275 "http://www.semantic.hn/" "AppEngine-Google; (+http://code.google.com/appengine)" "www.templeos.org"
65.181.170.162 - - [08/May/2009:20:26:42 -0700] "GET /TempleOSCD.ISO HTTP/1.0" 304 - "-" "Mozilla/5.0 (compatible; Yahoo! Slurp/3.0; http://help.yahoo.com/help/us/ysearch/slurp)" "www.templeos.org"
251.213.201.23 - - [08/May/2009:20:32:03 -0700] "GET /favicon.ico HTTP/1.1" 404 275 "-" "Mozilla/5.0 (Windows; U; Windows NT 6.0; en-US; rv:1.9.0.10) Gecko/2009042316 Firefox/3.0.10 (.NET CLR 3.5.30729)" "www.templeos.org"
215.46.56.199 - - [08/May/2009:20:34:25 -0700] "GET / HTTP/1.1" 200 81188 "http://www.google.com/search?hl=en&client=safari&rls=en-us&q=64+bit+operating+systems&btnG=Search" "Mozilla/5.0 (Macintosh; U; Intel Mac OS X 10_5_6; en-us) AppleWebKit/525.27.1 (KHTML, like Gecko) Version/3.2.1 Safari/525.27.1" "www.templeos.org"
215.46.56.199 - - [08/May/2009:20:34:25 -0700] "GET /images/Header.JPG HTTP/1.1" 200 2982 "http://www.templeos.org/" "Mozilla/5.0 (Macintosh; U; Intel Mac OS X 10_5_6; en-us) AppleWebKit/525.27.1 (KHTML, like Gecko) Version/3.2.1 Safari/525.27.1" "www.templeos.org"
233.20.138.241 - - [08/May/2009:20:34:25 -0700] "GET /v502.html HTTP/1.1" 404 275 "http://www.semantic.hn/" "AppEngine-Google; (+http://code.google.com/appengine)" "www.templeos.org"
215.46.56.199 - - [08/May/2009:20:34:26 -0700] "GET /favicon.ico HTTP/1.1" 404 275 "http://www.templeos.org/" "Mozilla/5.0 (Macintosh; U; Intel Mac OS X 10_5_6; en-us) AppleWebKit/525.27.1 (KHTML, like Gecko) Version/3.2.1 Safari/525.27.1" "www.templeos.org"
215.46.56.199 - - [08/May/2009:20:35:07 -0700] "GET /media/Demo1.wmv HTTP/1.1" 200 40173568 "-" "QuickTime/7.6 (qtver=7.6;cpu=IA32;os=Mac 10.5.6)" "www.templeos.org"
215.46.56.199 - - [08/May/2009:20:36:08 -0700] "GET /media/Demo1.wmv HTTP/1.1" 200 233913 "-" "Safari5525.27.1 CFNetwork/422.15.2 Darwin/9.6.0 (i386) (MacBook2%2C1)" "www.templeos.org"
223.231.184.207 - - [08/May/2009:20:39:11 -0700] "GET /TempleOSCD.ISO HTTP/1.1" 200 196608 "-" "Mozilla/4.0 (compatible; MSIE 7.0; Windows NT 5.1; Trident/4.0; .NET CLR 2.0.50727; .NET CLR 1.1.4322; .NET CLR 3.0.4506.2152; .NET CLR 3.5.30729; InfoPath.2; OfficeLiveConnector.1.3; OfficeLivePatch.0.0)" "www.templeos.org"
171.111.50.33 - - [08/May/2009:20:40:38 -0700] "GET / HTTP/1.0" 200 81188 "http://fileforum.betanews.com/detail/1183618683/1" "Opera/9.64 (Windows NT 6.0; U; en) Presto/2.1.1" "www.templeos.org"
171.111.50.33 - - [08/May/2009:20:40:39 -0700] "GET /images/Header.JPG HTTP/1.0" 200 2982 "http://www.templeos.org/" "Opera/9.64 (Windows NT 6.0; U; en) Presto/2.1.1" "www.templeos.org"
171.111.50.33 - - [08/May/2009:20:40:39 -0700] "GET /media/Demo1.wmv HTTP/1.0" 200 196608 "http://www.templeos.org/" "Opera/9.64 (Windows NT 6.0; U; en) Presto/2.1.1" "www.templeos.org"
173.37.27.66 - - [08/May/2009:20:49:57 -0700] "HEAD /TempleOSCD.ISO HTTP/1.1" 206 0 "-" "Mozilla/5.0 (Windows; U; Windows NT 5.1; pt-BR; rv:1.8.0.1) Gecko/20060111 Firefox/1.5.0.194.415283203125" "www.templeos.org"
65.179.102.241 - - [08/May/2009:20:51:33 -0700] "GET /v502.html HTTP/1.1" 404 275 "http://www.semantic.hn/" "AppEngine-Google; (+http://code.google.com/appengine)" "www.templeos.org"
125.104.132.198 - - [08/May/2009:20:53:21 -0700] "GET /TempleOSCD.ISO HTTP/1.1" 200 4704256 "-" "Mozilla/5.0 (Windows; U; Windows NT 6.0; en-US; rv:1.9.0.8) Gecko/2009032609 Firefox/3.0.8 (.NET CLR 3.5.30729)" "www.templeos.org"
233.20.138.199 - - [08/May/2009:21:00:31 -0700] "GET /v502.html HTTP/1.1" 404 275 "http://www.semantic.hn/" "AppEngine-Google; (+http://code.google.com/appengine)" "www.templeos.org"
165.179.171.192 - - [08/May/2009:21:12:21 -0700] "GET / HTTP/1.1" 200 81188 "-" "Baiduspider+(+http://www.baidu.com/search/spider.htm)" "www.templeos.org"
55.229.92.64 - - [08/May/2009:21:12:43 -0700] "GET /robots.txt HTTP/1.1" 404 275 "-" "msnbot/1.1 (+http://search.msn.com/msnbot.htm)" "www.templeos.org"
55.229.92.64 - - [08/May/2009:21:12:43 -0700] "GET /instruct.html HTTP/1.1" 404 275 "-" "msnbot/1.1 (+http://search.msn.com/msnbot.htm)" "www.templeos.org"
65.179.102.241 - - [08/May/2009:21:17:32 -0700] "GET /v502.html HTTP/1.1" 404 275 "http://www.semantic.hn/" "AppEngine-Google; (+http://code.google.com/appengine)" "www.templeos.org"
6.194.190.184 - - [08/May/2009:21:28:23 -0700] "GET / HTTP/1.1" 200 81188 "http://www.google.com/search?hl=en&client=firefox-a&rls=org.mozilla%3Aen-US%3Aofficial&q=operating.system++64.bit&btnG=Search" "Mozilla/5.0 (Windows; U; Windows NT 6.0; en-US; rv:1.9.0.8) Gecko/2009032609 Firefox/3.0.8" "www.templeos.org"
6.194.190.184 - - [08/May/2009:21:28:23 -0700] "GET /images/Header.JPG HTTP/1.1" 200 2982 "http://www.templeos.org/" "Mozilla/5.0 (Windows; U; Windows NT 6.0; en-US; rv:1.9.0.8) Gecko/2009032609 Firefox/3.0.8" "www.templeos.org"
6.194.190.184 - - [08/May/2009:21:29:06 -0700] "GET /media/Demo1.wmv HTTP/1.1" 200 66292058 "http://www.templeos.org/" "Mozilla/5.0 (Windows; U; Windows NT 6.0; en-US; rv:1.9.0.8) Gecko/2009032609 Firefox/3.0.8" "www.templeos.org"
6.194.190.184 - - [08/May/2009:21:29:06 -0700] "GET /favicon.ico HTTP/1.1" 404 275 "-" "Mozilla/5.0 (Windows; U; Windows NT 6.0; en-US; rv:1.9.0.8) Gecko/2009032609 Firefox/3.0.8" "www.templeos.org"
6.194.190.184 - - [08/May/2009:21:29:09 -0700] "GET /favicon.ico HTTP/1.1" 404 275 "-" "Mozilla/5.0 (Windows; U; Windows NT 6.0; en-US; rv:1.9.0.8) Gecko/2009032609 Firefox/3.0.8" "www.templeos.org"
51.49.23.139 - - [08/May/2009:21:29:25 -0700] "GET /TempleOSCD.ISO HTTP/1.1" 200 196608 "-" "Mozilla/4.0 (compatible; MSIE 6.0; Windows NT 5.1; SV1)" "www.templeos.org"
6.194.190.184 - - [08/May/2009:21:29:58 -0700] "GET /TempleOSCD.ISO HTTP/1.1" 200 4704256 "http://www.templeos.org/" "Mozilla/5.0 (Windows; U; Windows NT 6.0; en-US; rv:1.9.0.8) Gecko/2009032609 Firefox/3.0.8" "www.templeos.org"
51.49.23.139 - - [08/May/2009:21:30:13 -0700] "GET /TempleOSCD.ISO HTTP/1.1" 200 196608 "-" "Mozilla/4.0 (compatible; MSIE 6.0; Windows NT 5.1; SV1)" "www.templeos.org"
51.49.23.139 - - [08/May/2009:21:30:27 -0700] "GET /TempleOSCD.ISO HTTP/1.1" 200 196608 "http://www.globalfreeware.com/TempleOS-503-download.html" "Mozilla/4.0 (compatible; MSIE 6.0; Windows NT 5.1; SV1)" "www.templeos.org"
51.49.23.139 - - [08/May/2009:21:30:37 -0700] "GET /TempleOSCD.ISO HTTP/1.1" 206 262144 "http://www.globalfreeware.com/TempleOS-503-download.html" "Mozilla/4.0 (compatible; MSIE 6.0; Windows NT 5.1; SBUA)" "www.templeos.org"
